-------------------------------------------------------------------------------------
      name:  <unnamed>
       log:  /Users/jadederong/Documents/CRG/coliphage/13beaches-coliphage/src/dm/6-f
> ormat-adm-wq.log
  log type:  text
 opened on:  14 Jan 2016, 16:49:53

. 
. *----------------------------------------
. * 6-format-adm-wq.do
. * ben arnold
. *
. * format the Avalon, Doheny, Malibu
. * water quality data.
. * 
. * calculate log averages using a standardized
. * imputation approach for values at 
. * the detection limits
. * for values below LOD, use 0.1, consistent with NEEAR data
. * for values at upper LOD, use upper LOD
. *
. * Only include Entero 1600 and QPCR
. * for comparability to the NEEAR data
. *
. *----------------------------------------
. 
. *----------------------------------------
. * input files:
. *       avalon_inddata.dta
. *   doheny_inddata.dta
. *   malibu_inddata.dta
. *
. * output files:
. *       adm-wq-samples.dta
. *
. *----------------------------------------
. 
. 
. *----------------------------------------
. * read in the beaches indicator data
. * create an indicator code that 
. * excludes beach and year info
. *----------------------------------------
. use "~/Documents/CRG/coliphage/13beaches-data/untouched/adm/avalon_inddata.dta", cl
> ear

. gen indcode = substr(groupindex,1,8) + substr(groupindex,13,1)

. keep if inlist(indcode,"02ENT2411","02ENT2412","02ENT2413","02ENT2414","12ENT0411",
> "14FMC0511","16FMC0811","14FPC0511","16FPC0811")
(18,954 observations deleted)

. tempfile avalon

. save `avalon'
file /var/folders/gh/bgfnnwkd7wdg7cw3q0_zwvt40000gp/T//S_11317.000001 saved

. 
. use "~/Documents/CRG/coliphage/13beaches-data/untouched/adm/doheny_inddata.dta", cl
> ear

. gen indcode = substr(groupindex,1,8) + substr(groupindex,13,1)

. keep if inlist(indcode,"02ENT2411","02ENT2412","02ENT2413","02ENT2414","15ENT0411",
> "14FMC0511","16FMC0811","14FPC0511","16FPC0811")
(10,217 observations deleted)

. tempfile doheny

. save `doheny'
file /var/folders/gh/bgfnnwkd7wdg7cw3q0_zwvt40000gp/T//S_11317.000002 saved

. 
. use "~/Documents/CRG/coliphage/13beaches-data/untouched/adm/malibu_inddata.dta", cl
> ear

. gen indcode = substr(groupindex,1,8) + substr(groupindex,13,1)

. keep if inlist(indcode,"02ENT2411","02ENT2412","02ENT2413","02ENT2414","12ENT0411",
> "14FMC0511","16FMC0811","14FPC0511","16FPC0811")
(10,233 observations deleted)

. 
. append using `avalon'
(note: variable sampleid was str6, now str8 to accommodate using data's values)
(note: variable qualifier was str2, now str5 to accommodate using data's values)
(note: variable labcode was str7, now str8 to accommodate using data's values)
(note: variable comments was str55, now str66 to accommodate using data's values)
(label lsampletime already defined)

. append using `doheny'
(note: variable comments was str66, now str124 to accommodate using data's values)
(label lsampletime already defined)

. 
. * standardize the EPA 1600 indicator code for Doheny
. replace indcode = "12ENT0411" if indcode=="15ENT0411"
(441 real changes made)

. 
. tab indcode beach

           |              Beach
   indcode |    Avalon     Doheny     Malibu |     Total
-----------+---------------------------------+----------
 02ENT2411 |       560        334        337 |     1,231 
 02ENT2412 |       623        338        346 |     1,307 
 02ENT2413 |       560        334        337 |     1,231 
 02ENT2414 |       622        338        346 |     1,306 
 12ENT0411 |       705        441        381 |     1,527 
 14FMC0511 |       318        101          0 |       419 
 14FPC0511 |       608        427        177 |     1,212 
 16FMC0811 |       395        234        195 |       824 
 16FPC0811 |       395        234        195 |       824 
-----------+---------------------------------+----------
     Total |     4,786      2,781      2,314 |     9,881 


. 
. *----------------------------------------
. * Create a standard beach code for Avalon
. * to differentiate sites A/B/C from site D
. * and in Doheny/Malibu to differentiate site C
. * (in the lagoon) from the other sites
. *----------------------------------------
. gen str beachcode = ""
(9,881 missing values generated)

.         replace beachcode = "Avalon-ABC" if beach=="Avalon" & stationid!="A_D"
variable beachcode was str1 now str10
(4,546 real changes made)

.         replace beachcode = "Avalon-D" if beach=="Avalon" & stationid=="A_D"
(240 real changes made)

.         replace beachcode= "Doheny-ABD" if beach=="Doheny" & (stationid!="D_C" & st
> ationid!="D_E")
(1,910 real changes made)

.         replace beachcode= "Doheny-C" if beach=="Doheny" & stationid=="D_C"
(241 real changes made)

.         replace beachcode= "Doheny-E" if beach=="Doheny" & stationid=="D_E"
(630 real changes made)

.         replace beachcode= "Malibu-ABDE" if beach=="Malibu" & stationid!="M_C"
variable beachcode was str10 now str11
(2,013 real changes made)

.         replace beachcode= "Malibu-C" if beach=="Malibu" & stationid=="M_C"
(301 real changes made)

.         assert beachcode!= ""

.         label var beachcode "Water quality sampling location beach code"

. 
.         
.         
. *----------------------------------------
. * create some standard variables
. * consistent with the NEEAR water quality
. * dataset
. *----------------------------------------
. rename sampledate coldate

.         
. gen coltime = 8 if inlist(sampletime,"07:00:00","08:00:00")
(5,363 missing values generated)

.         replace coltime = 11 if inlist(sampletime,"12:00:00","13:00:00")
(3,423 real changes made)

.         replace coltime = 15 if inlist(sampletime,"15:00:00")
(1,940 real changes made)

.         label var coltime "Sample collection time (approx)"

.         
. 
. gen depth = 1 if sampledepth==0.5
(696 missing values generated)

.         replace depth = 2 if sampledepth==1
(696 real changes made)

.         label var depth "Sample depth"

.         capture drop label depth

.         label define depth 1 "Shin depth" 2 "Waist depth"

.         label values depth depth

. 
.         
. *----------------------------------------
. * There are 35 duplicate samples in
. * Malibu that are lab replicates
. * Identify them, drop any that are NDs
. * and then average the others
. *----------------------------------------
. duplicates report beach stationid beachcode coldate coltime depth indcode

Duplicates in terms of beach stationid beachcode coldate coltime depth indcode

--------------------------------------
   copies | observations       surplus
----------+---------------------------
        1 |         9811             0
        2 |           70            35
--------------------------------------

. duplicates tag beach stationid beachcode coldate coltime depth indcode, gen(dups)

Duplicates in terms of beach stationid beachcode coldate coltime depth indcode

. tab beach dups

           |         dups
     Beach |         0          1 |     Total
-----------+----------------------+----------
    Avalon |     4,786          0 |     4,786 
    Doheny |     2,781          0 |     2,781 
    Malibu |     2,244         70 |     2,314 
-----------+----------------------+----------
     Total |     9,811         70 |     9,881 


. drop if dups==1 & qualifier=="<"
(7 observations deleted)

. bysort beach stationid beachcode coldate coltime depth indcode: egen _x = mean(resu
> lt)

. replace result = _x if dups==1
(52 real changes made)

. bysort beach stationid beachcode coldate coltime depth indcode: keep if _n==1
(29 observations deleted)

. drop _x

. duplicates report beach stationid beachcode coldate coltime depth indcode

Duplicates in terms of beach stationid beachcode coldate coltime depth indcode

--------------------------------------
   copies | observations       surplus
----------+---------------------------
        1 |         9845             0
--------------------------------------

. 
. 
. *----------------------------------------
. * reshape the data from long to wide
. *----------------------------------------
. rename qualifier nd

. keep beach stationid beachcode sampleid coldate coltime depth nd result indcode

. 
. reshape wide result nd, i(beach stationid beachcode sampleid coldate coltime depth)
>  j(indcode, string)
(note: j = 02ENT2411 02ENT2412 02ENT2413 02ENT2414 12ENT0411 14FMC0511 14FPC0511 16FM
> C0811 16FPC0811)

Data                               long   ->   wide
-----------------------------------------------------------------------------
Number of obs.                     9845   ->    1493
Number of variables                  10   ->      25
j variable (9 values)           indcode   ->   (dropped)
xij variables:
                                 result   ->   result02ENT2411 result02ENT2412 ... re
> sult16FPC0811
                                     nd   ->   nd02ENT2411 nd02ENT2412 ... nd16FPC081
> 1
-----------------------------------------------------------------------------

. 
. 
. *----------------------------------------
. * rename the variables so they are no longer encoded
. *----------------------------------------
. 
. local codenames "02ENT2411 02ENT2412 02ENT2413 02ENT2414 12ENT0411 14FMC0511 16FMC0
> 811 14FPC0511 16FPC0811"

. local newnames "enteroQPCRcce enteroQPCRcce2 enteroQPCRcce3 enteroQPCRcce4 entero16
> 00cfu fmc1601mpn fmc1602mpn fpc1601mpn fpc1602mpn"

. capture label drop ND

. label define ND 0 "Detected" 1 "Below detection"

. local i = 1

. foreach var of local codenames {
  2.         local newname = word("`newnames'",`i')
  3.         gen `newname' =  result`var'
  4.         gen byte `newname'_nd = 1 if (nd`var'!="" & nd`var'!=">") | (`newname'==
> 0)
  5.                 replace `newname'_nd = 0 if `newname'_nd==. & `newname' !=.
  6.                 label values `newname'_nd ND
  7.         replace `newname' = 0 if `newname'_nd==1
  8.         local i = `i'+1
  9. }
(262 missing values generated)
(1,293 missing values generated)
(1,031 real changes made)
(57 real changes made)
(186 missing values generated)
(1,274 missing values generated)
(1,088 real changes made)
(64 real changes made)
(262 missing values generated)
(1,293 missing values generated)
(1,031 real changes made)
(57 real changes made)
(187 missing values generated)
(1,274 missing values generated)
(1,087 real changes made)
(64 real changes made)
(2 missing values generated)
(1,208 missing values generated)
(1,206 real changes made)
(285 real changes made)
(1,074 missing values generated)
(1,290 missing values generated)
(216 real changes made)
(203 real changes made)
(669 missing values generated)
(1,113 missing values generated)
(444 real changes made)
(379 real changes made)
(281 missing values generated)
(1,001 missing values generated)
(720 real changes made)
(492 real changes made)
(669 missing values generated)
(709 missing values generated)
(40 real changes made)
(784 real changes made)

. 
. drop nd* result*

. 
. 
. label var enteroQPCRcce  "Entero EPA 1611 qPCR ddct CCE/100ml"

. label var enteroQPCRcce2 "Entero EPA 1611 qPCR ddct CCE/100ml (w/inhib)"

. label var enteroQPCRcce3 "Entero EPA 1611 qPCR dct CCE/100ml"

. label var enteroQPCRcce4 "Entero EPA 1611 qPCR dct CCE/100ml (w/inhib)"

. label var entero1600cfu  "Entero EPA 1600 CFU/100ml"

. label var fpc1601mpn "F+ Coliphage EPA 1601 MPN/100ml"

. label var fpc1602mpn "F+ Coliphage EPA 1602 MPN/100ml"

. label var fmc1601mpn "F- Coliphage EPA 1601 MPN/100ml"

. label var fmc1602mpn "F- Coliphage EPA 1602 MPN/100ml"

. foreach var of local newnames {
  2.         local vlab : var lab `var'
  3.         label var `var'_nd "`vlab', below detection"
  4. }

. 
. 
. *----------------------------------------
. * Final variable cleanup / reorder
. *----------------------------------------
. 
. * for one value at Doheny, replace a 0.09 F+ Coliphage 1601 value with ND
. replace fpc1601mpn_nd = 1 if (fpc1601mpn>0 & fpc1601mpn<0.1) & beach=="Doheny"
(1 real change made)

. replace fpc1601mpn    = 0 if (fpc1601mpn>0 & fpc1601mpn<0.1) & beach=="Doheny"
(1 real change made)

. 
. * recode "1" values to "0" for f- coliphage epa 1602 at malibu
. replace fmc1602mpn = 0 if fmc1602mpn == 1 & beach=="Malibu"
(159 real changes made)

. replace fmc1602mpn_nd = 1 if fmc1602mpn == 0 & beach=="Malibu"
(159 real changes made)

. 
. 
. order beach beachcode stationid sampleid coldate coltime depth

. notes: Values below the detection limit for all indictors are set to 0

. notes: Values are missing if a sample was not tested for a particular indicator

. label data "Avalon/Doheny/Malibu water sample data, formatted by 6-format-adm-wq.do
> "

. save "~/Documents/CRG/coliphage/13beaches-data/final/adm-wq-samples.dta", replace
(note: file /Users/jadederong/Documents/CRG/coliphage/13beaches-data/final/adm-wq-sam
> ples.dta not found)
file ~/Documents/CRG/coliphage/13beaches-data/final/adm-wq-samples.dta saved

. outsheet using "~/Documents/CRG/coliphage/13beaches-data/final/adm-wq-samples.csv",
>  comma replace
(note: file /Users/jadederong/Documents/CRG/coliphage/13beaches-data/final/adm-wq-sam
> ples.csv not found)

. 
. 
. log close
      name:  <unnamed>
       log:  /Users/jadederong/Documents/CRG/coliphage/13beaches-coliphage/src/dm/6-f
> ormat-adm-wq.log
  log type:  text
 closed on:  14 Jan 2016, 16:49:54
-------------------------------------------------------------------------------------
