
R version 3.2.2 (2015-08-14) -- "Fire Safety"
Copyright (C) 2015 The R Foundation for Statistical Computing
Platform: x86_64-apple-darwin13.4.0 (64-bit)

R is free software and comes with ABSOLUTELY NO WARRANTY.
You are welcome to redistribute it under certain conditions.
Type 'license()' or 'licence()' for distribution details.

  Natural language support but running in an English locale

R is a collaborative project with many contributors.
Type 'contributors()' for more information and
'citation()' on how to cite R or R packages in publications.

Type 'demo()' for some demos, 'help()' for on-line help, or
'help.start()' for an HTML browser interface to help.
Type 'q()' to quit R.

> ##########################################
> # Coliphage analysis - 6 beaches
> # v1 by Jade 7/13/15
> 
> # This file conducts maximum likelihood regression
> # to estimate prevalence ratios
> 
> # Results stratified by beach
> 
> # 10 day gi illness, head immersion
> ##########################################
> 
> rm(list=ls())
> library(foreign)
> 
> setwd("~/Dropbox/Coliphage/")
> 
> # --------------------------------------
> # load the and pre-preprocess the 
> # analysis dataset
> # (refer to the base functions script
> # for details on the pre-processing)
> # --------------------------------------
> beaches13=read.csv("~/Dropbox/13beaches/data/final/13beaches-analysis.csv")
> 
> # load base functions
> source("Programs/Analysis/0-base-functions.R")
> 
> data=preprocess.6beaches(beaches13)

Successfully loaded the data
 Total sample size = 88083 

Dropping individuals with GI illness at enrollment
 N = 2025 

Final sample size = 86058 

Subsetting the data to relevant variables and completing final variable pre-processing> 
> # restrict to 6 beaches with coliphage data
> beach.list=c("Avalon","Doheny","Malibu","Mission Bay",
+              "Fairhope","Goddard")
> 
> all=data[data$beach %in% beach.list,]
> avalon=data[data$beach %in% "Avalon",]
> doheny=data[data$beach %in% "Doheny",]
> malibu=data[data$beach %in% "Malibu",]
> mission=data[data$beach %in% "Mission Bay",]
> fairhope=data[data$beach %in% "Fairhope",]
> goddard=data[data$beach %in% "Goddard",]
> 
> data.list=list(all=all,avalon=avalon,doheny=doheny,mission=mission,
+    malibu=malibu,goddard=goddard,fairhope=fairhope)
> 
> data.list=lapply(data.list,function(df){
+   # drop individuals with no water quality information
+   df=subset(df,nowq==0)
+   # subset to non-missing exposure categories
+   # to make the robust CI calcs work
+   df=subset(df,df$headunder=="Yes")
+ })
> 
> # convert from list back to data frames
> list2env(data.list ,.GlobalEnv)
<environment: R_GlobalEnv>
> 
> # --------------------------------------
> # Calculate the actual Ns for each cell
> # and store them for plotting and tables
> # --------------------------------------
> regN <- function(outcome,exposurecat) {
+   sum(table(outcome,exposurecat))
+ }
> 
> # pooled n's ---------------------------------------
> all.n10.fmc1601head = regN(all$gici10[!is.na(all$fmc1601.pres)],
+                        all$fmc1601.pres[!is.na(all$fmc1601.pres)])
> all.n10.fmc1602head = regN(all$gici10[!is.na(all$fmc1602.pres)],
+                        all$fmc1602.pres[!is.na(all$fmc1602.pres)])
> all.n10.fpc1601head = regN(all$gici10[!is.na(all$fpc1601.pres) ],
+                        all$fpc1601.pres[!is.na(all$fpc1601.pres) ])
> all.n10.fpc1602head = regN(all$gici10[!is.na(all$fpc1602.pres) ],
+                        all$fpc1602.pres[!is.na(all$fpc1602.pres) ])
> 
> 
> # combined n's ---------------------------------------
> #avalon
> av.n10.fmc1602head = regN(avalon$gici10,avalon$fmc1602.pres)
> av.n10.fpc1601head = regN(avalon$gici10,avalon$fpc1601.pres)
> av.n10.fpc1602head = regN(avalon$gici10,avalon$fpc1602.pres)
> 
> #doheny
> do.n10.fmc1601head = regN(doheny$gici10,doheny$fmc1601.pres)
> do.n10.fmc1602head = regN(doheny$gici10,doheny$fmc1602.pres)
> do.n10.fpc1601head = regN(doheny$gici10,doheny$fpc1601.pres)
> do.n10.fpc1602head = regN(doheny$gici10,doheny$fpc1602.pres)
> 
> # fairhope
> fa.n10.fpc1601head = regN(fairhope$gici10,fairhope$fpc1601.pres)
> 
> # goddard
> # fpc 1601 always present at goddard
> 
> # malibu
> # fmc 1602 and fpc 1602 always present at malibu
> ma.n10.fpc1601head = regN(malibu$gici10,malibu$fpc1601.pres)
> 
> # mission bay
> mb.n10.fmc1601head = regN(mission$gici10,mission$fmc1601.pres)
> mb.n10.fpc1601head = regN(mission$gici10,mission$fpc1601.pres)
> 
> # n if low risk conditions ---------------------------
> #avalon
> av.n10.fmc1602.int0head = regN(avalon$gici10[avalon$groundwater=="Below median flow"],
+   avalon$fmc1602.pres[avalon$groundwater=="Below median flow"])
> av.n10.fpc1601.int0head = regN(avalon$gici10[avalon$groundwater=="Below median flow"],
+   avalon$fpc1601.pres[avalon$groundwater=="Below median flow"])
> av.n10.fpc1602.int0head = regN(avalon$gici10[avalon$groundwater=="Below median flow"],
+   avalon$fpc1602.pres[avalon$groundwater=="Below median flow"])
> 
> #doheny
> do.n10.fmc1602.int0head = regN(doheny$gici10[doheny$berm=="Closed"],
+   doheny$fmc1602.pres[doheny$berm=="Closed"])
> do.n10.fpc1601.int0head = regN(doheny$gici10[doheny$berm=="Closed"],
+   doheny$fpc1601.pres[doheny$berm=="Closed"])
> do.n10.fpc1602.int0head = regN(doheny$gici10[doheny$berm=="Closed"],
+   doheny$fpc1602.pres[doheny$berm=="Closed"])
> 
> # malibu
> # fmc 1602 and fpc 1602 always present at malibu
> ma.n10.fpc1601.int0head = regN(malibu$gici10[malibu$berm=="Closed"],malibu$fpc1601.pres[malibu$berm=="Closed"])
> 
> # n if high risk conditions ---------------------------
> #avalon
> av.n10.fmc1602.int1head = regN(avalon$gici10[avalon$groundwater=="Above median flow"],
+   avalon$fmc1602.pres[avalon$groundwater=="Above median flow"])
> av.n10.fpc1601.int1head = regN(avalon$gici10[avalon$groundwater=="Above median flow"],
+   avalon$fpc1601.pres[avalon$groundwater=="Above median flow"])
> av.n10.fpc1602.int1head = regN(avalon$gici10[avalon$groundwater=="Above median flow"],
+   avalon$fpc1602.pres[avalon$groundwater=="Above median flow"])
> 
> #doheny
> do.n10.fmc1602.int1head = regN(doheny$gici10[doheny$berm=="Open"],
+   doheny$fmc1602.pres[doheny$berm=="Open"])
> do.n10.fpc1601.int1head = regN(doheny$gici10[doheny$berm=="Open"],
+   doheny$fpc1601.pres[doheny$berm=="Open"])
> do.n10.fpc1602.int1head = regN(doheny$gici10[doheny$berm=="Open"],
+   doheny$fpc1602.pres[doheny$berm=="Open"])
> 
> # malibu
> # fmc 1602 and fpc 1602 always present at malibu
> ma.n10.fpc1601.int1head = regN(malibu$gici10[malibu$berm=="Open"],malibu$fpc1601.pres[malibu$berm=="Open"])
> 
> #-----------------------------------------
> # 3-day illness and coliphage concentration
> # pooled across berm and groundwater flow conditions
> # by beach
> #-----------------------------------------
> # avalon
> # fmc1601 -- always present at avalon 
> avfit10.fmc1602head = mpreg(gici10~fmc1602.pres+agecat+female+racewhite+gichron+anim_any+gicontactbase+rawfood,
+     dat=avalon,vcv=T)

Attaching package: ‘zoo’

The following objects are masked from ‘package:base’:

    as.Date, as.Date.numeric


Call:
glm(formula = formula, family = poisson(link = "log"), data = dat)

Deviance Residuals: 
    Min       1Q   Median       3Q      Max  
-0.9828  -0.3991  -0.3539  -0.3260   2.3231  

Coefficients:
                      Estimate Std. Error z value Pr(>|z|)    
(Intercept)           -1.95929    0.26860  -7.295 3.00e-13 ***
fmc1602.pres1          0.16428    0.14020   1.172 0.241296    
agecat5-14            -1.05962    0.23394  -4.530 5.91e-06 ***
agecat15-24           -1.17806    0.29177  -4.038 5.40e-05 ***
agecat25-34           -0.72516    0.28085  -2.582 0.009823 ** 
agecat35-44           -0.68201    0.26390  -2.584 0.009755 ** 
agecat45-54           -0.99385    0.28770  -3.454 0.000551 ***
agecat55-64           -1.27634    0.41100  -3.105 0.001900 ** 
agecat65-74           -1.75885    1.02210  -1.721 0.085286 .  
agecat75+            -13.53453  450.60412  -0.030 0.976038    
agecatMissing        -13.42992  546.47279  -0.025 0.980393    
female                 0.03871    0.13619   0.284 0.776200    
racewhiteYes           0.04508    0.16174   0.279 0.780468    
racewhiteMissing      -0.86266    0.72267  -1.194 0.232589    
gichronYes             0.96713    0.31471   3.073 0.002118 ** 
anim_anyYes            0.18084    0.15442   1.171 0.241564    
gicontactbaseYes       0.35915    0.24167   1.486 0.137251    
gicontactbaseMissing  -0.78973    1.00509  -0.786 0.432023    
rawfood                0.19693    0.16350   1.204 0.228409    
---
Signif. codes:  0 ‘***’ 0.001 ‘**’ 0.01 ‘*’ 0.05 ‘.’ 0.1 ‘ ’ 1

(Dispersion parameter for poisson family taken to be 1)

    Null deviance: 1132.0  on 2902  degrees of freedom
Residual deviance: 1089.6  on 2884  degrees of freedom
AIC: 1565.6

Number of Fisher Scoring iterations: 13



Robust, Sandwich Standard Errors Account for Clustering:

z test of coefficients:

                       Estimate Std. Error  z value  Pr(>|z|)    
(Intercept)           -1.959287   0.261068  -7.5049 6.148e-14 ***
fmc1602.pres1          0.164283   0.158573   1.0360 0.3001980    
agecat5-14            -1.059622   0.216382  -4.8970 9.732e-07 ***
agecat15-24           -1.178063   0.277272  -4.2488 2.150e-05 ***
agecat25-34           -0.725159   0.251102  -2.8879 0.0038782 ** 
agecat35-44           -0.682007   0.249831  -2.7299 0.0063358 ** 
agecat45-54           -0.993853   0.289531  -3.4326 0.0005977 ***
agecat55-64           -1.276338   0.397875  -3.2079 0.0013371 ** 
agecat65-74           -1.758846   1.024954  -1.7160 0.0861578 .  
agecat75+            -13.534534   0.407053 -33.2501 < 2.2e-16 ***
agecatMissing        -13.429919   0.531694 -25.2587 < 2.2e-16 ***
female                 0.038715   0.127645   0.3033 0.7616598    
racewhiteYes           0.045080   0.177672   0.2537 0.7997094    
racewhiteMissing      -0.862660   0.663720  -1.2997 0.1936921    
gichronYes             0.967133   0.294644   3.2824 0.0010294 ** 
anim_anyYes            0.180839   0.163566   1.1056 0.2688982    
gicontactbaseYes       0.359146   0.266137   1.3495 0.1771830    
gicontactbaseMissing  -0.789733   1.010936  -0.7812 0.4346908    
rawfood                0.196932   0.162203   1.2141 0.2247072    
---
Signif. codes:  0 ‘***’ 0.001 ‘**’ 0.01 ‘*’ 0.05 ‘.’ 0.1 ‘ ’ 1

> avfit10.fpc1601head = mpreg(gici10~fpc1601.pres+agecat+female+racewhite+gichron+anim_any+gicontactbase+rawfood,
+     dat=avalon,vcv=T)

Call:
glm(formula = formula, family = poisson(link = "log"), data = dat)

Deviance Residuals: 
    Min       1Q   Median       3Q      Max  
-0.9545  -0.3997  -0.3477  -0.3317   2.3020  

Coefficients:
                      Estimate Std. Error z value Pr(>|z|)    
(Intercept)           -1.92340    0.29617  -6.494 8.34e-11 ***
fpc1601.pres1          0.08068    0.17503   0.461 0.644813    
agecat5-14            -1.05754    0.23401  -4.519 6.21e-06 ***
agecat15-24           -1.18685    0.29205  -4.064 4.83e-05 ***
agecat25-34           -0.74992    0.28045  -2.674 0.007495 ** 
agecat35-44           -0.69861    0.26351  -2.651 0.008022 ** 
agecat45-54           -1.01095    0.28738  -3.518 0.000435 ***
agecat55-64           -1.27756    0.41135  -3.106 0.001898 ** 
agecat65-74           -1.74695    1.02213  -1.709 0.087428 .  
agecat75+            -13.55445  450.14118  -0.030 0.975978    
agecatMissing        -13.48195  551.50772  -0.024 0.980497    
female                 0.04130    0.13619   0.303 0.761701    
racewhiteYes           0.04749    0.16176   0.294 0.769074    
racewhiteMissing      -0.82806    0.72240  -1.146 0.251692    
gichronYes             0.96760    0.31500   3.072 0.002128 ** 
anim_anyYes            0.17296    0.15448   1.120 0.262888    
gicontactbaseYes       0.36511    0.24177   1.510 0.130999    
gicontactbaseMissing  -0.75357    1.00464  -0.750 0.453204    
rawfood                0.20197    0.16357   1.235 0.216930    
---
Signif. codes:  0 ‘***’ 0.001 ‘**’ 0.01 ‘*’ 0.05 ‘.’ 0.1 ‘ ’ 1

(Dispersion parameter for poisson family taken to be 1)

    Null deviance: 1132.0  on 2902  degrees of freedom
Residual deviance: 1090.8  on 2884  degrees of freedom
AIC: 1566.8

Number of Fisher Scoring iterations: 13



Robust, Sandwich Standard Errors Account for Clustering:

z test of coefficients:

                       Estimate Std. Error  z value  Pr(>|z|)    
(Intercept)           -1.923403   0.323918  -5.9379 2.886e-09 ***
fpc1601.pres1          0.080683   0.207081   0.3896 0.6968158    
agecat5-14            -1.057535   0.215927  -4.8976 9.699e-07 ***
agecat15-24           -1.186845   0.278616  -4.2598 2.046e-05 ***
agecat25-34           -0.749923   0.248430  -3.0186 0.0025391 ** 
agecat35-44           -0.698614   0.249555  -2.7994 0.0051190 ** 
agecat45-54           -1.010954   0.290908  -3.4752 0.0005105 ***
agecat55-64           -1.277563   0.396092  -3.2254 0.0012579 ** 
agecat65-74           -1.746946   1.023208  -1.7073 0.0877621 .  
agecat75+            -13.554452   0.407967 -33.2244 < 2.2e-16 ***
agecatMissing        -13.481952   0.523342 -25.7613 < 2.2e-16 ***
female                 0.041298   0.127338   0.3243 0.7456973    
racewhiteYes           0.047492   0.179222   0.2650 0.7910174    
racewhiteMissing      -0.828056   0.662121  -1.2506 0.2110764    
gichronYes             0.967599   0.294244   3.2884 0.0010075 ** 
anim_anyYes            0.172958   0.162795   1.0624 0.2880425    
gicontactbaseYes       0.365109   0.268085   1.3619 0.1732251    
gicontactbaseMissing  -0.753565   1.012728  -0.7441 0.4568193    
rawfood                0.201970   0.163370   1.2363 0.2163575    
---
Signif. codes:  0 ‘***’ 0.001 ‘**’ 0.01 ‘*’ 0.05 ‘.’ 0.1 ‘ ’ 1

> avfit10.fpc1602head = mpreg(gici10~fpc1602.pres+agecat+female+racewhite+gichron+anim_any+gicontactbase+rawfood,
+     dat=avalon,vcv=T)

Call:
glm(formula = formula, family = poisson(link = "log"), data = dat)

Deviance Residuals: 
    Min       1Q   Median       3Q      Max  
-0.9485  -0.4019  -0.3508  -0.3320   2.2775  

Coefficients:
                      Estimate Std. Error z value Pr(>|z|)    
(Intercept)           -1.85883    0.25248  -7.362 1.81e-13 ***
fpc1602.pres1          0.12007    0.29808   0.403 0.687092    
agecat5-14            -1.06327    0.23407  -4.542 5.56e-06 ***
agecat15-24           -1.19523    0.29142  -4.101 4.11e-05 ***
agecat25-34           -0.76328    0.27923  -2.734 0.006266 ** 
agecat35-44           -0.70436    0.26301  -2.678 0.007405 ** 
agecat45-54           -1.01793    0.28718  -3.545 0.000393 ***
agecat55-64           -1.28599    0.41108  -3.128 0.001758 ** 
agecat65-74           -1.75354    1.02246  -1.715 0.086342 .  
agecat75+            -13.55654  450.25312  -0.030 0.975980    
agecatMissing        -13.46642  551.54364  -0.024 0.980521    
female                 0.04168    0.13620   0.306 0.759579    
racewhiteYes           0.04708    0.16178   0.291 0.771053    
racewhiteMissing      -0.83169    0.72233  -1.151 0.249567    
gichronYes             0.97593    0.31476   3.101 0.001932 ** 
anim_anyYes            0.17777    0.15452   1.150 0.249959    
gicontactbaseYes       0.36401    0.24175   1.506 0.132144    
gicontactbaseMissing  -0.74069    1.00435  -0.737 0.460831    
rawfood                0.19960    0.16350   1.221 0.222160    
---
Signif. codes:  0 ‘***’ 0.001 ‘**’ 0.01 ‘*’ 0.05 ‘.’ 0.1 ‘ ’ 1

(Dispersion parameter for poisson family taken to be 1)

    Null deviance: 1132.0  on 2902  degrees of freedom
Residual deviance: 1090.9  on 2884  degrees of freedom
AIC: 1566.9

Number of Fisher Scoring iterations: 13



Robust, Sandwich Standard Errors Account for Clustering:

z test of coefficients:

                       Estimate Std. Error  z value  Pr(>|z|)    
(Intercept)           -1.858835   0.240804  -7.7193 1.170e-14 ***
fpc1602.pres1          0.120070   0.340196   0.3529 0.7241313    
agecat5-14            -1.063268   0.216307  -4.9156 8.853e-07 ***
agecat15-24           -1.195225   0.278325  -4.2944 1.752e-05 ***
agecat25-34           -0.763284   0.247180  -3.0880 0.0020153 ** 
agecat35-44           -0.704358   0.250812  -2.8083 0.0049803 ** 
agecat45-54           -1.017928   0.291106  -3.4968 0.0004709 ***
agecat55-64           -1.285986   0.398232  -3.2292 0.0012412 ** 
agecat65-74           -1.753543   1.022343  -1.7152 0.0863050 .  
agecat75+            -13.556543   0.407739 -33.2481 < 2.2e-16 ***
agecatMissing        -13.466425   0.522337 -25.7811 < 2.2e-16 ***
female                 0.041683   0.127335   0.3273 0.7434055    
racewhiteYes           0.047078   0.178186   0.2642 0.7916203    
racewhiteMissing      -0.831689   0.660769  -1.2587 0.2081499    
gichronYes             0.975934   0.294733   3.3112 0.0009288 ***
anim_anyYes            0.177766   0.163277   1.0887 0.2762696    
gicontactbaseYes       0.364009   0.268361   1.3564 0.1749678    
gicontactbaseMissing  -0.740686   1.012275  -0.7317 0.4643492    
rawfood                0.199598   0.162712   1.2267 0.2199360    
---
Signif. codes:  0 ‘***’ 0.001 ‘**’ 0.01 ‘*’ 0.05 ‘.’ 0.1 ‘ ’ 1

> 
> # doheny
> dofit10.fmc1601head = mpreg(gici10~fmc1601.pres+agecat+female+racewhite+gichron+anim_any+gicontactbase+rawfood,
+      dat=doheny[!is.na(doheny$fmc1601.pres),],vcv=T)

Call:
glm(formula = formula, family = poisson(link = "log"), data = dat)

Deviance Residuals: 
    Min       1Q   Median       3Q      Max  
-0.7834  -0.3692  -0.3140  -0.2672   2.4303  

Coefficients:
                       Estimate Std. Error z value Pr(>|z|)    
(Intercept)            -2.63832    0.72786  -3.625 0.000289 ***
fmc1601.pres1           0.10142    0.60298   0.168 0.866420    
agecat5-14             -0.66147    0.43964  -1.505 0.132434    
agecat15-24            -0.58982    0.59160  -0.997 0.318767    
agecat25-34            -0.38834    0.59328  -0.655 0.512751    
agecat35-44            -0.55930    0.56558  -0.989 0.322711    
agecat45-54            -0.97271    0.70081  -1.388 0.165140    
agecat55-64            -1.08255    1.07719  -1.005 0.314906    
agecat65-74           -15.36669 2452.14633  -0.006 0.995000    
agecatMissing         -15.06655 2272.31515  -0.007 0.994710    
female                  0.41241    0.29113   1.417 0.156597    
racewhiteYes            0.18858    0.31473   0.599 0.549047    
racewhiteMissing        0.71638    1.04510   0.685 0.493052    
gichronYes            -14.54457 1072.25796  -0.014 0.989177    
anim_anyYes            -0.08861    0.37428  -0.237 0.812863    
gicontactbaseYes        1.03161    0.48322   2.135 0.032771 *  
gicontactbaseMissing    0.66965    0.72843   0.919 0.357936    
rawfood                -0.73513    0.53474  -1.375 0.169211    
---
Signif. codes:  0 ‘***’ 0.001 ‘**’ 0.01 ‘*’ 0.05 ‘.’ 0.1 ‘ ’ 1

(Dispersion parameter for poisson family taken to be 1)

    Null deviance: 279.98  on 852  degrees of freedom
Residual deviance: 264.83  on 835  degrees of freedom
AIC: 398.83

Number of Fisher Scoring iterations: 15



Robust, Sandwich Standard Errors Account for Clustering:

z test of coefficients:

                       Estimate Std. Error  z value  Pr(>|z|)    
(Intercept)           -2.638323   0.663961  -3.9736 7.079e-05 ***
fmc1601.pres1          0.101425   0.595202   0.1704   0.86469    
agecat5-14            -0.661466   0.382378  -1.7299   0.08365 .  
agecat15-24           -0.589823   0.612250  -0.9634   0.33536    
agecat25-34           -0.388340   0.506159  -0.7672   0.44295    
agecat35-44           -0.559305   0.551133  -1.0148   0.31019    
agecat45-54           -0.972712   0.659310  -1.4753   0.14012    
agecat55-64           -1.082552   1.074797  -1.0072   0.31383    
agecat65-74          -15.366687   0.782983 -19.6258 < 2.2e-16 ***
agecatMissing        -15.066547   0.978689 -15.3946 < 2.2e-16 ***
female                 0.412415   0.295585   1.3953   0.16294    
racewhiteYes           0.188585   0.344797   0.5469   0.58442    
racewhiteMissing       0.716378   0.881546   0.8126   0.41643    
gichronYes           -14.544569   0.566146 -25.6905 < 2.2e-16 ***
anim_anyYes           -0.088606   0.400747  -0.2211   0.82501    
gicontactbaseYes       1.031614   0.412396   2.5015   0.01237 *  
gicontactbaseMissing   0.669647   0.695407   0.9630   0.33557    
rawfood               -0.735128   0.553702  -1.3277   0.18429    
---
Signif. codes:  0 ‘***’ 0.001 ‘**’ 0.01 ‘*’ 0.05 ‘.’ 0.1 ‘ ’ 1

> dofit10.fmc1602head = mpreg(gici10~fmc1602.pres+agecat+female+racewhite+gichron+anim_any+gicontactbase+rawfood,
+     dat=doheny,vcv=T)

Call:
glm(formula = formula, family = poisson(link = "log"), data = dat)

Deviance Residuals: 
    Min       1Q   Median       3Q      Max  
-0.6833  -0.3835  -0.3380  -0.3083   2.2239  

Coefficients:
                      Estimate Std. Error z value Pr(>|z|)    
(Intercept)           -2.32711    0.27724  -8.394  < 2e-16 ***
fmc1602.pres1          0.01309    0.17685   0.074  0.94099    
agecat5-14            -0.73222    0.23256  -3.149  0.00164 ** 
agecat15-24           -0.45482    0.27760  -1.638  0.10134    
agecat25-34           -0.50607    0.30387  -1.665  0.09583 .  
agecat35-44           -0.65685    0.28782  -2.282  0.02248 *  
agecat45-54           -0.85001    0.33619  -2.528  0.01146 *  
agecat55-64           -1.29102    0.54642  -2.363  0.01814 *  
agecat65-74           -0.13493    1.02546  -0.132  0.89531    
agecatMissing        -13.08901  423.54602  -0.031  0.97535    
female                 0.25873    0.14236   1.817  0.06916 .  
racewhiteYes           0.17734    0.15790   1.123  0.26139    
racewhiteMissing       0.23237    0.51771   0.449  0.65354    
gichronYes             0.77219    0.42324   1.825  0.06808 .  
anim_anyYes           -0.26650    0.18801  -1.417  0.15634    
gicontactbaseYes       0.30775    0.30088   1.023  0.30640    
gicontactbaseMissing   0.45881    0.45557   1.007  0.31388    
rawfood               -0.06124    0.19233  -0.318  0.75017    
---
Signif. codes:  0 ‘***’ 0.001 ‘**’ 0.01 ‘*’ 0.05 ‘.’ 0.1 ‘ ’ 1

(Dispersion parameter for poisson family taken to be 1)

    Null deviance: 1124.2  on 3153  degrees of freedom
Residual deviance: 1098.6  on 3136  degrees of freedom
AIC: 1546.6

Number of Fisher Scoring iterations: 13



Robust, Sandwich Standard Errors Account for Clustering:

z test of coefficients:

                       Estimate Std. Error  z value  Pr(>|z|)    
(Intercept)           -2.327112   0.277005  -8.4010 < 2.2e-16 ***
fmc1602.pres1          0.013091   0.194032   0.0675 0.9462075    
agecat5-14            -0.732220   0.216327  -3.3848 0.0007124 ***
agecat15-24           -0.454822   0.255041  -1.7833 0.0745323 .  
agecat25-34           -0.506067   0.273741  -1.8487 0.0644998 .  
agecat35-44           -0.656847   0.275772  -2.3818 0.0172261 *  
agecat45-54           -0.850012   0.300544  -2.8282 0.0046804 ** 
agecat55-64           -1.291021   0.538106  -2.3992 0.0164311 *  
agecat65-74           -0.134934   0.994779  -0.1356 0.8921038    
agecatMissing        -13.089008   0.461034 -28.3906 < 2.2e-16 ***
female                 0.258730   0.140484   1.8417 0.0655174 .  
racewhiteYes           0.177340   0.174386   1.0169 0.3091832    
racewhiteMissing       0.232374   0.576307   0.4032 0.6867925    
gichronYes             0.772195   0.395849   1.9507 0.0510889 .  
anim_anyYes           -0.266496   0.200611  -1.3284 0.1840386    
gicontactbaseYes       0.307746   0.310753   0.9903 0.3220162    
gicontactbaseMissing   0.458806   0.476828   0.9622 0.3359464    
rawfood               -0.061243   0.201927  -0.3033 0.7616678    
---
Signif. codes:  0 ‘***’ 0.001 ‘**’ 0.01 ‘*’ 0.05 ‘.’ 0.1 ‘ ’ 1

> dofit10.fpc1601head = mpreg(gici10~fpc1601.pres+agecat+female+racewhite+gichron+anim_any+gicontactbase+rawfood,
+     dat=doheny,vcv=T)

Call:
glm(formula = formula, family = poisson(link = "log"), data = dat)

Deviance Residuals: 
    Min       1Q   Median       3Q      Max  
-0.6819  -0.3827  -0.3381  -0.3078   2.2205  

Coefficients:
                      Estimate Std. Error z value Pr(>|z|)    
(Intercept)           -2.30892    0.29666  -7.783 7.08e-15 ***
fpc1601.pres1         -0.01009    0.21096  -0.048  0.96187    
agecat5-14            -0.73067    0.23255  -3.142  0.00168 ** 
agecat15-24           -0.45344    0.27794  -1.631  0.10280    
agecat25-34           -0.50493    0.30380  -1.662  0.09650 .  
agecat35-44           -0.65558    0.28774  -2.278  0.02270 *  
agecat45-54           -0.84836    0.33597  -2.525  0.01157 *  
agecat55-64           -1.29102    0.54643  -2.363  0.01814 *  
agecat65-74           -0.13690    1.02583  -0.133  0.89384    
agecatMissing        -13.08705  423.41678  -0.031  0.97534    
female                 0.25865    0.14236   1.817  0.06922 .  
racewhiteYes           0.17708    0.15784   1.122  0.26191    
racewhiteMissing       0.23126    0.51748   0.447  0.65495    
gichronYes             0.77243    0.42325   1.825  0.06800 .  
anim_anyYes           -0.26637    0.18799  -1.417  0.15651    
gicontactbaseYes       0.30758    0.30088   1.022  0.30665    
gicontactbaseMissing   0.46134    0.45588   1.012  0.31155    
rawfood               -0.06070    0.19244  -0.315  0.75246    
---
Signif. codes:  0 ‘***’ 0.001 ‘**’ 0.01 ‘*’ 0.05 ‘.’ 0.1 ‘ ’ 1

(Dispersion parameter for poisson family taken to be 1)

    Null deviance: 1124.2  on 3153  degrees of freedom
Residual deviance: 1098.6  on 3136  degrees of freedom
AIC: 1546.6

Number of Fisher Scoring iterations: 13



Robust, Sandwich Standard Errors Account for Clustering:

z test of coefficients:

                       Estimate Std. Error  z value  Pr(>|z|)    
(Intercept)           -2.308919   0.313362  -7.3682 1.729e-13 ***
fpc1601.pres1         -0.010086   0.251376  -0.0401 0.9679946    
agecat5-14            -0.730670   0.216952  -3.3679 0.0007575 ***
agecat15-24           -0.453442   0.254760  -1.7799 0.0750958 .  
agecat25-34           -0.504934   0.273336  -1.8473 0.0647037 .  
agecat35-44           -0.655576   0.275332  -2.3810 0.0172639 *  
agecat45-54           -0.848361   0.298979  -2.8375 0.0045464 ** 
agecat55-64           -1.291023   0.537866  -2.4003 0.0163830 *  
agecat65-74           -0.136898   0.997747  -0.1372 0.8908669    
agecatMissing        -13.087048   0.460578 -28.4144 < 2.2e-16 ***
female                 0.258655   0.140662   1.8388 0.0659389 .  
racewhiteYes           0.177083   0.174144   1.0169 0.3092139    
racewhiteMissing       0.231261   0.575556   0.4018 0.6878285    
gichronYes             0.772435   0.397079   1.9453 0.0517398 .  
anim_anyYes           -0.266369   0.200342  -1.3296 0.1836597    
gicontactbaseYes       0.307581   0.309433   0.9940 0.3202157    
gicontactbaseMissing   0.461335   0.477661   0.9658 0.3341338    
rawfood               -0.060696   0.202116  -0.3003 0.7639458    
---
Signif. codes:  0 ‘***’ 0.001 ‘**’ 0.01 ‘*’ 0.05 ‘.’ 0.1 ‘ ’ 1

> dofit10.fpc1602head = mpreg(gici10~fpc1602.pres+agecat+female+racewhite+gichron+anim_any+gicontactbase+rawfood,
+     dat=doheny,vcv=T)

Call:
glm(formula = formula, family = poisson(link = "log"), data = dat)

Deviance Residuals: 
    Min       1Q   Median       3Q      Max  
-0.6816  -0.3821  -0.3375  -0.3075   2.2239  

Coefficients:
                      Estimate Std. Error z value Pr(>|z|)    
(Intercept)           -2.32050    0.24249  -9.570  < 2e-16 ***
fpc1602.pres1          0.06788    0.25479   0.266  0.78991    
agecat5-14            -0.73152    0.23222  -3.150  0.00163 ** 
agecat15-24           -0.45618    0.27757  -1.643  0.10029    
agecat25-34           -0.50575    0.30367  -1.665  0.09582 .  
agecat35-44           -0.65667    0.28760  -2.283  0.02241 *  
agecat45-54           -0.85239    0.33614  -2.536  0.01122 *  
agecat55-64           -1.29629    0.54681  -2.371  0.01776 *  
agecat65-74           -0.13658    1.02546  -0.133  0.89405    
agecatMissing        -13.08139  423.52590  -0.031  0.97536    
female                 0.25855    0.14236   1.816  0.06935 .  
racewhiteYes           0.17590    0.15790   1.114  0.26530    
racewhiteMissing       0.22895    0.51758   0.442  0.65823    
gichronYes             0.77546    0.42329   1.832  0.06695 .  
anim_anyYes           -0.26640    0.18800  -1.417  0.15647    
gicontactbaseYes       0.30744    0.30087   1.022  0.30686    
gicontactbaseMissing   0.46551    0.45568   1.022  0.30698    
rawfood               -0.06414    0.19263  -0.333  0.73917    
---
Signif. codes:  0 ‘***’ 0.001 ‘**’ 0.01 ‘*’ 0.05 ‘.’ 0.1 ‘ ’ 1

(Dispersion parameter for poisson family taken to be 1)

    Null deviance: 1124.2  on 3153  degrees of freedom
Residual deviance: 1098.6  on 3136  degrees of freedom
AIC: 1546.6

Number of Fisher Scoring iterations: 13



Robust, Sandwich Standard Errors Account for Clustering:

z test of coefficients:

                       Estimate Std. Error  z value  Pr(>|z|)    
(Intercept)           -2.320498   0.234347  -9.9020 < 2.2e-16 ***
fpc1602.pres1          0.067883   0.258924   0.2622 0.7931867    
agecat5-14            -0.731521   0.216560  -3.3779 0.0007304 ***
agecat15-24           -0.456178   0.255638  -1.7845 0.0743476 .  
agecat25-34           -0.505746   0.273757  -1.8474 0.0646850 .  
agecat35-44           -0.656673   0.275811  -2.3809 0.0172713 *  
agecat45-54           -0.852388   0.299450  -2.8465 0.0044201 ** 
agecat55-64           -1.296286   0.537449  -2.4119 0.0158685 *  
agecat65-74           -0.136579   0.995880  -0.1371 0.8909173    
agecatMissing        -13.081388   0.461297 -28.3578 < 2.2e-16 ***
female                 0.258547   0.140637   1.8384 0.0660040 .  
racewhiteYes           0.175896   0.174122   1.0102 0.3124051    
racewhiteMissing       0.228955   0.574583   0.3985 0.6902832    
gichronYes             0.775465   0.396336   1.9566 0.0503962 .  
anim_anyYes           -0.266403   0.200444  -1.3291 0.1838282    
gicontactbaseYes       0.307436   0.310861   0.9890 0.3226714    
gicontactbaseMissing   0.465509   0.477914   0.9740 0.3300350    
rawfood               -0.064136   0.202319  -0.3170 0.7512384    
---
Signif. codes:  0 ‘***’ 0.001 ‘**’ 0.01 ‘*’ 0.05 ‘.’ 0.1 ‘ ’ 1

> 
> # fairhope
> fafit10.fpc1601head = mpreg(gici10~fpc1601.pres+agecat+female+racewhite+gichron+anim_any+gicontactbase+rawfood,
+     dat=fairhope[!is.na(fairhope$fpc1601.pres),],vcv=T)

Call:
glm(formula = formula, family = poisson(link = "log"), data = dat)

Deviance Residuals: 
    Min       1Q   Median       3Q      Max  
-0.9574  -0.4924  -0.4630  -0.2082   2.0975  

Coefficients:
                   Estimate Std. Error z value Pr(>|z|)  
(Intercept)        -0.81355    0.81493  -0.998   0.3181  
fpc1601.pres1      -1.05026    0.65386  -1.606   0.1082  
agecat5-14         -0.37764    0.51597  -0.732   0.4642  
agecat15-24        -0.56090    0.65755  -0.853   0.3936  
agecat25-34       -17.60741 1853.92910  -0.009   0.9924  
agecat35-44        -0.09811    0.76684  -0.128   0.8982  
agecat45-54        -0.28423    0.81815  -0.347   0.7283  
agecat55-64         0.92803    1.12721   0.823   0.4103  
agecat65-74       -17.11458 6475.48946  -0.003   0.9979  
agecat75+         -17.44719 9426.61686  -0.002   0.9985  
female             -0.08419    0.38691  -0.218   0.8278  
racewhiteYes       -0.83155    0.49526  -1.679   0.0932 .
gichronYes        -17.10349 6635.54422  -0.003   0.9979  
anim_anyYes         0.92416    0.51587   1.791   0.0732 .
gicontactbaseYes    0.85898    0.63469   1.353   0.1759  
rawfood             0.03889    0.54646   0.071   0.9433  
---
Signif. codes:  0 ‘***’ 0.001 ‘**’ 0.01 ‘*’ 0.05 ‘.’ 0.1 ‘ ’ 1

(Dispersion parameter for poisson family taken to be 1)

    Null deviance: 123.76  on 235  degrees of freedom
Residual deviance: 107.04  on 220  degrees of freedom
AIC: 199.04

Number of Fisher Scoring iterations: 17



Robust, Sandwich Standard Errors Account for Clustering:

z test of coefficients:

                   Estimate Std. Error  z value Pr(>|z|)    
(Intercept)       -0.813551   0.776274  -1.0480  0.29463    
fpc1601.pres1     -1.050264   0.527656  -1.9904  0.04654 *  
agecat5-14        -0.377636   0.463928  -0.8140  0.41565    
agecat15-24       -0.560901   0.688456  -0.8147  0.41523    
agecat25-34      -17.607415   0.428925 -41.0501  < 2e-16 ***
agecat35-44       -0.098112   0.539150  -0.1820  0.85560    
agecat45-54       -0.284228   0.724577  -0.3923  0.69486    
agecat55-64        0.928030   0.879330   1.0554  0.29125    
agecat65-74      -17.114581   0.934202 -18.3200  < 2e-16 ***
agecat75+        -17.447189   1.159437 -15.0480  < 2e-16 ***
female            -0.084188   0.430917  -0.1954  0.84510    
racewhiteYes      -0.831549   0.499603  -1.6644  0.09603 .  
gichronYes       -17.103486   0.786953 -21.7338  < 2e-16 ***
anim_anyYes        0.924156   0.517844   1.7846  0.07432 .  
gicontactbaseYes   0.858976   0.668977   1.2840  0.19914    
rawfood            0.038895   0.603409   0.0645  0.94861    
---
Signif. codes:  0 ‘***’ 0.001 ‘**’ 0.01 ‘*’ 0.05 ‘.’ 0.1 ‘ ’ 1

> 
> # goddard
> # fpc 1601 always present at goddard
> 
> # malibu
> # fmc 1602 and fpc 1602 always present at malibu
> mafit10.fpc1601head = mpreg(gici10~fpc1601.pres+agecat+female+racewhite+gichron+anim_any+gicontactbase+rawfood,
+     dat=malibu[!is.na(malibu$fpc1601.pres),],vcv=T)

Call:
glm(formula = formula, family = poisson(link = "log"), data = dat)

Deviance Residuals: 
    Min       1Q   Median       3Q      Max  
-1.0446  -0.4196  -0.3553  -0.3143   2.5542  

Coefficients:
                   Estimate Std. Error z value Pr(>|z|)    
(Intercept)        -2.09660    0.32994  -6.355 2.09e-10 ***
fpc1601.pres1      -0.44435    0.18294  -2.429 0.015145 *  
agecat5-14         -0.35934    0.32953  -1.090 0.275512    
agecat15-24        -0.51195    0.37580  -1.362 0.173104    
agecat25-34        -0.39414    0.36949  -1.067 0.286103    
agecat35-44        -0.41728    0.36651  -1.139 0.254903    
agecat45-54        -0.70561    0.42472  -1.661 0.096645 .  
agecat55-64        -1.43296    0.76915  -1.863 0.062456 .  
agecat65-74       -14.27955  514.76982  -0.028 0.977870    
agecat75+         -14.48057 1068.19044  -0.014 0.989184    
female              0.06069    0.18439   0.329 0.742068    
racewhiteYes        0.13781    0.19215   0.717 0.473255    
racewhiteMissing   -1.79171    1.01250  -1.770 0.076794 .  
gichronYes          1.32432    0.39911   3.318 0.000906 ***
anim_anyYes        -0.15626    0.23477  -0.666 0.505688    
gicontactbaseYes    0.52567    0.34983   1.503 0.132926    
rawfood             0.06348    0.21976   0.289 0.772696    
---
Signif. codes:  0 ‘***’ 0.001 ‘**’ 0.01 ‘*’ 0.05 ‘.’ 0.1 ‘ ’ 1

(Dispersion parameter for poisson family taken to be 1)

    Null deviance: 660.57  on 1732  degrees of freedom
Residual deviance: 627.47  on 1716  degrees of freedom
AIC: 913.47

Number of Fisher Scoring iterations: 14



Robust, Sandwich Standard Errors Account for Clustering:

z test of coefficients:

                   Estimate Std. Error  z value  Pr(>|z|)    
(Intercept)       -2.096597   0.316021  -6.6344 3.259e-11 ***
fpc1601.pres1     -0.444347   0.191083  -2.3254 0.0200498 *  
agecat5-14        -0.359343   0.303128  -1.1854 0.2358402    
agecat15-24       -0.511946   0.356263  -1.4370 0.1507219    
agecat25-34       -0.394137   0.340729  -1.1567 0.2473766    
agecat35-44       -0.417280   0.327124  -1.2756 0.2020954    
agecat45-54       -0.705605   0.411338  -1.7154 0.0862734 .  
agecat55-64       -1.432958   0.750237  -1.9100 0.0561323 .  
agecat65-74      -14.279548   0.446333 -31.9930 < 2.2e-16 ***
agecat75+        -14.480575   0.855325 -16.9299 < 2.2e-16 ***
female             0.060685   0.183280   0.3311 0.7405642    
racewhiteYes       0.137810   0.209665   0.6573 0.5109970    
racewhiteMissing  -1.791713   0.984668  -1.8196 0.0688182 .  
gichronYes         1.324325   0.354073   3.7403 0.0001838 ***
anim_anyYes       -0.156255   0.231046  -0.6763 0.4988536    
gicontactbaseYes   0.525672   0.313142   1.6787 0.0932098 .  
rawfood            0.063478   0.230096   0.2759 0.7826427    
---
Signif. codes:  0 ‘***’ 0.001 ‘**’ 0.01 ‘*’ 0.05 ‘.’ 0.1 ‘ ’ 1

> 
> # mission bay
> mbfit10.fmc1601head = mpreg(gici10~fmc1601.pres+agecat+female+racewhite+gichron+anim_any+gicontactbase+rawfood,
+     dat=mission[!is.na(mission$fmc1601.pres),],vcv=T)

Call:
glm(formula = formula, family = poisson(link = "log"), data = dat)

Deviance Residuals: 
     Min        1Q    Median        3Q       Max  
-0.86863  -0.41007  -0.32902  -0.00006   2.18690  

Coefficients:
                       Estimate Std. Error z value Pr(>|z|)    
(Intercept)            -2.24121    0.22002 -10.187   <2e-16 ***
fmc1601.pres1           0.06746    0.15320   0.440   0.6597    
agecat5-14             -0.23479    0.20575  -1.141   0.2538    
agecat15-24            -0.44707    0.30204  -1.480   0.1388    
agecat25-34            -0.27490    0.27232  -1.009   0.3128    
agecat35-44            -0.44186    0.29894  -1.478   0.1394    
agecat45-54             0.22983    0.32783   0.701   0.4833    
agecat55-64            -0.74368    1.01986  -0.729   0.4659    
agecat65-74           -17.42535 4518.23004  -0.004   0.9969    
agecat75+             -18.06297 8959.59519  -0.002   0.9984    
agecatMissing          -1.07739    0.72959  -1.477   0.1398    
female                 -0.44042    0.14506  -3.036   0.0024 ** 
racewhiteYes            0.40758    0.18232   2.236   0.0254 *  
racewhiteMissing      -17.60899  481.82940  -0.037   0.9708    
gichronYes              0.56152    0.51213   1.096   0.2729    
anim_anyYes             0.38181    0.16465   2.319   0.0204 *  
gicontactbaseYes        0.35353    0.41867   0.844   0.3984    
gicontactbaseMissing   -0.70795    0.58383  -1.213   0.2253    
rawfood                -0.20181    0.15490  -1.303   0.1926    
---
Signif. codes:  0 ‘***’ 0.001 ‘**’ 0.01 ‘*’ 0.05 ‘.’ 0.1 ‘ ’ 1

(Dispersion parameter for poisson family taken to be 1)

    Null deviance: 1150.1  on 3545  degrees of freedom
Residual deviance:  977.7  on 3527  degrees of freedom
AIC: 1415.7

Number of Fisher Scoring iterations: 18



Robust, Sandwich Standard Errors Account for Clustering:

z test of coefficients:

                       Estimate Std. Error   z value Pr(>|z|)    
(Intercept)           -2.241211   0.233067   -9.6162  < 2e-16 ***
fmc1601.pres1          0.067461   0.165955    0.4065  0.68438    
agecat5-14            -0.234789   0.206826   -1.1352  0.25629    
agecat15-24           -0.447069   0.308760   -1.4479  0.14763    
agecat25-34           -0.274895   0.255865   -1.0744  0.28265    
agecat35-44           -0.441864   0.296952   -1.4880  0.13675    
agecat45-54            0.229826   0.337269    0.6814  0.49560    
agecat55-64           -0.743676   0.986353   -0.7540  0.45087    
agecat65-74          -17.425355   0.561857  -31.0139  < 2e-16 ***
agecat75+            -18.062971   0.610175  -29.6029  < 2e-16 ***
agecatMissing         -1.077395   0.700345   -1.5384  0.12396    
female                -0.440421   0.138475   -3.1805  0.00147 ** 
racewhiteYes           0.407578   0.199767    2.0403  0.04132 *  
racewhiteMissing     -17.608992   0.110377 -159.5352  < 2e-16 ***
gichronYes             0.561516   0.522655    1.0744  0.28266    
anim_anyYes            0.381805   0.178094    2.1438  0.03205 *  
gicontactbaseYes       0.353533   0.336979    1.0491  0.29412    
gicontactbaseMissing  -0.707954   0.556505   -1.2721  0.20332    
rawfood               -0.201811   0.167039   -1.2082  0.22698    
---
Signif. codes:  0 ‘***’ 0.001 ‘**’ 0.01 ‘*’ 0.05 ‘.’ 0.1 ‘ ’ 1

Warning message:
glm.fit: fitted rates numerically 0 occurred 
> mbfit10.fpc1601head = mpreg(gici10~fpc1601.pres+agecat+female+racewhite+gichron+anim_any+gicontactbase+rawfood,
+     dat=mission[!is.na(mission$fpc1601.pres),],vcv=T)

Call:
glm(formula = formula, family = poisson(link = "log"), data = dat)

Deviance Residuals: 
     Min        1Q    Median        3Q       Max  
-0.86422  -0.41055  -0.32984  -0.00006   2.18041  

Coefficients:
                      Estimate Std. Error z value Pr(>|z|)    
(Intercept)            -2.2009     0.1949 -11.294  < 2e-16 ***
fpc1601.pres1          -0.4331     0.5101  -0.849  0.39592    
agecat5-14             -0.2245     0.2059  -1.090  0.27556    
agecat15-24            -0.4424     0.3019  -1.465  0.14286    
agecat25-34            -0.2698     0.2723  -0.991  0.32173    
agecat35-44            -0.4362     0.2990  -1.459  0.14468    
agecat45-54             0.2432     0.3277   0.742  0.45798    
agecat55-64            -0.7547     1.0197  -0.740  0.45923    
agecat65-74           -17.3830  4420.3058  -0.004  0.99686    
agecat75+             -18.0379  8959.9671  -0.002  0.99839    
agecatMissing          -1.0743     0.7296  -1.473  0.14087    
female                 -0.4407     0.1451  -3.038  0.00238 ** 
racewhiteYes            0.4275     0.1823   2.345  0.01902 *  
racewhiteMissing      -17.6020   481.4102  -0.037  0.97083    
gichronYes              0.5452     0.5119   1.065  0.28685    
anim_anyYes             0.3925     0.1649   2.380  0.01732 *  
gicontactbaseYes        0.3444     0.4188   0.823  0.41079    
gicontactbaseMissing   -0.6915     0.5840  -1.184  0.23644    
rawfood                -0.1951     0.1548  -1.260  0.20776    
---
Signif. codes:  0 ‘***’ 0.001 ‘**’ 0.01 ‘*’ 0.05 ‘.’ 0.1 ‘ ’ 1

(Dispersion parameter for poisson family taken to be 1)

    Null deviance: 1150.10  on 3545  degrees of freedom
Residual deviance:  977.07  on 3527  degrees of freedom
AIC: 1415.1

Number of Fisher Scoring iterations: 18



Robust, Sandwich Standard Errors Account for Clustering:

z test of coefficients:

                      Estimate Std. Error   z value  Pr(>|z|)    
(Intercept)           -2.20090    0.20576  -10.6966 < 2.2e-16 ***
fpc1601.pres1         -0.43306    0.57671   -0.7509  0.452711    
agecat5-14            -0.22454    0.20901   -1.0743  0.282702    
agecat15-24           -0.44241    0.31064   -1.4242  0.154390    
agecat25-34           -0.26984    0.25605   -1.0539  0.291940    
agecat35-44           -0.43616    0.29779   -1.4646  0.143020    
agecat45-54            0.24321    0.33838    0.7188  0.472293    
agecat55-64           -0.75469    0.98716   -0.7645  0.444566    
agecat65-74          -17.38295    0.55716  -31.1991 < 2.2e-16 ***
agecat75+            -18.03787    0.60960  -29.5895 < 2.2e-16 ***
agecatMissing         -1.07432    0.69918   -1.5365  0.124404    
female                -0.44071    0.13843   -3.1836  0.001454 ** 
racewhiteYes           0.42750    0.20048    2.1324  0.032975 *  
racewhiteMissing     -17.60200    0.11078 -158.8848 < 2.2e-16 ***
gichronYes             0.54517    0.52277    1.0429  0.297016    
anim_anyYes            0.39249    0.17737    2.2128  0.026911 *  
gicontactbaseYes       0.34444    0.33900    1.0160  0.309612    
gicontactbaseMissing  -0.69147    0.55691   -1.2416  0.214382    
rawfood               -0.19506    0.16704   -1.1677  0.242909    
---
Signif. codes:  0 ‘***’ 0.001 ‘**’ 0.01 ‘*’ 0.05 ‘.’ 0.1 ‘ ’ 1

Warning message:
glm.fit: fitted rates numerically 0 occurred 
> 
> 
> #-----------------------------------------
> # 3-day illness and coliphage concentration
> # by berm and groundwater flow conditions
> # by beach
> 
> # interaction tests
> #-----------------------------------------
> # reduced model for LR test
> avfit10.fmc1602.glm.head = glm(gici10~fmc1602.pres+groundwater+agecat+female+racewhite+gichron+anim_any+gicontactbase+rawfood,
+     dat=avalon,family=poisson(link="log"))
> # interaction model
> avfit10.fmc1602.gw.head = glm(gici10~fmc1602.pres*groundwater+agecat+female+racewhite+gichron+anim_any+gicontactbase+rawfood,
+     family=poisson(link="log"),data=avalon)
> summary(avfit10.fmc1602.gw.head)

Call:
glm(formula = gici10 ~ fmc1602.pres * groundwater + agecat + 
    female + racewhite + gichron + anim_any + gicontactbase + 
    rawfood, family = poisson(link = "log"), data = avalon)

Deviance Residuals: 
    Min       1Q   Median       3Q      Max  
-0.9662  -0.4008  -0.3563  -0.3189   2.2489  

Coefficients:
                                            Estimate Std. Error z value
(Intercept)                                 -1.79024    0.29108  -6.150
fmc1602.pres1                               -0.06405    0.19493  -0.329
groundwaterAbove median flow                -0.31828    0.21580  -1.475
agecat5-14                                  -1.03687    0.23449  -4.422
agecat15-24                                 -1.15761    0.29213  -3.963
agecat25-34                                 -0.71431    0.28114  -2.541
agecat35-44                                 -0.65490    0.26460  -2.475
agecat45-54                                 -0.97969    0.28819  -3.399
agecat55-64                                 -1.27030    0.41131  -3.088
agecat65-74                                 -1.75216    1.02232  -1.714
agecat75+                                  -13.49352  447.61639  -0.030
agecatMissing                              -13.37344  552.44514  -0.024
female                                       0.03291    0.13627   0.241
racewhiteYes                                 0.04376    0.16187   0.270
racewhiteMissing                            -0.87022    0.72266  -1.204
gichronYes                                   0.96788    0.31507   3.072
anim_anyYes                                  0.16963    0.15470   1.096
gicontactbaseYes                             0.36797    0.24177   1.522
gicontactbaseMissing                        -0.79531    1.00529  -0.791
rawfood                                      0.19814    0.16369   1.210
fmc1602.pres1:groundwaterAbove median flow   0.43878    0.27971   1.569
                                           Pr(>|z|)    
(Intercept)                                7.73e-10 ***
fmc1602.pres1                              0.742467    
groundwaterAbove median flow               0.140257    
agecat5-14                                 9.78e-06 ***
agecat15-24                                7.41e-05 ***
agecat25-34                                0.011060 *  
agecat35-44                                0.013322 *  
agecat45-54                                0.000675 ***
agecat55-64                                0.002012 ** 
agecat65-74                                0.086546 .  
agecat75+                                  0.975951    
agecatMissing                              0.980687    
female                                     0.809184    
racewhiteYes                               0.786912    
racewhiteMissing                           0.228516    
gichronYes                                 0.002127 ** 
anim_anyYes                                0.272866    
gicontactbaseYes                           0.128011    
gicontactbaseMissing                       0.428873    
rawfood                                    0.226103    
fmc1602.pres1:groundwaterAbove median flow 0.116721    
---
Signif. codes:  0 ‘***’ 0.001 ‘**’ 0.01 ‘*’ 0.05 ‘.’ 0.1 ‘ ’ 1

(Dispersion parameter for poisson family taken to be 1)

    Null deviance: 1132  on 2902  degrees of freedom
Residual deviance: 1087  on 2882  degrees of freedom
AIC: 1567

Number of Fisher Scoring iterations: 13

> lrtest(avfit10.fmc1602.glm.head,avfit10.fmc1602.gw.head)
Likelihood ratio test

Model 1: gici10 ~ fmc1602.pres + groundwater + agecat + female + racewhite + 
    gichron + anim_any + gicontactbase + rawfood
Model 2: gici10 ~ fmc1602.pres * groundwater + agecat + female + racewhite + 
    gichron + anim_any + gicontactbase + rawfood
  #Df  LogLik Df  Chisq Pr(>Chisq)
1  20 -763.73                     
2  21 -762.51  1 2.4379     0.1184
> 
> # reduced model for LR test
> avfit10.fpc1601.glm.head = glm(gici10~fpc1601.pres+groundwater+agecat+female+racewhite+gichron+anim_any+gicontactbase+rawfood,
+     dat=avalon,family=poisson(link="log"))
> # interaction model
> avfit10.fpc1601.gw.head = glm(gici10~fpc1601.pres*groundwater+agecat+female+racewhite+gichron+anim_any+gicontactbase+rawfood,
+     dat=avalon,family=poisson(link="log"))
> summary(avfit10.fpc1601.gw.head)

Call:
glm(formula = gici10 ~ fpc1601.pres * groundwater + agecat + 
    female + racewhite + gichron + anim_any + gicontactbase + 
    rawfood, family = poisson(link = "log"), data = avalon)

Deviance Residuals: 
    Min       1Q   Median       3Q      Max  
-0.9545  -0.4044  -0.3473  -0.3289   2.2139  

Coefficients:
                                            Estimate Std. Error z value
(Intercept)                                 -1.70611    0.32033  -5.326
fpc1601.pres1                               -0.13575    0.22389  -0.606
groundwaterAbove median flow                -0.50486    0.32531  -1.552
agecat5-14                                  -1.04876    0.23414  -4.479
agecat15-24                                 -1.18670    0.29204  -4.063
agecat25-34                                 -0.74427    0.28039  -2.654
agecat35-44                                 -0.69282    0.26347  -2.630
agecat45-54                                 -1.02266    0.28758  -3.556
agecat55-64                                 -1.28564    0.41144  -3.125
agecat65-74                                 -1.75154    1.02221  -1.713
agecat75+                                  -13.54202  447.96286  -0.030
agecatMissing                              -13.47574  551.38255  -0.024
female                                       0.03924    0.13626   0.288
racewhiteYes                                 0.03976    0.16213   0.245
racewhiteMissing                            -0.83873    0.72244  -1.161
gichronYes                                   0.95406    0.31532   3.026
anim_anyYes                                  0.17149    0.15462   1.109
gicontactbaseYes                             0.37240    0.24180   1.540
gicontactbaseMissing                        -0.75993    1.00463  -0.756
rawfood                                      0.21061    0.16387   1.285
fpc1601.pres1:groundwaterAbove median flow   0.50809    0.35909   1.415
                                           Pr(>|z|)    
(Intercept)                                1.00e-07 ***
fpc1601.pres1                              0.544290    
groundwaterAbove median flow               0.120673    
agecat5-14                                 7.49e-06 ***
agecat15-24                                4.84e-05 ***
agecat25-34                                0.007945 ** 
agecat35-44                                0.008548 ** 
agecat45-54                                0.000376 ***
agecat55-64                                0.001780 ** 
agecat65-74                                0.086622 .  
agecat75+                                  0.975883    
agecatMissing                              0.980502    
female                                     0.773346    
racewhiteYes                               0.806264    
racewhiteMissing                           0.245653    
gichronYes                                 0.002481 ** 
anim_anyYes                                0.267381    
gicontactbaseYes                           0.123538    
gicontactbaseMissing                       0.449393    
rawfood                                    0.198710    
fpc1601.pres1:groundwaterAbove median flow 0.157081    
---
Signif. codes:  0 ‘***’ 0.001 ‘**’ 0.01 ‘*’ 0.05 ‘.’ 0.1 ‘ ’ 1

(Dispersion parameter for poisson family taken to be 1)

    Null deviance: 1132.0  on 2902  degrees of freedom
Residual deviance: 1088.3  on 2882  degrees of freedom
AIC: 1568.3

Number of Fisher Scoring iterations: 13

> lrtest(avfit10.fpc1601.glm.head,avfit10.fpc1601.gw.head)
Likelihood ratio test

Model 1: gici10 ~ fpc1601.pres + groundwater + agecat + female + racewhite + 
    gichron + anim_any + gicontactbase + rawfood
Model 2: gici10 ~ fpc1601.pres * groundwater + agecat + female + racewhite + 
    gichron + anim_any + gicontactbase + rawfood
  #Df  LogLik Df  Chisq Pr(>Chisq)
1  20 -764.17                     
2  21 -763.15  1 2.0514     0.1521
> 
> # reduced model for LR test
> avfit10.fpc1602.glm.head = glm(gici10~fpc1602.pres+groundwater+agecat+female+racewhite+gichron+anim_any+gicontactbase+rawfood,
+     dat=avalon,family=poisson(link="log"))
> # interaction model
> avfit10.fpc1602.gw.head = glm(gici10~fpc1602.pres*groundwater+agecat+female+racewhite+gichron+anim_any+gicontactbase+rawfood,
+     dat=avalon,family=poisson(link="log"))
> summary(avfit10.fpc1602.gw.head)

Call:
glm(formula = gici10 ~ fpc1602.pres * groundwater + agecat + 
    female + racewhite + gichron + anim_any + gicontactbase + 
    rawfood, family = poisson(link = "log"), data = avalon)

Deviance Residuals: 
    Min       1Q   Median       3Q      Max  
-0.9954  -0.4009  -0.3543  -0.3237   2.2596  

Coefficients:
                                            Estimate Std. Error z value
(Intercept)                                 -1.77687    0.26105  -6.807
fpc1602.pres1                               -0.56813    0.58591  -0.970
groundwaterAbove median flow                -0.14865    0.14061  -1.057
agecat5-14                                  -1.07737    0.23428  -4.599
agecat15-24                                 -1.21221    0.29153  -4.158
agecat25-34                                 -0.77656    0.27949  -2.778
agecat35-44                                 -0.72392    0.26321  -2.750
agecat45-54                                 -1.03653    0.28704  -3.611
agecat55-64                                 -1.31604    0.41126  -3.200
agecat65-74                                 -1.80066    1.02319  -1.760
agecat75+                                  -13.54699  449.22132  -0.030
agecatMissing                              -13.48504  550.23539  -0.025
female                                       0.03200    0.13627   0.235
racewhiteYes                                 0.05404    0.16196   0.334
racewhiteMissing                            -0.83424    0.72241  -1.155
gichronYes                                   1.00464    0.31516   3.188
anim_anyYes                                  0.16945    0.15469   1.095
gicontactbaseYes                             0.36694    0.24187   1.517
gicontactbaseMissing                        -0.76164    1.00431  -0.758
rawfood                                      0.20330    0.16381   1.241
fpc1602.pres1:groundwaterAbove median flow   1.10677    0.68297   1.621
                                           Pr(>|z|)    
(Intercept)                                9.98e-12 ***
fpc1602.pres1                              0.332214    
groundwaterAbove median flow               0.290430    
agecat5-14                                 4.25e-06 ***
agecat15-24                                3.21e-05 ***
agecat25-34                                0.005461 ** 
agecat35-44                                0.005953 ** 
agecat45-54                                0.000305 ***
agecat55-64                                0.001374 ** 
agecat65-74                                0.078432 .  
agecat75+                                  0.975942    
agecatMissing                              0.980448    
female                                     0.814314    
racewhiteYes                               0.738640    
racewhiteMissing                           0.248171    
gichronYes                                 0.001434 ** 
anim_anyYes                                0.273328    
gicontactbaseYes                           0.129251    
gicontactbaseMissing                       0.448226    
rawfood                                    0.214559    
fpc1602.pres1:groundwaterAbove median flow 0.105117    
---
Signif. codes:  0 ‘***’ 0.001 ‘**’ 0.01 ‘*’ 0.05 ‘.’ 0.1 ‘ ’ 1

(Dispersion parameter for poisson family taken to be 1)

    Null deviance: 1132.0  on 2902  degrees of freedom
Residual deviance: 1087.4  on 2882  degrees of freedom
AIC: 1567.4

Number of Fisher Scoring iterations: 13

> lrtest(avfit10.fpc1602.glm.head,avfit10.fpc1602.gw.head)
Likelihood ratio test

Model 1: gici10 ~ fpc1602.pres + groundwater + agecat + female + racewhite + 
    gichron + anim_any + gicontactbase + rawfood
Model 2: gici10 ~ fpc1602.pres * groundwater + agecat + female + racewhite + 
    gichron + anim_any + gicontactbase + rawfood
  #Df  LogLik Df  Chisq Pr(>Chisq)  
1  20 -764.20                       
2  21 -762.69  1 3.0004    0.08325 .
---
Signif. codes:  0 ‘***’ 0.001 ‘**’ 0.01 ‘*’ 0.05 ‘.’ 0.1 ‘ ’ 1
> 
> # berm always closed when fmc1601 measured so no interaction assessment
> 
> # reduced model for LR test
> dofit10.fmc1602.glm.head = glm(gici10~fmc1602.pres+berm+agecat+female+racewhite+gichron+anim_any+gicontactbase+rawfood,
+     dat=doheny,family=poisson(link="log"))
> # interaction model
> dofit10.fmc1602.berm.head = glm(gici10~fmc1602.pres*berm+agecat+female+racewhite+gichron+anim_any+gicontactbase+rawfood,
+     dat=doheny,family=poisson(link="log"))
> summary(dofit10.fmc1602.berm.head)

Call:
glm(formula = gici10 ~ fmc1602.pres * berm + agecat + female + 
    racewhite + gichron + anim_any + gicontactbase + rawfood, 
    family = poisson(link = "log"), data = doheny)

Deviance Residuals: 
    Min       1Q   Median       3Q      Max  
-0.6630  -0.3789  -0.3422  -0.3053   2.2587  

Coefficients:
                        Estimate Std. Error z value Pr(>|z|)    
(Intercept)             -2.28113    0.28118  -8.113 4.95e-16 ***
fmc1602.pres1           -0.08885    0.18795  -0.473  0.63640    
bermOpen                -0.58871    0.60332  -0.976  0.32917    
agecat5-14              -0.72058    0.23267  -3.097  0.00195 ** 
agecat15-24             -0.43395    0.27807  -1.561  0.11862    
agecat25-34             -0.49061    0.30413  -1.613  0.10671    
agecat35-44             -0.64425    0.28825  -2.235  0.02542 *  
agecat45-54             -0.83314    0.33683  -2.473  0.01338 *  
agecat55-64             -1.28808    0.54708  -2.354  0.01855 *  
agecat65-74             -0.12745    1.02607  -0.124  0.90115    
agecatMissing          -13.04921  423.64147  -0.031  0.97543    
female                   0.25279    0.14246   1.775  0.07598 .  
racewhiteYes             0.18162    0.15792   1.150  0.25011    
racewhiteMissing         0.23915    0.51842   0.461  0.64459    
gichronYes               0.76218    0.42337   1.800  0.07182 .  
anim_anyYes             -0.27488    0.18806  -1.462  0.14383    
gicontactbaseYes         0.30243    0.30095   1.005  0.31494    
gicontactbaseMissing     0.51084    0.45699   1.118  0.26364    
rawfood                 -0.05210    0.19234  -0.271  0.78649    
fmc1602.pres1:bermOpen   0.78743    0.63123   1.247  0.21224    
---
Signif. codes:  0 ‘***’ 0.001 ‘**’ 0.01 ‘*’ 0.05 ‘.’ 0.1 ‘ ’ 1

(Dispersion parameter for poisson family taken to be 1)

    Null deviance: 1124.2  on 3153  degrees of freedom
Residual deviance: 1096.4  on 3134  degrees of freedom
AIC: 1548.4

Number of Fisher Scoring iterations: 13

> lrtest(dofit10.fmc1602.glm.head,dofit10.fmc1602.berm.head)
Likelihood ratio test

Model 1: gici10 ~ fmc1602.pres + berm + agecat + female + racewhite + 
    gichron + anim_any + gicontactbase + rawfood
Model 2: gici10 ~ fmc1602.pres * berm + agecat + female + racewhite + 
    gichron + anim_any + gicontactbase + rawfood
  #Df  LogLik Df  Chisq Pr(>Chisq)
1  19 -755.13                     
2  20 -754.20  1 1.8563     0.1731
> 
> # reduced model for LR test
> dofit10.fpc1601.glm.head = glm(gici10~fpc1601.pres+berm+agecat+female+racewhite+gichron+anim_any+gicontactbase+rawfood,
+     dat=doheny,family=poisson(link="log"))
> # interaction model
> dofit10.fpc1601.berm.head = glm(gici10~fpc1601.pres*berm+agecat+female+racewhite+gichron+anim_any+gicontactbase+rawfood,
+     dat=doheny,family=poisson(link="log"))
> summary(dofit10.fpc1601.berm.head)

Call:
glm(formula = gici10 ~ fpc1601.pres * berm + agecat + female + 
    racewhite + gichron + anim_any + gicontactbase + rawfood, 
    family = poisson(link = "log"), data = doheny)

Deviance Residuals: 
    Min       1Q   Median       3Q      Max  
-0.6701  -0.3766  -0.3408  -0.3058   2.2226  

Coefficients:
                        Estimate Std. Error z value Pr(>|z|)    
(Intercept)             -2.24506    0.30993  -7.244 4.37e-13 ***
fpc1601.pres1           -0.12764    0.23545  -0.542  0.58775    
bermOpen                -0.36714    0.50014  -0.734  0.46290    
agecat5-14              -0.71720    0.23291  -3.079  0.00207 ** 
agecat15-24             -0.42893    0.27870  -1.539  0.12379    
agecat25-34             -0.48037    0.30443  -1.578  0.11458    
agecat35-44             -0.62496    0.28880  -2.164  0.03047 *  
agecat45-54             -0.82242    0.33686  -2.441  0.01463 *  
agecat55-64             -1.24662    0.54763  -2.276  0.02282 *  
agecat65-74             -0.13787    1.02679  -0.134  0.89319    
agecatMissing          -13.05868  423.44991  -0.031  0.97540    
female                   0.25642    0.14240   1.801  0.07176 .  
racewhiteYes             0.18143    0.15785   1.149  0.25042    
racewhiteMissing         0.24369    0.51819   0.470  0.63816    
gichronYes               0.77065    0.42315   1.821  0.06858 .  
anim_anyYes             -0.26784    0.18801  -1.425  0.15428    
gicontactbaseYes         0.29538    0.30135   0.980  0.32699    
gicontactbaseMissing     0.46175    0.45594   1.013  0.31118    
rawfood                 -0.06534    0.19243  -0.340  0.73420    
fpc1601.pres1:bermOpen   0.55436    0.53439   1.037  0.29957    
---
Signif. codes:  0 ‘***’ 0.001 ‘**’ 0.01 ‘*’ 0.05 ‘.’ 0.1 ‘ ’ 1

(Dispersion parameter for poisson family taken to be 1)

    Null deviance: 1124.2  on 3153  degrees of freedom
Residual deviance: 1097.1  on 3134  degrees of freedom
AIC: 1549.1

Number of Fisher Scoring iterations: 13

> lrtest(dofit10.fpc1601.glm.head,dofit10.fpc1601.berm.head)
Likelihood ratio test

Model 1: gici10 ~ fpc1601.pres + berm + agecat + female + racewhite + 
    gichron + anim_any + gicontactbase + rawfood
Model 2: gici10 ~ fpc1601.pres * berm + agecat + female + racewhite + 
    gichron + anim_any + gicontactbase + rawfood
  #Df  LogLik Df  Chisq Pr(>Chisq)
1  19 -755.13                     
2  20 -754.55  1 1.1631     0.2808
> 
> # reduced model for LR test
> dofit10.fpc1602.glm.head = glm(gici10~fpc1602.pres+berm+agecat+female+racewhite+gichron+anim_any+gicontactbase+rawfood,
+     dat=doheny,family=poisson(link="log"))
> # interaction model
> dofit10.fpc1602.berm.head = glm(gici10~fpc1602.pres*berm+agecat+female+racewhite+gichron+anim_any+gicontactbase+rawfood,
+     dat=doheny,family=poisson(link="log"))
> summary(dofit10.fpc1602.berm.head)

Call:
glm(formula = gici10 ~ fpc1602.pres * berm + agecat + female + 
    racewhite + gichron + anim_any + gicontactbase + rawfood, 
    family = poisson(link = "log"), data = doheny)

Deviance Residuals: 
    Min       1Q   Median       3Q      Max  
-0.7589  -0.3806  -0.3412  -0.3062   2.2310  

Coefficients:
                        Estimate Std. Error z value Pr(>|z|)    
(Intercept)             -2.33808    0.24686  -9.471  < 2e-16 ***
fpc1602.pres1           -0.09423    0.30130  -0.313  0.75449    
bermOpen                 0.04230    0.18686   0.226  0.82092    
agecat5-14              -0.72235    0.23235  -3.109  0.00188 ** 
agecat15-24             -0.43584    0.27800  -1.568  0.11693    
agecat25-34             -0.49801    0.30398  -1.638  0.10136    
agecat35-44             -0.64493    0.28806  -2.239  0.02516 *  
agecat45-54             -0.83906    0.33661  -2.493  0.01268 *  
agecat55-64             -1.29598    0.54753  -2.367  0.01793 *  
agecat65-74             -0.18100    1.02702  -0.176  0.86010    
agecatMissing          -13.06470  423.52969  -0.031  0.97539    
female                   0.25870    0.14240   1.817  0.06926 .  
racewhiteYes             0.17680    0.15794   1.119  0.26297    
racewhiteMissing         0.23242    0.51835   0.448  0.65387    
gichronYes               0.74694    0.42407   1.761  0.07818 .  
anim_anyYes             -0.26573    0.18815  -1.412  0.15786    
gicontactbaseYes         0.30260    0.30141   1.004  0.31541    
gicontactbaseMissing     0.46426    0.45569   1.019  0.30829    
rawfood                 -0.06269    0.19253  -0.326  0.74474    
fpc1602.pres1:bermOpen   0.70971    0.56727   1.251  0.21090    
---
Signif. codes:  0 ‘***’ 0.001 ‘**’ 0.01 ‘*’ 0.05 ‘.’ 0.1 ‘ ’ 1

(Dispersion parameter for poisson family taken to be 1)

    Null deviance: 1124.2  on 3153  degrees of freedom
Residual deviance: 1096.7  on 3134  degrees of freedom
AIC: 1548.7

Number of Fisher Scoring iterations: 13

> lrtest(dofit10.fpc1602.glm.head,dofit10.fpc1602.berm.head)
Likelihood ratio test

Model 1: gici10 ~ fpc1602.pres + berm + agecat + female + racewhite + 
    gichron + anim_any + gicontactbase + rawfood
Model 2: gici10 ~ fpc1602.pres * berm + agecat + female + racewhite + 
    gichron + anim_any + gicontactbase + rawfood
  #Df  LogLik Df  Chisq Pr(>Chisq)
1  19 -755.09                     
2  20 -754.37  1 1.4375     0.2305
> 
> # reduced model for LR test
> mafit10.fpc1601.glm.head = glm(gici10~fpc1601.pres+agecat+female+racewhite+gichron+anim_any+gicontactbase+rawfood,
+     dat=malibu[!is.na(malibu$fpc1601.pres),],family=poisson(link="log"))
> # interaction model
> mafit10.fpc1601.berm.head = glm(gici10~fpc1601.pres*berm+agecat+female+racewhite+gichron+anim_any+gicontactbase+rawfood,
+     dat=malibu[!is.na(malibu$fpc1601.pres),],family=poisson(link="log"))
> summary(mafit10.fpc1601.berm.head)

Call:
glm(formula = gici10 ~ fpc1601.pres * berm + agecat + female + 
    racewhite + gichron + anim_any + gicontactbase + rawfood, 
    family = poisson(link = "log"), data = malibu[!is.na(malibu$fpc1601.pres), 
        ])

Deviance Residuals: 
    Min       1Q   Median       3Q      Max  
-1.0398  -0.4182  -0.3635  -0.3015   2.5392  

Coefficients:
                         Estimate Std. Error z value Pr(>|z|)    
(Intercept)              -2.08020    0.33042  -6.296 3.06e-10 ***
fpc1601.pres1            -0.61048    0.23002  -2.654 0.007954 ** 
bermOpen                 -0.33357    0.59280  -0.563 0.573639    
agecat5-14               -0.36346    0.32963  -1.103 0.270198    
agecat15-24              -0.49614    0.37583  -1.320 0.186803    
agecat25-34              -0.40030    0.36922  -1.084 0.278293    
agecat35-44              -0.42626    0.36635  -1.164 0.244616    
agecat45-54              -0.69083    0.42493  -1.626 0.104008    
agecat55-64              -1.41668    0.76898  -1.842 0.065432 .  
agecat65-74             -14.29241  514.57894  -0.028 0.977842    
agecat75+               -14.41799 1050.70597  -0.014 0.989052    
female                    0.06349    0.18424   0.345 0.730399    
racewhiteYes              0.13957    0.19219   0.726 0.467729    
racewhiteMissing         -1.76533    1.01296  -1.743 0.081380 .  
gichronYes                1.31920    0.39924   3.304 0.000952 ***
anim_anyYes              -0.15739    0.23488  -0.670 0.502804    
gicontactbaseYes          0.50944    0.35023   1.455 0.145786    
rawfood                   0.05611    0.21976   0.255 0.798461    
fpc1601.pres1:bermOpen    0.66997    0.65585   1.022 0.307000    
---
Signif. codes:  0 ‘***’ 0.001 ‘**’ 0.01 ‘*’ 0.05 ‘.’ 0.1 ‘ ’ 1

(Dispersion parameter for poisson family taken to be 1)

    Null deviance: 660.57  on 1732  degrees of freedom
Residual deviance: 625.70  on 1714  degrees of freedom
AIC: 915.7

Number of Fisher Scoring iterations: 14

> lrtest(mafit10.fpc1601.glm.head,mafit10.fpc1601.berm.head)
Likelihood ratio test

Model 1: gici10 ~ fpc1601.pres + agecat + female + racewhite + gichron + 
    anim_any + gicontactbase + rawfood
Model 2: gici10 ~ fpc1601.pres * berm + agecat + female + racewhite + 
    gichron + anim_any + gicontactbase + rawfood
  #Df  LogLik Df  Chisq Pr(>Chisq)
1  17 -439.73                     
2  19 -438.85  2 1.7725     0.4122
> 
> 
> #-----------------------------------------
> # 3-day illness and coliphage concentration
> # by berm and groundwater flow conditions
> # by beach
> 
> # stratified estimates
> #-----------------------------------------
> avfit10.fmc1602.gw.1.head = mpreg(gici10~fmc1602.pres+agecat+female+racewhite+gichron+anim_any+gicontactbase+rawfood,
+     vcv=T,dat=avalon[avalon$groundwater=="Above median flow",])

Call:
glm(formula = formula, family = poisson(link = "log"), data = dat)

Deviance Residuals: 
    Min       1Q   Median       3Q      Max  
-1.0657  -0.3828  -0.3254  -0.2895   2.2156  

Coefficients:
                       Estimate Std. Error z value Pr(>|z|)    
(Intercept)            -2.06248    0.37538  -5.494 3.92e-08 ***
fmc1602.pres1           0.36529    0.20552   1.777 0.075499 .  
agecat5-14             -1.35933    0.32085  -4.237 2.27e-05 ***
agecat15-24            -1.37511    0.40361  -3.407 0.000657 ***
agecat25-34            -0.91325    0.37973  -2.405 0.016171 *  
agecat35-44            -1.16556    0.38279  -3.045 0.002327 ** 
agecat45-54            -1.30476    0.41195  -3.167 0.001539 ** 
agecat55-64            -1.76929    0.64737  -2.733 0.006276 ** 
agecat65-74           -15.79232  906.51447  -0.017 0.986101    
agecat75+             -15.71165 1520.03492  -0.010 0.991753    
agecatMissing         -15.50810 2451.88411  -0.006 0.994953    
female                  0.03741    0.20159   0.186 0.852789    
racewhiteYes            0.24933    0.25767   0.968 0.333230    
racewhiteMissing       -0.53813    1.03071  -0.522 0.601603    
gichronYes              1.22357    0.41226   2.968 0.002998 ** 
anim_anyYes             0.03016    0.24538   0.123 0.902186    
gicontactbaseYes        0.53499    0.32474   1.647 0.099466 .  
gicontactbaseMissing  -14.65443  825.17940  -0.018 0.985831    
rawfood                 0.53419    0.23503   2.273 0.023035 *  
---
Signif. codes:  0 ‘***’ 0.001 ‘**’ 0.01 ‘*’ 0.05 ‘.’ 0.1 ‘ ’ 1

(Dispersion parameter for poisson family taken to be 1)

    Null deviance: 524.5  on 1376  degrees of freedom
Residual deviance: 483.1  on 1358  degrees of freedom
AIC: 721.1

Number of Fisher Scoring iterations: 15



Robust, Sandwich Standard Errors Account for Clustering:

z test of coefficients:

                       Estimate Std. Error  z value  Pr(>|z|)    
(Intercept)           -2.062477   0.357661  -5.7666 8.090e-09 ***
fmc1602.pres1          0.365286   0.233895   1.5618 0.1183462    
agecat5-14            -1.359333   0.299341  -4.5411 5.596e-06 ***
agecat15-24           -1.375111   0.399628  -3.4410 0.0005796 ***
agecat25-34           -0.913251   0.350204  -2.6078 0.0091135 ** 
agecat35-44           -1.165564   0.358027  -3.2555 0.0011318 ** 
agecat45-54           -1.304762   0.415907  -3.1371 0.0017060 ** 
agecat55-64           -1.769288   0.608762  -2.9064 0.0036565 ** 
agecat65-74          -15.792316   0.462724 -34.1290 < 2.2e-16 ***
agecat75+            -15.711646   0.535915 -29.3174 < 2.2e-16 ***
agecatMissing        -15.508101   0.796687 -19.4657 < 2.2e-16 ***
female                 0.037407   0.192807   0.1940 0.8461665    
racewhiteYes           0.249328   0.261555   0.9533 0.3404618    
racewhiteMissing      -0.538131   0.951120  -0.5658 0.5715389    
gichronYes             1.223574   0.400782   3.0530 0.0022659 ** 
anim_anyYes            0.030158   0.270126   0.1116 0.9111059    
gicontactbaseYes       0.534991   0.361925   1.4782 0.1393593    
gicontactbaseMissing -14.654432   0.518011 -28.2898 < 2.2e-16 ***
rawfood                0.534194   0.234075   2.2822 0.0224804 *  
---
Signif. codes:  0 ‘***’ 0.001 ‘**’ 0.01 ‘*’ 0.05 ‘.’ 0.1 ‘ ’ 1

> avfit10.fmc1602.gw.0.head = mpreg(gici10~fmc1602.pres+agecat+female+racewhite+gichron+anim_any+gicontactbase+rawfood,
+     vcv=T,dat=avalon[avalon$groundwater=="Below median flow",])

Call:
glm(formula = formula, family = poisson(link = "log"), data = dat)

Deviance Residuals: 
    Min       1Q   Median       3Q      Max  
-0.7900  -0.4124  -0.3657  -0.3451   2.2809  

Coefficients:
                      Estimate Std. Error z value Pr(>|z|)    
(Intercept)           -1.93536    0.40245  -4.809 1.52e-06 ***
fmc1602.pres1         -0.08182    0.19672  -0.416   0.6775    
agecat5-14            -0.69688    0.35547  -1.960   0.0499 *  
agecat15-24           -0.87926    0.43215  -2.035   0.0419 *  
agecat25-34           -0.53194    0.42844  -1.242   0.2144    
agecat35-44           -0.20825    0.38438  -0.542   0.5880    
agecat45-54           -0.67505    0.41854  -1.613   0.1068    
agecat55-64           -0.87324    0.55240  -1.581   0.1139    
agecat65-74           -0.86527    1.05280  -0.822   0.4111    
agecat75+            -13.21434  736.49683  -0.018   0.9857    
agecatMissing        -13.11525  702.59022  -0.019   0.9851    
female                 0.02115    0.18546   0.114   0.9092    
racewhiteYes          -0.09369    0.21088  -0.444   0.6568    
racewhiteMissing      -1.12031    1.01834  -1.100   0.2713    
gichronYes             0.66413    0.51619   1.287   0.1982    
anim_anyYes            0.28537    0.20182   1.414   0.1574    
gicontactbaseYes       0.24015    0.36794   0.653   0.5140    
gicontactbaseMissing  -0.00165    1.01243  -0.002   0.9987    
rawfood               -0.03513    0.23130  -0.152   0.8793    
---
Signif. codes:  0 ‘***’ 0.001 ‘**’ 0.01 ‘*’ 0.05 ‘.’ 0.1 ‘ ’ 1

(Dispersion parameter for poisson family taken to be 1)

    Null deviance: 607.21  on 1525  degrees of freedom
Residual deviance: 592.47  on 1507  degrees of freedom
AIC: 868.47

Number of Fisher Scoring iterations: 13



Robust, Sandwich Standard Errors Account for Clustering:

z test of coefficients:

                        Estimate  Std. Error  z value  Pr(>|z|)    
(Intercept)           -1.9353614   0.4016405  -4.8186 1.445e-06 ***
fmc1602.pres1         -0.0818205   0.2301620  -0.3555   0.72222    
agecat5-14            -0.6968842   0.3376025  -2.0642   0.03900 *  
agecat15-24           -0.8792561   0.4078085  -2.1561   0.03108 *  
agecat25-34           -0.5319369   0.3891299  -1.3670   0.17163    
agecat35-44           -0.2082490   0.3713012  -0.5609   0.57489    
agecat45-54           -0.6750506   0.4226260  -1.5973   0.11020    
agecat55-64           -0.8732403   0.5453057  -1.6014   0.10929    
agecat65-74           -0.8652723   1.0467313  -0.8266   0.40844    
agecat75+            -13.2143445   0.6705604 -19.7064 < 2.2e-16 ***
agecatMissing        -13.1152500   0.7388538 -17.7508 < 2.2e-16 ***
female                 0.0211488   0.1705718   0.1240   0.90132    
racewhiteYes          -0.0936902   0.2375726  -0.3944   0.69331    
racewhiteMissing      -1.1203128   0.9323581  -1.2016   0.22952    
gichronYes             0.6641270   0.4970490   1.3361   0.18150    
anim_anyYes            0.2853736   0.2082204   1.3705   0.17052    
gicontactbaseYes       0.2401505   0.3882708   0.6185   0.53624    
gicontactbaseMissing  -0.0016504   0.9787595  -0.0017   0.99865    
rawfood               -0.0351324   0.2223371  -0.1580   0.87445    
---
Signif. codes:  0 ‘***’ 0.001 ‘**’ 0.01 ‘*’ 0.05 ‘.’ 0.1 ‘ ’ 1

> 
> avfit10.fpc1601.gw.1.head = mpreg(gici10~fpc1601.pres+agecat+female+racewhite+gichron+anim_any+gicontactbase+rawfood,
+     vcv=T,dat=avalon[avalon$groundwater=="Above median flow",])

Call:
glm(formula = formula, family = poisson(link = "log"), data = dat)

Deviance Residuals: 
    Min       1Q   Median       3Q      Max  
-1.0075  -0.3838  -0.3309  -0.2904   2.1670  

Coefficients:
                       Estimate Std. Error z value Pr(>|z|)    
(Intercept)          -2.190e+00  4.362e-01  -5.021 5.15e-07 ***
fpc1601.pres1         3.991e-01  2.850e-01   1.401 0.161341    
agecat5-14           -1.375e+00  3.206e-01  -4.290 1.79e-05 ***
agecat15-24          -1.421e+00  4.021e-01  -3.533 0.000412 ***
agecat25-34          -9.556e-01  3.772e-01  -2.533 0.011298 *  
agecat35-44          -1.235e+00  3.789e-01  -3.259 0.001119 ** 
agecat45-54          -1.393e+00  4.098e-01  -3.399 0.000678 ***
agecat55-64          -1.789e+00  6.484e-01  -2.759 0.005802 ** 
agecat65-74          -1.580e+01  9.131e+02  -0.017 0.986190    
agecat75+            -1.578e+01  1.497e+03  -0.011 0.991588    
agecatMissing        -1.579e+01  2.452e+03  -0.006 0.994861    
female                5.273e-02  2.014e-01   0.262 0.793466    
racewhiteYes          2.540e-01  2.577e-01   0.985 0.324417    
racewhiteMissing     -4.314e-01  1.030e+00  -0.419 0.675257    
gichronYes            1.193e+00  4.124e-01   2.892 0.003824 ** 
anim_anyYes           9.219e-03  2.456e-01   0.038 0.970056    
gicontactbaseYes      5.578e-01  3.249e-01   1.717 0.086050 .  
gicontactbaseMissing -1.463e+01  8.387e+02  -0.017 0.986087    
rawfood               5.690e-01  2.369e-01   2.402 0.016297 *  
---
Signif. codes:  0 ‘***’ 0.001 ‘**’ 0.01 ‘*’ 0.05 ‘.’ 0.1 ‘ ’ 1

(Dispersion parameter for poisson family taken to be 1)

    Null deviance: 524.50  on 1376  degrees of freedom
Residual deviance: 484.14  on 1358  degrees of freedom
AIC: 722.14

Number of Fisher Scoring iterations: 15



Robust, Sandwich Standard Errors Account for Clustering:

z test of coefficients:

                        Estimate  Std. Error  z value  Pr(>|z|)    
(Intercept)           -2.1901597   0.4225155  -5.1836 2.176e-07 ***
fpc1601.pres1          0.3991046   0.3049770   1.3086 0.1906569    
agecat5-14            -1.3752834   0.2921754  -4.7070 2.513e-06 ***
agecat15-24           -1.4206037   0.3929866  -3.6149 0.0003005 ***
agecat25-34           -0.9556217   0.3359481  -2.8446 0.0044474 ** 
agecat35-44           -1.2348569   0.3468135  -3.5606 0.0003700 ***
agecat45-54           -1.3928649   0.4089316  -3.4061 0.0006590 ***
agecat55-64           -1.7888273   0.6023806  -2.9696 0.0029819 ** 
agecat65-74          -15.8046783   0.4554585 -34.7006 < 2.2e-16 ***
agecat75+            -15.7838769   0.5454615 -28.9367 < 2.2e-16 ***
agecatMissing        -15.7918460   0.7627161 -20.7048 < 2.2e-16 ***
female                 0.0527270   0.1920006   0.2746 0.7836092    
racewhiteYes           0.2539526   0.2635255   0.9637 0.3352096    
racewhiteMissing      -0.4314177   0.9515571  -0.4534 0.6502745    
gichronYes             1.1927263   0.3947102   3.0218 0.0025130 ** 
anim_anyYes            0.0092187   0.2705857   0.0341 0.9728217    
gicontactbaseYes       0.5577629   0.3691309   1.5110 0.1307842    
gicontactbaseMissing -14.6256443   0.5022175 -29.1221 < 2.2e-16 ***
rawfood                0.5689930   0.2364114   2.4068 0.0160933 *  
---
Signif. codes:  0 ‘***’ 0.001 ‘**’ 0.01 ‘*’ 0.05 ‘.’ 0.1 ‘ ’ 1

> avfit10.fpc1601.gw.0.head = mpreg(gici10~fpc1601.pres+agecat+female+racewhite+gichron+anim_any+gicontactbase+rawfood,
+     vcv=T,dat=avalon[avalon$groundwater=="Below median flow",])

Call:
glm(formula = formula, family = poisson(link = "log"), data = dat)

Deviance Residuals: 
    Min       1Q   Median       3Q      Max  
-0.7882  -0.4061  -0.3678  -0.3440   2.2962  

Coefficients:
                       Estimate Std. Error z value Pr(>|z|)    
(Intercept)           -1.848667   0.428504  -4.314  1.6e-05 ***
fpc1601.pres1         -0.161182   0.225744  -0.714   0.4752    
agecat5-14            -0.704401   0.354852  -1.985   0.0471 *  
agecat15-24           -0.897409   0.432976  -2.073   0.0382 *  
agecat25-34           -0.544806   0.428880  -1.270   0.2040    
agecat35-44           -0.220446   0.384737  -0.573   0.5667    
agecat45-54           -0.687878   0.419142  -1.641   0.1008    
agecat55-64           -0.890343   0.552828  -1.611   0.1073    
agecat65-74           -0.869571   1.052332  -0.826   0.4086    
agecat75+            -13.236259 733.322600  -0.018   0.9856    
agecatMissing        -13.078289 693.784648  -0.019   0.9850    
female                 0.020539   0.185517   0.111   0.9118    
racewhiteYes          -0.102045   0.211407  -0.483   0.6293    
racewhiteMissing      -1.147807   1.018582  -1.127   0.2598    
gichronYes             0.664730   0.516214   1.288   0.1978    
anim_anyYes            0.298295   0.201568   1.480   0.1389    
gicontactbaseYes       0.232228   0.367786   0.631   0.5278    
gicontactbaseMissing  -0.005733   1.011228  -0.006   0.9955    
rawfood               -0.032166   0.231216  -0.139   0.8894    
---
Signif. codes:  0 ‘***’ 0.001 ‘**’ 0.01 ‘*’ 0.05 ‘.’ 0.1 ‘ ’ 1

(Dispersion parameter for poisson family taken to be 1)

    Null deviance: 607.21  on 1525  degrees of freedom
Residual deviance: 592.15  on 1507  degrees of freedom
AIC: 868.15

Number of Fisher Scoring iterations: 13



Robust, Sandwich Standard Errors Account for Clustering:

z test of coefficients:

                        Estimate  Std. Error  z value  Pr(>|z|)    
(Intercept)           -1.8486667   0.4915145  -3.7612 0.0001691 ***
fpc1601.pres1         -0.1611817   0.2820223  -0.5715 0.5676464    
agecat5-14            -0.7044008   0.3317473  -2.1233 0.0337283 *  
agecat15-24           -0.8974093   0.4087196  -2.1957 0.0281163 *  
agecat25-34           -0.5448060   0.3896789  -1.3981 0.1620862    
agecat35-44           -0.2204464   0.3690995  -0.5973 0.5503375    
agecat45-54           -0.6878781   0.4266240  -1.6124 0.1068802    
agecat55-64           -0.8903429   0.5402559  -1.6480 0.0993522 .  
agecat65-74           -0.8695713   1.0379522  -0.8378 0.4021565    
agecat75+            -13.2362594   0.6715560 -19.7098 < 2.2e-16 ***
agecatMissing        -13.0782888   0.7421838 -17.6214 < 2.2e-16 ***
female                 0.0205387   0.1707984   0.1203 0.9042842    
racewhiteYes          -0.1020453   0.2433388  -0.4194 0.6749567    
racewhiteMissing      -1.1478073   0.9441859  -1.2157 0.2241152    
gichronYes             0.6647302   0.4974225   1.3363 0.1814351    
anim_anyYes            0.2982948   0.2071357   1.4401 0.1498408    
gicontactbaseYes       0.2322276   0.3897342   0.5959 0.5512677    
gicontactbaseMissing  -0.0057329   0.9769858  -0.0059 0.9953181    
rawfood               -0.0321662   0.2220186  -0.1449 0.8848052    
---
Signif. codes:  0 ‘***’ 0.001 ‘**’ 0.01 ‘*’ 0.05 ‘.’ 0.1 ‘ ’ 1

> 
> avfit10.fpc1602.gw.1.head = mpreg(gici10~fpc1602.pres+agecat+female+racewhite+gichron+anim_any+gicontactbase+rawfood,
+     vcv=T,dat=avalon[avalon$groundwater=="Above median flow",])

Call:
glm(formula = formula, family = poisson(link = "log"), data = dat)

Deviance Residuals: 
    Min       1Q   Median       3Q      Max  
-0.9660  -0.3918  -0.3173  -0.3047   2.1991  

Coefficients:
                       Estimate Std. Error z value Pr(>|z|)    
(Intercept)            -1.86661    0.35203  -5.302 1.14e-07 ***
fpc1602.pres1           0.62224    0.35435   1.756 0.079090 .  
agecat5-14             -1.43652    0.32107  -4.474 7.67e-06 ***
agecat15-24            -1.47534    0.40152  -3.674 0.000238 ***
agecat25-34            -1.05068    0.37703  -2.787 0.005324 ** 
agecat35-44            -1.29031    0.37805  -3.413 0.000642 ***
agecat45-54            -1.42490    0.40950  -3.480 0.000502 ***
agecat55-64            -1.86783    0.64883  -2.879 0.003992 ** 
agecat65-74           -15.89932  891.88712  -0.018 0.985777    
agecat75+             -15.78277 1516.26336  -0.010 0.991695    
agecatMissing         -15.72896 2451.68484  -0.006 0.994881    
female                  0.04201    0.20168   0.208 0.834990    
racewhiteYes            0.27213    0.25786   1.055 0.291259    
racewhiteMissing       -0.42772    1.03035  -0.415 0.678056    
gichronYes              1.29562    0.41341   3.134 0.001725 ** 
anim_anyYes             0.03615    0.24586   0.147 0.883100    
gicontactbaseYes        0.55284    0.32573   1.697 0.089652 .  
gicontactbaseMissing  -14.56974  833.32046  -0.017 0.986051    
rawfood                 0.54521    0.23568   2.313 0.020701 *  
---
Signif. codes:  0 ‘***’ 0.001 ‘**’ 0.01 ‘*’ 0.05 ‘.’ 0.1 ‘ ’ 1

(Dispersion parameter for poisson family taken to be 1)

    Null deviance: 524.50  on 1376  degrees of freedom
Residual deviance: 483.64  on 1358  degrees of freedom
AIC: 721.64

Number of Fisher Scoring iterations: 15



Robust, Sandwich Standard Errors Account for Clustering:

z test of coefficients:

                       Estimate Std. Error  z value  Pr(>|z|)    
(Intercept)           -1.866606   0.322241  -5.7926 6.931e-09 ***
fpc1602.pres1          0.622237   0.398632   1.5609 0.1185395    
agecat5-14            -1.436524   0.290043  -4.9528 7.316e-07 ***
agecat15-24           -1.475337   0.395545  -3.7299 0.0001916 ***
agecat25-34           -1.050684   0.335005  -3.1363 0.0017108 ** 
agecat35-44           -1.290311   0.344500  -3.7455 0.0001801 ***
agecat45-54           -1.424901   0.407386  -3.4977 0.0004693 ***
agecat55-64           -1.867829   0.604251  -3.0911 0.0019939 ** 
agecat65-74          -15.899324   0.539329 -29.4798 < 2.2e-16 ***
agecat75+            -15.782767   0.534439 -29.5315 < 2.2e-16 ***
agecatMissing        -15.728960   0.763009 -20.6144 < 2.2e-16 ***
female                 0.042012   0.195396   0.2150 0.8297612    
racewhiteYes           0.272131   0.263501   1.0328 0.3017204    
racewhiteMissing      -0.427715   0.907408  -0.4714 0.6373844    
gichronYes             1.295621   0.393773   3.2903 0.0010009 ** 
anim_anyYes            0.036152   0.270833   0.1335 0.8938108    
gicontactbaseYes       0.552838   0.370490   1.4922 0.1356522    
gicontactbaseMissing -14.569740   0.492746 -29.5685 < 2.2e-16 ***
rawfood                0.545212   0.238861   2.2826 0.0224566 *  
---
Signif. codes:  0 ‘***’ 0.001 ‘**’ 0.01 ‘*’ 0.05 ‘.’ 0.1 ‘ ’ 1

> avfit10.fpc1602.gw.0.head = mpreg(gici10~fpc1602.pres+agecat+female+racewhite+gichron+anim_any+gicontactbase+rawfood,
+     vcv=T,dat=avalon[avalon$groundwater=="Below median flow",])

Call:
glm(formula = formula, family = poisson(link = "log"), data = dat)

Deviance Residuals: 
    Min       1Q   Median       3Q      Max  
-0.8055  -0.4107  -0.3695  -0.3422   2.2735  

Coefficients:
                      Estimate Std. Error z value Pr(>|z|)    
(Intercept)           -1.95986    0.38067  -5.148 2.63e-07 ***
fpc1602.pres1         -0.52838    0.58667  -0.901   0.3678    
agecat5-14            -0.70651    0.35490  -1.991   0.0465 *  
agecat15-24           -0.89280    0.43236  -2.065   0.0389 *  
agecat25-34           -0.52781    0.42724  -1.235   0.2167    
agecat35-44           -0.22507    0.38471  -0.585   0.5585    
agecat45-54           -0.68001    0.41819  -1.626   0.1039    
agecat55-64           -0.88568    0.55229  -1.604   0.1088    
agecat65-74           -0.87291    1.05233  -0.829   0.4068    
agecat75+            -13.24136  735.74402  -0.018   0.9856    
agecatMissing        -13.12643  694.64246  -0.019   0.9849    
female                 0.01492    0.18542   0.080   0.9359    
racewhiteYes          -0.09341    0.21082  -0.443   0.6577    
racewhiteMissing      -1.13403    1.01825  -1.114   0.2654    
gichronYes             0.67267    0.51625   1.303   0.1926    
anim_anyYes            0.28313    0.20154   1.405   0.1601    
gicontactbaseYes       0.22970    0.36789   0.624   0.5324    
gicontactbaseMissing  -0.04515    1.01120  -0.045   0.9644    
rawfood               -0.03279    0.23130  -0.142   0.8873    
---
Signif. codes:  0 ‘***’ 0.001 ‘**’ 0.01 ‘*’ 0.05 ‘.’ 0.1 ‘ ’ 1

(Dispersion parameter for poisson family taken to be 1)

    Null deviance: 607.21  on 1525  degrees of freedom
Residual deviance: 591.68  on 1507  degrees of freedom
AIC: 867.68

Number of Fisher Scoring iterations: 13



Robust, Sandwich Standard Errors Account for Clustering:

z test of coefficients:

                       Estimate Std. Error  z value  Pr(>|z|)    
(Intercept)           -1.959856   0.377893  -5.1863 2.145e-07 ***
fpc1602.pres1         -0.528381   0.584298  -0.9043   0.36584    
agecat5-14            -0.706510   0.330137  -2.1401   0.03235 *  
agecat15-24           -0.892800   0.406730  -2.1951   0.02816 *  
agecat25-34           -0.527810   0.387087  -1.3635   0.17271    
agecat35-44           -0.225074   0.370741  -0.6071   0.54379    
agecat45-54           -0.680007   0.423253  -1.6066   0.10814    
agecat55-64           -0.885675   0.543343  -1.6300   0.10309    
agecat65-74           -0.872905   1.042394  -0.8374   0.40237    
agecat75+            -13.241356   0.669537 -19.7769 < 2.2e-16 ***
agecatMissing        -13.126430   0.737278 -17.8039 < 2.2e-16 ***
female                 0.014921   0.170410   0.0876   0.93023    
racewhiteYes          -0.093406   0.236529  -0.3949   0.69291    
racewhiteMissing      -1.134034   0.931427  -1.2175   0.22341    
gichronYes             0.672673   0.494292   1.3609   0.17355    
anim_anyYes            0.283126   0.208211   1.3598   0.17389    
gicontactbaseYes       0.229701   0.387388   0.5929   0.55321    
gicontactbaseMissing  -0.045151   0.979631  -0.0461   0.96324    
rawfood               -0.032791   0.222438  -0.1474   0.88280    
---
Signif. codes:  0 ‘***’ 0.001 ‘**’ 0.01 ‘*’ 0.05 ‘.’ 0.1 ‘ ’ 1

> 
> dofit10.fmc1602.berm.1.head = mpreg(gici10~fmc1602.pres+agecat+female+racewhite+gichron+anim_any+gicontactbase+rawfood,
+     vcv=T,dat=doheny[doheny$berm=="Open",])

Call:
glm(formula = formula, family = poisson(link = "log"), data = dat)

Deviance Residuals: 
    Min       1Q   Median       3Q      Max  
-0.6477  -0.4098  -0.3937  -0.2250   2.3068  

Coefficients:
                       Estimate Std. Error z value Pr(>|z|)   
(Intercept)            -2.21911    0.71702  -3.095  0.00197 **
fmc1602.pres1           0.65732    0.60659   1.084  0.27853   
agecat5-14             -0.91554    0.44814  -2.043  0.04106 * 
agecat15-24            -0.80932    0.63050  -1.284  0.19928   
agecat25-34            -0.71111    0.70591  -1.007  0.31376   
agecat35-44            -0.76251    0.65725  -1.160  0.24599   
agecat45-54            -0.28678    0.66394  -0.432  0.66579   
agecat55-64           -16.19816 1285.04821  -0.013  0.98994   
agecat65-74           -15.47753 5717.53218  -0.003  0.99784   
female                 -0.01629    0.33284  -0.049  0.96097   
racewhiteYes           -0.06380    0.34339  -0.186  0.85260   
racewhiteMissing      -15.96278 3295.58430  -0.005  0.99614   
gichronYes              0.66940    1.03126   0.649  0.51627   
anim_anyYes            -1.19947    0.61014  -1.966  0.04931 * 
gicontactbaseYes        0.05268    1.03755   0.051  0.95950   
gicontactbaseMissing  -15.23116 1666.79595  -0.009  0.99271   
rawfood                -0.41991    0.53766  -0.781  0.43480   
---
Signif. codes:  0 ‘***’ 0.001 ‘**’ 0.01 ‘*’ 0.05 ‘.’ 0.1 ‘ ’ 1

(Dispersion parameter for poisson family taken to be 1)

    Null deviance: 216.26  on 572  degrees of freedom
Residual deviance: 198.89  on 556  degrees of freedom
AIC: 314.89

Number of Fisher Scoring iterations: 16



Robust, Sandwich Standard Errors Account for Clustering:

z test of coefficients:

                       Estimate Std. Error  z value Pr(>|z|)    
(Intercept)           -2.219109   0.906866  -2.4470  0.01440 *  
fmc1602.pres1          0.657322   0.778625   0.8442  0.39855    
agecat5-14            -0.915539   0.453831  -2.0174  0.04366 *  
agecat15-24           -0.809315   0.626112  -1.2926  0.19615    
agecat25-34           -0.711107   0.672081  -1.0581  0.29002    
agecat35-44           -0.762507   0.660432  -1.1546  0.24827    
agecat45-54           -0.286776   0.555637  -0.5161  0.60577    
agecat55-64          -16.198164   0.614895 -26.3430  < 2e-16 ***
agecat65-74          -15.477530   1.331256 -11.6263  < 2e-16 ***
female                -0.016289   0.345393  -0.0472  0.96238    
racewhiteYes          -0.063803   0.378527  -0.1686  0.86615    
racewhiteMissing     -15.962785   0.813996 -19.6104  < 2e-16 ***
gichronYes             0.669397   0.825450   0.8109  0.41740    
anim_anyYes           -1.199465   0.623871  -1.9226  0.05453 .  
gicontactbaseYes       0.052682   0.757165   0.0696  0.94453    
gicontactbaseMissing -15.231164   0.545009 -27.9466  < 2e-16 ***
rawfood               -0.419913   0.518546  -0.8098  0.41806    
---
Signif. codes:  0 ‘***’ 0.001 ‘**’ 0.01 ‘*’ 0.05 ‘.’ 0.1 ‘ ’ 1

> dofit10.fmc1602.berm.0.head = mpreg(gici10~fmc1602.pres+agecat+female+racewhite+gichron+anim_any+gicontactbase+rawfood,
+     vcv=T,dat=doheny[doheny$berm=="Closed",])

Call:
glm(formula = formula, family = poisson(link = "log"), data = dat)

Deviance Residuals: 
    Min       1Q   Median       3Q      Max  
-0.7064  -0.3806  -0.3327  -0.2979   2.1778  

Coefficients:
                      Estimate Std. Error z value Pr(>|z|)    
(Intercept)           -2.48768    0.31769  -7.831 4.86e-15 ***
fmc1602.pres1         -0.09070    0.18834  -0.482   0.6301    
agecat5-14            -0.62755    0.27398  -2.291   0.0220 *  
agecat15-24           -0.34753    0.31678  -1.097   0.2726    
agecat25-34           -0.41679    0.34437  -1.210   0.2262    
agecat35-44           -0.57480    0.32771  -1.754   0.0794 .  
agecat45-54           -0.93522    0.39419  -2.373   0.0177 *  
agecat55-64           -1.01637    0.56082  -1.812   0.0699 .  
agecat65-74            0.04034    1.03639   0.039   0.9690    
agecatMissing        -12.96129  423.04510  -0.031   0.9756    
female                 0.32153    0.15865   2.027   0.0427 *  
racewhiteYes           0.25904    0.18057   1.435   0.1514    
racewhiteMissing       0.37944    0.52364   0.725   0.4687    
gichronYes             0.75574    0.46500   1.625   0.1041    
anim_anyYes           -0.12281    0.19953  -0.615   0.5382    
gicontactbaseYes       0.39332    0.31538   1.247   0.2124    
gicontactbaseMissing   0.70466    0.45920   1.535   0.1249    
rawfood                0.02163    0.20780   0.104   0.9171    
---
Signif. codes:  0 ‘***’ 0.001 ‘**’ 0.01 ‘*’ 0.05 ‘.’ 0.1 ‘ ’ 1

(Dispersion parameter for poisson family taken to be 1)

    Null deviance: 907.50  on 2580  degrees of freedom
Residual deviance: 884.05  on 2563  degrees of freedom
AIC: 1250.1

Number of Fisher Scoring iterations: 13



Robust, Sandwich Standard Errors Account for Clustering:

z test of coefficients:

                       Estimate Std. Error  z value  Pr(>|z|)    
(Intercept)           -2.487679   0.310776  -8.0047 1.197e-15 ***
fmc1602.pres1         -0.090696   0.204154  -0.4443  0.656860    
agecat5-14            -0.627547   0.249653  -2.5137  0.011948 *  
agecat15-24           -0.347535   0.287445  -1.2090  0.226644    
agecat25-34           -0.416786   0.305786  -1.3630  0.172882    
agecat35-44           -0.574802   0.313970  -1.8308  0.067138 .  
agecat45-54           -0.935223   0.360263  -2.5959  0.009433 ** 
agecat55-64           -1.016372   0.542730  -1.8727  0.061109 .  
agecat65-74            0.040338   1.006943   0.0401  0.968045    
agecatMissing        -12.961287   0.472842 -27.4114 < 2.2e-16 ***
female                 0.321532   0.154009   2.0877  0.036820 *  
racewhiteYes           0.259042   0.202817   1.2772  0.201524    
racewhiteMissing       0.379444   0.582702   0.6512  0.514930    
gichronYes             0.755742   0.435990   1.7334  0.083026 .  
anim_anyYes           -0.122806   0.213400  -0.5755  0.564972    
gicontactbaseYes       0.393316   0.330160   1.1913  0.233540    
gicontactbaseMissing   0.704665   0.475952   1.4805  0.138730    
rawfood                0.021630   0.220659   0.0980  0.921911    
---
Signif. codes:  0 ‘***’ 0.001 ‘**’ 0.01 ‘*’ 0.05 ‘.’ 0.1 ‘ ’ 1

> 
> dofit10.fpc1601.berm.1.head = mpreg(gici10~fpc1601.pres+agecat+female+racewhite+gichron+anim_any+gicontactbase+rawfood,
+     vcv=T,dat=doheny[doheny$berm=="Open",])

Call:
glm(formula = formula, family = poisson(link = "log"), data = dat)

Deviance Residuals: 
    Min       1Q   Median       3Q      Max  
-0.6513  -0.4089  -0.3568  -0.2278   2.3209  

Coefficients:
                       Estimate Std. Error z value Pr(>|z|)    
(Intercept)            -2.06599    0.62499  -3.306 0.000948 ***
fpc1601.pres1           0.49768    0.48219   1.032 0.302012    
agecat5-14             -0.91479    0.44678  -2.048 0.040606 *  
agecat15-24            -0.83421    0.63026  -1.324 0.185636    
agecat25-34            -0.65275    0.70750  -0.923 0.356210    
agecat35-44            -0.65635    0.66005  -0.994 0.320035    
agecat45-54            -0.22050    0.66520  -0.331 0.740283    
agecat55-64           -16.05500 1260.50258  -0.013 0.989838    
agecat65-74           -15.46906 5717.53218  -0.003 0.997841    
female                  0.01772    0.33338   0.053 0.957610    
racewhiteYes           -0.07905    0.34268  -0.231 0.817564    
racewhiteMissing      -15.99794 3295.02243  -0.005 0.996126    
gichronYes              0.71127    1.03174   0.689 0.490576    
anim_anyYes            -1.18617    0.61049  -1.943 0.052019 .  
gicontactbaseYes        0.03459    1.03992   0.033 0.973464    
gicontactbaseMissing  -15.45279 1692.00094  -0.009 0.992713    
rawfood                -0.49727    0.53783  -0.925 0.355186    
---
Signif. codes:  0 ‘***’ 0.001 ‘**’ 0.01 ‘*’ 0.05 ‘.’ 0.1 ‘ ’ 1

(Dispersion parameter for poisson family taken to be 1)

    Null deviance: 216.26  on 572  degrees of freedom
Residual deviance: 199.09  on 556  degrees of freedom
AIC: 315.09

Number of Fisher Scoring iterations: 16



Robust, Sandwich Standard Errors Account for Clustering:

z test of coefficients:

                       Estimate Std. Error  z value  Pr(>|z|)    
(Intercept)           -2.065994   0.752214  -2.7465  0.006023 ** 
fpc1601.pres1          0.497684   0.669575   0.7433  0.457310    
agecat5-14            -0.914792   0.445706  -2.0525  0.040125 *  
agecat15-24           -0.834207   0.622324  -1.3405  0.180093    
agecat25-34           -0.652748   0.685660  -0.9520  0.341097    
agecat35-44           -0.656345   0.676550  -0.9701  0.331979    
agecat45-54           -0.220498   0.556205  -0.3964  0.691785    
agecat55-64          -16.055002   0.599661 -26.7735 < 2.2e-16 ***
agecat65-74          -15.469056   1.335073 -11.5867 < 2.2e-16 ***
female                 0.017720   0.351773   0.0504  0.959825    
racewhiteYes          -0.079050   0.378958  -0.2086  0.834762    
racewhiteMissing     -15.997938   0.821945 -19.4635 < 2.2e-16 ***
gichronYes             0.711271   0.798171   0.8911  0.372862    
anim_anyYes           -1.186169   0.605493  -1.9590  0.050111 .  
gicontactbaseYes       0.034592   0.756790   0.0457  0.963542    
gicontactbaseMissing -15.452795   0.514919 -30.0101 < 2.2e-16 ***
rawfood               -0.497266   0.501783  -0.9910  0.321686    
---
Signif. codes:  0 ‘***’ 0.001 ‘**’ 0.01 ‘*’ 0.05 ‘.’ 0.1 ‘ ’ 1

Warning message:
glm.fit: fitted rates numerically 0 occurred 
> dofit10.fpc1601.berm.0.head = mpreg(gici10~fpc1601.pres+agecat+female+racewhite+gichron+anim_any+gicontactbase+rawfood,
+     vcv=T,dat=doheny[doheny$berm=="Closed",])

Call:
glm(formula = formula, family = poisson(link = "log"), data = dat)

Deviance Residuals: 
    Min       1Q   Median       3Q      Max  
-0.7034  -0.3815  -0.3334  -0.3005   2.1862  

Coefficients:
                      Estimate Std. Error z value Pr(>|z|)    
(Intercept)           -2.44045    0.34089  -7.159 8.12e-13 ***
fpc1601.pres1         -0.14376    0.23617  -0.609   0.5427    
agecat5-14            -0.62223    0.27443  -2.267   0.0234 *  
agecat15-24           -0.33817    0.31777  -1.064   0.2872    
agecat25-34           -0.41353    0.34456  -1.200   0.2301    
agecat35-44           -0.56879    0.32815  -1.733   0.0830 .  
agecat45-54           -0.93370    0.39412  -2.369   0.0178 *  
agecat55-64           -1.00107    0.56138  -1.783   0.0745 .  
agecat65-74            0.02334    1.03724   0.023   0.9820    
agecatMissing        -12.98116  422.94271  -0.031   0.9755    
female                 0.32291    0.15858   2.036   0.0417 *  
racewhiteYes           0.26301    0.18055   1.457   0.1452    
racewhiteMissing       0.38593    0.52344   0.737   0.4609    
gichronYes             0.75013    0.46499   1.613   0.1067    
anim_anyYes           -0.12171    0.19953  -0.610   0.5419    
gicontactbaseYes       0.38648    0.31556   1.225   0.2207    
gicontactbaseMissing   0.70242    0.45834   1.533   0.1254    
rawfood                0.02173    0.20784   0.105   0.9167    
---
Signif. codes:  0 ‘***’ 0.001 ‘**’ 0.01 ‘*’ 0.05 ‘.’ 0.1 ‘ ’ 1

(Dispersion parameter for poisson family taken to be 1)

    Null deviance: 907.50  on 2580  degrees of freedom
Residual deviance: 883.92  on 2563  degrees of freedom
AIC: 1249.9

Number of Fisher Scoring iterations: 13



Robust, Sandwich Standard Errors Account for Clustering:

z test of coefficients:

                       Estimate Std. Error  z value  Pr(>|z|)    
(Intercept)           -2.440455   0.348694  -6.9988 2.581e-12 ***
fpc1601.pres1         -0.143762   0.264722  -0.5431  0.587084    
agecat5-14            -0.622233   0.247753  -2.5115  0.012022 *  
agecat15-24           -0.338171   0.285202  -1.1857  0.235730    
agecat25-34           -0.413532   0.304022  -1.3602  0.173765    
agecat35-44           -0.568795   0.313176  -1.8162  0.069338 .  
agecat45-54           -0.933704   0.358146  -2.6070  0.009133 ** 
agecat55-64           -1.001074   0.540511  -1.8521  0.064013 .  
agecat65-74            0.023340   1.013359   0.0230  0.981624    
agecatMissing        -12.981162   0.469725 -27.6357 < 2.2e-16 ***
female                 0.322910   0.154061   2.0960  0.036083 *  
racewhiteYes           0.263006   0.202248   1.3004  0.193458    
racewhiteMissing       0.385932   0.582689   0.6623  0.507760    
gichronYes             0.750129   0.436491   1.7185  0.085697 .  
anim_anyYes           -0.121713   0.213566  -0.5699  0.568740    
gicontactbaseYes       0.386478   0.325885   1.1859  0.235648    
gicontactbaseMissing   0.702419   0.475655   1.4767  0.139745    
rawfood                0.021727   0.220481   0.0985  0.921501    
---
Signif. codes:  0 ‘***’ 0.001 ‘**’ 0.01 ‘*’ 0.05 ‘.’ 0.1 ‘ ’ 1

> 
> dofit10.fpc1602.berm.1.head = mpreg(gici10~fpc1602.pres+agecat+female+racewhite+gichron+anim_any+gicontactbase+rawfood,
+     vcv=T,dat=doheny[doheny$berm=="Open",])

Call:
glm(formula = formula, family = poisson(link = "log"), data = dat)

Deviance Residuals: 
    Min       1Q   Median       3Q      Max  
-0.8240  -0.3933  -0.3692  -0.2202   2.3550  

Coefficients:
                       Estimate Std. Error z value Pr(>|z|)    
(Intercept)            -1.66301    0.44640  -3.725 0.000195 ***
fpc1602.pres1           0.65811    0.49532   1.329 0.183962    
agecat5-14             -0.92197    0.44709  -2.062 0.039195 *  
agecat15-24            -0.82487    0.62958  -1.310 0.190133    
agecat25-34            -0.74652    0.71153  -1.049 0.294099    
agecat35-44            -0.74500    0.65735  -1.133 0.257071    
agecat45-54            -0.36046    0.67150  -0.537 0.591410    
agecat55-64           -16.27771 1228.99618  -0.013 0.989433    
agecat65-74           -16.03615 5717.53220  -0.003 0.997762    
female                  0.02553    0.33442   0.076 0.939158    
racewhiteYes           -0.10104    0.34072  -0.297 0.766804    
racewhiteMissing      -16.05347 3190.49015  -0.005 0.995985    
gichronYes              0.65716    1.03721   0.634 0.526351    
anim_anyYes            -1.16049    0.61592  -1.884 0.059543 .  
gicontactbaseYes        0.04239    1.04706   0.040 0.967707    
gicontactbaseMissing  -15.33111 1706.93125  -0.009 0.992834    
rawfood                -0.50287    0.53852  -0.934 0.350410    
---
Signif. codes:  0 ‘***’ 0.001 ‘**’ 0.01 ‘*’ 0.05 ‘.’ 0.1 ‘ ’ 1

(Dispersion parameter for poisson family taken to be 1)

    Null deviance: 216.26  on 572  degrees of freedom
Residual deviance: 198.77  on 556  degrees of freedom
AIC: 314.77

Number of Fisher Scoring iterations: 16



Robust, Sandwich Standard Errors Account for Clustering:

z test of coefficients:

                       Estimate Std. Error  z value  Pr(>|z|)    
(Intercept)           -1.663005   0.440632  -3.7741 0.0001606 ***
fpc1602.pres1          0.658107   0.545758   1.2059 0.2278717    
agecat5-14            -0.921966   0.451610  -2.0415 0.0412002 *  
agecat15-24           -0.824871   0.622705  -1.3247 0.1852845    
agecat25-34           -0.746516   0.684373  -1.0908 0.2753597    
agecat35-44           -0.745001   0.659813  -1.1291 0.2588514    
agecat45-54           -0.360458   0.564634  -0.6384 0.5232187    
agecat55-64          -16.277709   0.606489 -26.8392 < 2.2e-16 ***
agecat65-74          -16.036151   1.418744 -11.3031 < 2.2e-16 ***
female                 0.025526   0.352101   0.0725 0.9422074    
racewhiteYes          -0.101044   0.380286  -0.2657 0.7904670    
racewhiteMissing     -16.053470   0.878888 -18.2657 < 2.2e-16 ***
gichronYes             0.657160   0.931828   0.7052 0.4806623    
anim_anyYes           -1.160492   0.621511  -1.8672 0.0618720 .  
gicontactbaseYes       0.042389   0.831222   0.0510 0.9593286    
gicontactbaseMissing -15.331107   0.524329 -29.2395 < 2.2e-16 ***
rawfood               -0.502865   0.485301  -1.0362 0.3001118    
---
Signif. codes:  0 ‘***’ 0.001 ‘**’ 0.01 ‘*’ 0.05 ‘.’ 0.1 ‘ ’ 1

Warning message:
glm.fit: fitted rates numerically 0 occurred 
> dofit10.fpc1602.berm.0.head = mpreg(gici10~fpc1602.pres+agecat+female+racewhite+gichron+anim_any+gicontactbase+rawfood,
+     vcv=T,dat=doheny[doheny$berm=="Closed",])

Call:
glm(formula = formula, family = poisson(link = "log"), data = dat)

Deviance Residuals: 
    Min       1Q   Median       3Q      Max  
-0.7129  -0.3858  -0.3320  -0.2958   2.1734  

Coefficients:
                      Estimate Std. Error z value Pr(>|z|)    
(Intercept)           -2.54837    0.28868  -8.828   <2e-16 ***
fpc1602.pres1         -0.09887    0.30179  -0.328   0.7432    
agecat5-14            -0.63557    0.27331  -2.325   0.0201 *  
agecat15-24           -0.35107    0.31670  -1.109   0.2676    
agecat25-34           -0.42465    0.34415  -1.234   0.2172    
agecat35-44           -0.58118    0.32747  -1.775   0.0759 .  
agecat45-54           -0.94125    0.39380  -2.390   0.0168 *  
agecat55-64           -1.01044    0.56103  -1.801   0.0717 .  
agecat65-74            0.04032    1.03596   0.039   0.9690    
agecatMissing        -12.98419  423.14758  -0.031   0.9755    
female                 0.32357    0.15861   2.040   0.0413 *  
racewhiteYes           0.26239    0.18063   1.453   0.1463    
racewhiteMissing       0.38793    0.52346   0.741   0.4586    
gichronYes             0.74586    0.46531   1.603   0.1089    
anim_anyYes           -0.12186    0.19959  -0.611   0.5415    
gicontactbaseYes       0.39318    0.31554   1.246   0.2127    
gicontactbaseMissing   0.67835    0.45795   1.481   0.1385    
rawfood                0.02320    0.20824   0.111   0.9113    
---
Signif. codes:  0 ‘***’ 0.001 ‘**’ 0.01 ‘*’ 0.05 ‘.’ 0.1 ‘ ’ 1

(Dispersion parameter for poisson family taken to be 1)

    Null deviance: 907.50  on 2580  degrees of freedom
Residual deviance: 884.17  on 2563  degrees of freedom
AIC: 1250.2

Number of Fisher Scoring iterations: 13



Robust, Sandwich Standard Errors Account for Clustering:

z test of coefficients:

                       Estimate Std. Error  z value Pr(>|z|)    
(Intercept)           -2.548372   0.276303  -9.2231  < 2e-16 ***
fpc1602.pres1         -0.098872   0.292265  -0.3383  0.73514    
agecat5-14            -0.635566   0.249135  -2.5511  0.01074 *  
agecat15-24           -0.351073   0.288548  -1.2167  0.22372    
agecat25-34           -0.424649   0.306759  -1.3843  0.16626    
agecat35-44           -0.581185   0.314594  -1.8474  0.06469 .  
agecat45-54           -0.941246   0.360346  -2.6121  0.00900 ** 
agecat55-64           -1.010442   0.542118  -1.8639  0.06234 .  
agecat65-74            0.040318   0.998343   0.0404  0.96779    
agecatMissing        -12.984187   0.474392 -27.3701  < 2e-16 ***
female                 0.323572   0.154502   2.0943  0.03623 *  
racewhiteYes           0.262395   0.202939   1.2930  0.19602    
racewhiteMissing       0.387927   0.581899   0.6667  0.50499    
gichronYes             0.745859   0.434791   1.7154  0.08626 .  
anim_anyYes           -0.121856   0.214125  -0.5691  0.56930    
gicontactbaseYes       0.393176   0.332342   1.1830  0.23679    
gicontactbaseMissing   0.678345   0.475071   1.4279  0.15333    
rawfood                0.023199   0.221617   0.1047  0.91663    
---
Signif. codes:  0 ‘***’ 0.001 ‘**’ 0.01 ‘*’ 0.05 ‘.’ 0.1 ‘ ’ 1

> 
> mafit10.fpc1601.berm.1.head = mpreg(gici10~fpc1601.pres+agecat+female+racewhite+gichron+anim_any+gicontactbase+rawfood,
+     vcv=T,dat=malibu[malibu$berm=="Open",])

Call:
glm(formula = formula, family = poisson(link = "log"), data = dat)

Deviance Residuals: 
    Min       1Q   Median       3Q      Max  
-1.1039  -0.3839  -0.3172  -0.2222   2.2379  

Coefficients:
                   Estimate Std. Error z value Pr(>|z|)   
(Intercept)        -2.02058    0.84453  -2.393  0.01673 * 
fpc1601.pres1       0.09389    0.62700   0.150  0.88097   
agecat5-14         -1.13423    0.62121  -1.826  0.06788 . 
agecat15-24        -0.92834    0.69382  -1.338  0.18089   
agecat25-34        -2.12389    0.92940  -2.285  0.02230 * 
agecat35-44        -0.72029    0.70037  -1.028  0.30375   
agecat45-54        -0.36743    0.78584  -0.468  0.64010   
agecat55-64       -16.44995 1676.80218  -0.010  0.99217   
agecat65-74       -16.28649 3301.01877  -0.005  0.99606   
female              0.25066    0.40856   0.614  0.53953   
racewhiteYes       -0.08940    0.40610  -0.220  0.82576   
racewhiteMissing  -15.60023 1627.41562  -0.010  0.99235   
gichronYes          1.98793    0.66118   3.007  0.00264 **
anim_anyYes         0.66686    0.43151   1.545  0.12225   
gicontactbaseYes    0.70763    0.80328   0.881  0.37836   
rawfood            -0.13451    0.50915  -0.264  0.79165   
---
Signif. codes:  0 ‘***’ 0.001 ‘**’ 0.01 ‘*’ 0.05 ‘.’ 0.1 ‘ ’ 1

(Dispersion parameter for poisson family taken to be 1)

    Null deviance: 147.64  on 390  degrees of freedom
Residual deviance: 127.94  on 375  degrees of freedom
AIC: 215.94

Number of Fisher Scoring iterations: 16



Robust, Sandwich Standard Errors Account for Clustering:

z test of coefficients:

                   Estimate Std. Error  z value  Pr(>|z|)    
(Intercept)       -2.020576   0.893501  -2.2614 0.0237336 *  
fpc1601.pres1      0.093886   0.656581   0.1430 0.8862961    
agecat5-14        -1.134226   0.585645  -1.9367 0.0527805 .  
agecat15-24       -0.928342   0.641408  -1.4474 0.1477986    
agecat25-34       -2.123894   0.784038  -2.7089 0.0067504 ** 
agecat35-44       -0.720285   0.639405  -1.1265 0.2599569    
agecat45-54       -0.367431   0.784402  -0.4684 0.6394826    
agecat55-64      -16.449947   0.564074 -29.1628 < 2.2e-16 ***
agecat65-74      -16.286493   0.797639 -20.4184 < 2.2e-16 ***
female             0.250659   0.444483   0.5639 0.5727988    
racewhiteYes      -0.089402   0.414687  -0.2156 0.8293076    
racewhiteMissing -15.600229   0.714005 -21.8489 < 2.2e-16 ***
gichronYes         1.987934   0.577247   3.4438 0.0005736 ***
anim_anyYes        0.666864   0.421475   1.5822 0.1136007    
gicontactbaseYes   0.707634   0.774970   0.9131 0.3611839    
rawfood           -0.134506   0.582885  -0.2308 0.8175023    
---
Signif. codes:  0 ‘***’ 0.001 ‘**’ 0.01 ‘*’ 0.05 ‘.’ 0.1 ‘ ’ 1

> mafit10.fpc1601.berm.0.head = mpreg(gici10~fpc1601.pres+agecat+female+racewhite+gichron+anim_any+gicontactbase+rawfood,
+     vcv=T,dat=malibu[!is.na(malibu$fpc1601.pres) & malibu$berm=="Closed",])

Call:
glm(formula = formula, family = poisson(link = "log"), data = dat)

Deviance Residuals: 
    Min       1Q   Median       3Q      Max  
-0.9877  -0.4374  -0.3523  -0.2811   2.4478  

Coefficients:
                   Estimate Std. Error z value Pr(>|z|)    
(Intercept)        -2.22941    0.39382  -5.661 1.51e-08 ***
fpc1601.pres1      -0.61229    0.23045  -2.657  0.00788 ** 
agecat5-14         -0.13037    0.39671  -0.329  0.74244    
agecat15-24        -0.40262    0.45380  -0.887  0.37496    
agecat25-34        -0.03610    0.43119  -0.084  0.93328    
agecat35-44        -0.31017    0.43831  -0.708  0.47916    
agecat45-54        -0.67892    0.50885  -1.334  0.18213    
agecat55-64        -1.10628    0.79916  -1.384  0.16626    
agecat65-74       -15.21519  954.38488  -0.016  0.98728    
agecat75+         -14.99073 1790.05728  -0.008  0.99332    
female              0.01934    0.20897   0.093  0.92626    
racewhiteYes        0.19267    0.22042   0.874  0.38208    
racewhiteMissing   -1.61743    1.01687  -1.591  0.11170    
gichronYes          1.12011    0.52450   2.136  0.03271 *  
anim_anyYes        -0.45105    0.29347  -1.537  0.12430    
gicontactbaseYes    0.52167    0.39770   1.312  0.18962    
rawfood             0.09645    0.24895   0.387  0.69845    
---
Signif. codes:  0 ‘***’ 0.001 ‘**’ 0.01 ‘*’ 0.05 ‘.’ 0.1 ‘ ’ 1

(Dispersion parameter for poisson family taken to be 1)

    Null deviance: 512.92  on 1341  degrees of freedom
Residual deviance: 483.19  on 1325  degrees of freedom
AIC: 713.19

Number of Fisher Scoring iterations: 15



Robust, Sandwich Standard Errors Account for Clustering:

z test of coefficients:

                   Estimate Std. Error  z value  Pr(>|z|)    
(Intercept)       -2.229406   0.386861  -5.7628 8.273e-09 ***
fpc1601.pres1     -0.612287   0.237393  -2.5792  0.009903 ** 
agecat5-14        -0.130368   0.363081  -0.3591  0.719550    
agecat15-24       -0.402625   0.430418  -0.9354  0.349568    
agecat25-34       -0.036098   0.389762  -0.0926  0.926208    
agecat35-44       -0.310171   0.400602  -0.7743  0.438775    
agecat45-54       -0.678916   0.490329  -1.3846  0.166170    
agecat55-64       -1.106278   0.772938  -1.4313  0.152355    
agecat65-74      -15.215185   0.499518 -30.4597 < 2.2e-16 ***
agecat75+        -14.990727   0.893366 -16.7801 < 2.2e-16 ***
female             0.019342   0.203589   0.0950  0.924311    
racewhiteYes       0.192666   0.245419   0.7850  0.432424    
racewhiteMissing  -1.617434   0.982703  -1.6459  0.099784 .  
gichronYes         1.120111   0.473940   2.3634  0.018108 *  
anim_anyYes       -0.451049   0.283899  -1.5888  0.112113    
gicontactbaseYes   0.521672   0.365769   1.4262  0.153801    
rawfood            0.096447   0.259055   0.3723  0.709666    
---
Signif. codes:  0 ‘***’ 0.001 ‘**’ 0.01 ‘*’ 0.05 ‘.’ 0.1 ‘ ’ 1

> 
> # --------------------------------------
> # Pooled estimates
> # (can't use the mpreg fn because we 
> # need the actual glm returned object 
> # for the LR tests)
> 
> # 3-day GI illness
> 
> # all beaches ----------------
> # fmc 1601
> all.fit10.fmc1601head <- glm(gici10~fmc1601.pres+agecat+female+racewhite+gichron+anim_any+gicontactbase+
+     rawfood+beach,family=poisson(link="log"),data=all[!is.na(all$fmc1601.pres) ,])
> 
> all.VC10.fmc1601head <- cl(all[!is.na(all$fmc1601.pres) ],fm=all.fit10.fmc1601head,
+   cluster=all$hhid[!is.na(all$fmc1601.pres) ])
> overall.fit10.fmc1601head <- coeftest(all.fit10.fmc1601head, all.VC10.fmc1601head)
> summary(all.fit10.fmc1601head)

Call:
glm(formula = gici10 ~ fmc1601.pres + agecat + female + racewhite + 
    gichron + anim_any + gicontactbase + rawfood + beach, family = poisson(link = "log"), 
    data = all[!is.na(all$fmc1601.pres), ])

Deviance Residuals: 
    Min       1Q   Median       3Q      Max  
-0.8371  -0.4004  -0.3464  -0.0831   3.3469  

Coefficients:
                      Estimate Std. Error z value Pr(>|z|)    
(Intercept)           -2.38518    0.25278  -9.436  < 2e-16 ***
fmc1601.pres1          0.08862    0.14789   0.599  0.54904    
agecat5-14            -0.43998    0.16407  -2.682  0.00732 ** 
agecat15-24           -0.64498    0.23682  -2.723  0.00646 ** 
agecat25-34           -0.33918    0.21593  -1.571  0.11624    
agecat35-44           -0.39061    0.21644  -1.805  0.07112 .  
agecat45-54           -0.17222    0.23951  -0.719  0.47211    
agecat55-64           -1.02187    0.52423  -1.949  0.05126 .  
agecat65-74          -14.05024  410.41297  -0.034  0.97269    
agecat75+            -14.13358  854.75359  -0.017  0.98681    
agecatMissing         -1.28893    0.72137  -1.787  0.07397 .  
female                -0.20111    0.11174  -1.800  0.07190 .  
racewhiteYes           0.34248    0.13897   2.464  0.01372 *  
racewhiteMissing      -3.60881    0.71130  -5.074 3.91e-07 ***
gichronYes             0.79849    0.36222   2.204  0.02749 *  
anim_anyYes            0.22484    0.12884   1.745  0.08096 .  
gicontactbaseYes       0.46745    0.25156   1.858  0.06314 .  
gicontactbaseMissing  -0.34463    0.41347  -0.833  0.40456    
rawfood               -0.25891    0.13142  -1.970  0.04883 *  
beachDoheny           -0.35510    0.18100  -1.962  0.04977 *  
beachMission Bay       0.21300    0.16183   1.316  0.18812    
---
Signif. codes:  0 ‘***’ 0.001 ‘**’ 0.01 ‘*’ 0.05 ‘.’ 0.1 ‘ ’ 1

(Dispersion parameter for poisson family taken to be 1)

    Null deviance: 1853.5  on 5412  degrees of freedom
Residual deviance: 1681.4  on 5392  degrees of freedom
AIC: 2387.4

Number of Fisher Scoring iterations: 14

> overall.fit10.fmc1601head

z test of coefficients:

                       Estimate Std. Error  z value  Pr(>|z|)    
(Intercept)           -2.385185   0.272855  -8.7416 < 2.2e-16 ***
fmc1601.pres1          0.088618   0.160910   0.5507  0.581818    
agecat5-14            -0.439979   0.161955  -2.7167  0.006594 ** 
agecat15-24           -0.644983   0.243541  -2.6484  0.008088 ** 
agecat25-34           -0.339181   0.196560  -1.7256  0.084423 .  
agecat35-44           -0.390607   0.211796  -1.8443  0.065145 .  
agecat45-54           -0.172218   0.250484  -0.6875  0.491741    
agecat55-64           -1.021869   0.523697  -1.9513  0.051026 .  
agecat65-74          -14.050237   0.289563 -48.5222 < 2.2e-16 ***
agecat75+            -14.133578   0.441129 -32.0396 < 2.2e-16 ***
agecatMissing         -1.288926   0.690905  -1.8656  0.062103 .  
female                -0.201109   0.109727  -1.8328  0.066830 .  
racewhiteYes           0.342484   0.155373   2.2043  0.027505 *  
racewhiteMissing      -3.608811   0.717751  -5.0279 4.958e-07 ***
gichronYes             0.798486   0.356817   2.2378  0.025234 *  
anim_anyYes            0.224842   0.139230   1.6149  0.106335    
gicontactbaseYes       0.467446   0.255549   1.8292  0.067372 .  
gicontactbaseMissing  -0.344625   0.389663  -0.8844  0.376470    
rawfood               -0.258907   0.139129  -1.8609  0.062756 .  
beachDoheny           -0.355099   0.197816  -1.7951  0.072639 .  
beachMission Bay       0.212998   0.186025   1.1450  0.252210    
---
Signif. codes:  0 ‘***’ 0.001 ‘**’ 0.01 ‘*’ 0.05 ‘.’ 0.1 ‘ ’ 1

> 
> # fmc 1602
> all.fit10.fmc1602head <- glm(gici10~fmc1602.pres+agecat+female+racewhite+gichron+anim_any+gicontactbase+
+     rawfood+beach,family=poisson(link="log"),data=all[!is.na(all$fmc1602.pres) ,])
> 
> all.VC10.fmc1602head <- cl(all[!is.na(all$fmc1602.pres) ,],fm=all.fit10.fmc1602head,
+   cluster=all$hhid[!is.na(all$fmc1602.pres) ])
> overall.fit10.fmc1602head <- coeftest(all.fit10.fmc1602head, all.VC10.fmc1602head)
> summary(all.fit10.fmc1602head)

Call:
glm(formula = gici10 ~ fmc1602.pres + agecat + female + racewhite + 
    gichron + anim_any + gicontactbase + rawfood + beach, family = poisson(link = "log"), 
    data = all[!is.na(all$fmc1602.pres), ])

Deviance Residuals: 
    Min       1Q   Median       3Q      Max  
-0.7613  -0.3816  -0.3531  -0.3286   2.1936  

Coefficients:
                      Estimate Std. Error z value Pr(>|z|)    
(Intercept)           -2.08315    0.19633 -10.610  < 2e-16 ***
fmc1602.pres1          0.08984    0.10997   0.817 0.413952    
agecat5-14            -0.88434    0.16425  -5.384 7.28e-08 ***
agecat15-24           -0.80545    0.20056  -4.016 5.92e-05 ***
agecat25-34           -0.61728    0.20526  -3.007 0.002636 ** 
agecat35-44           -0.65503    0.19342  -3.387 0.000708 ***
agecat45-54           -0.91268    0.21696  -4.207 2.59e-05 ***
agecat55-64           -1.24711    0.32586  -3.827 0.000130 ***
agecat65-74           -1.11948    0.72394  -1.546 0.122015    
agecat75+            -13.45475  450.52539  -0.030 0.976175    
agecatMissing        -13.36780  338.45828  -0.039 0.968495    
female                 0.14944    0.09855   1.516 0.129423    
racewhiteYes           0.10826    0.11286   0.959 0.337436    
racewhiteMissing      -0.24574    0.42011  -0.585 0.558587    
gichronYes             0.90173    0.25168   3.583 0.000340 ***
anim_anyYes           -0.01917    0.11849  -0.162 0.871478    
gicontactbaseYes       0.31649    0.18785   1.685 0.092026 .  
gicontactbaseMissing   0.14365    0.41286   0.348 0.727890    
rawfood                0.08351    0.12363   0.675 0.499358    
beachDoheny           -0.14955    0.10139  -1.475 0.140197    
---
Signif. codes:  0 ‘***’ 0.001 ‘**’ 0.01 ‘*’ 0.05 ‘.’ 0.1 ‘ ’ 1

(Dispersion parameter for poisson family taken to be 1)

    Null deviance: 2258.3  on 6056  degrees of freedom
Residual deviance: 2204.5  on 6037  degrees of freedom
AIC: 3094.5

Number of Fisher Scoring iterations: 13

> overall.fit10.fmc1602head

z test of coefficients:

                       Estimate Std. Error  z value  Pr(>|z|)    
(Intercept)           -2.083154   0.196004 -10.6281 < 2.2e-16 ***
fmc1602.pres1          0.089842   0.123126   0.7297 0.4655890    
agecat5-14            -0.884341   0.154386  -5.7281 1.016e-08 ***
agecat15-24           -0.805454   0.189784  -4.2440 2.195e-05 ***
agecat25-34           -0.617280   0.185779  -3.3227 0.0008917 ***
agecat35-44           -0.655033   0.185132  -3.5382 0.0004029 ***
agecat45-54           -0.912682   0.210464  -4.3365 1.448e-05 ***
agecat55-64           -1.247113   0.316954  -3.9347 8.331e-05 ***
agecat65-74           -1.119479   0.716081  -1.5633 0.1179726    
agecat75+            -13.454753   0.386681 -34.7954 < 2.2e-16 ***
agecatMissing        -13.367798   0.344134 -38.8448 < 2.2e-16 ***
female                 0.149437   0.095305   1.5680 0.1168866    
racewhiteYes           0.108259   0.125164   0.8649 0.3870731    
racewhiteMissing      -0.245737   0.446549  -0.5503 0.5821114    
gichronYes             0.901733   0.233872   3.8557 0.0001154 ***
anim_anyYes           -0.019169   0.125401  -0.1529 0.8785065    
gicontactbaseYes       0.316492   0.202671   1.5616 0.1183818    
gicontactbaseMissing   0.143648   0.449334   0.3197 0.7492035    
rawfood                0.083509   0.124520   0.6706 0.5024456    
beachDoheny           -0.149553   0.113125  -1.3220 0.1861638    
---
Signif. codes:  0 ‘***’ 0.001 ‘**’ 0.01 ‘*’ 0.05 ‘.’ 0.1 ‘ ’ 1

> 
> # fpc 1601
> all.fit10.fpc1601head <- glm(gici10~fpc1601.pres+agecat+female+racewhite+gichron+anim_any+gicontactbase+
+     rawfood+beach,family=poisson(link="log"),data=all[!is.na(all$fpc1601.pres) ,])
> 
> all.VC10.fpc1601head <- cl(all[!is.na(all$fpc1601.pres) ,],fm=all.fit10.fpc1601head,
+     cluster=all$hhid[!is.na(all$fpc1601.pres) ])
> overall.fit10.fpc1601head <- coeftest(all.fit10.fpc1601head, all.VC10.fpc1601head)
> summary(all.fit10.fpc1601head)

Call:
glm(formula = gici10 ~ fpc1601.pres + agecat + female + racewhite + 
    gichron + anim_any + gicontactbase + rawfood + beach, family = poisson(link = "log"), 
    data = all[!is.na(all$fpc1601.pres), ])

Deviance Residuals: 
    Min       1Q   Median       3Q      Max  
-0.8026  -0.3891  -0.3609  -0.3204   2.9978  

Coefficients:
                       Estimate Std. Error z value Pr(>|z|)    
(Intercept)           -2.118907   0.158696 -13.352  < 2e-16 ***
fpc1601.pres1         -0.145485   0.100029  -1.454 0.145827    
agecat5-14            -0.571125   0.113332  -5.039 4.67e-07 ***
agecat15-24           -0.589788   0.142170  -4.148 3.35e-05 ***
agecat25-34           -0.464366   0.141159  -3.290 0.001003 ** 
agecat35-44           -0.474332   0.138068  -3.435 0.000591 ***
agecat45-54           -0.618212   0.158829  -3.892 9.93e-05 ***
agecat55-64           -1.053668   0.264980  -3.976 7.00e-05 ***
agecat65-74           -1.526523   0.715428  -2.134 0.032866 *  
agecat75+            -12.270371 182.315198  -0.067 0.946340    
agecatMissing         -1.560011   0.714700  -2.183 0.029054 *  
female                -0.004935   0.070910  -0.070 0.944513    
racewhiteYes           0.181935   0.083672   2.174 0.029677 *  
racewhiteMissing      -2.500637   0.383562  -6.520 7.05e-11 ***
gichronYes             0.889850   0.194659   4.571 4.85e-06 ***
anim_anyYes            0.132880   0.082777   1.605 0.108435    
gicontactbaseYes       0.341178   0.144499   2.361 0.018220 *  
gicontactbaseMissing  -0.283701   0.336855  -0.842 0.399673    
rawfood               -0.019270   0.085120  -0.226 0.820903    
beachDoheny           -0.128944   0.098050  -1.315 0.188481    
beachFairhope          0.394471   0.199949   1.973 0.048512 *  
beachGoddard          -0.363161   0.177763  -2.043 0.041057 *  
beachMalibu           -0.038741   0.116750  -0.332 0.740018    
beachMission Bay      -0.036739   0.136668  -0.269 0.788068    
---
Signif. codes:  0 ‘***’ 0.001 ‘**’ 0.01 ‘*’ 0.05 ‘.’ 0.1 ‘ ’ 1

(Dispersion parameter for poisson family taken to be 1)

    Null deviance: 4448.0  on 12324  degrees of freedom
Residual deviance: 4241.3  on 12301  degrees of freedom
AIC: 5931.3

Number of Fisher Scoring iterations: 12

> overall.fit10.fpc1601head

z test of coefficients:

                        Estimate  Std. Error  z value  Pr(>|z|)    
(Intercept)           -2.1189068   0.1705246 -12.4258 < 2.2e-16 ***
fpc1601.pres1         -0.1454853   0.1087848  -1.3374 0.1811023    
agecat5-14            -0.5711250   0.1106173  -5.1631 2.429e-07 ***
agecat15-24           -0.5897877   0.1384019  -4.2614 2.031e-05 ***
agecat25-34           -0.4643656   0.1305409  -3.5572 0.0003748 ***
agecat35-44           -0.4743325   0.1327298  -3.5737 0.0003520 ***
agecat45-54           -0.6182116   0.1582334  -3.9070 9.346e-05 ***
agecat55-64           -1.0536679   0.2598421  -4.0550 5.013e-05 ***
agecat65-74           -1.5265233   0.7104840  -2.1486 0.0316687 *  
agecat75+            -12.2703709   0.2890459 -42.4513 < 2.2e-16 ***
agecatMissing         -1.5600112   0.6884622  -2.2659 0.0234553 *  
female                -0.0049352   0.0696886  -0.0708 0.9435421    
racewhiteYes           0.1819347   0.0949346   1.9164 0.0553116 .  
racewhiteMissing      -2.5006371   0.4408092  -5.6728 1.405e-08 ***
gichronYes             0.8898495   0.1826016   4.8732 1.098e-06 ***
anim_anyYes            0.1328798   0.0849194   1.5648 0.1176356    
gicontactbaseYes       0.3411783   0.1457158   2.3414 0.0192118 *  
gicontactbaseMissing  -0.2837013   0.3558808  -0.7972 0.4253461    
rawfood               -0.0192697   0.0888236  -0.2169 0.8282526    
beachDoheny           -0.1289440   0.1094423  -1.1782 0.2387202    
beachFairhope          0.3944706   0.2206648   1.7876 0.0738331 .  
beachGoddard          -0.3631609   0.1850542  -1.9625 0.0497093 *  
beachMalibu           -0.0387410   0.1227627  -0.3156 0.7523240    
beachMission Bay      -0.0367392   0.1604771  -0.2289 0.8189174    
---
Signif. codes:  0 ‘***’ 0.001 ‘**’ 0.01 ‘*’ 0.05 ‘.’ 0.1 ‘ ’ 1

> 
> # fpc 1602
> all.fit10.fpc1602head <- glm(gici10~fpc1602.pres+agecat+female+racewhite+gichron+anim_any+gicontactbase+
+     rawfood+beach,family=poisson(link="log"),data=all[!is.na(all$fpc1602.pres) ,])
> 
> all.VC10.fpc1602head <- cl(all[!is.na(all$fpc1602.pres) ,],fm=all.fit10.fpc1602head,
+     cluster=all$hhid[!is.na(all$fpc1602.pres) ])
> overall.fit10.fpc1602head <- coeftest(all.fit10.fpc1602head, all.VC10.fpc1602head)
> summary(all.fit10.fpc1602head)

Call:
glm(formula = gici10 ~ fpc1602.pres + agecat + female + racewhite + 
    gichron + anim_any + gicontactbase + rawfood + beach, family = poisson(link = "log"), 
    data = all[!is.na(all$fpc1602.pres), ])

Deviance Residuals: 
    Min       1Q   Median       3Q      Max  
-0.7601  -0.3835  -0.3505  -0.3253   2.1654  

Coefficients:
                      Estimate Std. Error z value Pr(>|z|)    
(Intercept)           -2.03316    0.18523 -10.976  < 2e-16 ***
fpc1602.pres1          0.07391    0.19312   0.383 0.701947    
agecat5-14            -0.88207    0.16423  -5.371 7.83e-08 ***
agecat15-24           -0.80824    0.20054  -4.030 5.57e-05 ***
agecat25-34           -0.62493    0.20508  -3.047 0.002309 ** 
agecat35-44           -0.65836    0.19332  -3.406 0.000660 ***
agecat45-54           -0.91709    0.21704  -4.225 2.39e-05 ***
agecat55-64           -1.25055    0.32596  -3.836 0.000125 ***
agecat65-74           -1.11465    0.72397  -1.540 0.123647    
agecat75+            -13.45906  450.28969  -0.030 0.976155    
agecatMissing        -13.36476  338.64182  -0.039 0.968519    
female                 0.14971    0.09855   1.519 0.128711    
racewhiteYes           0.10744    0.11284   0.952 0.341023    
racewhiteMissing      -0.24127    0.42005  -0.574 0.565708    
gichronYes             0.90770    0.25169   3.606 0.000310 ***
anim_anyYes           -0.01961    0.11851  -0.166 0.868548    
gicontactbaseYes       0.31831    0.18783   1.695 0.090141 .  
gicontactbaseMissing   0.16380    0.41256   0.397 0.691338    
rawfood                0.08294    0.12365   0.671 0.502390    
beachDoheny           -0.13159    0.09861  -1.334 0.182056    
---
Signif. codes:  0 ‘***’ 0.001 ‘**’ 0.01 ‘*’ 0.05 ‘.’ 0.1 ‘ ’ 1

(Dispersion parameter for poisson family taken to be 1)

    Null deviance: 2258.3  on 6056  degrees of freedom
Residual deviance: 2205.0  on 6037  degrees of freedom
AIC: 3095

Number of Fisher Scoring iterations: 13

> all.VC10.fpc1602head
                       (Intercept) fpc1602.pres1    agecat5-14   agecat15-24
(Intercept)           0.0334608006 -2.624423e-03 -1.587810e-02 -1.784559e-02
fpc1602.pres1        -0.0026244231  4.319706e-02 -5.253334e-05 -5.104902e-05
agecat5-14           -0.0158781025 -5.253334e-05  2.380611e-02  1.726796e-02
agecat15-24          -0.0178455891 -5.104902e-05  1.726796e-02  3.602513e-02
agecat25-34          -0.0146668846  1.628292e-03  1.619605e-02  1.593996e-02
agecat35-44          -0.0162098177  6.382063e-04  1.892226e-02  1.841635e-02
agecat45-54          -0.0176019217  1.447200e-03  1.755866e-02  1.914115e-02
agecat55-64          -0.0182864813 -1.517252e-03  1.809529e-02  1.853310e-02
agecat65-74          -0.0186517049 -8.305845e-03  1.817444e-02  1.710358e-02
agecat75+            -0.0204338288  2.133265e-03  1.787268e-02  1.973665e-02
agecatMissing        -0.0171128829  3.565207e-03  1.724202e-02  1.845984e-02
female               -0.0058990815 -9.944405e-04 -1.623794e-04  1.165410e-03
racewhiteYes         -0.0106644909  8.485924e-04 -1.805684e-03 -2.437904e-03
racewhiteMissing     -0.0102757524  2.820924e-03 -6.039268e-03 -1.631261e-03
gichronYes            0.0008289778 -6.355890e-04 -2.989734e-04 -9.442412e-05
anim_anyYes          -0.0031713013 -6.305211e-04 -1.486103e-03  1.364976e-03
gicontactbaseYes     -0.0026375748 -5.021418e-04 -4.439730e-04 -2.114468e-03
gicontactbaseMissing -0.0021735060  1.393549e-03 -5.828001e-03  6.027554e-03
rawfood              -0.0018784307  1.010349e-03 -1.183036e-03 -1.350406e-03
beachDoheny          -0.0082299085 -2.289008e-03  1.206671e-03  2.389801e-03
                       agecat25-34   agecat35-44  agecat45-54   agecat55-64
(Intercept)          -0.0146668846 -0.0162098177 -0.017601922 -0.0182864813
fpc1602.pres1         0.0016282919  0.0006382063  0.001447200 -0.0015172523
agecat5-14            0.0161960498  0.0189222562  0.017558660  0.0180952908
agecat15-24           0.0159399566  0.0184163532  0.019141148  0.0185330956
agecat25-34           0.0342259374  0.0169315530  0.016986075  0.0178547707
agecat35-44           0.0169315530  0.0342931910  0.019951687  0.0198408044
agecat45-54           0.0169860755  0.0199516874  0.044314236  0.0193587321
agecat55-64           0.0178547707  0.0198408044  0.019358732  0.1004834995
agecat65-74           0.0171871280  0.0189590513  0.019486290  0.0603975462
agecat75+             0.0174330616  0.0189296459  0.019029206  0.0200560607
agecatMissing         0.0163491854  0.0195720988  0.019207188  0.0190272875
female                0.0007963600  0.0022509359  0.003195093  0.0032430750
racewhiteYes         -0.0026694583 -0.0040437845 -0.002669635 -0.0029821884
racewhiteMissing     -0.0055173461 -0.0120964382 -0.008049166 -0.0064472630
gichronYes           -0.0043660681 -0.0040015382 -0.003788112 -0.0059446790
anim_anyYes          -0.0012936168  0.0001457291  0.000520496 -0.0008064251
gicontactbaseYes      0.0034142276 -0.0023980713 -0.001983219  0.0014621427
gicontactbaseMissing -0.0007414276  0.0032101490  0.002751700 -0.0060831031
rawfood              -0.0031141073 -0.0013192837 -0.002872397 -0.0032161590
beachDoheny           0.0011534475  0.0001363609  0.001148318  0.0021389760
                      agecat65-74    agecat75+ agecatMissing        female
(Intercept)          -0.018651705 -0.020433829 -0.0171128829 -5.899082e-03
fpc1602.pres1        -0.008305845  0.002133265  0.0035652072 -9.944405e-04
agecat5-14            0.018174443  0.017872680  0.0172420190 -1.623794e-04
agecat15-24           0.017103577  0.019736651  0.0184598409  1.165410e-03
agecat25-34           0.017187128  0.017433062  0.0163491854  7.963600e-04
agecat35-44           0.018959051  0.018929646  0.0195720988  2.250936e-03
agecat45-54           0.019486290  0.019029206  0.0192071880  3.195093e-03
agecat55-64           0.060397546  0.020056061  0.0190272875  3.243075e-03
agecat65-74           0.512210571  0.020891700  0.0161461866  4.386492e-03
agecat75+             0.020891700  0.149923673  0.0191099418  8.860260e-04
agecatMissing         0.016146187  0.019109942  0.1175623838  1.561535e-03
female                0.004386492  0.000886026  0.0015615351  9.073071e-03
racewhiteYes         -0.006535185 -0.003386080 -0.0023047199  3.180358e-04
racewhiteMissing     -0.005771271 -0.001500757 -0.0139114985  7.476071e-04
gichronYes           -0.007800184  0.001176228  0.0012949226 -2.441401e-03
anim_anyYes          -0.009029311  0.002026064  0.0016815424  9.039261e-04
gicontactbaseYes      0.001381437  0.001549745 -0.0057867399  5.509917e-05
gicontactbaseMissing -0.009125891  0.002622046  0.0011342795  1.442329e-03
rawfood               0.004391170 -0.002493646 -0.0029594627 -3.169318e-04
beachDoheny           0.009139856  0.006431115 -0.0002192816  1.103606e-03
                      racewhiteYes racewhiteMissing    gichronYes   anim_anyYes
(Intercept)          -0.0106644909    -0.0102757524  8.289778e-04 -0.0031713013
fpc1602.pres1         0.0008485924     0.0028209238 -6.355890e-04 -0.0006305211
agecat5-14           -0.0018056841    -0.0060392676 -2.989734e-04 -0.0014861029
agecat15-24          -0.0024379036    -0.0016312613 -9.442412e-05  0.0013649763
agecat25-34          -0.0026694583    -0.0055173461 -4.366068e-03 -0.0012936168
agecat35-44          -0.0040437845    -0.0120964382 -4.001538e-03  0.0001457291
agecat45-54          -0.0026696350    -0.0080491659 -3.788112e-03  0.0005204960
agecat55-64          -0.0029821884    -0.0064472630 -5.944679e-03 -0.0008064251
agecat65-74          -0.0065351852    -0.0057712706 -7.800184e-03 -0.0090293106
agecat75+            -0.0033860801    -0.0015007571  1.176228e-03  0.0020260643
agecatMissing        -0.0023047199    -0.0139114985  1.294923e-03  0.0016815424
female                0.0003180358     0.0007476071 -2.441401e-03  0.0009039261
racewhiteYes          0.0156398715     0.0125830548 -2.718779e-04  0.0011201547
racewhiteMissing      0.0125830548     0.1987912038  6.787704e-03  0.0004905865
gichronYes           -0.0002718779     0.0067877036  5.478741e-02 -0.0004122546
anim_anyYes           0.0011201547     0.0004905865 -4.122546e-04  0.0157227778
gicontactbaseYes      0.0009701286     0.0007425688 -4.282501e-03 -0.0046364292
gicontactbaseMissing -0.0007129894     0.0010937280 -3.366158e-03 -0.0021432377
rawfood               0.0004228796     0.0011231360 -1.741500e-03 -0.0011907504
beachDoheny           0.0013926150     0.0053224327  1.671167e-04 -0.0010724926
                     gicontactbaseYes gicontactbaseMissing       rawfood
(Intercept)             -2.637575e-03        -0.0021735060 -0.0018784307
fpc1602.pres1           -5.021418e-04         0.0013935492  0.0010103493
agecat5-14              -4.439730e-04        -0.0058280007 -0.0011830361
agecat15-24             -2.114468e-03         0.0060275542 -0.0013504064
agecat25-34              3.414228e-03        -0.0007414276 -0.0031141073
agecat35-44             -2.398071e-03         0.0032101490 -0.0013192837
agecat45-54             -1.983219e-03         0.0027517005 -0.0028723966
agecat55-64              1.462143e-03        -0.0060831031 -0.0032161590
agecat65-74              1.381437e-03        -0.0091258906  0.0043911696
agecat75+                1.549745e-03         0.0026220461 -0.0024936461
agecatMissing           -5.786740e-03         0.0011342795 -0.0029594627
female                   5.509917e-05         0.0014423293 -0.0003169318
racewhiteYes             9.701286e-04        -0.0007129894  0.0004228796
racewhiteMissing         7.425688e-04         0.0010937280  0.0011231360
gichronYes              -4.282501e-03        -0.0033661575 -0.0017414996
anim_anyYes             -4.636429e-03        -0.0021432377 -0.0011907504
gicontactbaseYes         4.109879e-02         0.0028152244  0.0007591197
gicontactbaseMissing     2.815224e-03         0.2019864836 -0.0021778393
rawfood                  7.591197e-04        -0.0021778393  0.0154672632
beachDoheny              7.975502e-04         0.0025465932 -0.0000490533
                       beachDoheny
(Intercept)          -0.0082299085
fpc1602.pres1        -0.0022890076
agecat5-14            0.0012066707
agecat15-24           0.0023898009
agecat25-34           0.0011534475
agecat35-44           0.0001363609
agecat45-54           0.0011483178
agecat55-64           0.0021389760
agecat65-74           0.0091398564
agecat75+             0.0064311151
agecatMissing        -0.0002192816
female                0.0011036055
racewhiteYes          0.0013926150
racewhiteMissing      0.0053224327
gichronYes            0.0001671167
anim_anyYes          -0.0010724926
gicontactbaseYes      0.0007975502
gicontactbaseMissing  0.0025465932
rawfood              -0.0000490533
beachDoheny           0.0121190277
> 
> # --------------------------------------
> # save the results
> # exclude glm objects and data frames
> # (they are really large)
> # --------------------------------------
> save(
+ 
+   all.n10.fmc1601head,all.n10.fmc1602head,all.n10.fpc1601head,all.n10.fpc1602head,
+ 
+   av.n10.fmc1602head, av.n10.fpc1601head, av.n10.fpc1602head, do.n10.fmc1601head,
+   do.n10.fmc1602head, do.n10.fpc1601head, do.n10.fpc1602head, fa.n10.fpc1601head,
+   ma.n10.fpc1601head, mb.n10.fmc1601head, mb.n10.fpc1601head,
+ 
+   av.n10.fmc1602.int0head, av.n10.fpc1601.int0head, av.n10.fpc1602.int0head, 
+   do.n10.fmc1602.int0head, do.n10.fpc1601.int0head, do.n10.fpc1602.int0head, 
+   ma.n10.fpc1601.int0head,
+ 
+   av.n10.fmc1602.int1head, av.n10.fpc1601.int1head, av.n10.fpc1602.int1head, 
+   do.n10.fmc1602.int1head, do.n10.fpc1601.int1head, do.n10.fpc1602.int1head,
+   ma.n10.fpc1601.int1head, 
+ 
+   avfit10.fmc1602head, avfit10.fpc1601head, avfit10.fpc1602head,
+   dofit10.fmc1601head, dofit10.fmc1602head, dofit10.fpc1601head, dofit10.fpc1602head,
+   fafit10.fpc1601head, mafit10.fpc1601head,mbfit10.fmc1601head,mbfit10.fpc1601head,
+ 
+   avfit10.fmc1602.gw.1.head, avfit10.fmc1602.gw.0.head, avfit10.fpc1601.gw.1.head, avfit10.fpc1601.gw.0.head, 
+   avfit10.fpc1602.gw.1.head, avfit10.fpc1602.gw.0.head,
+   dofit10.fmc1602.berm.1.head, dofit10.fmc1602.berm.0.head, 
+   dofit10.fpc1601.berm.1.head, dofit10.fpc1601.berm.0.head, dofit10.fpc1602.berm.1.head, dofit10.fpc1602.berm.0.head,
+   mafit10.fpc1601.berm.1.head,mafit10.fpc1601.berm.0.head,
+   
+   avfit10.fmc1602.gw.head, avfit10.fpc1601.gw.head, avfit10.fpc1602.gw.head,
+   dofit10.fmc1602.berm.head, dofit10.fpc1601.berm.head, dofit10.fpc1602.berm.head,
+   mafit10.fpc1601.berm.head,
+   
+   all.VC10.fmc1601head,overall.fit10.fmc1601head,
+   all.VC10.fmc1602head,overall.fit10.fmc1602head,
+   all.VC10.fpc1601head,overall.fit10.fpc1601head,
+   all.VC10.fpc1602head,overall.fit10.fpc1602head,
+   
+   file="~/dropbox/coliphage/results/rawoutput/regress-10day-head.Rdata"
+ )
> 
> 
> 
> 
> proc.time()
    user   system  elapsed 
  64.031    3.187 1519.638 
