
R version 3.2.2 (2015-08-14) -- "Fire Safety"
Copyright (C) 2015 The R Foundation for Statistical Computing
Platform: x86_64-apple-darwin13.4.0 (64-bit)

R is free software and comes with ABSOLUTELY NO WARRANTY.
You are welcome to redistribute it under certain conditions.
Type 'license()' or 'licence()' for distribution details.

  Natural language support but running in an English locale

R is a collaborative project with many contributors.
Type 'contributors()' for more information and
'citation()' on how to cite R or R packages in publications.

Type 'demo()' for some demos, 'help()' for on-line help, or
'help.start()' for an HTML browser interface to help.
Type 'q()' to quit R.

> ##########################################
> # Coliphage analysis - 6 beaches
> # v1 by Jade 7/13/15
> 
> # This file conducts maximum likelihood regression
> # to estimate prevalence ratios
> 
> # Results stratified by beach
> 
> # 3 day gi illness, body immersion
> ##########################################
> 
> rm(list=ls())
> library(foreign)
> 
> setwd("~/Dropbox/Coliphage/")
> 
> # --------------------------------------
> # load the and pre-preprocess the 
> # analysis dataset
> # (refer to the base functions script
> # for details on the pre-processing)
> # --------------------------------------
> beaches13=read.csv("~/Dropbox/13beaches/data/final/13beaches-analysis.csv")
> 
> # load base functions
> source("Programs/Analysis/0-base-functions.R")
> 
> data=preprocess.6beaches(beaches13)

Successfully loaded the data
 Total sample size = 88083 

Dropping individuals with GI illness at enrollment
 N = 2025 

Final sample size = 86058 

Subsetting the data to relevant variables and completing final variable pre-processing> 
> # restrict to 6 beaches with coliphage data
> beach.list=c("Avalon","Doheny","Malibu","Mission Bay",
+              "Fairhope","Goddard")
> 
> all=data[data$beach %in% beach.list,]
> avalon=data[data$beach %in% "Avalon",]
> doheny=data[data$beach %in% "Doheny",]
> malibu=data[data$beach %in% "Malibu",]
> mission=data[data$beach %in% "Mission Bay",]
> fairhope=data[data$beach %in% "Fairhope",]
> goddard=data[data$beach %in% "Goddard",]
> 
> data.list=list(all=all,avalon=avalon,doheny=doheny,mission=mission,
+    malibu=malibu,goddard=goddard,fairhope=fairhope)
> 
> data.list=lapply(data.list,function(df){
+   # drop individuals with no water quality information
+   df=subset(df,nowq==0)
+   # subset to non-missing exposure categories
+   # to make the robust CI calcs work
+   df=subset(df,df$swallwater=="Yes")
+ })
> 
> # convert from list back to data frames
> list2env(data.list ,.GlobalEnv)
<environment: R_GlobalEnv>
> 
> 
> # --------------------------------------
> # Calculate the actual Ns for each cell
> # and store them for plotting and tables
> # --------------------------------------
> regN <- function(outcome,exposurecat) {
+   sum(table(outcome,exposurecat))
+ }
> 
> # pooled n's ---------------------------------------
> all.n3.fmc1601swall = regN(all$gici3[!is.na(all$fmc1601.pres)& all$beach!="Avalon"],
+                        all$fmc1601.pres[!is.na(all$fmc1601.pres)& all$beach!="Avalon"])
> all.n3.fmc1602swall = regN(all$gici3[!is.na(all$fmc1602.pres)& all$beach!="Malibu"],
+                        all$fmc1602.pres[!is.na(all$fmc1602.pres)& all$beach!="Malibu"])
> all.n3.fpc1601swall = regN(all$gici3[!is.na(all$fpc1601.pres) & all$beach!="Goddard"],
+                        all$fpc1601.pres[!is.na(all$fpc1601.pres) & all$beach!="Goddard"])
> all.n3.fpc1602swall = regN(all$gici3[!is.na(all$fpc1602.pres) & all$beach!="Malibu"],
+                        all$fpc1602.pres[!is.na(all$fpc1602.pres) & all$beach!="Malibu"])
> 
> 
> # combined n's ---------------------------------------
> #avalon
> av.n3.fmc1602swall = regN(avalon$gici3,avalon$fmc1602.pres)
> av.n3.fpc1601swall = regN(avalon$gici3,avalon$fpc1601.pres)
> av.n3.fpc1602swall = regN(avalon$gici3,avalon$fpc1602.pres)
> 
> #doheny
> do.n3.fmc1601swall = regN(doheny$gici3,doheny$fmc1601.pres)
> do.n3.fmc1602swall = regN(doheny$gici3,doheny$fmc1602.pres)
> do.n3.fpc1601swall = regN(doheny$gici3,doheny$fpc1601.pres)
> do.n3.fpc1602swall = regN(doheny$gici3,doheny$fpc1602.pres)
> 
> # fairhope
> fa.n3.fpc1601swall = regN(fairhope$gici3,fairhope$fpc1601.pres)
> 
> # goddard
> # fpc 1601 always present at goddard
> 
> # malibu
> # fmc 1602 and fpc 1602 always present at malibu
> ma.n3.fpc1601swall = regN(malibu$gici3,malibu$fpc1601.pres)
> 
> # mission bay
> mb.n3.fmc1601swall = regN(mission$gici3,mission$fmc1601.pres)
> mb.n3.fpc1601swall = regN(mission$gici3,mission$fpc1601.pres)
> 
> # n if low risk conditions ---------------------------
> #avalon
> av.n3.fmc1602.int0swall = regN(avalon$gici3[avalon$groundwater=="Below median flow"],
+   avalon$fmc1602.pres[avalon$groundwater=="Below median flow"])
> av.n3.fpc1601.int0swall = regN(avalon$gici3[avalon$groundwater=="Below median flow"],
+   avalon$fpc1601.pres[avalon$groundwater=="Below median flow"])
> av.n3.fpc1602.int0swall = regN(avalon$gici3[avalon$groundwater=="Below median flow"],
+   avalon$fpc1602.pres[avalon$groundwater=="Below median flow"])
> 
> #doheny
> do.n3.fmc1602.int0swall = regN(doheny$gici3[doheny$berm=="Closed"],
+   doheny$fmc1602.pres[doheny$berm=="Closed"])
> do.n3.fpc1601.int0swall = regN(doheny$gici3[doheny$berm=="Closed"],
+   doheny$fpc1601.pres[doheny$berm=="Closed"])
> do.n3.fpc1602.int0swall = regN(doheny$gici3[doheny$berm=="Closed"],
+   doheny$fpc1602.pres[doheny$berm=="Closed"])
> 
> # fairhope
> fa.n3.fpc1601.int0swall = regN(fairhope$gici3,fairhope$fpc1601.pres)
> 
> # goddard
> # fpc 1601 always present at goddard
> 
> # malibu
> # fmc 1602 and fpc 1602 always present at malibu
> ma.n3.fpc1601.int0swall = regN(malibu$gici3[malibu$berm=="Closed"],malibu$fpc1601.pres[malibu$berm=="Closed"])
> 
> # mission bay
> mb.n3.fmc1601.int0swall = regN(mission$gici3,mission$fmc1601.pres)
> mb.n3.fpc1601.int0swall = regN(mission$gici3,mission$fpc1601.pres)
> 
> # n if high risk conditions ---------------------------
> #avalon
> av.n3.fmc1602.int1swall = regN(avalon$gici3[avalon$groundwater=="Above median flow"],
+   avalon$fmc1602.pres[avalon$groundwater=="Above median flow"])
> av.n3.fpc1601.int1swall = regN(avalon$gici3[avalon$groundwater=="Above median flow"],
+   avalon$fpc1601.pres[avalon$groundwater=="Above median flow"])
> av.n3.fpc1602.int1swall = regN(avalon$gici3[avalon$groundwater=="Above median flow"],
+   avalon$fpc1602.pres[avalon$groundwater=="Above median flow"])
> 
> #doheny
> do.n3.fmc1602.int1swall = regN(doheny$gici3[doheny$berm=="Open"],
+   doheny$fmc1602.pres[doheny$berm=="Open"])
> do.n3.fpc1601.int1swall = regN(doheny$gici3[doheny$berm=="Open"],
+   doheny$fpc1601.pres[doheny$berm=="Open"])
> do.n3.fpc1602.int1swall = regN(doheny$gici3[doheny$berm=="Open"],
+   doheny$fpc1602.pres[doheny$berm=="Open"])
> 
> # fairhope
> fa.n3.fpc1601.int1swall = regN(fairhope$gici3,fairhope$fpc1601.pres)
> 
> # goddard
> # fpc 1601 always present at goddard
> 
> # malibu
> # fmc 1602 and fpc 1602 always present at malibu
> ma.n3.fpc1601.int1swall = regN(malibu$gici3[malibu$berm=="Open"],malibu$fpc1601.pres[malibu$berm=="Open"])
> 
> # mission bay
> mb.n3.fmc1601.int1swall = regN(mission$gici3,mission$fmc1601.pres)
> mb.n3.fpc1601.int1swall = regN(mission$gici3,mission$fpc1601.pres)
> 
> #-----------------------------------------
> # 3-day illness and coliphage concentration
> # pooled across berm and groundwater flow conditions
> # by beach
> #-----------------------------------------
> # avalon
> # fmc1601 -- always present at avalon 
> avfit3.fmc1602swall = mpreg(gici3~fmc1602.pres+agecat+female+racewhite+gichron+anim_any+gicontactbase+rawfood,
+     dat=avalon,vcv=T)

Attaching package: ‘zoo’

The following objects are masked from ‘package:base’:

    as.Date, as.Date.numeric


Call:
glm(formula = formula, family = poisson(link = "log"), data = dat)

Deviance Residuals: 
    Min       1Q   Median       3Q      Max  
-0.7550  -0.3339  -0.2490  -0.2036   2.8053  

Coefficients:
                      Estimate Std. Error z value Pr(>|z|)    
(Intercept)            -2.7390     0.5551  -4.934 8.04e-07 ***
fmc1602.pres1           0.6686     0.3700   1.807   0.0708 .  
agecat5-14             -0.9184     0.4371  -2.101   0.0356 *  
agecat15-24            -0.9537     0.6234  -1.530   0.1261    
agecat25-34            -0.7691     0.6119  -1.257   0.2088    
agecat35-44            -0.8885     0.6345  -1.400   0.1614    
agecat45-54            -1.9259     1.0679  -1.803   0.0713 .  
agecat55-64           -16.9605  1446.5048  -0.012   0.9906    
agecat65-74           -17.0050  2952.8814  -0.006   0.9954    
agecat75+             -17.2370  6626.0373  -0.003   0.9979    
agecatMissing         -16.4215  9426.6169  -0.002   0.9986    
female                  0.2958     0.3294   0.898   0.3693    
racewhiteYes           -0.1420     0.3582  -0.396   0.6918    
racewhiteMissing        1.3838     1.1087   1.248   0.2120    
gichronYes              0.7535     1.0673   0.706   0.4802    
anim_anyYes            -0.4163     0.4233  -0.984   0.3253    
gicontactbaseYes        1.0777     0.4624   2.331   0.0198 *  
gicontactbaseMissing  -16.1238  2519.5226  -0.006   0.9949    
rawfood                -0.0521     0.4400  -0.118   0.9057    
---
Signif. codes:  0 ‘***’ 0.001 ‘**’ 0.01 ‘*’ 0.05 ‘.’ 0.1 ‘ ’ 1

(Dispersion parameter for poisson family taken to be 1)

    Null deviance: 236.27  on 850  degrees of freedom
Residual deviance: 211.76  on 832  degrees of freedom
AIC: 325.76

Number of Fisher Scoring iterations: 17



Robust, Sandwich Standard Errors Account for Clustering:

z test of coefficients:

                       Estimate Std. Error  z value  Pr(>|z|)    
(Intercept)           -2.739043   0.552515  -4.9574 7.144e-07 ***
fmc1602.pres1          0.668624   0.394939   1.6930   0.09046 .  
agecat5-14            -0.918425   0.446000  -2.0592   0.03947 *  
agecat15-24           -0.953742   0.624593  -1.5270   0.12677    
agecat25-34           -0.769123   0.569243  -1.3511   0.17665    
agecat35-44           -0.888549   0.642086  -1.3838   0.16641    
agecat45-54           -1.925919   1.079247  -1.7845   0.07434 .  
agecat55-64          -16.960482   0.497209 -34.1114 < 2.2e-16 ***
agecat65-74          -17.004967   0.571111 -29.7752 < 2.2e-16 ***
agecat75+            -17.237021   0.819943 -21.0222 < 2.2e-16 ***
agecatMissing        -16.421538   1.118787 -14.6780 < 2.2e-16 ***
female                 0.295756   0.315110   0.9386   0.34795    
racewhiteYes          -0.142004   0.347175  -0.4090   0.68252    
racewhiteMissing       1.383827   0.729486   1.8970   0.05783 .  
gichronYes             0.753456   0.720051   1.0464   0.29538    
anim_anyYes           -0.416320   0.467817  -0.8899   0.37351    
gicontactbaseYes       1.077683   0.477706   2.2560   0.02407 *  
gicontactbaseMissing -16.123761   0.670118 -24.0611 < 2.2e-16 ***
rawfood               -0.052105   0.431859  -0.1207   0.90397    
---
Signif. codes:  0 ‘***’ 0.001 ‘**’ 0.01 ‘*’ 0.05 ‘.’ 0.1 ‘ ’ 1

Warning message:
glm.fit: fitted rates numerically 0 occurred 
> avfit3.fpc1601swall = mpreg(gici3~fpc1601.pres+agecat+female+racewhite+gichron+anim_any+gicontactbase+rawfood,
+     dat=avalon,vcv=T)

Call:
glm(formula = formula, family = poisson(link = "log"), data = dat)

Deviance Residuals: 
    Min       1Q   Median       3Q      Max  
-0.7071  -0.3207  -0.2721  -0.2130   2.8209  

Coefficients:
                       Estimate Std. Error z value Pr(>|z|)    
(Intercept)            -2.67617    0.66871  -4.002 6.28e-05 ***
fpc1601.pres1           0.41487    0.50473   0.822   0.4111    
agecat5-14             -0.91076    0.43800  -2.079   0.0376 *  
agecat15-24            -0.99422    0.62684  -1.586   0.1127    
agecat25-34            -0.85252    0.61263  -1.392   0.1641    
agecat35-44            -0.98150    0.63133  -1.555   0.1200    
agecat45-54            -2.00647    1.07103  -1.873   0.0610 .  
agecat55-64           -16.95671 1451.01639  -0.012   0.9907    
agecat65-74           -16.89147 2959.28299  -0.006   0.9954    
agecat75+             -17.08580 6618.15236  -0.003   0.9979    
agecatMissing         -16.92932 9426.61686  -0.002   0.9986    
female                  0.31659    0.32954   0.961   0.3367    
racewhiteYes           -0.11196    0.35737  -0.313   0.7541    
racewhiteMissing        1.47882    1.11965   1.321   0.1866    
gichronYes              0.71535    1.07027   0.668   0.5039    
anim_anyYes            -0.49381    0.42479  -1.162   0.2450    
gicontactbaseYes        1.16411    0.46204   2.519   0.0118 *  
gicontactbaseMissing  -15.97151 2511.76493  -0.006   0.9949    
rawfood                -0.01247    0.43942  -0.028   0.9774    
---
Signif. codes:  0 ‘***’ 0.001 ‘**’ 0.01 ‘*’ 0.05 ‘.’ 0.1 ‘ ’ 1

(Dispersion parameter for poisson family taken to be 1)

    Null deviance: 236.27  on 850  degrees of freedom
Residual deviance: 214.53  on 832  degrees of freedom
AIC: 328.53

Number of Fisher Scoring iterations: 17



Robust, Sandwich Standard Errors Account for Clustering:

z test of coefficients:

                       Estimate Std. Error  z value  Pr(>|z|)    
(Intercept)           -2.676172   0.656504  -4.0764 4.574e-05 ***
fpc1601.pres1          0.414867   0.591925   0.7009   0.48338    
agecat5-14            -0.910764   0.452058  -2.0147   0.04394 *  
agecat15-24           -0.994216   0.636890  -1.5610   0.11851    
agecat25-34           -0.852520   0.572888  -1.4881   0.13672    
agecat35-44           -0.981500   0.649903  -1.5102   0.13099    
agecat45-54           -2.006471   1.117327  -1.7958   0.07253 .  
agecat55-64          -16.956709   0.506678 -33.4664 < 2.2e-16 ***
agecat65-74          -16.891465   0.563098 -29.9974 < 2.2e-16 ***
agecat75+            -17.085800   0.814747 -20.9707 < 2.2e-16 ***
agecatMissing        -16.929324   1.104895 -15.3221 < 2.2e-16 ***
female                 0.316589   0.317447   0.9973   0.31862    
racewhiteYes          -0.111956   0.349470  -0.3204   0.74869    
racewhiteMissing       1.478820   0.729182   2.0281   0.04255 *  
gichronYes             0.715351   0.715268   1.0001   0.31725    
anim_anyYes           -0.493806   0.483847  -1.0206   0.30745    
gicontactbaseYes       1.164109   0.481535   2.4175   0.01563 *  
gicontactbaseMissing -15.971510   0.658807 -24.2431 < 2.2e-16 ***
rawfood               -0.012467   0.446574  -0.0279   0.97773    
---
Signif. codes:  0 ‘***’ 0.001 ‘**’ 0.01 ‘*’ 0.05 ‘.’ 0.1 ‘ ’ 1

Warning message:
glm.fit: fitted rates numerically 0 occurred 
> avfit3.fpc1602swall = mpreg(gici3~fpc1602.pres+agecat+female+racewhite+gichron+anim_any+gicontactbase+rawfood,
+     dat=avalon,vcv=T)

Call:
glm(formula = formula, family = poisson(link = "log"), data = dat)

Deviance Residuals: 
    Min       1Q   Median       3Q      Max  
-0.8066  -0.3052  -0.2592  -0.2060   2.6995  

Coefficients:
                       Estimate Std. Error z value Pr(>|z|)    
(Intercept)          -2.406e+00  5.027e-01  -4.787 1.69e-06 ***
fpc1602.pres1         1.027e+00  6.171e-01   1.664  0.09603 .  
agecat5-14           -9.217e-01  4.373e-01  -2.108  0.03506 *  
agecat15-24          -1.106e+00  6.203e-01  -1.783  0.07451 .  
agecat25-34          -8.888e-01  6.121e-01  -1.452  0.14650    
agecat35-44          -9.836e-01  6.297e-01  -1.562  0.11832    
agecat45-54          -2.025e+00  1.069e+00  -1.895  0.05815 .  
agecat55-64          -1.696e+01  1.450e+03  -0.012  0.99067    
agecat65-74          -1.680e+01  2.963e+03  -0.006  0.99548    
agecat75+            -1.699e+01  6.619e+03  -0.003  0.99795    
agecatMissing        -1.683e+01  9.427e+03  -0.002  0.99858    
female                3.216e-01  3.301e-01   0.974  0.32981    
racewhiteYes         -6.560e-02  3.582e-01  -0.183  0.85468    
racewhiteMissing      1.397e+00  1.118e+00   1.249  0.21154    
gichronYes            6.912e-01  1.082e+00   0.639  0.52295    
anim_anyYes          -4.591e-01  4.248e-01  -1.081  0.27978    
gicontactbaseYes      1.227e+00  4.646e-01   2.641  0.00828 ** 
gicontactbaseMissing -1.592e+01  2.526e+03  -0.006  0.99497    
rawfood               3.243e-03  4.404e-01   0.007  0.99412    
---
Signif. codes:  0 ‘***’ 0.001 ‘**’ 0.01 ‘*’ 0.05 ‘.’ 0.1 ‘ ’ 1

(Dispersion parameter for poisson family taken to be 1)

    Null deviance: 236.27  on 850  degrees of freedom
Residual deviance: 213.12  on 832  degrees of freedom
AIC: 327.12

Number of Fisher Scoring iterations: 17



Robust, Sandwich Standard Errors Account for Clustering:

z test of coefficients:

                        Estimate  Std. Error  z value  Pr(>|z|)    
(Intercept)           -2.4062341   0.5238525  -4.5933 4.362e-06 ***
fpc1602.pres1          1.0271777   0.5695811   1.8034   0.07133 .  
agecat5-14            -0.9217120   0.4471270  -2.0614   0.03926 *  
agecat15-24           -1.1063797   0.6367757  -1.7375   0.08230 .  
agecat25-34           -0.8887607   0.5737646  -1.5490   0.12138    
agecat35-44           -0.9835752   0.6429485  -1.5298   0.12607    
agecat45-54           -2.0246592   1.1078247  -1.8276   0.06761 .  
agecat55-64          -16.9566331   0.5051648 -33.5665 < 2.2e-16 ***
agecat65-74          -16.7994745   0.5577988 -30.1174 < 2.2e-16 ***
agecat75+            -16.9902548   0.8151933 -20.8420 < 2.2e-16 ***
agecatMissing        -16.8307496   1.1011445 -15.2848 < 2.2e-16 ***
female                 0.3216347   0.3129368   1.0278   0.30405    
racewhiteYes          -0.0656015   0.3448648  -0.1902   0.84913    
racewhiteMissing       1.3970011   0.6269602   2.2282   0.02587 *  
gichronYes             0.6912094   0.6883639   1.0041   0.31531    
anim_anyYes           -0.4591358   0.4778834  -0.9608   0.33667    
gicontactbaseYes       1.2267543   0.4778368   2.5673   0.01025 *  
gicontactbaseMissing -15.9227692   0.6421877 -24.7946 < 2.2e-16 ***
rawfood                0.0032435   0.4410000   0.0074   0.99413    
---
Signif. codes:  0 ‘***’ 0.001 ‘**’ 0.01 ‘*’ 0.05 ‘.’ 0.1 ‘ ’ 1

Warning message:
glm.fit: fitted rates numerically 0 occurred 
> 
> # doheny
> dofit3.fmc1601swall = mpreg(gici3~fmc1601.pres+agecat+female+racewhite+gichron+anim_any+gicontactbase+rawfood,
+      dat=doheny[!is.na(doheny$fmc1601.pres),],vcv=T)

Call:
glm(formula = formula, family = poisson(link = "log"), data = dat)

Deviance Residuals: 
    Min       1Q   Median       3Q      Max  
-0.6659  -0.3173  -0.2473  -0.1247   2.4237  

Coefficients:
                       Estimate Std. Error z value Pr(>|z|)  
(Intercept)             -1.9885     1.1512  -1.727   0.0841 .
fmc1601.pres1            0.4822     1.0794   0.447   0.6551  
agecat5-14              -1.0838     0.6758  -1.604   0.1088  
agecat15-24             -0.3142     0.8763  -0.359   0.7199  
agecat25-34            -17.7532  2951.9021  -0.006   0.9952  
agecat35-44             -0.1185     0.8903  -0.133   0.8941  
agecat45-54            -17.5805  3715.9833  -0.005   0.9962  
agecat55-64            -18.0840  5989.7811  -0.003   0.9976  
agecat65-74            -17.3159 15541.8637  -0.001   0.9991  
agecatMissing          -17.9401 10638.8198  -0.002   0.9987  
female                  -0.5986     0.6627  -0.903   0.3664  
racewhiteYes            -0.8818     0.5868  -1.503   0.1329  
racewhiteMissing       -17.1139 10989.7572  -0.002   0.9988  
gichronYes             -14.9128 10039.7366  -0.001   0.9988  
anim_anyYes             -0.4453     0.7879  -0.565   0.5720  
gicontactbaseYes         0.1136     1.0810   0.105   0.9163  
gicontactbaseMissing   -16.8353  8736.9334  -0.002   0.9985  
rawfood                 -0.7855     1.0518  -0.747   0.4552  
---
Signif. codes:  0 ‘***’ 0.001 ‘**’ 0.01 ‘*’ 0.05 ‘.’ 0.1 ‘ ’ 1

(Dispersion parameter for poisson family taken to be 1)

    Null deviance: 81.868  on 302  degrees of freedom
Residual deviance: 68.232  on 285  degrees of freedom
AIC: 130.23

Number of Fisher Scoring iterations: 18



Robust, Sandwich Standard Errors Account for Clustering:

z test of coefficients:

                      Estimate Std. Error  z value Pr(>|z|)    
(Intercept)           -1.98846    1.26618  -1.5704   0.1163    
fmc1601.pres1          0.48218    1.09807   0.4391   0.6606    
agecat5-14            -1.08385    0.66196  -1.6373   0.1016    
agecat15-24           -0.31422    0.96379  -0.3260   0.7444    
agecat25-34          -17.75325    0.55211 -32.1551   <2e-16 ***
agecat35-44           -0.11855    0.95622  -0.1240   0.9013    
agecat45-54          -17.58049    0.71404 -24.6211   <2e-16 ***
agecat55-64          -18.08398    0.89658 -20.1700   <2e-16 ***
agecat65-74          -17.31590    1.17382 -14.7517   <2e-16 ***
agecatMissing        -17.94011    1.48322 -12.0954   <2e-16 ***
female                -0.59859    0.68290  -0.8765   0.3807    
racewhiteYes          -0.88182    0.60231  -1.4641   0.1432    
racewhiteMissing     -17.11387    1.07102 -15.9790   <2e-16 ***
gichronYes           -14.91282    1.36335 -10.9384   <2e-16 ***
anim_anyYes           -0.44526    0.71864  -0.6196   0.5355    
gicontactbaseYes       0.11365    1.02961   0.1104   0.9121    
gicontactbaseMissing -16.83528    1.31832 -12.7703   <2e-16 ***
rawfood               -0.78546    1.10924  -0.7081   0.4789    
---
Signif. codes:  0 ‘***’ 0.001 ‘**’ 0.01 ‘*’ 0.05 ‘.’ 0.1 ‘ ’ 1

Warning message:
glm.fit: fitted rates numerically 0 occurred 
> dofit3.fmc1602swall = mpreg(gici3~fmc1602.pres+agecat+female+racewhite+gichron+anim_any+gicontactbase+rawfood,
+     dat=doheny,vcv=T)

Call:
glm(formula = formula, family = poisson(link = "log"), data = dat)

Deviance Residuals: 
    Min       1Q   Median       3Q      Max  
-0.6580  -0.3455  -0.2818  -0.2493   2.3972  

Coefficients:
                       Estimate Std. Error z value Pr(>|z|)    
(Intercept)            -2.86672    0.51220  -5.597 2.18e-08 ***
fmc1602.pres1           0.35746    0.38353   0.932    0.351    
agecat5-14             -0.62697    0.39836  -1.574    0.116    
agecat15-24            -0.05290    0.47682  -0.111    0.912    
agecat25-34            -0.87226    0.68620  -1.271    0.204    
agecat35-44            -0.17861    0.51578  -0.346    0.729    
agecat45-54            -0.06073    0.58079  -0.105    0.917    
agecat55-64           -14.68649  726.30329  -0.020    0.984    
agecat65-74           -14.63302 3467.85856  -0.004    0.997    
agecatMissing         -14.82595 1460.59962  -0.010    0.992    
female                 -0.07023    0.28102  -0.250    0.803    
racewhiteYes           -0.09008    0.29438  -0.306    0.760    
racewhiteMissing        0.10930    1.03273   0.106    0.916    
gichronYes              0.85805    1.03750   0.827    0.408    
anim_anyYes            -0.21730    0.34021  -0.639    0.523    
gicontactbaseYes       -1.12546    1.01294  -1.111    0.267    
gicontactbaseMissing    1.12188    0.73979   1.516    0.129    
rawfood                 0.38786    0.32619   1.189    0.234    
---
Signif. codes:  0 ‘***’ 0.001 ‘**’ 0.01 ‘*’ 0.05 ‘.’ 0.1 ‘ ’ 1

(Dispersion parameter for poisson family taken to be 1)

    Null deviance: 340.03  on 1165  degrees of freedom
Residual deviance: 325.17  on 1148  degrees of freedom
AIC: 473.17

Number of Fisher Scoring iterations: 15



Robust, Sandwich Standard Errors Account for Clustering:

z test of coefficients:

                       Estimate Std. Error  z value  Pr(>|z|)    
(Intercept)           -2.866717   0.542687  -5.2825 1.275e-07 ***
fmc1602.pres1          0.357462   0.415127   0.8611   0.38919    
agecat5-14            -0.626974   0.360988  -1.7368   0.08242 .  
agecat15-24           -0.052898   0.455360  -0.1162   0.90752    
agecat25-34           -0.872258   0.700014  -1.2461   0.21274    
agecat35-44           -0.178610   0.508578  -0.3512   0.72544    
agecat45-54           -0.060728   0.514406  -0.1181   0.90602    
agecat55-64          -14.686489   0.439252 -33.4353 < 2.2e-16 ***
agecat65-74          -14.633024   1.004304 -14.5703 < 2.2e-16 ***
agecatMissing        -14.825946   0.739899 -20.0378 < 2.2e-16 ***
female                -0.070227   0.299062  -0.2348   0.81434    
racewhiteYes          -0.090079   0.317179  -0.2840   0.77641    
racewhiteMissing       0.109302   0.802553   0.1362   0.89167    
gichronYes             0.858054   0.966630   0.8877   0.37471    
anim_anyYes           -0.217296   0.373707  -0.5815   0.56093    
gicontactbaseYes      -1.125460   1.005930  -1.1188   0.26321    
gicontactbaseMissing   1.121879   0.907160   1.2367   0.21620    
rawfood                0.387864   0.356972   1.0865   0.27724    
---
Signif. codes:  0 ‘***’ 0.001 ‘**’ 0.01 ‘*’ 0.05 ‘.’ 0.1 ‘ ’ 1

> dofit3.fpc1601swall = mpreg(gici3~fpc1601.pres+agecat+female+racewhite+gichron+anim_any+gicontactbase+rawfood,
+     dat=doheny,vcv=T)

Call:
glm(formula = formula, family = poisson(link = "log"), data = dat)

Deviance Residuals: 
    Min       1Q   Median       3Q      Max  
-0.6364  -0.3487  -0.2759  -0.2509   2.2961  

Coefficients:
                       Estimate Std. Error z value Pr(>|z|)    
(Intercept)          -2.276e+00  4.872e-01  -4.671 2.99e-06 ***
fpc1601.pres1        -4.052e-01  3.696e-01  -1.097    0.273    
agecat5-14           -5.873e-01  3.984e-01  -1.474    0.140    
agecat15-24           9.509e-03  4.773e-01   0.020    0.984    
agecat25-34          -8.489e-01  6.861e-01  -1.237    0.216    
agecat35-44          -1.368e-01  5.142e-01  -0.266    0.790    
agecat45-54           2.161e-02  5.812e-01   0.037    0.970    
agecat55-64          -1.467e+01  7.244e+02  -0.020    0.984    
agecat65-74          -1.450e+01  3.468e+03  -0.004    0.997    
agecatMissing        -1.486e+01  1.505e+03  -0.010    0.992    
female               -4.034e-02  2.826e-01  -0.143    0.886    
racewhiteYes         -7.905e-02  2.941e-01  -0.269    0.788    
racewhiteMissing      1.281e-01  1.033e+00   0.124    0.901    
gichronYes            8.666e-01  1.038e+00   0.835    0.404    
anim_anyYes          -2.354e-01  3.399e-01  -0.692    0.489    
gicontactbaseYes     -1.092e+00  1.013e+00  -1.078    0.281    
gicontactbaseMissing  1.154e+00  7.421e-01   1.555    0.120    
rawfood               3.844e-01  3.250e-01   1.183    0.237    
---
Signif. codes:  0 ‘***’ 0.001 ‘**’ 0.01 ‘*’ 0.05 ‘.’ 0.1 ‘ ’ 1

(Dispersion parameter for poisson family taken to be 1)

    Null deviance: 340.03  on 1165  degrees of freedom
Residual deviance: 325.01  on 1148  degrees of freedom
AIC: 473.01

Number of Fisher Scoring iterations: 15



Robust, Sandwich Standard Errors Account for Clustering:

z test of coefficients:

                        Estimate  Std. Error  z value  Pr(>|z|)    
(Intercept)           -2.2758095   0.5353353  -4.2512 2.126e-05 ***
fpc1601.pres1         -0.4052478   0.4748055  -0.8535    0.3934    
agecat5-14            -0.5873412   0.3617329  -1.6237    0.1044    
agecat15-24            0.0095094   0.4482211   0.0212    0.9831    
agecat25-34           -0.8488971   0.6985089  -1.2153    0.2243    
agecat35-44           -0.1367840   0.5036997  -0.2716    0.7860    
agecat45-54            0.0216137   0.5098760   0.0424    0.9662    
agecat55-64          -14.6675144   0.4134613 -35.4749 < 2.2e-16 ***
agecat65-74          -14.5021369   1.0052735 -14.4261 < 2.2e-16 ***
agecatMissing        -14.8579323   0.7276265 -20.4197 < 2.2e-16 ***
female                -0.0403380   0.3002824  -0.1343    0.8931    
racewhiteYes          -0.0790529   0.3194556  -0.2475    0.8046    
racewhiteMissing       0.1280507   0.8332423   0.1537    0.8779    
gichronYes             0.8666389   0.9795645   0.8847    0.3763    
anim_anyYes           -0.2353762   0.3762818  -0.6255    0.5316    
gicontactbaseYes      -1.0920425   1.0037635  -1.0879    0.2766    
gicontactbaseMissing   1.1536742   0.9228824   1.2501    0.2113    
rawfood                0.3843706   0.3588919   1.0710    0.2842    
---
Signif. codes:  0 ‘***’ 0.001 ‘**’ 0.01 ‘*’ 0.05 ‘.’ 0.1 ‘ ’ 1

> dofit3.fpc1602swall = mpreg(gici3~fpc1602.pres+agecat+female+racewhite+gichron+anim_any+gicontactbase+rawfood,
+     dat=doheny,vcv=T)

Call:
glm(formula = formula, family = poisson(link = "log"), data = dat)

Deviance Residuals: 
    Min       1Q   Median       3Q      Max  
-0.6441  -0.3476  -0.2782  -0.2477   2.4136  

Coefficients:
                       Estimate Std. Error z value Pr(>|z|)    
(Intercept)            -2.57968    0.40656  -6.345 2.22e-10 ***
fpc1602.pres1          -0.42653    0.60463  -0.705    0.481    
agecat5-14             -0.60946    0.39810  -1.531    0.126    
agecat15-24            -0.02556    0.47534  -0.054    0.957    
agecat25-34            -0.84127    0.68499  -1.228    0.219    
agecat35-44            -0.16365    0.51496  -0.318    0.751    
agecat45-54             0.01950    0.58148   0.034    0.973    
agecat55-64           -14.69866  725.82616  -0.020    0.984    
agecat65-74           -14.59577 3467.85856  -0.004    0.997    
agecatMissing         -14.82686 1488.25586  -0.010    0.992    
female                 -0.06411    0.28123  -0.228    0.820    
racewhiteYes           -0.06303    0.29536  -0.213    0.831    
racewhiteMissing        0.08930    1.03309   0.086    0.931    
gichronYes              0.83128    1.03489   0.803    0.422    
anim_anyYes            -0.23536    0.34007  -0.692    0.489    
gicontactbaseYes       -1.07735    1.01302  -1.064    0.288    
gicontactbaseMissing    1.06968    0.74037   1.445    0.149    
rawfood                 0.39484    0.32630   1.210    0.226    
---
Signif. codes:  0 ‘***’ 0.001 ‘**’ 0.01 ‘*’ 0.05 ‘.’ 0.1 ‘ ’ 1

(Dispersion parameter for poisson family taken to be 1)

    Null deviance: 340.03  on 1165  degrees of freedom
Residual deviance: 325.55  on 1148  degrees of freedom
AIC: 473.55

Number of Fisher Scoring iterations: 15



Robust, Sandwich Standard Errors Account for Clustering:

z test of coefficients:

                       Estimate Std. Error  z value  Pr(>|z|)    
(Intercept)           -2.579678   0.398537  -6.4729 9.616e-11 ***
fpc1602.pres1         -0.426528   0.721156  -0.5915   0.55422    
agecat5-14            -0.609460   0.366012  -1.6651   0.09589 .  
agecat15-24           -0.025557   0.461132  -0.0554   0.95580    
agecat25-34           -0.841271   0.700493  -1.2010   0.22976    
agecat35-44           -0.163645   0.510750  -0.3204   0.74866    
agecat45-54            0.019501   0.505808   0.0386   0.96925    
agecat55-64          -14.698661   0.429231 -34.2441 < 2.2e-16 ***
agecat65-74          -14.595770   1.007869 -14.4818 < 2.2e-16 ***
agecatMissing        -14.826858   0.739687 -20.0448 < 2.2e-16 ***
female                -0.064109   0.298167  -0.2150   0.82976    
racewhiteYes          -0.063028   0.316551  -0.1991   0.84218    
racewhiteMissing       0.089303   0.825998   0.1081   0.91390    
gichronYes             0.831276   0.958731   0.8671   0.38591    
anim_anyYes           -0.235365   0.375653  -0.6265   0.53096    
gicontactbaseYes      -1.077351   1.009961  -1.0667   0.28610    
gicontactbaseMissing   1.069678   0.923729   1.1580   0.24686    
rawfood                0.394844   0.357486   1.1045   0.26937    
---
Signif. codes:  0 ‘***’ 0.001 ‘**’ 0.01 ‘*’ 0.05 ‘.’ 0.1 ‘ ’ 1

> 
> # fairhope
> fafit3.fpc1601swall = mpreg(gici3~fpc1601.pres+agecat+female+racewhite+gichron+anim_any+gicontactbase+rawfood,
+     dat=fairhope[!is.na(fairhope$fpc1601.pres),],vcv=T)

Call:
glm(formula = formula, family = poisson(link = "log"), data = dat)

Deviance Residuals: 
     Min        1Q    Median        3Q       Max  
-1.00000  -0.25479  -0.19053  -0.00007   2.61208  

Coefficients:
                   Estimate Std. Error z value Pr(>|z|)  
(Intercept)          2.2347     2.0878   1.070   0.2845  
fpc1601.pres1       -3.7061     1.6112  -2.300   0.0214 *
agecat5-14          -0.5813     1.0166  -0.572   0.5675  
agecat15-24        -19.4926  3885.8359  -0.005   0.9960  
agecat25-34        -18.5802  6469.8869  -0.003   0.9977  
agecat35-44          0.2139     1.3227   0.162   0.8715  
agecat45-54        -16.8748 15541.8638  -0.001   0.9991  
agecat75+          -16.4846 15541.8638  -0.001   0.9992  
female              -0.3902     0.9162  -0.426   0.6702  
racewhiteYes        -2.3009     1.3817  -1.665   0.0959 .
gichronYes         -15.9034 15541.8638  -0.001   0.9992  
anim_anyYes          0.3445     1.2003   0.287   0.7741  
gicontactbaseYes   -18.4548  4535.7154  -0.004   0.9968  
rawfood              2.1828     1.4381   1.518   0.1291  
---
Signif. codes:  0 ‘***’ 0.001 ‘**’ 0.01 ‘*’ 0.05 ‘.’ 0.1 ‘ ’ 1

(Dispersion parameter for poisson family taken to be 1)

    Null deviance: 38.564  on 109  degrees of freedom
Residual deviance: 26.434  on  96  degrees of freedom
AIC: 68.434

Number of Fisher Scoring iterations: 18



Robust, Sandwich Standard Errors Account for Clustering:

z test of coefficients:

                  Estimate Std. Error  z value  Pr(>|z|)    
(Intercept)        2.23466    2.57696   0.8672   0.38585    
fpc1601.pres1     -3.70605    1.80417  -2.0542   0.03996 *  
agecat5-14        -0.58125    0.77871  -0.7464   0.45541    
agecat15-24      -19.49264    1.62105 -12.0247 < 2.2e-16 ***
agecat25-34      -18.58023    0.79775 -23.2908 < 2.2e-16 ***
agecat35-44        0.21388    0.67851   0.3152   0.75259    
agecat45-54      -16.87483    1.26948 -13.2927 < 2.2e-16 ***
agecat75+        -16.48464    1.72401  -9.5618 < 2.2e-16 ***
female            -0.39019    0.98492  -0.3962   0.69198    
racewhiteYes      -2.30085    1.16433  -1.9761   0.04814 *  
gichronYes       -15.90339    2.10064  -7.5707 3.711e-14 ***
anim_anyYes        0.34449    0.87349   0.3944   0.69330    
gicontactbaseYes -18.45477    1.21224 -15.2237 < 2.2e-16 ***
rawfood            2.18276    1.31823   1.6558   0.09776 .  
---
Signif. codes:  0 ‘***’ 0.001 ‘**’ 0.01 ‘*’ 0.05 ‘.’ 0.1 ‘ ’ 1

> 
> # goddard
> # fpc 1601 always present at goddard
> 
> # malibu
> # fmc 1602 and fpc 1602 always present at malibu
> mafit3.fpc1601swall = mpreg(gici3~fpc1601.pres+agecat+female+racewhite+gichron+anim_any+gicontactbase+rawfood,
+     dat=malibu[!is.na(malibu$fpc1601.pres),],vcv=T)

Call:
glm(formula = formula, family = poisson(link = "log"), data = dat)

Deviance Residuals: 
    Min       1Q   Median       3Q      Max  
-0.8601  -0.3395  -0.2806  -0.2040   2.3697  

Coefficients:
                   Estimate Std. Error z value Pr(>|z|)    
(Intercept)        -2.43962    0.55556  -4.391 1.13e-05 ***
fpc1601.pres1      -0.18340    0.41251  -0.445   0.6566    
agecat5-14         -0.23069    0.55625  -0.415   0.6783    
agecat15-24        -0.68466    0.74889  -0.914   0.3606    
agecat25-34        -0.80452    0.84969  -0.947   0.3437    
agecat35-44        -0.41763    0.75713  -0.552   0.5812    
agecat45-54        -0.03736    0.85120  -0.044   0.9650    
agecat55-64       -16.35740 2272.86214  -0.007   0.9943    
agecat65-74       -15.88464 9426.61688  -0.002   0.9987    
agecat75+         -16.62482 9426.61687  -0.002   0.9986    
female              0.23382    0.41536   0.563   0.5735    
racewhiteYes       -0.56476    0.41600  -1.358   0.1746    
racewhiteMissing  -16.57053 1518.29372  -0.011   0.9913    
gichronYes          1.85906    0.78210   2.377   0.0175 *  
anim_anyYes         0.51001    0.45539   1.120   0.2627    
gicontactbaseYes  -16.21474 1758.83456  -0.009   0.9926    
rawfood            -0.41357    0.63225  -0.654   0.5130    
---
Signif. codes:  0 ‘***’ 0.001 ‘**’ 0.01 ‘*’ 0.05 ‘.’ 0.1 ‘ ’ 1

(Dispersion parameter for poisson family taken to be 1)

    Null deviance: 153.36  on 536  degrees of freedom
Residual deviance: 137.19  on 520  degrees of freedom
AIC: 221.19

Number of Fisher Scoring iterations: 17



Robust, Sandwich Standard Errors Account for Clustering:

z test of coefficients:

                   Estimate Std. Error  z value  Pr(>|z|)    
(Intercept)       -2.439623   0.562907  -4.3340 1.464e-05 ***
fpc1601.pres1     -0.183399   0.413239  -0.4438   0.65718    
agecat5-14        -0.230692   0.570782  -0.4042   0.68609    
agecat15-24       -0.684657   0.678126  -1.0096   0.31267    
agecat25-34       -0.804524   0.881979  -0.9122   0.36167    
agecat35-44       -0.417630   0.810786  -0.5151   0.60649    
agecat45-54       -0.037363   0.863676  -0.0433   0.96549    
agecat55-64      -16.357400   0.732451 -22.3324 < 2.2e-16 ***
agecat65-74      -15.884639   1.322517 -12.0109 < 2.2e-16 ***
agecat75+        -16.624817   1.282866 -12.9591 < 2.2e-16 ***
female             0.233823   0.388040   0.6026   0.54679    
racewhiteYes      -0.564758   0.367307  -1.5376   0.12416    
racewhiteMissing -16.570533   0.458096 -36.1727 < 2.2e-16 ***
gichronYes         1.859057   0.705164   2.6363   0.00838 ** 
anim_anyYes        0.510012   0.451606   1.1293   0.25876    
gicontactbaseYes -16.214740   0.635500 -25.5149 < 2.2e-16 ***
rawfood           -0.413565   0.627610  -0.6590   0.50993    
---
Signif. codes:  0 ‘***’ 0.001 ‘**’ 0.01 ‘*’ 0.05 ‘.’ 0.1 ‘ ’ 1

Warning message:
glm.fit: fitted rates numerically 0 occurred 
> 
> # mission bay
> mbfit3.fmc1601swall = mpreg(gici3~fmc1601.pres+agecat+female+racewhite+gichron+anim_any+gicontactbase+rawfood,
+     dat=mission[!is.na(mission$fmc1601.pres),],vcv=T)

Call:
glm(formula = formula, family = poisson(link = "log"), data = dat)

Deviance Residuals: 
     Min        1Q    Median        3Q       Max  
-0.82649  -0.35844  -0.26685  -0.00007   2.45798  

Coefficients:
                       Estimate Std. Error z value Pr(>|z|)    
(Intercept)          -2.747e+00  4.538e-01  -6.054 1.41e-09 ***
fmc1601.pres1         8.799e-02  3.266e-01   0.269   0.7876    
agecat5-14            2.122e-03  4.069e-01   0.005   0.9958    
agecat15-24          -6.054e-01  6.836e-01  -0.886   0.3759    
agecat25-34           1.610e-01  5.509e-01   0.292   0.7700    
agecat35-44          -1.343e+00  1.068e+00  -1.258   0.2086    
agecat45-54           8.788e-01  6.226e-01   1.412   0.1581    
agecat55-64          -1.658e+01  5.126e+03  -0.003   0.9974    
agecat65-74          -1.687e+01  9.997e+03  -0.002   0.9987    
agecat75+            -1.753e+01  1.554e+04  -0.001   0.9991    
agecatMissing        -3.959e-01  1.067e+00  -0.371   0.7105    
female               -5.640e-01  2.971e-01  -1.898   0.0577 .  
racewhiteYes          5.738e-01  3.452e-01   1.662   0.0964 .  
racewhiteMissing     -1.716e+01  8.690e+02  -0.020   0.9842    
gichronYes           -1.693e+01  4.187e+03  -0.004   0.9968    
anim_anyYes           2.203e-01  3.282e-01   0.671   0.5020    
gicontactbaseYes      6.778e-01  7.484e-01   0.906   0.3651    
gicontactbaseMissing -1.682e+01  2.112e+03  -0.008   0.9936    
rawfood              -1.141e-01  3.134e-01  -0.364   0.7157    
---
Signif. codes:  0 ‘***’ 0.001 ‘**’ 0.01 ‘*’ 0.05 ‘.’ 0.1 ‘ ’ 1

(Dispersion parameter for poisson family taken to be 1)

    Null deviance: 316.80  on 1187  degrees of freedom
Residual deviance: 265.97  on 1169  degrees of freedom
AIC: 403.97

Number of Fisher Scoring iterations: 18



Robust, Sandwich Standard Errors Account for Clustering:

z test of coefficients:

                       Estimate Std. Error  z value  Pr(>|z|)    
(Intercept)           -2.747282   0.432941  -6.3456 2.215e-10 ***
fmc1601.pres1          0.087990   0.340741   0.2582   0.79623    
agecat5-14             0.002122   0.436313   0.0049   0.99612    
agecat15-24           -0.605354   0.845551  -0.7159   0.47404    
agecat25-34            0.161048   0.539864   0.2983   0.76546    
agecat35-44           -1.343274   1.021758  -1.3147   0.18862    
agecat45-54            0.878848   0.583593   1.5059   0.13209    
agecat55-64          -16.579719   0.641621 -25.8404 < 2.2e-16 ***
agecat65-74          -16.867009   1.170752 -14.4070 < 2.2e-16 ***
agecat75+            -17.529151   1.104123 -15.8761 < 2.2e-16 ***
agecatMissing         -0.395939   1.073505  -0.3688   0.71226    
female                -0.563997   0.286201  -1.9706   0.04877 *  
racewhiteYes           0.573818   0.434754   1.3199   0.18688    
racewhiteMissing     -17.164829   0.246586 -69.6098 < 2.2e-16 ***
gichronYes           -16.927237   0.471703 -35.8854 < 2.2e-16 ***
anim_anyYes            0.220340   0.370598   0.5946   0.55214    
gicontactbaseYes       0.677759   0.474501   1.4284   0.15319    
gicontactbaseMissing -16.821894   0.326241 -51.5627 < 2.2e-16 ***
rawfood               -0.114142   0.410736  -0.2779   0.78109    
---
Signif. codes:  0 ‘***’ 0.001 ‘**’ 0.01 ‘*’ 0.05 ‘.’ 0.1 ‘ ’ 1

Warning message:
glm.fit: fitted rates numerically 0 occurred 
> mbfit3.fpc1601swall = mpreg(gici3~fpc1601.pres+agecat+female+racewhite+gichron+anim_any+gicontactbase+rawfood,
+                dat=mission[!is.na(mission$fpc1601.pres),],vcv=T)

Call:
glm(formula = formula, family = poisson(link = "log"), data = dat)

Deviance Residuals: 
     Min        1Q    Median        3Q       Max  
-0.92013  -0.36748  -0.26459  -0.00007   2.46481  

Coefficients:
                       Estimate Std. Error z value Pr(>|z|)    
(Intercept)          -2.681e+00  3.860e-01  -6.946 3.75e-12 ***
fpc1601.pres1         1.065e+00  7.349e-01   1.449   0.1472    
agecat5-14           -1.417e-02  4.073e-01  -0.035   0.9723    
agecat15-24          -6.711e-01  6.856e-01  -0.979   0.3277    
agecat25-34           1.240e-01  5.537e-01   0.224   0.8229    
agecat35-44          -1.339e+00  1.068e+00  -1.254   0.2099    
agecat45-54           8.917e-01  6.226e-01   1.432   0.1521    
agecat55-64          -1.658e+01  5.106e+03  -0.003   0.9974    
agecat65-74          -1.679e+01  1.001e+04  -0.002   0.9987    
agecat75+            -1.749e+01  1.554e+04  -0.001   0.9991    
agecatMissing        -3.929e-01  1.066e+00  -0.368   0.7125    
female               -5.633e-01  2.972e-01  -1.895   0.0581 .  
racewhiteYes          5.822e-01  3.449e-01   1.688   0.0914 .  
racewhiteMissing     -1.717e+01  8.629e+02  -0.020   0.9841    
gichronYes           -1.695e+01  4.184e+03  -0.004   0.9968    
anim_anyYes           1.806e-01  3.296e-01   0.548   0.5838    
gicontactbaseYes      7.300e-01  7.472e-01   0.977   0.3286    
gicontactbaseMissing -1.686e+01  2.094e+03  -0.008   0.9936    
rawfood              -1.304e-01  3.144e-01  -0.415   0.6783    
---
Signif. codes:  0 ‘***’ 0.001 ‘**’ 0.01 ‘*’ 0.05 ‘.’ 0.1 ‘ ’ 1

(Dispersion parameter for poisson family taken to be 1)

    Null deviance: 316.80  on 1187  degrees of freedom
Residual deviance: 264.47  on 1169  degrees of freedom
AIC: 402.47

Number of Fisher Scoring iterations: 18



Robust, Sandwich Standard Errors Account for Clustering:

z test of coefficients:

                       Estimate Std. Error  z value  Pr(>|z|)    
(Intercept)           -2.681164   0.344820  -7.7755 7.512e-15 ***
fpc1601.pres1          1.065166   0.770717   1.3820   0.16696    
agecat5-14            -0.014168   0.439507  -0.0322   0.97428    
agecat15-24           -0.671108   0.841325  -0.7977   0.42506    
agecat25-34            0.123954   0.548400   0.2260   0.82118    
agecat35-44           -1.338510   1.004448  -1.3326   0.18267    
agecat45-54            0.891670   0.580676   1.5356   0.12464    
agecat55-64          -16.580596   0.637351 -26.0148 < 2.2e-16 ***
agecat65-74          -16.792361   1.188157 -14.1331 < 2.2e-16 ***
agecat75+            -17.491018   1.105613 -15.8202 < 2.2e-16 ***
agecatMissing         -0.392910   1.070386  -0.3671   0.71356    
female                -0.563327   0.287514  -1.9593   0.05008 .  
racewhiteYes           0.582244   0.450585   1.2922   0.19629    
racewhiteMissing     -17.165085   0.242906 -70.6656 < 2.2e-16 ***
gichronYes           -16.951084   0.457175 -37.0779 < 2.2e-16 ***
anim_anyYes            0.180568   0.392841   0.4596   0.64577    
gicontactbaseYes       0.729970   0.475690   1.5345   0.12489    
gicontactbaseMissing -16.864660   0.338337 -49.8457 < 2.2e-16 ***
rawfood               -0.130403   0.418985  -0.3112   0.75562    
---
Signif. codes:  0 ‘***’ 0.001 ‘**’ 0.01 ‘*’ 0.05 ‘.’ 0.1 ‘ ’ 1

Warning message:
glm.fit: fitted rates numerically 0 occurred 
> 
> 
> #-----------------------------------------
> # 3-day illness and coliphage concentration
> # by berm and groundwater flow conditions
> # by beach
> 
> # interaction tests
> #-----------------------------------------
> # reduced model for LR test
> avfit3.fmc1602.glm.swall = glm(gici3~fmc1602.pres+groundwater+agecat+female+racewhite+gichron+anim_any+gicontactbase+rawfood,
+     dat=avalon,family=poisson(link="log"))
Warning message:
glm.fit: fitted rates numerically 0 occurred 
> # interaction model
> avfit3.fmc1602.gw.swall = glm(gici3~fmc1602.pres*groundwater+agecat+female+racewhite+gichron+anim_any+gicontactbase+rawfood,
+     family=poisson(link="log"),data=avalon)
Warning message:
glm.fit: fitted rates numerically 0 occurred 
> summary(avfit3.fmc1602.gw.swall)

Call:
glm(formula = gici3 ~ fmc1602.pres * groundwater + agecat + female + 
    racewhite + gichron + anim_any + gicontactbase + rawfood, 
    family = poisson(link = "log"), data = avalon)

Deviance Residuals: 
    Min       1Q   Median       3Q      Max  
-0.9025  -0.2969  -0.2341  -0.1916   2.7321  

Coefficients:
                                             Estimate Std. Error z value
(Intercept)                                  -2.63252    0.65236  -4.035
fmc1602.pres1                                -0.19809    0.57869  -0.342
groundwaterAbove median flow                 -0.29812    0.61443  -0.485
agecat5-14                                   -0.77650    0.44114  -1.760
agecat15-24                                  -0.94063    0.62222  -1.512
agecat25-34                                  -0.72232    0.60754  -1.189
agecat35-44                                  -0.71143    0.64213  -1.108
agecat45-54                                  -1.83787    1.07179  -1.715
agecat55-64                                 -16.70336 1436.48680  -0.012
agecat65-74                                 -17.02174 2813.19853  -0.006
agecat75+                                   -17.11116 6450.26403  -0.003
agecatMissing                               -16.21188 9426.61687  -0.002
female                                        0.26233    0.33225   0.790
racewhiteYes                                 -0.16006    0.35828  -0.447
racewhiteMissing                              1.14315    1.10505   1.034
gichronYes                                    0.66570    1.04852   0.635
anim_anyYes                                  -0.35518    0.42537  -0.835
gicontactbaseYes                              1.00253    0.46345   2.163
gicontactbaseMissing                        -15.99868 2660.42851  -0.006
rawfood                                       0.02548    0.44191   0.058
fmc1602.pres1:groundwaterAbove median flow    1.53642    0.74521   2.062
                                           Pr(>|z|)    
(Intercept)                                5.45e-05 ***
fmc1602.pres1                                0.7321    
groundwaterAbove median flow                 0.6275    
agecat5-14                                   0.0784 .  
agecat15-24                                  0.1306    
agecat25-34                                  0.2345    
agecat35-44                                  0.2679    
agecat45-54                                  0.0864 .  
agecat55-64                                  0.9907    
agecat65-74                                  0.9952    
agecat75+                                    0.9979    
agecatMissing                                0.9986    
female                                       0.4298    
racewhiteYes                                 0.6551    
racewhiteMissing                             0.3009    
gichronYes                                   0.5255    
anim_anyYes                                  0.4037    
gicontactbaseYes                             0.0305 *  
gicontactbaseMissing                         0.9952    
rawfood                                      0.9540    
fmc1602.pres1:groundwaterAbove median flow   0.0392 *  
---
Signif. codes:  0 ‘***’ 0.001 ‘**’ 0.01 ‘*’ 0.05 ‘.’ 0.1 ‘ ’ 1

(Dispersion parameter for poisson family taken to be 1)

    Null deviance: 236.27  on 850  degrees of freedom
Residual deviance: 202.21  on 830  degrees of freedom
AIC: 320.21

Number of Fisher Scoring iterations: 17

> lrtest(avfit3.fmc1602.glm.swall,avfit3.fmc1602.gw.swall)
Likelihood ratio test

Model 1: gici3 ~ fmc1602.pres + groundwater + agecat + female + racewhite + 
    gichron + anim_any + gicontactbase + rawfood
Model 2: gici3 ~ fmc1602.pres * groundwater + agecat + female + racewhite + 
    gichron + anim_any + gicontactbase + rawfood
  #Df  LogLik Df  Chisq Pr(>Chisq)  
1  20 -141.16                       
2  21 -139.10  1 4.1057    0.04274 *
---
Signif. codes:  0 ‘***’ 0.001 ‘**’ 0.01 ‘*’ 0.05 ‘.’ 0.1 ‘ ’ 1
> 
> # reduced model for LR test
> avfit3.fpc1601.glm.swall = glm(gici3~fpc1601.pres+groundwater+agecat+female+racewhite+gichron+anim_any+gicontactbase+rawfood,
+     dat=avalon,family=poisson(link="log"))
Warning message:
glm.fit: fitted rates numerically 0 occurred 
> # interaction model
> avfit3.fpc1601.gw.swall = glm(gici3~fpc1601.pres*groundwater+agecat+female+racewhite+gichron+anim_any+gicontactbase+rawfood,
+     dat=avalon,family=poisson(link="log"))
Warning message:
glm.fit: fitted rates numerically 0 occurred 
> summary(avfit3.fpc1601.gw.swall)

Call:
glm(formula = gici3 ~ fpc1601.pres * groundwater + agecat + female + 
    racewhite + gichron + anim_any + gicontactbase + rawfood, 
    family = poisson(link = "log"), data = avalon)

Deviance Residuals: 
    Min       1Q   Median       3Q      Max  
-0.8380  -0.3339  -0.2443  -0.1805   2.6659  

Coefficients:
                                             Estimate Std. Error z value
(Intercept)                                  -2.12711    0.78556  -2.708
fpc1601.pres1                                -0.64191    0.67432  -0.952
groundwaterAbove median flow                 -0.95504    0.94295  -1.013
agecat5-14                                   -0.90621    0.44036  -2.058
agecat15-24                                  -1.13729    0.63224  -1.799
agecat25-34                                  -0.92906    0.60666  -1.531
agecat35-44                                  -0.99963    0.63664  -1.570
agecat45-54                                  -2.13080    1.08046  -1.972
agecat55-64                                 -16.73602 1438.49119  -0.012
agecat65-74                                 -17.02190 2895.70039  -0.006
agecat75+                                   -17.03863 6602.59878  -0.003
agecatMissing                               -17.32198 9426.61686  -0.002
female                                        0.30273    0.33206   0.912
racewhiteYes                                 -0.13902    0.35908  -0.387
racewhiteMissing                              1.49179    1.11904   1.333
gichronYes                                    0.72707    1.05725   0.688
anim_anyYes                                  -0.44872    0.42772  -1.049
gicontactbaseYes                              1.08969    0.46459   2.345
gicontactbaseMissing                        -15.91156 2651.41200  -0.006
rawfood                                       0.05934    0.44140   0.134
fpc1601.pres1:groundwaterAbove median flow    1.88248    1.01171   1.861
                                           Pr(>|z|)   
(Intercept)                                 0.00677 **
fpc1601.pres1                               0.34113   
groundwaterAbove median flow                0.31115   
agecat5-14                                  0.03960 * 
agecat15-24                                 0.07205 . 
agecat25-34                                 0.12566   
agecat35-44                                 0.11638   
agecat45-54                                 0.04860 * 
agecat55-64                                 0.99072   
agecat65-74                                 0.99531   
agecat75+                                   0.99794   
agecatMissing                               0.99853   
female                                      0.36194   
racewhiteYes                                0.69863   
racewhiteMissing                            0.18250   
gichronYes                                  0.49165   
anim_anyYes                                 0.29413   
gicontactbaseYes                            0.01900 * 
gicontactbaseMissing                        0.99521   
rawfood                                     0.89306   
fpc1601.pres1:groundwaterAbove median flow  0.06279 . 
---
Signif. codes:  0 ‘***’ 0.001 ‘**’ 0.01 ‘*’ 0.05 ‘.’ 0.1 ‘ ’ 1

(Dispersion parameter for poisson family taken to be 1)

    Null deviance: 236.27  on 850  degrees of freedom
Residual deviance: 207.00  on 830  degrees of freedom
AIC: 325

Number of Fisher Scoring iterations: 17

> lrtest(avfit3.fpc1601.glm.swall,avfit3.fpc1601.gw.swall)
Likelihood ratio test

Model 1: gici3 ~ fpc1601.pres + groundwater + agecat + female + racewhite + 
    gichron + anim_any + gicontactbase + rawfood
Model 2: gici3 ~ fpc1601.pres * groundwater + agecat + female + racewhite + 
    gichron + anim_any + gicontactbase + rawfood
  #Df  LogLik Df  Chisq Pr(>Chisq)  
1  20 -143.26                       
2  21 -141.50  1 3.5116    0.06094 .
---
Signif. codes:  0 ‘***’ 0.001 ‘**’ 0.01 ‘*’ 0.05 ‘.’ 0.1 ‘ ’ 1
> 
> # reduced model for LR test
> avfit3.fpc1602.glm.swall = glm(gici3~fpc1602.pres+groundwater+agecat+female+racewhite+gichron+anim_any+gicontactbase+rawfood,
+     dat=avalon,family=poisson(link="log"))
Warning message:
glm.fit: fitted rates numerically 0 occurred 
> # interaction model
> avfit3.fpc1602.gw.swall = glm(gici3~fpc1602.pres*groundwater+agecat+female+racewhite+gichron+anim_any+gicontactbase+rawfood,
+     dat=avalon,family=poisson(link="log"))
Warning message:
glm.fit: fitted rates numerically 0 occurred 
> summary(avfit3.fpc1602.gw.swall)

Call:
glm(formula = gici3 ~ fpc1602.pres * groundwater + agecat + female + 
    racewhite + gichron + anim_any + gicontactbase + rawfood, 
    family = poisson(link = "log"), data = avalon)

Deviance Residuals: 
    Min       1Q   Median       3Q      Max  
-0.7364  -0.3122  -0.2566  -0.1894   2.8191  

Coefficients:
                                             Estimate Std. Error z value
(Intercept)                                  -2.82334    0.55922  -5.049
fpc1602.pres1                                 1.95694    1.06750   1.833
groundwaterAbove median flow                  0.69240    0.36314   1.907
agecat5-14                                   -0.89033    0.43773  -2.034
agecat15-24                                  -1.14384    0.62152  -1.840
agecat25-34                                  -0.95845    0.61212  -1.566
agecat35-44                                  -0.96167    0.62928  -1.528
agecat45-54                                  -1.98862    1.07131  -1.856
agecat55-64                                 -16.83264 1429.64356  -0.012
agecat65-74                                 -16.87246 2929.20613  -0.006
agecat75+                                   -16.96655 6653.85407  -0.003
agecatMissing                               -17.11769 9426.61686  -0.002
female                                        0.37159    0.33226   1.118
racewhiteYes                                 -0.05395    0.35912  -0.150
racewhiteMissing                              1.12707    1.11780   1.008
gichronYes                                    0.69754    1.08294   0.644
anim_anyYes                                  -0.47234    0.43121  -1.095
gicontactbaseYes                              1.13553    0.46800   2.426
gicontactbaseMissing                        -15.80452 2624.84486  -0.006
rawfood                                       0.02496    0.43806   0.057
fpc1602.pres1:groundwaterAbove median flow   -1.44869    1.30778  -1.108
                                           Pr(>|z|)    
(Intercept)                                4.45e-07 ***
fpc1602.pres1                                0.0668 .  
groundwaterAbove median flow                 0.0566 .  
agecat5-14                                   0.0420 *  
agecat15-24                                  0.0657 .  
agecat25-34                                  0.1174    
agecat35-44                                  0.1265    
agecat45-54                                  0.0634 .  
agecat55-64                                  0.9906    
agecat65-74                                  0.9954    
agecat75+                                    0.9980    
agecatMissing                                0.9986    
female                                       0.2634    
racewhiteYes                                 0.8806    
racewhiteMissing                             0.3133    
gichronYes                                   0.5195    
anim_anyYes                                  0.2734    
gicontactbaseYes                             0.0153 *  
gicontactbaseMissing                         0.9952    
rawfood                                      0.9546    
fpc1602.pres1:groundwaterAbove median flow   0.2680    
---
Signif. codes:  0 ‘***’ 0.001 ‘**’ 0.01 ‘*’ 0.05 ‘.’ 0.1 ‘ ’ 1

(Dispersion parameter for poisson family taken to be 1)

    Null deviance: 236.27  on 850  degrees of freedom
Residual deviance: 208.98  on 830  degrees of freedom
AIC: 326.98

Number of Fisher Scoring iterations: 17

> lrtest(avfit3.fpc1602.glm.swall,avfit3.fpc1602.gw.swall)
Likelihood ratio test

Model 1: gici3 ~ fpc1602.pres + groundwater + agecat + female + racewhite + 
    gichron + anim_any + gicontactbase + rawfood
Model 2: gici3 ~ fpc1602.pres * groundwater + agecat + female + racewhite + 
    gichron + anim_any + gicontactbase + rawfood
  #Df  LogLik Df  Chisq Pr(>Chisq)
1  20 -143.01                     
2  21 -142.49  1 1.0386     0.3081
> 
> # berm always closed when fmc1601 measured so no interaction assessment
> 
> # reduced model for LR test
> dofit3.fmc1602.glm.swall = glm(gici3~fmc1602.pres+berm+agecat+female+racewhite+gichron+anim_any+gicontactbase+rawfood,
+     dat=doheny,family=poisson(link="log"))
> # interaction model
> dofit3.fmc1602.berm.swall = glm(gici3~fmc1602.pres*berm+agecat+female+racewhite+gichron+anim_any+gicontactbase+rawfood,
+     dat=doheny,family=poisson(link="log"))
> summary(dofit3.fmc1602.berm.swall)

Call:
glm(formula = gici3 ~ fmc1602.pres * berm + agecat + female + 
    racewhite + gichron + anim_any + gicontactbase + rawfood, 
    family = poisson(link = "log"), data = doheny)

Deviance Residuals: 
    Min       1Q   Median       3Q      Max  
-0.6600  -0.3435  -0.2871  -0.2454   2.4238  

Coefficients:
                         Estimate Std. Error z value Pr(>|z|)    
(Intercept)              -2.86551    0.53510  -5.355 8.55e-08 ***
fmc1602.pres1             0.28905    0.41431   0.698    0.485    
bermOpen                 -0.14061    1.07569  -0.131    0.896    
agecat5-14               -0.61277    0.39891  -1.536    0.125    
agecat15-24              -0.01188    0.48096  -0.025    0.980    
agecat25-34              -0.84813    0.68779  -1.233    0.218    
agecat35-44              -0.15474    0.51706  -0.299    0.765    
agecat45-54              -0.04723    0.58172  -0.081    0.935    
agecat55-64             -14.67285  725.46646  -0.020    0.984    
agecat65-74             -14.55803 3467.85856  -0.004    0.997    
agecatMissing           -14.77872 1467.82920  -0.010    0.992    
female                   -0.06910    0.28095  -0.246    0.806    
racewhiteYes             -0.09898    0.29474  -0.336    0.737    
racewhiteMissing          0.12975    1.03384   0.126    0.900    
gichronYes                0.83390    1.03716   0.804    0.421    
anim_anyYes              -0.21510    0.34097  -0.631    0.528    
gicontactbaseYes         -1.12606    1.01294  -1.112    0.266    
gicontactbaseMissing      1.16310    0.74399   1.563    0.118    
rawfood                   0.40022    0.32683   1.225    0.221    
fmc1602.pres1:bermOpen    0.37961    1.12831   0.336    0.737    
---
Signif. codes:  0 ‘***’ 0.001 ‘**’ 0.01 ‘*’ 0.05 ‘.’ 0.1 ‘ ’ 1

(Dispersion parameter for poisson family taken to be 1)

    Null deviance: 340.03  on 1165  degrees of freedom
Residual deviance: 324.71  on 1146  degrees of freedom
AIC: 476.71

Number of Fisher Scoring iterations: 15

> lrtest(dofit3.fmc1602.glm.swall,dofit3.fmc1602.berm.swall)
Likelihood ratio test

Model 1: gici3 ~ fmc1602.pres + berm + agecat + female + racewhite + gichron + 
    anim_any + gicontactbase + rawfood
Model 2: gici3 ~ fmc1602.pres * berm + agecat + female + racewhite + gichron + 
    anim_any + gicontactbase + rawfood
  #Df  LogLik Df  Chisq Pr(>Chisq)
1  19 -218.41                     
2  20 -218.35  1 0.1219      0.727
> 
> # reduced model for LR test
> dofit3.fpc1601.glm.swall = glm(gici3~fpc1601.pres+berm+agecat+female+racewhite+gichron+anim_any+gicontactbase+rawfood,
+     dat=doheny,family=poisson(link="log"))
> # interaction model
> dofit3.fpc1601.berm.swall = glm(gici3~fpc1601.pres*berm+agecat+female+racewhite+gichron+anim_any+gicontactbase+rawfood,
+     dat=doheny,family=poisson(link="log"))
> summary(dofit3.fpc1601.berm.swall)

Call:
glm(formula = gici3 ~ fpc1601.pres * berm + agecat + female + 
    racewhite + gichron + anim_any + gicontactbase + rawfood, 
    family = poisson(link = "log"), data = doheny)

Deviance Residuals: 
    Min       1Q   Median       3Q      Max  
-0.6409  -0.3471  -0.2819  -0.2542   2.3237  

Coefficients:
                         Estimate Std. Error z value Pr(>|z|)    
(Intercept)              -2.36460    0.54450  -4.343 1.41e-05 ***
fpc1601.pres1            -0.36215    0.44464  -0.814    0.415    
bermOpen                  0.25308    0.71230   0.355    0.722    
agecat5-14               -0.58599    0.39878  -1.469    0.142    
agecat15-24               0.03706    0.48054   0.077    0.939    
agecat25-34              -0.82461    0.68775  -1.199    0.231    
agecat35-44              -0.12195    0.51567  -0.236    0.813    
agecat45-54               0.03235    0.58180   0.056    0.956    
agecat55-64             -14.65241  723.78589  -0.020    0.984    
agecat65-74             -14.45616 3467.85856  -0.004    0.997    
agecatMissing           -14.80716 1504.53967  -0.010    0.992    
female                   -0.03840    0.28238  -0.136    0.892    
racewhiteYes             -0.08128    0.29445  -0.276    0.783    
racewhiteMissing          0.15443    1.03466   0.149    0.881    
gichronYes                0.85582    1.03771   0.825    0.410    
anim_anyYes              -0.22460    0.34065  -0.659    0.510    
gicontactbaseYes         -1.08529    1.01309  -1.071    0.284    
gicontactbaseMissing      1.18804    0.74665   1.591    0.112    
rawfood                   0.39576    0.32590   1.214    0.225    
fpc1601.pres1:bermOpen   -0.08465    0.80212  -0.106    0.916    
---
Signif. codes:  0 ‘***’ 0.001 ‘**’ 0.01 ‘*’ 0.05 ‘.’ 0.1 ‘ ’ 1

(Dispersion parameter for poisson family taken to be 1)

    Null deviance: 340.03  on 1165  degrees of freedom
Residual deviance: 324.70  on 1146  degrees of freedom
AIC: 476.7

Number of Fisher Scoring iterations: 15

> lrtest(dofit3.fpc1601.glm.swall,dofit3.fpc1601.berm.swall)
Likelihood ratio test

Model 1: gici3 ~ fpc1601.pres + berm + agecat + female + racewhite + gichron + 
    anim_any + gicontactbase + rawfood
Model 2: gici3 ~ fpc1601.pres * berm + agecat + female + racewhite + gichron + 
    anim_any + gicontactbase + rawfood
  #Df  LogLik Df  Chisq Pr(>Chisq)
1  19 -218.36                     
2  20 -218.35  1 0.0111     0.9162
> 
> # reduced model for LR test
> dofit3.fpc1602.glm.swall = glm(gici3~fpc1602.pres+berm+agecat+female+racewhite+gichron+anim_any+gicontactbase+rawfood,
+     dat=doheny,family=poisson(link="log"))
> # interaction model
> dofit3.fpc1602.berm.swall = glm(gici3~fpc1602.pres*berm+agecat+female+racewhite+gichron+anim_any+gicontactbase+rawfood,
+     dat=doheny,family=poisson(link="log"))
> summary(dofit3.fpc1602.berm.swall)

Call:
glm(formula = gici3 ~ fpc1602.pres * berm + agecat + female + 
    racewhite + gichron + anim_any + gicontactbase + rawfood, 
    family = poisson(link = "log"), data = doheny)

Deviance Residuals: 
    Min       1Q   Median       3Q      Max  
-0.6998  -0.3454  -0.2777  -0.2492   2.3805  

Coefficients:
                         Estimate Std. Error z value Pr(>|z|)    
(Intercept)              -2.60737    0.41875  -6.227 4.77e-10 ***
fpc1602.pres1            -1.38622    1.01771  -1.362   0.1732    
bermOpen                  0.01642    0.35836   0.046   0.9634    
agecat5-14               -0.61842    0.39848  -1.552   0.1207    
agecat15-24              -0.01448    0.47856  -0.030   0.9759    
agecat25-34              -0.94671    0.70055  -1.351   0.1766    
agecat35-44              -0.19312    0.51663  -0.374   0.7086    
agecat45-54              -0.13115    0.60219  -0.218   0.8276    
agecat55-64             -14.66933  721.44821  -0.020   0.9838    
agecat65-74             -14.62669 3467.85856  -0.004   0.9966    
agecatMissing           -14.87377 1492.81441  -0.010   0.9921    
female                   -0.02197    0.28363  -0.077   0.9383    
racewhiteYes             -0.04656    0.29511  -0.158   0.8746    
racewhiteMissing          0.08275    1.03451   0.080   0.9362    
gichronYes                0.66602    1.04770   0.636   0.5250    
anim_anyYes              -0.19451    0.34198  -0.569   0.5695    
gicontactbaseYes         -1.00928    1.01377  -0.996   0.3195    
gicontactbaseMissing      1.05554    0.74422   1.418   0.1561    
rawfood                   0.45339    0.32732   1.385   0.1660    
fpc1602.pres1:bermOpen    2.70130    1.31054   2.061   0.0393 *  
---
Signif. codes:  0 ‘***’ 0.001 ‘**’ 0.01 ‘*’ 0.05 ‘.’ 0.1 ‘ ’ 1

(Dispersion parameter for poisson family taken to be 1)

    Null deviance: 340.03  on 1165  degrees of freedom
Residual deviance: 320.75  on 1146  degrees of freedom
AIC: 472.75

Number of Fisher Scoring iterations: 15

> lrtest(dofit3.fpc1602.glm.swall,dofit3.fpc1602.berm.swall)
Likelihood ratio test

Model 1: gici3 ~ fpc1602.pres + berm + agecat + female + racewhite + gichron + 
    anim_any + gicontactbase + rawfood
Model 2: gici3 ~ fpc1602.pres * berm + agecat + female + racewhite + gichron + 
    anim_any + gicontactbase + rawfood
  #Df  LogLik Df  Chisq Pr(>Chisq)  
1  19 -218.59                       
2  20 -216.37  1 4.4382    0.03514 *
---
Signif. codes:  0 ‘***’ 0.001 ‘**’ 0.01 ‘*’ 0.05 ‘.’ 0.1 ‘ ’ 1
> 
> # reduced model for LR test
> mafit3.fpc1601.glm.swall = glm(gici3~fpc1601.pres+agecat+female+racewhite+gichron+anim_any+gicontactbase+rawfood,
+     dat=malibu[!is.na(malibu$fpc1601.pres),],family=poisson(link="log"))
Warning message:
glm.fit: fitted rates numerically 0 occurred 
> # interaction model
> mafit3.fpc1601.berm.swall = glm(gici3~fpc1601.pres*berm+agecat+female+racewhite+gichron+anim_any+gicontactbase+rawfood,
+     dat=malibu[!is.na(malibu$fpc1601.pres),],family=poisson(link="log"))
Warning message:
glm.fit: fitted rates numerically 0 occurred 
> summary(mafit3.fpc1601.berm.swall)

Call:
glm(formula = gici3 ~ fpc1601.pres * berm + agecat + female + 
    racewhite + gichron + anim_any + gicontactbase + rawfood, 
    family = poisson(link = "log"), data = malibu[!is.na(malibu$fpc1601.pres), 
        ])

Deviance Residuals: 
    Min       1Q   Median       3Q      Max  
-0.8951  -0.3464  -0.2730  -0.1997   2.3361  

Coefficients:
                         Estimate Std. Error z value Pr(>|z|)    
(Intercept)              -2.45569    0.55805  -4.400 1.08e-05 ***
fpc1601.pres1            -0.21924    0.49187  -0.446   0.6558    
bermOpen                  0.48428    1.06102   0.456   0.6481    
agecat5-14               -0.25468    0.55918  -0.455   0.6488    
agecat15-24              -0.72138    0.75452  -0.956   0.3390    
agecat25-34              -0.81582    0.85027  -0.959   0.3373    
agecat35-44              -0.41362    0.75670  -0.547   0.5846    
agecat45-54              -0.02771    0.85402  -0.032   0.9741    
agecat55-64             -16.35583 2266.24363  -0.007   0.9942    
agecat65-74             -15.83705 9426.61688  -0.002   0.9987    
agecat75+               -16.57034 9426.61688  -0.002   0.9986    
female                    0.23902    0.41777   0.572   0.5672    
racewhiteYes             -0.57917    0.41721  -1.388   0.1651    
racewhiteMissing        -16.55277 1518.35225  -0.011   0.9913    
gichronYes                1.85942    0.78365   2.373   0.0177 *  
anim_anyYes               0.52184    0.45645   1.143   0.2529    
gicontactbaseYes        -16.16821 1744.86904  -0.009   0.9926    
rawfood                  -0.43068    0.63316  -0.680   0.4964    
fpc1601.pres1:bermOpen   -0.32900    1.19923  -0.274   0.7838    
---
Signif. codes:  0 ‘***’ 0.001 ‘**’ 0.01 ‘*’ 0.05 ‘.’ 0.1 ‘ ’ 1

(Dispersion parameter for poisson family taken to be 1)

    Null deviance: 153.36  on 536  degrees of freedom
Residual deviance: 136.93  on 518  degrees of freedom
AIC: 224.93

Number of Fisher Scoring iterations: 17

> lrtest(mafit3.fpc1601.glm.swall,mafit3.fpc1601.berm.swall)
Likelihood ratio test

Model 1: gici3 ~ fpc1601.pres + agecat + female + racewhite + gichron + 
    anim_any + gicontactbase + rawfood
Model 2: gici3 ~ fpc1601.pres * berm + agecat + female + racewhite + gichron + 
    anim_any + gicontactbase + rawfood
  #Df  LogLik Df  Chisq Pr(>Chisq)
1  17 -93.596                     
2  19 -93.467  2 0.2578     0.8791
> 
> 
> #-----------------------------------------
> # 3-day illness and coliphage concentration
> # by berm and groundwater flow conditions
> # by beach
> 
> # stratified estimates
> #-----------------------------------------
> avfit3.fmc1602.gw.1.swall = mpreg(gici3~fmc1602.pres+agecat+female+racewhite+gichron+anim_any+gicontactbase+rawfood,
+     vcv=T,dat=avalon[avalon$groundwater=="Above median flow",])

Call:
glm(formula = formula, family = poisson(link = "log"), data = dat)

Deviance Residuals: 
    Min       1Q   Median       3Q      Max  
-1.0426  -0.3618  -0.2357  -0.1600   2.4018  

Coefficients:
                      Estimate Std. Error z value Pr(>|z|)    
(Intercept)            -2.7799     0.6974  -3.986 6.71e-05 ***
fmc1602.pres1           1.4149     0.4881   2.899  0.00375 ** 
agecat5-14             -1.0833     0.5536  -1.957  0.05035 .  
agecat15-24            -0.8850     0.7179  -1.233  0.21767    
agecat25-34            -0.7239     0.7125  -1.016  0.30966    
agecat35-44            -0.2031     0.7044  -0.288  0.77307    
agecat45-54           -17.1268  1521.6978  -0.011  0.99102    
agecat55-64           -17.2150  2398.8008  -0.007  0.99427    
agecat65-74           -17.5314  3746.3010  -0.005  0.99627    
agecat75+             -17.6592  9426.6169  -0.002  0.99851    
agecatMissing         -16.2443  9426.6169  -0.002  0.99863    
female                  0.1987     0.4211   0.472  0.63706    
racewhiteYes           -0.2784     0.4509  -0.617  0.53700    
racewhiteMissing        0.7598     1.1502   0.661  0.50889    
gichronYes              1.1388     1.1328   1.005  0.31476    
anim_anyYes            -0.6940     0.6258  -1.109  0.26745    
gicontactbaseYes        0.9265     0.5720   1.620  0.10530    
gicontactbaseMissing  -15.5792  3664.5460  -0.004  0.99661    
rawfood                 0.2018     0.5387   0.375  0.70803    
---
Signif. codes:  0 ‘***’ 0.001 ‘**’ 0.01 ‘*’ 0.05 ‘.’ 0.1 ‘ ’ 1

(Dispersion parameter for poisson family taken to be 1)

    Null deviance: 138.63  on 399  degrees of freedom
Residual deviance: 109.57  on 381  degrees of freedom
AIC: 197.57

Number of Fisher Scoring iterations: 17



Robust, Sandwich Standard Errors Account for Clustering:

z test of coefficients:

                      Estimate Std. Error  z value  Pr(>|z|)    
(Intercept)           -2.77991    0.76941  -3.6131 0.0003026 ***
fmc1602.pres1          1.41489    0.47337   2.9890 0.0027989 ** 
agecat5-14            -1.08331    0.55525  -1.9510 0.0510519 .  
agecat15-24           -0.88499    0.77003  -1.1493 0.2504335    
agecat25-34           -0.72390    0.71393  -1.0140 0.3106027    
agecat35-44           -0.20311    0.68726  -0.2955 0.7675854    
agecat45-54          -17.12679    0.58738 -29.1580 < 2.2e-16 ***
agecat55-64          -17.21497    0.73082 -23.5556 < 2.2e-16 ***
agecat65-74          -17.53138    0.68401 -25.6303 < 2.2e-16 ***
agecat75+            -17.65921    1.15259 -15.3213 < 2.2e-16 ***
agecatMissing        -16.24432    1.21207 -13.4022 < 2.2e-16 ***
female                 0.19868    0.37356   0.5318 0.5948334    
racewhiteYes          -0.27836    0.42183  -0.6599 0.5093340    
racewhiteMissing       0.75982    1.01765   0.7466 0.4552796    
gichronYes             1.13881    0.98858   1.1520 0.2493368    
anim_anyYes           -0.69396    0.79541  -0.8725 0.3829607    
gicontactbaseYes       0.92645    0.55002   1.6844 0.0921032 .  
gicontactbaseMissing -15.57919    1.16634 -13.3574 < 2.2e-16 ***
rawfood                0.20176    0.51499   0.3918 0.6952225    
---
Signif. codes:  0 ‘***’ 0.001 ‘**’ 0.01 ‘*’ 0.05 ‘.’ 0.1 ‘ ’ 1

Warning message:
glm.fit: fitted rates numerically 0 occurred 
> avfit3.fmc1602.gw.0.swall = mpreg(gici3~fmc1602.pres+agecat+female+racewhite+gichron+anim_any+gicontactbase+rawfood,
+     vcv=T,dat=avalon[avalon$groundwater=="Below median flow",])

Call:
glm(formula = formula, family = poisson(link = "log"), data = dat)

Deviance Residuals: 
    Min       1Q   Median       3Q      Max  
-0.7168  -0.2665  -0.2350  -0.1614   2.3087  

Coefficients:
                       Estimate Std. Error z value Pr(>|z|)   
(Intercept)             -2.9105     0.9974  -2.918  0.00352 **
fmc1602.pres1           -0.3900     0.5934  -0.657  0.51098   
agecat5-14              -0.2329     0.7968  -0.292  0.77008   
agecat15-24             -1.0605     1.2420  -0.854  0.39318   
agecat25-34             -0.7023     1.2748  -0.551  0.58169   
agecat35-44            -17.3065  2105.7242  -0.008  0.99344   
agecat45-54             -0.6161     1.2459  -0.494  0.62097   
agecat55-64            -17.1624  2895.6172  -0.006  0.99527   
agecat65-74            -17.1389  7715.3050  -0.002  0.99823   
agecat75+              -17.1415 15541.8637  -0.001  0.99912   
female                   0.1955     0.5638   0.347  0.72880   
racewhiteYes            -0.0560     0.6155  -0.091  0.92750   
gichronYes             -15.9646  5278.0099  -0.003  0.99759   
anim_anyYes              0.1226     0.6073   0.202  0.84003   
gicontactbaseYes         1.6795     0.7949   2.113  0.03462 * 
gicontactbaseMissing   -16.7324  5993.4216  -0.003  0.99777   
rawfood                 -0.2821     0.8196  -0.344  0.73071   
---
Signif. codes:  0 ‘***’ 0.001 ‘**’ 0.01 ‘*’ 0.05 ‘.’ 0.1 ‘ ’ 1

(Dispersion parameter for poisson family taken to be 1)

    Null deviance: 92.209  on 450  degrees of freedom
Residual deviance: 82.100  on 434  degrees of freedom
AIC: 142.1

Number of Fisher Scoring iterations: 18



Robust, Sandwich Standard Errors Account for Clustering:

z test of coefficients:

                       Estimate Std. Error  z value  Pr(>|z|)    
(Intercept)           -2.910540   0.984883  -2.9552  0.003125 ** 
fmc1602.pres1         -0.390034   0.673391  -0.5792  0.562449    
agecat5-14            -0.232889   0.878196  -0.2652  0.790863    
agecat15-24           -1.060524   1.080560  -0.9815  0.326367    
agecat25-34           -0.702334   1.158766  -0.6061  0.544445    
agecat35-44          -17.306543   0.895968 -19.3160 < 2.2e-16 ***
agecat45-54           -0.616065   1.393534  -0.4421  0.658425    
agecat55-64          -17.162429   1.076383 -15.9445 < 2.2e-16 ***
agecat65-74          -17.138883   1.026911 -16.6897 < 2.2e-16 ***
agecat75+            -17.141494   1.319125 -12.9946 < 2.2e-16 ***
female                 0.195484   0.663245   0.2947  0.768193    
racewhiteYes          -0.056002   0.617495  -0.0907  0.927737    
gichronYes           -15.964641   0.728984 -21.8998 < 2.2e-16 ***
anim_anyYes            0.122596   0.568078   0.2158  0.829137    
gicontactbaseYes       1.679471   0.798059   2.1044  0.035340 *  
gicontactbaseMissing -16.732373   0.900514 -18.5809 < 2.2e-16 ***
rawfood               -0.282076   0.777770  -0.3627  0.716849    
---
Signif. codes:  0 ‘***’ 0.001 ‘**’ 0.01 ‘*’ 0.05 ‘.’ 0.1 ‘ ’ 1

Warning message:
glm.fit: fitted rates numerically 0 occurred 
> 
> avfit3.fpc1601.gw.1.swall = mpreg(gici3~fpc1601.pres+agecat+female+racewhite+gichron+anim_any+gicontactbase+rawfood,
+     vcv=T,dat=avalon[avalon$groundwater=="Above median flow",])

Call:
glm(formula = formula, family = poisson(link = "log"), data = dat)

Deviance Residuals: 
    Min       1Q   Median       3Q      Max  
-1.0134  -0.3896  -0.2955  -0.1687   2.2707  

Coefficients:
                      Estimate Std. Error z value Pr(>|z|)    
(Intercept)            -3.0051     0.9061  -3.316 0.000912 ***
fpc1601.pres1           1.3752     0.7777   1.768 0.077008 .  
agecat5-14             -1.2287     0.5537  -2.219 0.026490 *  
agecat15-24            -1.0300     0.7187  -1.433 0.151827    
agecat25-34            -0.9486     0.7112  -1.334 0.182232    
agecat35-44            -0.6113     0.7024  -0.870 0.384189    
agecat45-54           -17.5355  1540.5385  -0.011 0.990918    
agecat55-64           -17.2839  2290.4931  -0.008 0.993979    
agecat65-74           -17.4870  3806.8878  -0.005 0.996335    
agecat75+             -17.3999  9426.6169  -0.002 0.998527    
agecatMissing         -17.3999  9426.6169  -0.002 0.998527    
female                  0.2805     0.4214   0.666 0.505720    
racewhiteYes           -0.2729     0.4585  -0.595 0.551742    
racewhiteMissing        1.2942     1.1699   1.106 0.268608    
gichronYes              1.1812     1.1492   1.028 0.304009    
anim_anyYes            -0.8969     0.6436  -1.393 0.163476    
gicontactbaseYes        1.0941     0.5820   1.880 0.060142 .  
gicontactbaseMissing  -15.1654  3669.3961  -0.004 0.996702    
rawfood                 0.2901     0.5394   0.538 0.590749    
---
Signif. codes:  0 ‘***’ 0.001 ‘**’ 0.01 ‘*’ 0.05 ‘.’ 0.1 ‘ ’ 1

(Dispersion parameter for poisson family taken to be 1)

    Null deviance: 138.63  on 399  degrees of freedom
Residual deviance: 114.97  on 381  degrees of freedom
AIC: 202.97

Number of Fisher Scoring iterations: 17



Robust, Sandwich Standard Errors Account for Clustering:

z test of coefficients:

                      Estimate Std. Error  z value  Pr(>|z|)    
(Intercept)           -3.00505    0.80987  -3.7105 0.0002068 ***
fpc1601.pres1          1.37521    0.59631   2.3062 0.0211003 *  
agecat5-14            -1.22874    0.57015  -2.1551 0.0311541 *  
agecat15-24           -1.03004    0.77518  -1.3288 0.1839208    
agecat25-34           -0.94864    0.73579  -1.2893 0.1973042    
agecat35-44           -0.61126    0.74532  -0.8201 0.4121397    
agecat45-54          -17.53551    0.64758 -27.0784 < 2.2e-16 ***
agecat55-64          -17.28389    0.88243 -19.5867 < 2.2e-16 ***
agecat65-74          -17.48704    0.68792 -25.4201 < 2.2e-16 ***
agecat75+            -17.39985    1.15462 -15.0697 < 2.2e-16 ***
agecatMissing        -17.39985    1.15150 -15.1107 < 2.2e-16 ***
female                 0.28047    0.39647   0.7074 0.4793090    
racewhiteYes          -0.27289    0.44245  -0.6168 0.5373831    
racewhiteMissing       1.29420    0.98967   1.3077 0.1909748    
gichronYes             1.18121    0.96066   1.2296 0.2188529    
anim_anyYes           -0.89689    0.91264  -0.9827 0.3257332    
gicontactbaseYes       1.09408    0.62055   1.7631 0.0778887 .  
gicontactbaseMissing -15.16535    1.16759 -12.9885 < 2.2e-16 ***
rawfood                0.29009    0.53201   0.5453 0.5855660    
---
Signif. codes:  0 ‘***’ 0.001 ‘**’ 0.01 ‘*’ 0.05 ‘.’ 0.1 ‘ ’ 1

Warning message:
glm.fit: fitted rates numerically 0 occurred 
> avfit3.fpc1601.gw.0.swall = mpreg(gici3~fpc1601.pres+agecat+female+racewhite+gichron+anim_any+gicontactbase+rawfood,
+     vcv=T,dat=avalon[avalon$groundwater=="Below median flow",])

Call:
glm(formula = formula, family = poisson(link = "log"), data = dat)

Deviance Residuals: 
    Min       1Q   Median       3Q      Max  
-0.8045  -0.2643  -0.2349  -0.1485   2.2884  

Coefficients:
                       Estimate Std. Error z value Pr(>|z|)  
(Intercept)             -2.3948     1.1206  -2.137   0.0326 *
fpc1601.pres1           -0.8266     0.6946  -1.190   0.2340  
agecat5-14              -0.3295     0.7981  -0.413   0.6797  
agecat15-24             -1.3135     1.2789  -1.027   0.3044  
agecat25-34             -0.8583     1.2773  -0.672   0.5016  
agecat35-44            -17.3923  2098.0529  -0.008   0.9934  
agecat45-54             -0.7547     1.2518  -0.603   0.5466  
agecat55-64            -17.1702  2899.6102  -0.006   0.9953  
agecat65-74            -17.2817  7720.2096  -0.002   0.9982  
agecat75+              -17.2376 15541.8637  -0.001   0.9991  
female                   0.1964     0.5618   0.350   0.7266  
racewhiteYes            -0.0399     0.6141  -0.065   0.9482  
gichronYes             -16.0457  5292.5893  -0.003   0.9976  
anim_anyYes              0.1853     0.6083   0.305   0.7606  
gicontactbaseYes         1.5961     0.7767   2.055   0.0399 *
gicontactbaseMissing   -16.9004  5944.5538  -0.003   0.9977  
rawfood                 -0.3145     0.8094  -0.389   0.6976  
---
Signif. codes:  0 ‘***’ 0.001 ‘**’ 0.01 ‘*’ 0.05 ‘.’ 0.1 ‘ ’ 1

(Dispersion parameter for poisson family taken to be 1)

    Null deviance: 92.209  on 450  degrees of freedom
Residual deviance: 81.281  on 434  degrees of freedom
AIC: 141.28

Number of Fisher Scoring iterations: 18



Robust, Sandwich Standard Errors Account for Clustering:

z test of coefficients:

                       Estimate Std. Error  z value Pr(>|z|)    
(Intercept)           -2.394794   1.064281  -2.2502  0.02444 *  
fpc1601.pres1         -0.826650   0.829585  -0.9965  0.31903    
agecat5-14            -0.329447   0.826719  -0.3985  0.69026    
agecat15-24           -1.313522   1.063658  -1.2349  0.21686    
agecat25-34           -0.858338   1.186155  -0.7236  0.46929    
agecat35-44          -17.392275   0.842730 -20.6380  < 2e-16 ***
agecat45-54           -0.754697   1.214319  -0.6215  0.53427    
agecat55-64          -17.170212   1.013342 -16.9441  < 2e-16 ***
agecat65-74          -17.281705   0.921578 -18.7523  < 2e-16 ***
agecat75+            -17.237655   1.284855 -13.4160  < 2e-16 ***
female                 0.196415   0.641811   0.3060  0.75958    
racewhiteYes          -0.039902   0.612582  -0.0651  0.94807    
gichronYes           -16.045738   0.749981 -21.3949  < 2e-16 ***
anim_anyYes            0.185341   0.591454   0.3134  0.75400    
gicontactbaseYes       1.596126   0.773500   2.0635  0.03906 *  
gicontactbaseMissing -16.900370   0.864622 -19.5465  < 2e-16 ***
rawfood               -0.314516   0.798167  -0.3940  0.69355    
---
Signif. codes:  0 ‘***’ 0.001 ‘**’ 0.01 ‘*’ 0.05 ‘.’ 0.1 ‘ ’ 1

Warning message:
glm.fit: fitted rates numerically 0 occurred 
> 
> avfit3.fpc1602.gw.1.swall = mpreg(gici3~fpc1602.pres+agecat+female+racewhite+gichron+anim_any+gicontactbase+rawfood,
+     vcv=T,dat=avalon[avalon$groundwater=="Above median flow",])

Call:
glm(formula = formula, family = poisson(link = "log"), data = dat)

Deviance Residuals: 
    Min       1Q   Median       3Q      Max  
-0.7866  -0.3746  -0.2906  -0.1907   2.2968  

Coefficients:
                      Estimate Std. Error z value Pr(>|z|)   
(Intercept)            -1.9495     0.5964  -3.269  0.00108 **
fpc1602.pres1           0.5036     0.7620   0.661  0.50867   
agecat5-14             -1.2261     0.5472  -2.241  0.02504 * 
agecat15-24            -1.0904     0.7151  -1.525  0.12727   
agecat25-34            -1.1147     0.7205  -1.547  0.12184   
agecat35-44            -0.6491     0.6792  -0.956  0.33928   
agecat45-54           -17.4997  1608.5640  -0.011  0.99132   
agecat55-64           -17.3190  2450.4636  -0.007  0.99436   
agecat65-74           -17.2674  3798.2001  -0.005  0.99637   
agecat75+             -17.2328  9426.6169  -0.002  0.99854   
agecatMissing         -17.2328  9426.6169  -0.002  0.99854   
female                  0.3930     0.4150   0.947  0.34367   
racewhiteYes           -0.1204     0.4501  -0.267  0.78915   
racewhiteMissing        0.9665     1.1754   0.822  0.41090   
gichronYes              1.0922     1.1818   0.924  0.35540   
anim_anyYes            -0.8434     0.6406  -1.317  0.18799   
gicontactbaseYes        1.1041     0.5824   1.896  0.05801 . 
gicontactbaseMissing  -14.9994  3599.2274  -0.004  0.99667   
rawfood                 0.1738     0.5269   0.330  0.74151   
---
Signif. codes:  0 ‘***’ 0.001 ‘**’ 0.01 ‘*’ 0.05 ‘.’ 0.1 ‘ ’ 1

(Dispersion parameter for poisson family taken to be 1)

    Null deviance: 138.63  on 399  degrees of freedom
Residual deviance: 118.95  on 381  degrees of freedom
AIC: 206.95

Number of Fisher Scoring iterations: 17



Robust, Sandwich Standard Errors Account for Clustering:

z test of coefficients:

                      Estimate Std. Error  z value  Pr(>|z|)    
(Intercept)           -1.94946    0.63564  -3.0669  0.002163 ** 
fpc1602.pres1          0.50359    0.67240   0.7489  0.453887    
agecat5-14            -1.22608    0.56679  -2.1632  0.030525 *  
agecat15-24           -1.09044    0.76897  -1.4181  0.156176    
agecat25-34           -1.11467    0.72392  -1.5398  0.123614    
agecat35-44           -0.64905    0.71437  -0.9086  0.363581    
agecat45-54          -17.49969    0.58087 -30.1269 < 2.2e-16 ***
agecat55-64          -17.31902    0.71687 -24.1591 < 2.2e-16 ***
agecat65-74          -17.26735    0.66249 -26.0643 < 2.2e-16 ***
agecat75+            -17.23275    1.14852 -15.0043 < 2.2e-16 ***
agecatMissing        -17.23275    1.14560 -15.0426 < 2.2e-16 ***
female                 0.39297    0.37460   1.0491  0.294153    
racewhiteYes          -0.12037    0.42752  -0.2816  0.778282    
racewhiteMissing       0.96650    0.72704   1.3294  0.183726    
gichronYes             1.09221    0.80726   1.3530  0.176061    
anim_anyYes           -0.84341    0.89149  -0.9461  0.344114    
gicontactbaseYes       1.10406    0.59905   1.8430  0.065325 .  
gicontactbaseMissing -14.99940    1.13879 -13.1713 < 2.2e-16 ***
rawfood                0.17380    0.52417   0.3316  0.740217    
---
Signif. codes:  0 ‘***’ 0.001 ‘**’ 0.01 ‘*’ 0.05 ‘.’ 0.1 ‘ ’ 1

Warning message:
glm.fit: fitted rates numerically 0 occurred 
> avfit3.fpc1602.gw.0.swall = mpreg(gici3~fpc1602.pres+agecat+female+racewhite+gichron+anim_any+gicontactbase+rawfood,
+     vcv=T,dat=avalon[avalon$groundwater=="Below median flow",])

Call:
glm(formula = formula, family = poisson(link = "log"), data = dat)

Deviance Residuals: 
    Min       1Q   Median       3Q      Max  
-0.7123  -0.2717  -0.2399  -0.1615   2.2693  

Coefficients:
                       Estimate Std. Error z value Pr(>|z|)    
(Intercept)          -3.294e+00  9.886e-01  -3.332 0.000862 ***
fpc1602.pres1         1.815e+00  1.109e+00   1.637 0.101621    
agecat5-14           -2.295e-01  8.005e-01  -0.287 0.774343    
agecat15-24          -1.041e+00  1.248e+00  -0.834 0.404336    
agecat25-34          -5.694e-01  1.287e+00  -0.442 0.658166    
agecat35-44          -1.720e+01  2.090e+03  -0.008 0.993433    
agecat45-54          -4.947e-01  1.246e+00  -0.397 0.691389    
agecat55-64          -1.724e+01  2.816e+03  -0.006 0.995116    
agecat65-74          -1.715e+01  7.692e+03  -0.002 0.998221    
agecat75+            -1.725e+01  1.554e+04  -0.001 0.999114    
female                2.470e-01  5.678e-01   0.435 0.663555    
racewhiteYes         -6.198e-03  6.288e-01  -0.010 0.992135    
gichronYes           -1.576e+01  5.287e+03  -0.003 0.997622    
anim_anyYes           2.298e-02  6.228e-01   0.037 0.970568    
gicontactbaseYes      1.658e+00  7.910e-01   2.097 0.036034 *  
gicontactbaseMissing -1.673e+01  6.007e+03  -0.003 0.997778    
rawfood              -2.460e-01  8.236e-01  -0.299 0.765197    
---
Signif. codes:  0 ‘***’ 0.001 ‘**’ 0.01 ‘*’ 0.05 ‘.’ 0.1 ‘ ’ 1

(Dispersion parameter for poisson family taken to be 1)

    Null deviance: 92.209  on 450  degrees of freedom
Residual deviance: 80.713  on 434  degrees of freedom
AIC: 140.71

Number of Fisher Scoring iterations: 18



Robust, Sandwich Standard Errors Account for Clustering:

z test of coefficients:

                        Estimate  Std. Error  z value  Pr(>|z|)    
(Intercept)           -3.2939006   1.1682174  -2.8196  0.004808 ** 
fpc1602.pres1          1.8149497   1.1521377   1.5753  0.115190    
agecat5-14            -0.2294905   0.8614451  -0.2664  0.789930    
agecat15-24           -1.0406509   1.1819143  -0.8805  0.378600    
agecat25-34           -0.5693963   1.1895404  -0.4787  0.632174    
agecat35-44          -17.2043998   0.9306150 -18.4871 < 2.2e-16 ***
agecat45-54           -0.4947062   1.4072130  -0.3516  0.725175    
agecat55-64          -17.2366913   1.0211482 -16.8797 < 2.2e-16 ***
agecat65-74          -17.1467518   0.9760441 -17.5676 < 2.2e-16 ***
agecat75+            -17.2494661   1.3023709 -13.2447 < 2.2e-16 ***
female                 0.2469793   0.6243692   0.3956  0.692425    
racewhiteYes          -0.0061976   0.6723946  -0.0092  0.992646    
gichronYes           -15.7596835   0.7586109 -20.7744 < 2.2e-16 ***
anim_anyYes            0.0229775   0.6285643   0.0366  0.970839    
gicontactbaseYes       1.6583694   0.8082894   2.0517  0.040199 *  
gicontactbaseMissing -16.7290258   0.9219360 -18.1455 < 2.2e-16 ***
rawfood               -0.2459639   0.7794853  -0.3155  0.752347    
---
Signif. codes:  0 ‘***’ 0.001 ‘**’ 0.01 ‘*’ 0.05 ‘.’ 0.1 ‘ ’ 1

Warning message:
glm.fit: fitted rates numerically 0 occurred 
> 
> dofit3.fmc1602.berm.1.swall = mpreg(gici3~fmc1602.pres+agecat+female+racewhite+gichron+anim_any+gicontactbase+rawfood,
+     vcv=T,dat=doheny[doheny$berm=="Open",])

Call:
glm(formula = formula, family = poisson(link = "log"), data = dat)

Deviance Residuals: 
    Min       1Q   Median       3Q      Max  
-0.9489  -0.3502  -0.2568  -0.1715   2.6085  

Coefficients:
                   Estimate Std. Error z value Pr(>|z|)   
(Intercept)         -4.2200     1.4800  -2.851  0.00435 **
fmc1602.pres1        0.5558     1.0701   0.519  0.60344   
agecat5-14           0.3737     1.0807   0.346  0.72950   
agecat15-24        -16.5873  3891.3699  -0.004  0.99660   
agecat25-34        -17.6770  3950.4469  -0.004  0.99643   
agecat35-44          0.7720     1.2722   0.607  0.54396   
agecat45-54          0.3238     1.4705   0.220  0.82571   
agecat55-64        -16.9425  8168.2629  -0.002  0.99835   
female              -0.5556     0.6896  -0.806  0.42038   
racewhiteYes         0.8075     0.8194   0.986  0.32435   
racewhiteMissing   -17.0121 15541.8637  -0.001  0.99913   
gichronYes           2.5328     1.4539   1.742  0.08148 . 
anim_anyYes         -0.9771     1.0685  -0.914  0.36047   
gicontactbaseYes   -16.3551  4059.4862  -0.004  0.99679   
rawfood              1.2866     0.7494   1.717  0.08604 . 
---
Signif. codes:  0 ‘***’ 0.001 ‘**’ 0.01 ‘*’ 0.05 ‘.’ 0.1 ‘ ’ 1

(Dispersion parameter for poisson family taken to be 1)

    Null deviance: 70.134  on 222  degrees of freedom
Residual deviance: 55.789  on 208  degrees of freedom
AIC: 109.79

Number of Fisher Scoring iterations: 18



Robust, Sandwich Standard Errors Account for Clustering:

z test of coefficients:

                  Estimate Std. Error  z value  Pr(>|z|)    
(Intercept)       -4.22003    1.84779  -2.2838  0.022382 *  
fmc1602.pres1      0.55585    1.17223   0.4742  0.635374    
agecat5-14         0.37372    1.11406   0.3355  0.737282    
agecat15-24      -16.58735    1.09414 -15.1602 < 2.2e-16 ***
agecat25-34      -17.67702    1.23346 -14.3312 < 2.2e-16 ***
agecat35-44        0.77204    1.13303   0.6814  0.495622    
agecat45-54        0.32381    1.11320   0.2909  0.771140    
agecat55-64      -16.94246    1.17101 -14.4683 < 2.2e-16 ***
female            -0.55562    0.75146  -0.7394  0.459673    
racewhiteYes       0.80753    0.85378   0.9458  0.344235    
racewhiteMissing -17.01211    1.43119 -11.8867 < 2.2e-16 ***
gichronYes         2.53285    0.79809   3.1736  0.001506 ** 
anim_anyYes       -0.97713    1.08800  -0.8981  0.369137    
gicontactbaseYes -16.35514    0.62627 -26.1153 < 2.2e-16 ***
rawfood            1.28656    0.57283   2.2460  0.024705 *  
---
Signif. codes:  0 ‘***’ 0.001 ‘**’ 0.01 ‘*’ 0.05 ‘.’ 0.1 ‘ ’ 1

Warning message:
glm.fit: fitted rates numerically 0 occurred 
> dofit3.fmc1602.berm.0.swall = mpreg(gici3~fmc1602.pres+agecat+female+racewhite+gichron+anim_any+gicontactbase+rawfood,
+     vcv=T,dat=doheny[doheny$berm=="Closed",])

Call:
glm(formula = formula, family = poisson(link = "log"), data = dat)

Deviance Residuals: 
    Min       1Q   Median       3Q      Max  
-0.6618  -0.3307  -0.2809  -0.2479   2.3727  

Coefficients:
                       Estimate Std. Error z value Pr(>|z|)    
(Intercept)            -2.68442    0.54914  -4.888 1.02e-06 ***
fmc1602.pres1           0.30978    0.41481   0.747   0.4552    
agecat5-14             -0.85772    0.44055  -1.947   0.0515 .  
agecat15-24            -0.09125    0.49327  -0.185   0.8532    
agecat25-34            -0.73873    0.68883  -1.072   0.2835    
agecat35-44            -0.38517    0.58151  -0.662   0.5077    
agecat45-54            -0.42646    0.70155  -0.608   0.5433    
agecat55-64           -15.77274 1291.35758  -0.012   0.9903    
agecat65-74           -15.73059 5717.53215  -0.003   0.9978    
agecatMissing         -15.88425 2452.76184  -0.006   0.9948    
female                  0.05284    0.31364   0.168   0.8662    
racewhiteYes           -0.25019    0.32625  -0.767   0.4432    
racewhiteMissing        0.07850    1.03907   0.076   0.9398    
gichronYes            -15.19124 1996.04328  -0.008   0.9939    
anim_anyYes            -0.03013    0.36458  -0.083   0.9341    
gicontactbaseYes       -0.95953    1.01615  -0.944   0.3450    
gicontactbaseMissing    1.14450    0.74949   1.527   0.1267    
rawfood                 0.32609    0.37222   0.876   0.3810    
---
Signif. codes:  0 ‘***’ 0.001 ‘**’ 0.01 ‘*’ 0.05 ‘.’ 0.1 ‘ ’ 1

(Dispersion parameter for poisson family taken to be 1)

    Null deviance: 269.71  on 942  degrees of freedom
Residual deviance: 256.00  on 925  degrees of freedom
AIC: 380

Number of Fisher Scoring iterations: 16



Robust, Sandwich Standard Errors Account for Clustering:

z test of coefficients:

                       Estimate Std. Error  z value  Pr(>|z|)    
(Intercept)           -2.684418   0.565436  -4.7475 2.059e-06 ***
fmc1602.pres1          0.309783   0.457615   0.6769   0.49844    
agecat5-14            -0.857718   0.371843  -2.3067   0.02107 *  
agecat15-24           -0.091251   0.461881  -0.1976   0.84339    
agecat25-34           -0.738727   0.681295  -1.0843   0.27823    
agecat35-44           -0.385169   0.583346  -0.6603   0.50908    
agecat45-54           -0.426458   0.662246  -0.6440   0.51960    
agecat55-64          -15.772745   0.476984 -33.0676 < 2.2e-16 ***
agecat65-74          -15.730595   1.000408 -15.7242 < 2.2e-16 ***
agecatMissing        -15.884247   0.781655 -20.3213 < 2.2e-16 ***
female                 0.052835   0.331521   0.1594   0.87338    
racewhiteYes          -0.250191   0.344098  -0.7271   0.46717    
racewhiteMissing       0.078500   0.826159   0.0950   0.92430    
gichronYes           -15.191237   0.519598 -29.2365 < 2.2e-16 ***
anim_anyYes           -0.030131   0.396323  -0.0760   0.93940    
gicontactbaseYes      -0.959528   0.997901  -0.9615   0.33628    
gicontactbaseMissing   1.144505   0.907166   1.2616   0.20708    
rawfood                0.326091   0.425979   0.7655   0.44397    
---
Signif. codes:  0 ‘***’ 0.001 ‘**’ 0.01 ‘*’ 0.05 ‘.’ 0.1 ‘ ’ 1

> 
> dofit3.fpc1601.berm.1.swall = mpreg(gici3~fpc1601.pres+agecat+female+racewhite+gichron+anim_any+gicontactbase+rawfood,
+     vcv=T,dat=doheny[doheny$berm=="Open",])

Call:
glm(formula = formula, family = poisson(link = "log"), data = dat)

Deviance Residuals: 
    Min       1Q   Median       3Q      Max  
-0.9124  -0.3648  -0.2363  -0.1733   2.4719  

Coefficients:
                   Estimate Std. Error z value Pr(>|z|)   
(Intercept)         -3.4707     1.2760  -2.720  0.00653 **
fpc1601.pres1       -0.5260     0.7080  -0.743  0.45753   
agecat5-14           0.3534     1.0824   0.326  0.74406   
agecat15-24        -16.5421  3914.9617  -0.004  0.99663   
agecat25-34        -17.5775  3945.9411  -0.004  0.99645   
agecat35-44          0.7725     1.2629   0.612  0.54077   
agecat45-54          0.4510     1.4686   0.307  0.75879   
agecat55-64        -16.9493  8291.7297  -0.002  0.99837   
female              -0.5148     0.6873  -0.749  0.45383   
racewhiteYes         0.9334     0.8262   1.130  0.25859   
racewhiteMissing   -16.6592 15541.8637  -0.001  0.99914   
gichronYes           2.6124     1.4650   1.783  0.07455 . 
anim_anyYes         -0.9742     1.0654  -0.914  0.36049   
gicontactbaseYes   -16.1574  4082.0238  -0.004  0.99684   
rawfood              1.4145     0.7848   1.802  0.07149 . 
---
Signif. codes:  0 ‘***’ 0.001 ‘**’ 0.01 ‘*’ 0.05 ‘.’ 0.1 ‘ ’ 1

(Dispersion parameter for poisson family taken to be 1)

    Null deviance: 70.134  on 222  degrees of freedom
Residual deviance: 55.583  on 208  degrees of freedom
AIC: 109.58

Number of Fisher Scoring iterations: 18



Robust, Sandwich Standard Errors Account for Clustering:

z test of coefficients:

                  Estimate Std. Error  z value  Pr(>|z|)    
(Intercept)       -3.47074    1.20726  -2.8749  0.004042 ** 
fpc1601.pres1     -0.52602    1.02256  -0.5144  0.606959    
agecat5-14         0.35339    1.11374   0.3173  0.751013    
agecat15-24      -16.54206    1.08411 -15.2587 < 2.2e-16 ***
agecat25-34      -17.57747    1.29639 -13.5588 < 2.2e-16 ***
agecat35-44        0.77248    1.16078   0.6655  0.505742    
agecat45-54        0.45098    1.17438   0.3840  0.700969    
agecat55-64      -16.94930    1.14940 -14.7462 < 2.2e-16 ***
female            -0.51482    0.72528  -0.7098  0.477815    
racewhiteYes       0.93337    0.90817   1.0277  0.304070    
racewhiteMissing -16.65922    1.41514 -11.7722 < 2.2e-16 ***
gichronYes         2.61241    0.79847   3.2718  0.001069 ** 
anim_anyYes       -0.97422    1.06545  -0.9144  0.360519    
gicontactbaseYes -16.15743    0.72534 -22.2756 < 2.2e-16 ***
rawfood            1.41449    0.58246   2.4285  0.015162 *  
---
Signif. codes:  0 ‘***’ 0.001 ‘**’ 0.01 ‘*’ 0.05 ‘.’ 0.1 ‘ ’ 1

Warning message:
glm.fit: fitted rates numerically 0 occurred 
> dofit3.fpc1601.berm.0.swall = mpreg(gici3~fpc1601.pres+agecat+female+racewhite+gichron+anim_any+gicontactbase+rawfood,
+     vcv=T,dat=doheny[doheny$berm=="Closed",])

Call:
glm(formula = formula, family = poisson(link = "log"), data = dat)

Deviance Residuals: 
    Min       1Q   Median       3Q      Max  
-0.6614  -0.3422  -0.2785  -0.2366   2.3062  

Coefficients:
                       Estimate Std. Error z value Pr(>|z|)    
(Intercept)            -2.17528    0.55796  -3.899 9.67e-05 ***
fpc1601.pres1          -0.33681    0.44590  -0.755   0.4500    
agecat5-14             -0.81117    0.44008  -1.843   0.0653 .  
agecat15-24            -0.03753    0.49277  -0.076   0.9393    
agecat25-34            -0.72298    0.68925  -1.049   0.2942    
agecat35-44            -0.34382    0.57989  -0.593   0.5532    
agecat45-54            -0.35785    0.70223  -0.510   0.6103    
agecat55-64           -15.75473 1290.27340  -0.012   0.9903    
agecat65-74           -15.61476 5717.53215  -0.003   0.9978    
agecatMissing         -15.90779 2507.62350  -0.006   0.9949    
female                  0.07700    0.31514   0.244   0.8070    
racewhiteYes           -0.25274    0.32522  -0.777   0.4371    
racewhiteMissing        0.07356    1.03937   0.071   0.9436    
gichronYes            -15.20433 2006.66912  -0.008   0.9940    
anim_anyYes            -0.05694    0.36459  -0.156   0.8759    
gicontactbaseYes       -0.94673    1.01598  -0.932   0.3514    
gicontactbaseMissing    1.16803    0.75214   1.553   0.1204    
rawfood                 0.32199    0.37099   0.868   0.3854    
---
Signif. codes:  0 ‘***’ 0.001 ‘**’ 0.01 ‘*’ 0.05 ‘.’ 0.1 ‘ ’ 1

(Dispersion parameter for poisson family taken to be 1)

    Null deviance: 269.71  on 942  degrees of freedom
Residual deviance: 256.07  on 925  degrees of freedom
AIC: 380.07

Number of Fisher Scoring iterations: 16



Robust, Sandwich Standard Errors Account for Clustering:

z test of coefficients:

                       Estimate Std. Error  z value  Pr(>|z|)    
(Intercept)           -2.175277   0.575972  -3.7767 0.0001589 ***
fpc1601.pres1         -0.336806   0.483306  -0.6969 0.4858782    
agecat5-14            -0.811167   0.357690  -2.2678 0.0233417 *  
agecat15-24           -0.037534   0.448237  -0.0837 0.9332662    
agecat25-34           -0.722978   0.671297  -1.0770 0.2814861    
agecat35-44           -0.343822   0.572770  -0.6003 0.5483203    
agecat45-54           -0.357852   0.652786  -0.5482 0.5835598    
agecat55-64          -15.754733   0.438590 -35.9214 < 2.2e-16 ***
agecat65-74          -15.614760   0.997259 -15.6577 < 2.2e-16 ***
agecatMissing        -15.907793   0.772938 -20.5810 < 2.2e-16 ***
female                 0.076997   0.340122   0.2264 0.8209057    
racewhiteYes          -0.252739   0.342003  -0.7390 0.4599100    
racewhiteMissing       0.073558   0.851319   0.0864 0.9311445    
gichronYes           -15.204328   0.511540 -29.7226 < 2.2e-16 ***
anim_anyYes           -0.056943   0.394976  -0.1442 0.8853669    
gicontactbaseYes      -0.946729   0.989111  -0.9572 0.3384909    
gicontactbaseMissing   1.168028   0.923752   1.2644 0.2060727    
rawfood                0.321987   0.424257   0.7589 0.4478869    
---
Signif. codes:  0 ‘***’ 0.001 ‘**’ 0.01 ‘*’ 0.05 ‘.’ 0.1 ‘ ’ 1

> 
> dofit3.fpc1602.berm.1.swall = mpreg(gici3~fpc1602.pres+agecat+female+racewhite+gichron+anim_any+gicontactbase+rawfood,
+     vcv=T,dat=doheny[doheny$berm=="Open",])

Call:
glm(formula = formula, family = poisson(link = "log"), data = dat)

Deviance Residuals: 
    Min       1Q   Median       3Q      Max  
-0.9643  -0.3590  -0.2431  -0.1840   2.4243  

Coefficients:
                   Estimate Std. Error z value Pr(>|z|)   
(Intercept)         -3.8492     1.2332  -3.121   0.0018 **
fpc1602.pres1        1.6992     0.9968   1.705   0.0883 . 
agecat5-14           0.3274     1.0826   0.302   0.7623   
agecat15-24        -16.6690  3992.9716  -0.004   0.9967   
agecat25-34        -19.3330  2818.9651  -0.007   0.9945   
agecat35-44          0.6041     1.2831   0.471   0.6378   
agecat45-54         -0.6846     1.6885  -0.405   0.6852   
agecat55-64        -16.7882  7808.2049  -0.002   0.9983   
female              -0.3621     0.7136  -0.508   0.6118   
racewhiteYes         0.7800     0.8270   0.943   0.3456   
racewhiteMissing   -16.7808 15541.8637  -0.001   0.9991   
gichronYes           3.7538     1.7373   2.161   0.0307 * 
anim_anyYes         -0.8495     1.0738  -0.791   0.4289   
gicontactbaseYes   -16.3032  4133.2929  -0.004   0.9969   
rawfood              1.3909     0.7664   1.815   0.0695 . 
---
Signif. codes:  0 ‘***’ 0.001 ‘**’ 0.01 ‘*’ 0.05 ‘.’ 0.1 ‘ ’ 1

(Dispersion parameter for poisson family taken to be 1)

    Null deviance: 70.134  on 222  degrees of freedom
Residual deviance: 53.741  on 208  degrees of freedom
AIC: 107.74

Number of Fisher Scoring iterations: 18



Robust, Sandwich Standard Errors Account for Clustering:

z test of coefficients:

                  Estimate Std. Error  z value  Pr(>|z|)    
(Intercept)       -3.84918    1.19345  -3.2253  0.001259 ** 
fpc1602.pres1      1.69920    0.98430   1.7263  0.084292 .  
agecat5-14         0.32743    1.10944   0.2951  0.767893    
agecat15-24      -16.66897    1.01291 -16.4566 < 2.2e-16 ***
agecat25-34      -19.33303    1.91706 -10.0847 < 2.2e-16 ***
agecat35-44        0.60412    1.19352   0.5062  0.612741    
agecat45-54       -0.68456    1.09631  -0.6244  0.532350    
agecat55-64      -16.78815    1.25232 -13.4056 < 2.2e-16 ***
female            -0.36214    0.80406  -0.4504  0.652434    
racewhiteYes       0.77997    0.85890   0.9081  0.363824    
racewhiteMissing -16.78083    1.40632 -11.9325 < 2.2e-16 ***
gichronYes         3.75377    0.80006   4.6919 2.707e-06 ***
anim_anyYes       -0.84948    1.06283  -0.7993  0.424139    
gicontactbaseYes -16.30322    0.64962 -25.0965 < 2.2e-16 ***
rawfood            1.39090    0.59150   2.3515  0.018699 *  
---
Signif. codes:  0 ‘***’ 0.001 ‘**’ 0.01 ‘*’ 0.05 ‘.’ 0.1 ‘ ’ 1

Warning message:
glm.fit: fitted rates numerically 0 occurred 
> dofit3.fpc1602.berm.0.swall = mpreg(gici3~fpc1602.pres+agecat+female+racewhite+gichron+anim_any+gicontactbase+rawfood,
+     vcv=T,dat=doheny[doheny$berm=="Closed",])

Call:
glm(formula = formula, family = poisson(link = "log"), data = dat)

Deviance Residuals: 
    Min       1Q   Median       3Q      Max  
-0.6677  -0.3432  -0.2754  -0.2503   2.4415  

Coefficients:
                       Estimate Std. Error z value Pr(>|z|)    
(Intercept)            -2.42860    0.43734  -5.553 2.81e-08 ***
fpc1602.pres1          -1.36562    1.01830  -1.341   0.1799    
agecat5-14             -0.84369    0.43987  -1.918   0.0551 .  
agecat15-24            -0.06230    0.49089  -0.127   0.8990    
agecat25-34            -0.73690    0.69119  -1.066   0.2864    
agecat35-44            -0.39713    0.58074  -0.684   0.4941    
agecat45-54            -0.34611    0.69942  -0.495   0.6207    
agecat55-64           -15.77025 1279.14478  -0.012   0.9902    
agecat65-74           -15.75247 5717.53215  -0.003   0.9978    
agecatMissing         -15.94575 2486.01780  -0.006   0.9949    
female                  0.06980    0.31426   0.222   0.8242    
racewhiteYes           -0.19132    0.32659  -0.586   0.5580    
racewhiteMissing        0.02603    1.03939   0.025   0.9800    
gichronYes            -15.27528 2004.33292  -0.008   0.9939    
anim_anyYes            -0.04747    0.36465  -0.130   0.8964    
gicontactbaseYes       -0.88266    1.01725  -0.868   0.3856    
gicontactbaseMissing    1.04905    0.75001   1.399   0.1619    
rawfood                 0.37033    0.37326   0.992   0.3211    
---
Signif. codes:  0 ‘***’ 0.001 ‘**’ 0.01 ‘*’ 0.05 ‘.’ 0.1 ‘ ’ 1

(Dispersion parameter for poisson family taken to be 1)

    Null deviance: 269.71  on 942  degrees of freedom
Residual deviance: 253.78  on 925  degrees of freedom
AIC: 377.78

Number of Fisher Scoring iterations: 16



Robust, Sandwich Standard Errors Account for Clustering:

z test of coefficients:

                       Estimate Std. Error  z value  Pr(>|z|)    
(Intercept)           -2.428599   0.429048  -5.6604  1.51e-08 ***
fpc1602.pres1         -1.365622   0.990520  -1.3787   0.16799    
agecat5-14            -0.843694   0.376335  -2.2419   0.02497 *  
agecat15-24           -0.062298   0.469028  -0.1328   0.89433    
agecat25-34           -0.736898   0.691511  -1.0656   0.28659    
agecat35-44           -0.397132   0.583815  -0.6802   0.49635    
agecat45-54           -0.346108   0.664907  -0.5205   0.60269    
agecat55-64          -15.770248   0.465801 -33.8562 < 2.2e-16 ***
agecat65-74          -15.752472   1.002468 -15.7137 < 2.2e-16 ***
agecatMissing        -15.945750   0.775963 -20.5496 < 2.2e-16 ***
female                 0.069804   0.331370   0.2107   0.83316    
racewhiteYes          -0.191318   0.345476  -0.5538   0.57973    
racewhiteMissing       0.026032   0.841070   0.0310   0.97531    
gichronYes           -15.275282   0.511240 -29.8789 < 2.2e-16 ***
anim_anyYes           -0.047469   0.397639  -0.1194   0.90498    
gicontactbaseYes      -0.882658   1.002851  -0.8801   0.37878    
gicontactbaseMissing   1.049051   0.921337   1.1386   0.25486    
rawfood                0.370325   0.428661   0.8639   0.38764    
---
Signif. codes:  0 ‘***’ 0.001 ‘**’ 0.01 ‘*’ 0.05 ‘.’ 0.1 ‘ ’ 1

> 
> mafit3.fpc1601.berm.1.swall = mpreg(gici3~fpc1601.pres+agecat+female+racewhite+gichron+anim_any+gicontactbase+rawfood,
+     vcv=T,dat=malibu[malibu$berm=="Open",])

Call:
glm(formula = formula, family = poisson(link = "log"), data = dat)

Deviance Residuals: 
     Min        1Q    Median        3Q       Max  
-0.91949  -0.36128  -0.00004  -0.00003   1.99255  

Coefficients:
                   Estimate Std. Error z value Pr(>|z|)
(Intercept)      -1.276e+00  1.502e+00  -0.849    0.396
fpc1601.pres1    -3.615e-01  1.243e+00  -0.291    0.771
agecat5-14       -1.958e+01  3.675e+03  -0.005    0.996
agecat15-24      -8.147e-01  1.167e+00  -0.698    0.485
agecat25-34      -1.939e+01  5.168e+03  -0.004    0.997
agecat35-44      -1.011e+00  1.216e+00  -0.831    0.406
agecat45-54      -1.936e+01  1.130e+04  -0.002    0.999
agecat55-64      -1.967e+01  1.435e+04  -0.001    0.999
female            4.232e-01  8.586e-01   0.493    0.622
racewhiteYes     -8.163e-02  8.520e-01  -0.096    0.924
racewhiteMissing -1.788e+01  7.833e+03  -0.002    0.998
gichronYes        2.002e+01  3.675e+03   0.005    0.996
anim_anyYes      -3.123e-01  1.257e+00  -0.248    0.804
gicontactbaseYes -1.850e+01  1.432e+04  -0.001    0.999
rawfood          -6.257e-01  1.147e+00  -0.546    0.585

(Dispersion parameter for poisson family taken to be 1)

    Null deviance: 41.739  on 137  degrees of freedom
Residual deviance: 26.597  on 123  degrees of freedom
AIC: 70.597

Number of Fisher Scoring iterations: 19



Robust, Sandwich Standard Errors Account for Clustering:

z test of coefficients:

                   Estimate Std. Error  z value Pr(>|z|)    
(Intercept)       -1.275602   1.610727  -0.7919   0.4284    
fpc1601.pres1     -0.361475   1.209134  -0.2990   0.7650    
agecat5-14       -19.583511   0.505816 -38.7166   <2e-16 ***
agecat15-24       -0.814737   0.984079  -0.8279   0.4077    
agecat25-34      -19.394675   0.600168 -32.3154   <2e-16 ***
agecat35-44       -1.010620   1.047830  -0.9645   0.3348    
agecat45-54      -19.356453   0.983808 -19.6750   <2e-16 ***
agecat55-64      -19.669074   0.913645 -21.5281   <2e-16 ***
female             0.423232   0.671680   0.6301   0.5286    
racewhiteYes      -0.081634   0.678579  -0.1203   0.9042    
racewhiteMissing -17.879973   1.326528 -13.4788   <2e-16 ***
gichronYes        20.017975   0.944248  21.1999   <2e-16 ***
anim_anyYes       -0.312339   1.174353  -0.2660   0.7903    
gicontactbaseYes -18.495371   1.414600 -13.0746   <2e-16 ***
rawfood           -0.625736   1.117019  -0.5602   0.5754    
---
Signif. codes:  0 ‘***’ 0.001 ‘**’ 0.01 ‘*’ 0.05 ‘.’ 0.1 ‘ ’ 1

Warning message:
glm.fit: fitted rates numerically 0 occurred 
> mafit3.fpc1601.berm.0.swall = mpreg(gici3~fpc1601.pres+agecat+female+racewhite+gichron+anim_any+gicontactbase+rawfood,
+     vcv=T,dat=malibu[!is.na(malibu$fpc1601.pres) & malibu$berm=="Closed",])

Call:
glm(formula = formula, family = poisson(link = "log"), data = dat)

Deviance Residuals: 
    Min       1Q   Median       3Q      Max  
-0.8761  -0.3343  -0.2554  -0.1363   2.3595  

Coefficients:
                   Estimate Std. Error z value Pr(>|z|)    
(Intercept)      -3.083e+00  7.922e-01  -3.892 9.95e-05 ***
fpc1601.pres1    -2.855e-01  4.974e-01  -0.574   0.5660    
agecat5-14        7.851e-01  7.876e-01   0.997   0.3189    
agecat15-24      -7.754e-01  1.282e+00  -0.605   0.5453    
agecat25-34       3.115e-01  1.012e+00   0.308   0.7581    
agecat35-44       4.727e-02  1.062e+00   0.044   0.9645    
agecat45-54       8.313e-01  1.018e+00   0.817   0.4141    
agecat55-64      -1.651e+01  4.073e+03  -0.004   0.9968    
agecat65-74      -1.584e+01  1.554e+04  -0.001   0.9992    
agecat75+        -1.679e+01  1.554e+04  -0.001   0.9991    
female            2.527e-01  4.924e-01   0.513   0.6078    
racewhiteYes     -8.396e-01  4.955e-01  -1.694   0.0902 .  
racewhiteMissing -1.761e+01  2.754e+03  -0.006   0.9949    
gichronYes        2.252e+00  1.205e+00   1.869   0.0616 .  
anim_anyYes       6.981e-01  5.152e-01   1.355   0.1754    
gicontactbaseYes -1.745e+01  2.754e+03  -0.006   0.9949    
rawfood          -5.358e-01  7.669e-01  -0.699   0.4848    
---
Signif. codes:  0 ‘***’ 0.001 ‘**’ 0.01 ‘*’ 0.05 ‘.’ 0.1 ‘ ’ 1

(Dispersion parameter for poisson family taken to be 1)

    Null deviance: 111.549  on 398  degrees of freedom
Residual deviance:  95.791  on 382  degrees of freedom
AIC: 165.79

Number of Fisher Scoring iterations: 18



Robust, Sandwich Standard Errors Account for Clustering:

z test of coefficients:

                   Estimate Std. Error  z value  Pr(>|z|)    
(Intercept)       -3.083065   0.782162  -3.9417  8.09e-05 ***
fpc1601.pres1     -0.285456   0.466276  -0.6122   0.54040    
agecat5-14         0.785055   0.828102   0.9480   0.34312    
agecat15-24       -0.775374   0.919944  -0.8428   0.39931    
agecat25-34        0.311550   1.042619   0.2988   0.76508    
agecat35-44        0.047269   1.186183   0.0398   0.96821    
agecat45-54        0.831305   1.067194   0.7790   0.43600    
agecat55-64      -16.505553   1.200760 -13.7459 < 2.2e-16 ***
agecat65-74      -15.844213   1.599676  -9.9046 < 2.2e-16 ***
agecat75+        -16.792617   1.509002 -11.1283 < 2.2e-16 ***
female             0.252724   0.447018   0.5654   0.57183    
racewhiteYes      -0.839549   0.445540  -1.8843   0.05952 .  
racewhiteMissing -17.605653   0.523502 -33.6306 < 2.2e-16 ***
gichronYes         2.252390   1.117491   2.0156   0.04384 *  
anim_anyYes        0.698102   0.498747   1.3997   0.16160    
gicontactbaseYes -17.452885   1.058291 -16.4916 < 2.2e-16 ***
rawfood           -0.535758   0.724381  -0.7396   0.45954    
---
Signif. codes:  0 ‘***’ 0.001 ‘**’ 0.01 ‘*’ 0.05 ‘.’ 0.1 ‘ ’ 1

Warning message:
glm.fit: fitted rates numerically 0 occurred 
> 
> # --------------------------------------
> # Pooled estimates
> # (can't use the mpreg fn because we 
> # need the actual glm returned object 
> # for the LR tests)
> 
> # 3-day GI illness
> 
> # all beaches ----------------
> # fmc 1601
> all.fit3.fmc1601swall <- glm(gici3~fmc1601.pres+agecat+female+racewhite+gichron+anim_any+gicontactbase+
+     rawfood+beach,family=poisson(link="log"),data=all[!is.na(all$fmc1601.pres) & all$beach!="Avalon",])
Warning message:
glm.fit: fitted rates numerically 0 occurred 
> 
> all.VC3.fmc1601swall <- cl(all[!is.na(all$fmc1601.pres) & all$beach!="Avalon"],fm=all.fit3.fmc1601swall,
+   cluster=all$hhid[!is.na(all$fmc1601.pres) & all$beach!="Avalon"])
> overall.fit3.fmc1601swall <- coeftest(all.fit3.fmc1601swall, all.VC3.fmc1601swall)
> summary(all.fit3.fmc1601swall)

Call:
glm(formula = gici3 ~ fmc1601.pres + agecat + female + racewhite + 
    gichron + anim_any + gicontactbase + rawfood + beach, family = poisson(link = "log"), 
    data = all[!is.na(all$fmc1601.pres) & all$beach != "Avalon", 
        ])

Deviance Residuals: 
     Min        1Q    Median        3Q       Max  
-0.68672  -0.34716  -0.28727  -0.00007   2.47680  

Coefficients:
                       Estimate Std. Error z value Pr(>|z|)    
(Intercept)             -3.0494     0.5161  -5.909 3.45e-09 ***
fmc1601.pres1            0.1458     0.3104   0.470    0.639    
agecat5-14              -0.2227     0.3411  -0.653    0.514    
agecat15-24             -0.4551     0.5365  -0.848    0.396    
agecat25-34             -0.1577     0.5071  -0.311    0.756    
agecat35-44             -0.6098     0.6529  -0.934    0.350    
agecat45-54              0.3003     0.5892   0.510    0.610    
agecat55-64            -17.0852  3973.3579  -0.004    0.997    
agecat65-74            -16.9830  8335.0130  -0.002    0.998    
agecat75+              -17.7246 15541.8637  -0.001    0.999    
agecatMissing           -0.6224     1.0430  -0.597    0.551    
female                  -0.5364     0.2701  -1.986    0.047 *  
racewhiteYes             0.1594     0.3254   0.490    0.624    
racewhiteMissing       -17.3248   875.9119  -0.020    0.984    
gichronYes             -17.0564  3991.9388  -0.004    0.997    
anim_anyYes              0.1494     0.2934   0.509    0.611    
gicontactbaseYes         0.5875     0.6049   0.971    0.331    
gicontactbaseMissing   -16.9108  2079.6306  -0.008    0.994    
rawfood                 -0.2370     0.2932  -0.808    0.419    
beachMission Bay         0.5625     0.3604   1.561    0.119    
---
Signif. codes:  0 ‘***’ 0.001 ‘**’ 0.01 ‘*’ 0.05 ‘.’ 0.1 ‘ ’ 1

(Dispersion parameter for poisson family taken to be 1)

    Null deviance: 398.67  on 1490  degrees of freedom
Residual deviance: 353.12  on 1471  degrees of freedom
AIC: 519.12

Number of Fisher Scoring iterations: 18

> overall.fit3.fmc1601swall

z test of coefficients:

                      Estimate Std. Error  z value  Pr(>|z|)    
(Intercept)           -3.04937    0.66108  -4.6127 3.974e-06 ***
fmc1601.pres1          0.14578    0.33007   0.4416   0.65874    
agecat5-14            -0.22272    0.36102  -0.6169   0.53728    
agecat15-24           -0.45505    0.67436  -0.6748   0.49981    
agecat25-34           -0.15766    0.48609  -0.3243   0.74568    
agecat35-44           -0.60982    0.63853  -0.9550   0.33956    
agecat45-54            0.30029    0.57090   0.5260   0.59889    
agecat55-64          -17.08523    0.51446 -33.2103 < 2.2e-16 ***
agecat65-74          -16.98305    0.85220 -19.9284 < 2.2e-16 ***
agecat75+            -17.72456    1.07881 -16.4297 < 2.2e-16 ***
agecatMissing         -0.62239    1.03118  -0.6036   0.54613    
female                -0.53643    0.26066  -2.0580   0.03959 *  
racewhiteYes           0.15937    0.46985   0.3392   0.73446    
racewhiteMissing     -17.32478    0.22322 -77.6135 < 2.2e-16 ***
gichronYes           -17.05642    0.40040 -42.5987 < 2.2e-16 ***
anim_anyYes            0.14936    0.31262   0.4778   0.63280    
gicontactbaseYes       0.58752    0.44799   1.3115   0.18970    
gicontactbaseMissing -16.91075    0.29924 -56.5121 < 2.2e-16 ***
rawfood               -0.23697    0.37596  -0.6303   0.52849    
beachMission Bay       0.56255    0.49971   1.1257   0.26027    
---
Signif. codes:  0 ‘***’ 0.001 ‘**’ 0.01 ‘*’ 0.05 ‘.’ 0.1 ‘ ’ 1

> 
> # fmc 1602
> all.fit3.fmc1602swall <- glm(gici3~fmc1602.pres+agecat+female+racewhite+gichron+anim_any+gicontactbase+
+     rawfood+beach,family=poisson(link="log"),data=all[!is.na(all$fmc1602.pres) & all$beach!="Malibu",])
> 
> all.VC3.fmc1602swall <- cl(all[!is.na(all$fmc1602.pres) & all$beach!="Malibu",],fm=all.fit3.fmc1602swall,
+   cluster=all$hhid[!is.na(all$fmc1602.pres) & all$beach!="Malibu"])
> overall.fit3.fmc1602swall <- coeftest(all.fit3.fmc1602swall, all.VC3.fmc1602swall)
> summary(all.fit3.fmc1602swall)

Call:
glm(formula = gici3 ~ fmc1602.pres + agecat + female + racewhite + 
    gichron + anim_any + gicontactbase + rawfood + beach, family = poisson(link = "log"), 
    data = all[!is.na(all$fmc1602.pres) & all$beach != "Malibu", 
        ])

Deviance Residuals: 
    Min       1Q   Median       3Q      Max  
-0.5825  -0.3286  -0.2962  -0.2443   2.4058  

Coefficients:
                       Estimate Std. Error z value Pr(>|z|)    
(Intercept)            -2.85684    0.38852  -7.353 1.94e-13 ***
fmc1602.pres1           0.54665    0.26795   2.040   0.0413 *  
agecat5-14             -0.71428    0.29291  -2.439   0.0147 *  
agecat15-24            -0.35672    0.37323  -0.956   0.3392    
agecat25-34            -0.66756    0.44349  -1.505   0.1323    
agecat35-44            -0.39319    0.39541  -0.994   0.3200    
agecat45-54            -0.67148    0.48561  -1.383   0.1667    
agecat55-64           -15.90311  722.69876  -0.022   0.9824    
agecat65-74           -15.85140 1712.11864  -0.009   0.9926    
agecat75+             -15.96686 4041.77517  -0.004   0.9968    
agecatMissing         -15.83876 2297.31063  -0.007   0.9945    
female                  0.05339    0.20982   0.254   0.7992    
racewhiteYes           -0.05203    0.22611  -0.230   0.8180    
racewhiteMissing        0.51654    0.73324   0.704   0.4811    
gichronYes              0.76957    0.73164   1.052   0.2929    
anim_anyYes            -0.34622    0.26481  -1.307   0.1911    
gicontactbaseYes        0.31558    0.39672   0.795   0.4263    
gicontactbaseMissing    0.51740    0.72442   0.714   0.4751    
rawfood                 0.17530    0.26059   0.673   0.5011    
beachDoheny            -0.08926    0.21933  -0.407   0.6840    
---
Signif. codes:  0 ‘***’ 0.001 ‘**’ 0.01 ‘*’ 0.05 ‘.’ 0.1 ‘ ’ 1

(Dispersion parameter for poisson family taken to be 1)

    Null deviance: 576.42  on 2016  degrees of freedom
Residual deviance: 553.14  on 1997  degrees of freedom
AIC: 781.14

Number of Fisher Scoring iterations: 16

> overall.fit3.fmc1602swall

z test of coefficients:

                       Estimate Std. Error  z value  Pr(>|z|)    
(Intercept)           -2.856839   0.401166  -7.1213 1.069e-12 ***
fmc1602.pres1          0.546652   0.297997   1.8344   0.06659 .  
agecat5-14            -0.714277   0.286089  -2.4967   0.01254 *  
agecat15-24           -0.356717   0.384353  -0.9281   0.35336    
agecat25-34           -0.667558   0.441266  -1.5128   0.13032    
agecat35-44           -0.393186   0.400220  -0.9824   0.32589    
agecat45-54           -0.671480   0.474643  -1.4147   0.15715    
agecat55-64          -15.903110   0.328913 -48.3505 < 2.2e-16 ***
agecat65-74          -15.851402   0.447852 -35.3943 < 2.2e-16 ***
agecat75+            -15.966859   0.774407 -20.6182 < 2.2e-16 ***
agecatMissing        -15.838758   0.622671 -25.4368 < 2.2e-16 ***
female                 0.053385   0.214435   0.2490   0.80339    
racewhiteYes          -0.052028   0.236097  -0.2204   0.82558    
racewhiteMissing       0.516538   0.615391   0.8394   0.40126    
gichronYes             0.769573   0.687589   1.1192   0.26304    
anim_anyYes           -0.346219   0.292296  -1.1845   0.23622    
gicontactbaseYes       0.315577   0.429568   0.7346   0.46256    
gicontactbaseMissing   0.517403   0.948762   0.5453   0.58552    
rawfood                0.175304   0.278484   0.6295   0.52902    
beachDoheny           -0.089258   0.239307  -0.3730   0.70916    
---
Signif. codes:  0 ‘***’ 0.001 ‘**’ 0.01 ‘*’ 0.05 ‘.’ 0.1 ‘ ’ 1

> 
> # fpc 1601
> all.fit3.fpc1601swall <- glm(gici3~fpc1601.pres+agecat+female+racewhite+gichron+anim_any+gicontactbase+
+     rawfood+beach,family=poisson(link="log"),data=all[!is.na(all$fpc1601.pres) & all$beach!="Goddard",])
> 
> all.VC3.fpc1601swall <- cl(all[!is.na(all$fpc1601.pres) & all$beach!="Goddard",],fm=all.fit3.fpc1601swall,
+     cluster=all$hhid[!is.na(all$fpc1601.pres) & all$beach!="Goddard"])
> overall.fit3.fpc1601swall <- coeftest(all.fit3.fpc1601swall, all.VC3.fpc1601swall)
> summary(all.fit3.fpc1601swall)

Call:
glm(formula = gici3 ~ fpc1601.pres + agecat + female + racewhite + 
    gichron + anim_any + gicontactbase + rawfood + beach, family = poisson(link = "log"), 
    data = all[!is.na(all$fpc1601.pres) & all$beach != "Goddard", 
        ])

Deviance Residuals: 
    Min       1Q   Median       3Q      Max  
-0.5488  -0.3222  -0.3044  -0.2917   2.9689  

Coefficients:
                       Estimate Std. Error z value Pr(>|z|)    
(Intercept)            -2.64878    0.33243  -7.968 1.61e-15 ***
fpc1601.pres1          -0.01630    0.23031  -0.071  0.94358    
agecat5-14             -0.37559    0.21101  -1.780  0.07508 .  
agecat15-24            -0.40839    0.29230  -1.397  0.16236    
agecat25-34            -0.41469    0.31107  -1.333  0.18251    
agecat35-44            -0.40116    0.31188  -1.286  0.19835    
agecat45-54            -0.15423    0.34683  -0.445  0.65655    
agecat55-64           -15.58973  626.20123  -0.025  0.98014    
agecat65-74           -15.48456 1512.42027  -0.010  0.99183    
agecat75+             -15.64131 2553.58435  -0.006  0.99511    
agecatMissing          -0.74860    1.01960  -0.734  0.46283    
female                 -0.05294    0.15376  -0.344  0.73061    
racewhiteYes           -0.04035    0.17448  -0.231  0.81712    
racewhiteMissing       -2.25381    0.71914  -3.134  0.00172 ** 
gichronYes              0.65019    0.51039   1.274  0.20269    
anim_anyYes            -0.01351    0.18025  -0.075  0.94027    
gicontactbaseYes        0.17357    0.34509   0.503  0.61499    
gicontactbaseMissing   -0.43342    0.71559  -0.606  0.54473    
rawfood                -0.08963    0.18689  -0.480  0.63151    
beachDoheny             0.03442    0.21159   0.163  0.87077    
beachFairhope           0.23223    0.42316   0.549  0.58314    
beachMalibu             0.03415    0.26809   0.127  0.89863    
beachMission Bay        0.11907    0.30482   0.391  0.69607    
---
Signif. codes:  0 ‘***’ 0.001 ‘**’ 0.01 ‘*’ 0.05 ‘.’ 0.1 ‘ ’ 1

(Dispersion parameter for poisson family taken to be 1)

    Null deviance: 1086.2  on 3851  degrees of freedom
Residual deviance: 1048.0  on 3829  degrees of freedom
AIC: 1446

Number of Fisher Scoring iterations: 16

> overall.fit3.fpc1601swall

z test of coefficients:

                       Estimate Std. Error  z value  Pr(>|z|)    
(Intercept)           -2.648782   0.355720  -7.4463 9.603e-14 ***
fpc1601.pres1         -0.016299   0.280022  -0.0582  0.953585    
agecat5-14            -0.375588   0.219314  -1.7126  0.086793 .  
agecat15-24           -0.408391   0.305114  -1.3385  0.180737    
agecat25-34           -0.414685   0.308365  -1.3448  0.178695    
agecat35-44           -0.401159   0.310270  -1.2929  0.196034    
agecat45-54           -0.154231   0.341391  -0.4518  0.651433    
agecat55-64          -15.589732   0.257900 -60.4488 < 2.2e-16 ***
agecat65-74          -15.484560   0.377491 -41.0197 < 2.2e-16 ***
agecat75+            -15.641306   0.494707 -31.6173 < 2.2e-16 ***
agecatMissing         -0.748595   1.011388  -0.7402  0.459199    
female                -0.052942   0.153755  -0.3443  0.730602    
racewhiteYes          -0.040349   0.208859  -0.1932  0.846810    
racewhiteMissing      -2.253810   0.745830  -3.0219  0.002512 ** 
gichronYes             0.650193   0.509315   1.2766  0.201742    
anim_anyYes           -0.013505   0.193203  -0.0699  0.944271    
gicontactbaseYes       0.173566   0.355538   0.4882  0.625423    
gicontactbaseMissing  -0.433417   0.997384  -0.4346  0.663886    
rawfood               -0.089634   0.219260  -0.4088  0.682687    
beachDoheny            0.034420   0.230521   0.1493  0.881305    
beachFairhope          0.232230   0.456156   0.5091  0.610680    
beachMalibu            0.034154   0.270602   0.1262  0.899561    
beachMission Bay       0.119073   0.377572   0.3154  0.752484    
---
Signif. codes:  0 ‘***’ 0.001 ‘**’ 0.01 ‘*’ 0.05 ‘.’ 0.1 ‘ ’ 1

> 
> # fpc 1602
> all.fit3.fpc1602swall <- glm(gici3~fpc1602.pres+agecat+female+racewhite+gichron+anim_any+gicontactbase+
+     rawfood+beach,family=poisson(link="log"),data=all[!is.na(all$fpc1602.pres) & all$beach!="Malibu",])
> 
> all.VC3.fpc1602swall <- cl(all[!is.na(all$fpc1602.pres) & all$beach!="Malibu",],fm=all.fit3.fpc1602swall,
+     cluster=all$hhid[!is.na(all$fpc1602.pres) & all$beach!="Malibu"])
> overall.fit3.fpc1602swall <- coeftest(all.fit3.fpc1602swall, all.VC3.fpc1602swall)
> summary(all.fit3.fpc1602swall)

Call:
glm(formula = gici3 ~ fpc1602.pres + agecat + female + racewhite + 
    gichron + anim_any + gicontactbase + rawfood + beach, family = poisson(link = "log"), 
    data = all[!is.na(all$fpc1602.pres) & all$beach != "Malibu", 
        ])

Deviance Residuals: 
    Min       1Q   Median       3Q      Max  
-0.5460  -0.3266  -0.2876  -0.2728   2.3098  

Coefficients:
                       Estimate Std. Error z value Pr(>|z|)    
(Intercept)            -2.51632    0.34430  -7.309  2.7e-13 ***
fpc1602.pres1           0.11694    0.42818   0.273   0.7848    
agecat5-14             -0.70637    0.29297  -2.411   0.0159 *  
agecat15-24            -0.39823    0.37266  -1.069   0.2852    
agecat25-34            -0.72515    0.44261  -1.638   0.1013    
agecat35-44            -0.43018    0.39500  -1.089   0.2761    
agecat45-54            -0.69110    0.48722  -1.418   0.1561    
agecat55-64           -15.88941  725.69449  -0.022   0.9825    
agecat65-74           -15.70029 1715.18873  -0.009   0.9927    
agecat75+             -15.76891 4041.63568  -0.004   0.9969    
agecatMissing         -15.90086 2330.58705  -0.007   0.9946    
female                  0.06522    0.20993   0.311   0.7560    
racewhiteYes           -0.04986    0.22666  -0.220   0.8259    
racewhiteMissing        0.49482    0.73403   0.674   0.5002    
gichronYes              0.74634    0.73258   1.019   0.3083    
anim_anyYes            -0.36885    0.26493  -1.392   0.1638    
gicontactbaseYes        0.37004    0.39664   0.933   0.3508    
gicontactbaseMissing    0.56513    0.72512   0.779   0.4358    
rawfood                 0.16682    0.25993   0.642   0.5210    
beachDoheny             0.03252    0.21360   0.152   0.8790    
---
Signif. codes:  0 ‘***’ 0.001 ‘**’ 0.01 ‘*’ 0.05 ‘.’ 0.1 ‘ ’ 1

(Dispersion parameter for poisson family taken to be 1)

    Null deviance: 576.42  on 2016  degrees of freedom
Residual deviance: 557.61  on 1997  degrees of freedom
AIC: 785.61

Number of Fisher Scoring iterations: 16

> overall.fit3.fpc1602swall

z test of coefficients:

                       Estimate Std. Error  z value  Pr(>|z|)    
(Intercept)           -2.516324   0.358351  -7.0220 2.188e-12 ***
fpc1602.pres1          0.116942   0.473341   0.2471   0.80486    
agecat5-14            -0.706374   0.286633  -2.4644   0.01372 *  
agecat15-24           -0.398228   0.385313  -1.0335   0.30136    
agecat25-34           -0.725151   0.437227  -1.6585   0.09721 .  
agecat35-44           -0.430179   0.399063  -1.0780   0.28105    
agecat45-54           -0.691099   0.470898  -1.4676   0.14221    
agecat55-64          -15.889412   0.330114 -48.1331 < 2.2e-16 ***
agecat65-74          -15.700290   0.441256 -35.5809 < 2.2e-16 ***
agecat75+            -15.768911   0.772627 -20.4095 < 2.2e-16 ***
agecatMissing        -15.900862   0.587941 -27.0450 < 2.2e-16 ***
female                 0.065224   0.212809   0.3065   0.75923    
racewhiteYes          -0.049865   0.236631  -0.2107   0.83310    
racewhiteMissing       0.494817   0.611886   0.8087   0.41870    
gichronYes             0.746344   0.681882   1.0945   0.27372    
anim_anyYes           -0.368845   0.293820  -1.2553   0.20935    
gicontactbaseYes       0.370043   0.432476   0.8556   0.39220    
gicontactbaseMissing   0.565133   0.954124   0.5923   0.55365    
rawfood                0.166821   0.277475   0.6012   0.54770    
beachDoheny            0.032516   0.233643   0.1392   0.88932    
---
Signif. codes:  0 ‘***’ 0.001 ‘**’ 0.01 ‘*’ 0.05 ‘.’ 0.1 ‘ ’ 1

> 
> 
> # --------------------------------------
> # save the results
> # exclude glm objects and data frames
> # (they are really large)
> # --------------------------------------
> save(
+ 
+   all.n3.fmc1601swall,all.n3.fmc1602swall,all.n3.fpc1601swall,all.n3.fpc1602swall,
+ 
+   av.n3.fmc1602swall, av.n3.fpc1601swall, av.n3.fpc1602swall, do.n3.fmc1601swall,
+   do.n3.fmc1602swall, do.n3.fpc1601swall, do.n3.fpc1602swall, fa.n3.fpc1601swall,
+   ma.n3.fpc1601swall, mb.n3.fmc1601swall, mb.n3.fpc1601swall,
+ 
+   av.n3.fmc1602.int0swall, av.n3.fpc1601.int0swall, av.n3.fpc1602.int0swall, 
+   do.n3.fmc1602.int0swall, do.n3.fpc1601.int0swall, do.n3.fpc1602.int0swall, fa.n3.fpc1601.int0swall,
+   ma.n3.fpc1601.int0swall, mb.n3.fmc1601.int0swall, mb.n3.fpc1601.int0swall,
+ 
+   av.n3.fmc1602.int1swall, av.n3.fpc1601.int1swall, av.n3.fpc1602.int1swall, 
+   do.n3.fmc1602.int1swall, do.n3.fpc1601.int1swall, do.n3.fpc1602.int1swall, fa.n3.fpc1601.int1swall,
+   ma.n3.fpc1601.int1swall, mb.n3.fmc1601.int1swall, mb.n3.fpc1601.int1swall,
+ 
+   avfit3.fmc1602swall, avfit3.fpc1601swall, avfit3.fpc1602swall,
+   dofit3.fmc1601swall, dofit3.fmc1602swall, dofit3.fpc1601swall, dofit3.fpc1602swall,
+   fafit3.fpc1601swall, mafit3.fpc1601swall,mbfit3.fmc1601swall,mbfit3.fpc1601swall,
+   
+   avfit3.fmc1602.gw.1.swall, avfit3.fmc1602.gw.0.swall, avfit3.fpc1601.gw.1.swall, avfit3.fpc1601.gw.0.swall, 
+   avfit3.fpc1602.gw.1.swall, avfit3.fpc1602.gw.0.swall,
+   dofit3.fmc1602.berm.1.swall, dofit3.fmc1602.berm.0.swall, 
+   dofit3.fpc1601.berm.1.swall, dofit3.fpc1601.berm.0.swall, dofit3.fpc1602.berm.1.swall, dofit3.fpc1602.berm.0.swall,
+   mafit3.fpc1601.berm.1.swall,mafit3.fpc1601.berm.0.swall,
+   
+   avfit3.fmc1602.gw.swall, avfit3.fpc1601.gw.swall, avfit3.fpc1602.gw.swall,
+   dofit3.fmc1602.berm.swall, dofit3.fpc1601.berm.swall, dofit3.fpc1602.berm.swall,
+   mafit3.fpc1601.berm.swall,
+   
+   all.VC3.fmc1601swall,overall.fit3.fmc1601swall,
+   all.VC3.fmc1602swall,overall.fit3.fmc1602swall,
+   all.VC3.fpc1601swall,overall.fit3.fpc1601swall,
+   all.VC3.fpc1602swall,overall.fit3.fpc1602swall,
+   
+   file="~/dropbox/coliphage/results/rawoutput/regress-3day-swall.Rdata"
+ )
> 
> 
> 
> 
> proc.time()
   user  system elapsed 
 83.907   3.895  88.122 
