
R version 3.2.2 (2015-08-14) -- "Fire Safety"
Copyright (C) 2015 The R Foundation for Statistical Computing
Platform: x86_64-apple-darwin13.4.0 (64-bit)

R is free software and comes with ABSOLUTELY NO WARRANTY.
You are welcome to redistribute it under certain conditions.
Type 'license()' or 'licence()' for distribution details.

  Natural language support but running in an English locale

R is a collaborative project with many contributors.
Type 'contributors()' for more information and
'citation()' on how to cite R or R packages in publications.

Type 'demo()' for some demos, 'help()' for on-line help, or
'help.start()' for an HTML browser interface to help.
Type 'q()' to quit R.

> ##########################################
> # Coliphage analysis - 6 beaches
> # v1 by Jade 7/13/15
> 
> # This file conducts maximum likelihood regression
> # to estimate prevalence ratios
> 
> # Results stratified by beach
> 
> # 3 day gi illness, head immersion
> ##########################################
> 
> rm(list=ls())
> library(foreign)
> 
> setwd("~/Dropbox/Coliphage/")
> 
> # --------------------------------------
> # load the and pre-preprocess the 
> # analysis dataset
> # (refer to the base functions script
> # for details on the pre-processing)
> # --------------------------------------
> beaches13=read.csv("~/Dropbox/13beaches/data/final/13beaches-analysis.csv")
> 
> # load base functions
> source("Programs/Analysis/0-base-functions.R")
> 
> data=preprocess.6beaches(beaches13)

Successfully loaded the data
 Total sample size = 88083 

Dropping individuals with GI illness at enrollment
 N = 2025 

Final sample size = 86058 

Subsetting the data to relevant variables and completing final variable pre-processing> 
> # restrict to 6 beaches with coliphage data
> beach.list=c("Avalon","Doheny","Malibu","Mission Bay",
+              "Fairhope","Goddard")
> 
> all=data[data$beach %in% beach.list,]
> avalon=data[data$beach %in% "Avalon",]
> doheny=data[data$beach %in% "Doheny",]
> malibu=data[data$beach %in% "Malibu",]
> mission=data[data$beach %in% "Mission Bay",]
> fairhope=data[data$beach %in% "Fairhope",]
> goddard=data[data$beach %in% "Goddard",]
> 
> data.list=list(all=all,avalon=avalon,doheny=doheny,mission=mission,
+    malibu=malibu,goddard=goddard,fairhope=fairhope)
> 
> data.list=lapply(data.list,function(df){
+   # drop individuals with no water quality information
+   df=subset(df,nowq==0)
+   # subset to non-missing exposure categories
+   # to make the robust CI calcs work
+   df=subset(df,df$headunder=="Yes")
+ })
> 
> # convert from list back to data frames
> list2env(data.list ,.GlobalEnv)
<environment: R_GlobalEnv>
> 
> # --------------------------------------
> # Calculate the actual Ns for each cell
> # and store them for plotting and tables
> # --------------------------------------
> regN <- function(outcome,exposurecat) {
+   sum(table(outcome,exposurecat))
+ }
> 
> # pooled n's ---------------------------------------
> all.n3.fmc1601head = regN(all$gici3[!is.na(all$fmc1601.pres)& all$beach!="Avalon"],
+                        all$fmc1601.pres[!is.na(all$fmc1601.pres)& all$beach!="Avalon"])
> all.n3.fmc1602head = regN(all$gici3[!is.na(all$fmc1602.pres)& all$beach!="Malibu"],
+                        all$fmc1602.pres[!is.na(all$fmc1602.pres)& all$beach!="Malibu"])
> all.n3.fpc1601head = regN(all$gici3[!is.na(all$fpc1601.pres) & all$beach!="Goddard"],
+                        all$fpc1601.pres[!is.na(all$fpc1601.pres) & all$beach!="Goddard"])
> all.n3.fpc1602head = regN(all$gici3[!is.na(all$fpc1602.pres) & all$beach!="Malibu"],
+                        all$fpc1602.pres[!is.na(all$fpc1602.pres) & all$beach!="Malibu"])
> 
> # combined n's ---------------------------------------
> #avalon
> av.n3.fmc1602head = regN(avalon$gici3,avalon$fmc1602.pres)
> av.n3.fpc1601head = regN(avalon$gici3,avalon$fpc1601.pres)
> av.n3.fpc1602head = regN(avalon$gici3,avalon$fpc1602.pres)
> 
> #doheny
> do.n3.fmc1601head = regN(doheny$gici3,doheny$fmc1601.pres)
> do.n3.fmc1602head = regN(doheny$gici3,doheny$fmc1602.pres)
> do.n3.fpc1601head = regN(doheny$gici3,doheny$fpc1601.pres)
> do.n3.fpc1602head = regN(doheny$gici3,doheny$fpc1602.pres)
> 
> # fairhope
> fa.n3.fpc1601head = regN(fairhope$gici3,fairhope$fpc1601.pres)
> 
> # goddard
> # fpc 1601 always present at goddard
> 
> # malibu
> # fmc 1602 and fpc 1602 always present at malibu
> ma.n3.fpc1601head = regN(malibu$gici3,malibu$fpc1601.pres)
> 
> # mission bay
> mb.n3.fmc1601head = regN(mission$gici3,mission$fmc1601.pres)
> mb.n3.fpc1601head = regN(mission$gici3,mission$fpc1601.pres)
> 
> # n if low risk conditions ---------------------------
> #avalon
> av.n3.fmc1602.int0head = regN(avalon$gici3[avalon$groundwater=="Below median flow"],
+   avalon$fmc1602.pres[avalon$groundwater=="Below median flow"])
> av.n3.fpc1601.int0head = regN(avalon$gici3[avalon$groundwater=="Below median flow"],
+   avalon$fpc1601.pres[avalon$groundwater=="Below median flow"])
> av.n3.fpc1602.int0head = regN(avalon$gici3[avalon$groundwater=="Below median flow"],
+   avalon$fpc1602.pres[avalon$groundwater=="Below median flow"])
> 
> #doheny
> do.n3.fmc1602.int0head = regN(doheny$gici3[doheny$berm=="Closed"],
+   doheny$fmc1602.pres[doheny$berm=="Closed"])
> do.n3.fpc1601.int0head = regN(doheny$gici3[doheny$berm=="Closed"],
+   doheny$fpc1601.pres[doheny$berm=="Closed"])
> do.n3.fpc1602.int0head = regN(doheny$gici3[doheny$berm=="Closed"],
+   doheny$fpc1602.pres[doheny$berm=="Closed"])
> 
> # malibu
> # fmc 1602 and fpc 1602 always present at malibu
> ma.n3.fpc1601.int0head = regN(malibu$gici3[malibu$berm=="Closed"],malibu$fpc1601.pres[malibu$berm=="Closed"])
> 
> 
> # n if high risk conditions ---------------------------
> #avalon
> av.n3.fmc1602.int1head = regN(avalon$gici3[avalon$groundwater=="Above median flow"],
+   avalon$fmc1602.pres[avalon$groundwater=="Above median flow"])
> av.n3.fpc1601.int1head = regN(avalon$gici3[avalon$groundwater=="Above median flow"],
+   avalon$fpc1601.pres[avalon$groundwater=="Above median flow"])
> av.n3.fpc1602.int1head = regN(avalon$gici3[avalon$groundwater=="Above median flow"],
+   avalon$fpc1602.pres[avalon$groundwater=="Above median flow"])
> 
> #doheny
> do.n3.fmc1602.int1head = regN(doheny$gici3[doheny$berm=="Open"],
+   doheny$fmc1602.pres[doheny$berm=="Open"])
> do.n3.fpc1601.int1head = regN(doheny$gici3[doheny$berm=="Open"],
+   doheny$fpc1601.pres[doheny$berm=="Open"])
> do.n3.fpc1602.int1head = regN(doheny$gici3[doheny$berm=="Open"],
+   doheny$fpc1602.pres[doheny$berm=="Open"])
> 
> # malibu
> # fmc 1602 and fpc 1602 always present at malibu
> ma.n3.fpc1601.int1head = regN(malibu$gici3[malibu$berm=="Open"],malibu$fpc1601.pres[malibu$berm=="Open"])
> 
> #-----------------------------------------
> # 3-day illness and coliphage concentration
> # pooled across berm and groundwater flow conditions
> # by beach
> #-----------------------------------------
> # avalon
> # fmc1601 -- always present at avalon 
> avfit3.fmc1602head = mpreg(gici3~fmc1602.pres+agecat+female+racewhite+gichron+anim_any+gicontactbase+rawfood,
+     dat=avalon,vcv=T)

Attaching package: ‘zoo’

The following objects are masked from ‘package:base’:

    as.Date, as.Date.numeric


Call:
glm(formula = formula, family = poisson(link = "log"), data = dat)

Deviance Residuals: 
    Min       1Q   Median       3Q      Max  
-0.7162  -0.2955  -0.2582  -0.2196   2.5561  

Coefficients:
                       Estimate Std. Error z value Pr(>|z|)    
(Intercept)            -3.04558    0.39817  -7.649 2.03e-14 ***
fmc1602.pres1           0.40127    0.20465   1.961  0.04990 *  
agecat5-14             -0.88425    0.32981  -2.681  0.00734 ** 
agecat15-24            -1.40004    0.44438  -3.151  0.00163 ** 
agecat25-34            -0.74788    0.41011  -1.824  0.06821 .  
agecat35-44            -0.55507    0.37428  -1.483  0.13806    
agecat45-54            -1.05202    0.42342  -2.485  0.01297 *  
agecat55-64            -1.19410    0.58403  -2.045  0.04090 *  
agecat65-74           -15.84937 1019.84660  -0.016  0.98760    
agecat75+             -15.78817 2014.72303  -0.008  0.99375    
agecatMissing         -15.96512 2416.64191  -0.007  0.99473    
female                  0.19314    0.19195   1.006  0.31432    
racewhiteYes            0.20439    0.23718   0.862  0.38881    
racewhiteMissing       -0.08871    0.74090  -0.120  0.90470    
gichronYes              0.35593    0.59155   0.602  0.54738    
anim_anyYes             0.02458    0.22613   0.109  0.91343    
gicontactbaseYes        0.86144    0.28028   3.073  0.00212 ** 
gicontactbaseMissing  -15.14421 1127.05185  -0.013  0.98928    
rawfood                 0.18813    0.23717   0.793  0.42764    
---
Signif. codes:  0 ‘***’ 0.001 ‘**’ 0.01 ‘*’ 0.05 ‘.’ 0.1 ‘ ’ 1

(Dispersion parameter for poisson family taken to be 1)

    Null deviance: 720.06  on 2902  degrees of freedom
Residual deviance: 688.42  on 2884  degrees of freedom
AIC: 946.42

Number of Fisher Scoring iterations: 16



Robust, Sandwich Standard Errors Account for Clustering:

z test of coefficients:

                       Estimate Std. Error  z value  Pr(>|z|)    
(Intercept)           -3.045576   0.440341  -6.9164 4.633e-12 ***
fmc1602.pres1          0.401273   0.243609   1.6472  0.099517 .  
agecat5-14            -0.884248   0.312091  -2.8333  0.004607 ** 
agecat15-24           -1.400040   0.435598  -3.2141  0.001309 ** 
agecat25-34           -0.747878   0.384948  -1.9428  0.052040 .  
agecat35-44           -0.555070   0.363722  -1.5261  0.126989    
agecat45-54           -1.052023   0.417268  -2.5212  0.011695 *  
agecat55-64           -1.194101   0.581136  -2.0548  0.039901 *  
agecat65-74          -15.849373   0.386574 -40.9995 < 2.2e-16 ***
agecat75+            -15.788174   0.457812 -34.4862 < 2.2e-16 ***
agecatMissing        -15.965121   0.634315 -25.1691 < 2.2e-16 ***
female                 0.193135   0.185632   1.0404  0.298147    
racewhiteYes           0.204391   0.286730   0.7128  0.475947    
racewhiteMissing      -0.088707   0.672173  -0.1320  0.895007    
gichronYes             0.355929   0.577880   0.6159  0.537947    
anim_anyYes            0.024582   0.251157   0.0979  0.922032    
gicontactbaseYes       0.861439   0.305143   2.8231  0.004757 ** 
gicontactbaseMissing -15.144209   0.350904 -43.1576 < 2.2e-16 ***
rawfood                0.188134   0.244796   0.7685  0.442169    
---
Signif. codes:  0 ‘***’ 0.001 ‘**’ 0.01 ‘*’ 0.05 ‘.’ 0.1 ‘ ’ 1

> avfit3.fpc1601head = mpreg(gici3~fpc1601.pres+agecat+female+racewhite+gichron+anim_any+gicontactbase+rawfood,
+     dat=avalon,vcv=T)

Call:
glm(formula = formula, family = poisson(link = "log"), data = dat)

Deviance Residuals: 
    Min       1Q   Median       3Q      Max  
-0.6791  -0.2890  -0.2544  -0.2283   2.4517  

Coefficients:
                       Estimate Std. Error z value Pr(>|z|)    
(Intercept)          -2.888e+00  4.318e-01  -6.690 2.24e-11 ***
fpc1601.pres1         1.313e-01  2.494e-01   0.526  0.59861    
agecat5-14           -8.808e-01  3.300e-01  -2.669  0.00760 ** 
agecat15-24          -1.429e+00  4.449e-01  -3.213  0.00131 ** 
agecat25-34          -8.109e-01  4.100e-01  -1.978  0.04797 *  
agecat35-44          -6.061e-01  3.735e-01  -1.623  0.10468    
agecat45-54          -1.098e+00  4.232e-01  -2.594  0.00949 ** 
agecat55-64          -1.203e+00  5.847e-01  -2.058  0.03955 *  
agecat65-74          -1.582e+01  1.025e+03  -0.015  0.98768    
agecat75+            -1.585e+01  2.015e+03  -0.008  0.99372    
agecatMissing        -1.607e+01  2.471e+03  -0.007  0.99481    
female                1.996e-01  1.919e-01   1.040  0.29823    
racewhiteYes          2.071e-01  2.372e-01   0.873  0.38252    
racewhiteMissing     -1.209e-02  7.401e-01  -0.016  0.98696    
gichronYes            3.628e-01  5.920e-01   0.613  0.53995    
anim_anyYes           4.179e-03  2.262e-01   0.018  0.98526    
gicontactbaseYes      8.788e-01  2.804e-01   3.134  0.00172 ** 
gicontactbaseMissing -1.506e+01  1.128e+03  -0.013  0.98935    
rawfood               2.007e-01  2.372e-01   0.846  0.39749    
---
Signif. codes:  0 ‘***’ 0.001 ‘**’ 0.01 ‘*’ 0.05 ‘.’ 0.1 ‘ ’ 1

(Dispersion parameter for poisson family taken to be 1)

    Null deviance: 720.06  on 2902  degrees of freedom
Residual deviance: 692.12  on 2884  degrees of freedom
AIC: 950.12

Number of Fisher Scoring iterations: 16



Robust, Sandwich Standard Errors Account for Clustering:

z test of coefficients:

                        Estimate  Std. Error  z value  Pr(>|z|)    
(Intercept)           -2.8882061   0.5286723  -5.4631 4.678e-08 ***
fpc1601.pres1          0.1312638   0.3153008   0.4163  0.677181    
agecat5-14            -0.8807938   0.3126386  -2.8173  0.004843 ** 
agecat15-24           -1.4294925   0.4388317  -3.2575  0.001124 ** 
agecat25-34           -0.8108832   0.3850212  -2.1061  0.035198 *  
agecat35-44           -0.6061116   0.3669933  -1.6516  0.098624 .  
agecat45-54           -1.0976482   0.4214180  -2.6047  0.009197 ** 
agecat55-64           -1.2034780   0.5799385  -2.0752  0.037970 *  
agecat65-74          -15.8239476   0.3837062 -41.2397 < 2.2e-16 ***
agecat75+            -15.8503612   0.4592685 -34.5122 < 2.2e-16 ***
agecatMissing        -16.0723120   0.6039416 -26.6124 < 2.2e-16 ***
female                 0.1996406   0.1854982   1.0762  0.281820    
racewhiteYes           0.2071197   0.2892035   0.7162  0.473884    
racewhiteMissing      -0.0120915   0.6730980  -0.0180  0.985668    
gichronYes             0.3628012   0.5806363   0.6248  0.532080    
anim_anyYes            0.0041791   0.2501049   0.0167  0.986669    
gicontactbaseYes       0.8787701   0.3092009   2.8421  0.004482 ** 
gicontactbaseMissing -15.0647705   0.3467394 -43.4470 < 2.2e-16 ***
rawfood                0.2007146   0.2475005   0.8110  0.417385    
---
Signif. codes:  0 ‘***’ 0.001 ‘**’ 0.01 ‘*’ 0.05 ‘.’ 0.1 ‘ ’ 1

> avfit3.fpc1602head = mpreg(gici3~fpc1602.pres+agecat+female+racewhite+gichron+anim_any+gicontactbase+rawfood,
+     dat=avalon,vcv=T)

Call:
glm(formula = formula, family = poisson(link = "log"), data = dat)

Deviance Residuals: 
    Min       1Q   Median       3Q      Max  
-0.6712  -0.2851  -0.2497  -0.2226   2.4742  

Coefficients:
                       Estimate Std. Error z value Pr(>|z|)    
(Intercept)            -2.80140    0.37203  -7.530 5.07e-14 ***
fpc1602.pres1           0.41164    0.36892   1.116  0.26450    
agecat5-14             -0.89601    0.33002  -2.715  0.00663 ** 
agecat15-24            -1.44124    0.44408  -3.245  0.00117 ** 
agecat25-34            -0.83627    0.40871  -2.046  0.04075 *  
agecat35-44            -0.61333    0.37279  -1.645  0.09993 .  
agecat45-54            -1.10762    0.42305  -2.618  0.00884 ** 
agecat55-64            -1.22148    0.58435  -2.090  0.03659 *  
agecat65-74           -15.84664 1021.40164  -0.016  0.98762    
agecat75+             -15.83965 2015.48269  -0.008  0.99373    
agecatMissing         -16.03599 2471.70993  -0.006  0.99482    
female                  0.19944    0.19201   1.039  0.29893    
racewhiteYes            0.21139    0.23734   0.891  0.37311    
racewhiteMissing       -0.00637    0.74020  -0.009  0.99313    
gichronYes              0.38145    0.59192   0.644  0.51930    
anim_anyYes             0.01807    0.22634   0.080  0.93636    
gicontactbaseYes        0.88184    0.28055   3.143  0.00167 ** 
gicontactbaseMissing  -15.03834 1127.63102  -0.013  0.98936    
rawfood                 0.19850    0.23723   0.837  0.40273    
---
Signif. codes:  0 ‘***’ 0.001 ‘**’ 0.01 ‘*’ 0.05 ‘.’ 0.1 ‘ ’ 1

(Dispersion parameter for poisson family taken to be 1)

    Null deviance: 720.06  on 2902  degrees of freedom
Residual deviance: 691.30  on 2884  degrees of freedom
AIC: 949.3

Number of Fisher Scoring iterations: 16



Robust, Sandwich Standard Errors Account for Clustering:

z test of coefficients:

                        Estimate  Std. Error  z value  Pr(>|z|)    
(Intercept)           -2.8014023   0.3963138  -7.0686 1.565e-12 ***
fpc1602.pres1          0.4116448   0.4677915   0.8800  0.378873    
agecat5-14            -0.8960138   0.3136239  -2.8570  0.004277 ** 
agecat15-24           -1.4412356   0.4405243  -3.2716  0.001069 ** 
agecat25-34           -0.8362690   0.3862549  -2.1651  0.030382 *  
agecat35-44           -0.6133289   0.3733671  -1.6427  0.100446    
agecat45-54           -1.1076173   0.4242573  -2.6107  0.009035 ** 
agecat55-64           -1.2214830   0.5852497  -2.0871  0.036878 *  
agecat65-74          -15.8466390   0.3930472 -40.3174 < 2.2e-16 ***
agecat75+            -15.8396498   0.4615936 -34.3151 < 2.2e-16 ***
agecatMissing        -16.0359943   0.6026898 -26.6074 < 2.2e-16 ***
female                 0.1994435   0.1861600   1.0714  0.284010    
racewhiteYes           0.2113928   0.2884825   0.7328  0.463696    
racewhiteMissing      -0.0063696   0.6742410  -0.0094  0.992462    
gichronYes             0.3814491   0.5797157   0.6580  0.510542    
anim_anyYes            0.0180716   0.2507035   0.0721  0.942535    
gicontactbaseYes       0.8818444   0.3097582   2.8469  0.004415 ** 
gicontactbaseMissing -15.0383410   0.3392467 -44.3286 < 2.2e-16 ***
rawfood                0.1985025   0.2467908   0.8043  0.421204    
---
Signif. codes:  0 ‘***’ 0.001 ‘**’ 0.01 ‘*’ 0.05 ‘.’ 0.1 ‘ ’ 1

> 
> # doheny
> dofit3.fmc1601head = mpreg(gici3~fmc1601.pres+agecat+female+racewhite+gichron+anim_any+gicontactbase+rawfood,
+      dat=doheny[!is.na(doheny$fmc1601.pres),],vcv=T)

Call:
glm(formula = formula, family = poisson(link = "log"), data = dat)

Deviance Residuals: 
    Min       1Q   Median       3Q      Max  
-0.9618  -0.2790  -0.2311  -0.1456   2.7319  

Coefficients:
                       Estimate Std. Error z value Pr(>|z|)    
(Intercept)          -3.281e+00  1.039e+00  -3.160 0.001580 ** 
fmc1601.pres1        -2.140e-01  7.428e-01  -0.288 0.773230    
agecat5-14            3.526e-02  7.623e-01   0.046 0.963103    
agecat15-24           4.400e-01  8.756e-01   0.502 0.615323    
agecat25-34           5.777e-01  8.758e-01   0.660 0.509520    
agecat35-44          -5.347e-01  1.009e+00  -0.530 0.596091    
agecat45-54          -1.675e+01  1.618e+03  -0.010 0.991744    
agecat55-64          -1.673e+01  2.425e+03  -0.007 0.994497    
agecat65-74          -1.690e+01  1.099e+04  -0.002 0.998773    
agecatMissing        -1.711e+01  1.030e+04  -0.002 0.998675    
female                2.514e-01  3.993e-01   0.629 0.529039    
racewhiteYes         -1.626e-01  4.022e-01  -0.404 0.685919    
racewhiteMissing     -1.682e+01  4.402e+03  -0.004 0.996951    
gichronYes           -1.641e+01  4.422e+03  -0.004 0.997038    
anim_anyYes          -1.087e+00  7.403e-01  -1.468 0.141998    
gicontactbaseYes      1.895e+00  5.208e-01   3.639 0.000274 ***
gicontactbaseMissing  7.332e-01  1.032e+00   0.710 0.477598    
rawfood              -1.298e-02  6.340e-01  -0.020 0.983663    
---
Signif. codes:  0 ‘***’ 0.001 ‘**’ 0.01 ‘*’ 0.05 ‘.’ 0.1 ‘ ’ 1

(Dispersion parameter for poisson family taken to be 1)

    Null deviance: 181.51  on 852  degrees of freedom
Residual deviance: 156.44  on 835  degrees of freedom
AIC: 244.44

Number of Fisher Scoring iterations: 18



Robust, Sandwich Standard Errors Account for Clustering:

z test of coefficients:

                       Estimate Std. Error  z value  Pr(>|z|)    
(Intercept)           -3.281316   0.733635  -4.4727 7.724e-06 ***
fmc1601.pres1         -0.214036   0.660789  -0.3239    0.7460    
agecat5-14             0.035263   0.653934   0.0539    0.9570    
agecat15-24            0.439953   0.804203   0.5471    0.5843    
agecat25-34            0.577675   0.683097   0.8457    0.3977    
agecat35-44           -0.534657   0.934566  -0.5721    0.5673    
agecat45-54          -16.745804   0.632910 -26.4584 < 2.2e-16 ***
agecat55-64          -16.725285   0.711633 -23.5027 < 2.2e-16 ***
agecat65-74          -16.895962   0.986112 -17.1339 < 2.2e-16 ***
agecatMissing        -17.110539   1.109660 -15.4196 < 2.2e-16 ***
female                 0.251378   0.387520   0.6487    0.5165    
racewhiteYes          -0.162649   0.446490  -0.3643    0.7156    
racewhiteMissing     -16.821508   0.667503 -25.2006 < 2.2e-16 ***
gichronYes           -16.414103   0.837006 -19.6105 < 2.2e-16 ***
anim_anyYes           -1.086987   0.750140  -1.4490    0.1473    
gicontactbaseYes       1.895359   0.459655   4.1234 3.733e-05 ***
gicontactbaseMissing   0.733224   0.921157   0.7960    0.4260    
rawfood               -0.012982   0.630679  -0.0206    0.9836    
---
Signif. codes:  0 ‘***’ 0.001 ‘**’ 0.01 ‘*’ 0.05 ‘.’ 0.1 ‘ ’ 1

Warning message:
glm.fit: fitted rates numerically 0 occurred 
> dofit3.fmc1602head = mpreg(gici3~fmc1602.pres+agecat+female+racewhite+gichron+anim_any+gicontactbase+rawfood,
+     dat=doheny,vcv=T)

Call:
glm(formula = formula, family = poisson(link = "log"), data = dat)

Deviance Residuals: 
    Min       1Q   Median       3Q      Max  
-0.5197  -0.2774  -0.2498  -0.2284   2.6413  

Coefficients:
                      Estimate Std. Error z value Pr(>|z|)    
(Intercept)           -2.89785    0.38022  -7.622 2.51e-14 ***
fmc1602.pres1          0.13310    0.25326   0.526   0.5992    
agecat5-14            -0.77670    0.31617  -2.457   0.0140 *  
agecat15-24           -0.48847    0.37626  -1.298   0.1942    
agecat25-34           -0.70656    0.42834  -1.650   0.0990 .  
agecat35-44           -0.70808    0.38969  -1.817   0.0692 .  
agecat45-54           -0.93714    0.45975  -2.038   0.0415 *  
agecat55-64           -2.15276    1.04447  -2.061   0.0393 *  
agecat65-74            0.44855    1.04492   0.429   0.6677    
agecatMissing        -12.67615  422.59367  -0.030   0.9761    
female                 0.21188    0.19543   1.084   0.2783    
racewhiteYes           0.05518    0.21019   0.263   0.7929    
racewhiteMissing      -0.61574    1.01540  -0.606   0.5442    
gichronYes             0.75533    0.59577   1.268   0.2049    
anim_anyYes           -0.45614    0.27330  -1.669   0.0951 .  
gicontactbaseYes       0.10738    0.46168   0.233   0.8161    
gicontactbaseMissing   0.91159    0.51424   1.773   0.0763 .  
rawfood                0.22881    0.24539   0.932   0.3511    
---
Signif. codes:  0 ‘***’ 0.001 ‘**’ 0.01 ‘*’ 0.05 ‘.’ 0.1 ‘ ’ 1

(Dispersion parameter for poisson family taken to be 1)

    Null deviance: 738.31  on 3153  degrees of freedom
Residual deviance: 718.41  on 3136  degrees of freedom
AIC: 974.41

Number of Fisher Scoring iterations: 13



Robust, Sandwich Standard Errors Account for Clustering:

z test of coefficients:

                       Estimate Std. Error  z value  Pr(>|z|)    
(Intercept)           -2.897851   0.405921  -7.1390 9.404e-13 ***
fmc1602.pres1          0.133101   0.310497   0.4287   0.66816    
agecat5-14            -0.776698   0.307762  -2.5237   0.01161 *  
agecat15-24           -0.488472   0.358776  -1.3615   0.17336    
agecat25-34           -0.706556   0.372931  -1.8946   0.05815 .  
agecat35-44           -0.708075   0.390359  -1.8139   0.06969 .  
agecat45-54           -0.937144   0.386140  -2.4270   0.01523 *  
agecat55-64           -2.152765   1.035610  -2.0787   0.03764 *  
agecat65-74            0.448547   0.976324   0.4594   0.64593    
agecatMissing        -12.676145   0.533179 -23.7747 < 2.2e-16 ***
female                 0.211879   0.196527   1.0781   0.28098    
racewhiteYes           0.055181   0.248104   0.2224   0.82400    
racewhiteMissing      -0.615743   0.976804  -0.6304   0.52846    
gichronYes             0.755334   0.582624   1.2964   0.19483    
anim_anyYes           -0.456145   0.302317  -1.5088   0.13134    
gicontactbaseYes       0.107383   0.518380   0.2072   0.83589    
gicontactbaseMissing   0.911588   0.562122   1.6217   0.10487    
rawfood                0.228813   0.265520   0.8618   0.38882    
---
Signif. codes:  0 ‘***’ 0.001 ‘**’ 0.01 ‘*’ 0.05 ‘.’ 0.1 ‘ ’ 1

> dofit3.fpc1601head = mpreg(gici3~fpc1601.pres+agecat+female+racewhite+gichron+anim_any+gicontactbase+rawfood,
+     dat=doheny,vcv=T)

Call:
glm(formula = formula, family = poisson(link = "log"), data = dat)

Deviance Residuals: 
    Min       1Q   Median       3Q      Max  
-0.5722  -0.2767  -0.2477  -0.2226   2.6698  

Coefficients:
                     Estimate Std. Error z value Pr(>|z|)    
(Intercept)           -2.5755     0.3839  -6.709 1.96e-11 ***
fpc1601.pres1         -0.2750     0.2660  -1.034   0.3012    
agecat5-14            -0.7506     0.3162  -2.374   0.0176 *  
agecat15-24           -0.4588     0.3765  -1.219   0.2230    
agecat25-34           -0.6891     0.4280  -1.610   0.1074    
agecat35-44           -0.6875     0.3892  -1.766   0.0774 .  
agecat45-54           -0.9134     0.4592  -1.989   0.0467 *  
agecat55-64           -2.1560     1.0448  -2.064   0.0390 *  
agecat65-74            0.4217     1.0468   0.403   0.6871    
agecatMissing        -12.6683   423.2604  -0.030   0.9761    
female                 0.2104     0.1953   1.077   0.2814    
racewhiteYes           0.0540     0.2100   0.257   0.7971    
racewhiteMissing      -0.6309     1.0151  -0.622   0.5342    
gichronYes             0.7471     0.5966   1.252   0.2105    
anim_anyYes           -0.4571     0.2731  -1.674   0.0942 .  
gicontactbaseYes       0.1015     0.4612   0.220   0.8258    
gicontactbaseMissing   0.9621     0.5153   1.867   0.0619 .  
rawfood                0.2427     0.2457   0.988   0.3232    
---
Signif. codes:  0 ‘***’ 0.001 ‘**’ 0.01 ‘*’ 0.05 ‘.’ 0.1 ‘ ’ 1

(Dispersion parameter for poisson family taken to be 1)

    Null deviance: 738.31  on 3153  degrees of freedom
Residual deviance: 717.69  on 3136  degrees of freedom
AIC: 973.69

Number of Fisher Scoring iterations: 13



Robust, Sandwich Standard Errors Account for Clustering:

z test of coefficients:

                       Estimate Std. Error  z value  Pr(>|z|)    
(Intercept)           -2.575470   0.403228  -6.3871  1.69e-10 ***
fpc1601.pres1         -0.274963   0.346449  -0.7937   0.42739    
agecat5-14            -0.750618   0.309080  -2.4286   0.01516 *  
agecat15-24           -0.458794   0.358614  -1.2794   0.20077    
agecat25-34           -0.689079   0.372100  -1.8519   0.06404 .  
agecat35-44           -0.687450   0.387940  -1.7721   0.07639 .  
agecat45-54           -0.913438   0.382334  -2.3891   0.01689 *  
agecat55-64           -2.156034   1.036191  -2.0807   0.03746 *  
agecat65-74            0.421695   1.002313   0.4207   0.67396    
agecatMissing        -12.668291   0.524524 -24.1520 < 2.2e-16 ***
female                 0.210416   0.196246   1.0722   0.28363    
racewhiteYes           0.053996   0.246797   0.2188   0.82682    
racewhiteMissing      -0.630941   0.978925  -0.6445   0.51924    
gichronYes             0.747061   0.589253   1.2678   0.20487    
anim_anyYes           -0.457094   0.300661  -1.5203   0.12844    
gicontactbaseYes       0.101506   0.499317   0.2033   0.83891    
gicontactbaseMissing   0.962138   0.565228   1.7022   0.08872 .  
rawfood                0.242697   0.264941   0.9160   0.35965    
---
Signif. codes:  0 ‘***’ 0.001 ‘**’ 0.01 ‘*’ 0.05 ‘.’ 0.1 ‘ ’ 1

> dofit3.fpc1602head = mpreg(gici3~fpc1602.pres+agecat+female+racewhite+gichron+anim_any+gicontactbase+rawfood,
+     dat=doheny,vcv=T)

Call:
glm(formula = formula, family = poisson(link = "log"), data = dat)

Deviance Residuals: 
    Min       1Q   Median       3Q      Max  
-0.5250  -0.2794  -0.2490  -0.2241   2.6239  

Coefficients:
                      Estimate Std. Error z value Pr(>|z|)    
(Intercept)           -2.77395    0.32350  -8.575   <2e-16 ***
fpc1602.pres1         -0.56606    0.45966  -1.231   0.2181    
agecat5-14            -0.76538    0.31568  -2.425   0.0153 *  
agecat15-24           -0.46948    0.37602  -1.249   0.2118    
agecat25-34           -0.70072    0.42833  -1.636   0.1019    
agecat35-44           -0.69637    0.38934  -1.789   0.0737 .  
agecat45-54           -0.90090    0.45907  -1.962   0.0497 *  
agecat55-64           -2.12034    1.04439  -2.030   0.0423 *  
agecat65-74            0.44545    1.04538   0.426   0.6700    
agecatMissing        -12.69364  422.99430  -0.030   0.9761    
female                 0.21214    0.19537   1.086   0.2775    
racewhiteYes           0.05895    0.21012   0.281   0.7791    
racewhiteMissing      -0.61498    1.01509  -0.606   0.5446    
gichronYes             0.73889    0.59609   1.240   0.2151    
anim_anyYes           -0.45567    0.27320  -1.668   0.0953 .  
gicontactbaseYes       0.11079    0.46151   0.240   0.8103    
gicontactbaseMissing   0.89183    0.51411   1.735   0.0828 .  
rawfood                0.25168    0.24613   1.023   0.3065    
---
Signif. codes:  0 ‘***’ 0.001 ‘**’ 0.01 ‘*’ 0.05 ‘.’ 0.1 ‘ ’ 1

(Dispersion parameter for poisson family taken to be 1)

    Null deviance: 738.31  on 3153  degrees of freedom
Residual deviance: 716.89  on 3136  degrees of freedom
AIC: 972.89

Number of Fisher Scoring iterations: 13



Robust, Sandwich Standard Errors Account for Clustering:

z test of coefficients:

                       Estimate Std. Error  z value Pr(>|z|)    
(Intercept)           -2.773953   0.301934  -9.1873  < 2e-16 ***
fpc1602.pres1         -0.566056   0.530304  -1.0674  0.28578    
agecat5-14            -0.765380   0.308849  -2.4782  0.01321 *  
agecat15-24           -0.469483   0.360732  -1.3015  0.19310    
agecat25-34           -0.700721   0.374340  -1.8719  0.06122 .  
agecat35-44           -0.696368   0.389930  -1.7859  0.07412 .  
agecat45-54           -0.900900   0.382242  -2.3569  0.01843 *  
agecat55-64           -2.120340   1.035379  -2.0479  0.04057 *  
agecat65-74            0.445446   0.976542   0.4561  0.64828    
agecatMissing        -12.693642   0.534044 -23.7689  < 2e-16 ***
female                 0.212144   0.196847   1.0777  0.28116    
racewhiteYes           0.058946   0.246732   0.2389  0.81118    
racewhiteMissing      -0.614983   0.973171  -0.6319  0.52743    
gichronYes             0.738894   0.585318   1.2624  0.20681    
anim_anyYes           -0.455667   0.301156  -1.5131  0.13026    
gicontactbaseYes       0.110791   0.512260   0.2163  0.82877    
gicontactbaseMissing   0.891826   0.564509   1.5798  0.11415    
rawfood                0.251676   0.264984   0.9498  0.34223    
---
Signif. codes:  0 ‘***’ 0.001 ‘**’ 0.01 ‘*’ 0.05 ‘.’ 0.1 ‘ ’ 1

> 
> # fairhope
> fafit3.fpc1601head = mpreg(gici3~fpc1601.pres+agecat+female+racewhite+gichron+anim_any+gicontactbase+rawfood,
+     dat=fairhope[!is.na(fairhope$fpc1601.pres),],vcv=T)

Call:
glm(formula = formula, family = poisson(link = "log"), data = dat)

Deviance Residuals: 
    Min       1Q   Median       3Q      Max  
-0.8832  -0.3953  -0.3457  -0.2402   2.4210  

Coefficients:
                  Estimate Std. Error z value Pr(>|z|)  
(Intercept)        -0.4080     1.0193  -0.400   0.6890  
fpc1601.pres1      -1.3802     0.8306  -1.662   0.0966 .
agecat5-14         -0.9252     0.6189  -1.495   0.1349  
agecat15-24        -0.7610     0.7539  -1.009   0.3128  
agecat25-34       -17.4951  1884.2043  -0.009   0.9926  
agecat35-44        -0.5000     0.9513  -0.526   0.5992  
agecat45-54        -0.8279     1.1292  -0.733   0.4634  
agecat55-64         1.0393     1.1715   0.887   0.3750  
agecat65-74       -16.9990  6448.5662  -0.003   0.9979  
agecat75+         -17.3040  9426.6169  -0.002   0.9985  
female             -0.1062     0.4859  -0.219   0.8269  
racewhiteYes       -0.9802     0.5980  -1.639   0.1011  
gichronYes        -16.4325  6663.1349  -0.002   0.9980  
anim_anyYes         0.8760     0.6351   1.379   0.1678  
gicontactbaseYes   -0.3811     1.1309  -0.337   0.7361  
rawfood             0.0707     0.7209   0.098   0.9219  
---
Signif. codes:  0 ‘***’ 0.001 ‘**’ 0.01 ‘*’ 0.05 ‘.’ 0.1 ‘ ’ 1

(Dispersion parameter for poisson family taken to be 1)

    Null deviance: 95.737  on 235  degrees of freedom
Residual deviance: 82.560  on 220  degrees of freedom
AIC: 152.56

Number of Fisher Scoring iterations: 17



Robust, Sandwich Standard Errors Account for Clustering:

z test of coefficients:

                   Estimate Std. Error  z value Pr(>|z|)    
(Intercept)       -0.407961   0.783641  -0.5206  0.60265    
fpc1601.pres1     -1.380200   0.605703  -2.2787  0.02269 *  
agecat5-14        -0.925207   0.536881  -1.7233  0.08483 .  
agecat15-24       -0.760982   0.846913  -0.8985  0.36890    
agecat25-34      -17.495139   0.493560 -35.4468  < 2e-16 ***
agecat35-44       -0.499976   0.793572  -0.6300  0.52867    
agecat45-54       -0.827934   1.185035  -0.6987  0.48477    
agecat55-64        1.039280   0.876123   1.1862  0.23553    
agecat65-74      -16.998986   0.984749 -17.2622  < 2e-16 ***
agecat75+        -17.303956   1.209897 -14.3020  < 2e-16 ***
female            -0.106246   0.496079  -0.2142  0.83041    
racewhiteYes      -0.980251   0.562625  -1.7423  0.08146 .  
gichronYes       -16.432535   0.828028 -19.8454  < 2e-16 ***
anim_anyYes        0.876028   0.606740   1.4438  0.14879    
gicontactbaseYes  -0.381095   1.199526  -0.3177  0.75071    
rawfood            0.070698   0.576292   0.1227  0.90236    
---
Signif. codes:  0 ‘***’ 0.001 ‘**’ 0.01 ‘*’ 0.05 ‘.’ 0.1 ‘ ’ 1

> 
> # goddard
> # fpc 1601 always present at goddard
> 
> # malibu
> # fmc 1602 and fpc 1602 always present at malibu
> mafit3.fpc1601head = mpreg(gici3~fpc1601.pres+agecat+female+racewhite+gichron+anim_any+gicontactbase+rawfood,
+     dat=malibu[!is.na(malibu$fpc1601.pres),],vcv=T)

Call:
glm(formula = formula, family = poisson(link = "log"), data = dat)

Deviance Residuals: 
    Min       1Q   Median       3Q      Max  
-0.6903  -0.2806  -0.2455  -0.2061   2.4858  

Coefficients:
                   Estimate Std. Error z value Pr(>|z|)    
(Intercept)        -2.49253    0.43556  -5.723 1.05e-08 ***
fpc1601.pres1      -0.29184    0.26606  -1.097   0.2727    
agecat5-14         -0.65660    0.45094  -1.456   0.1454    
agecat15-24        -0.91545    0.53997  -1.695   0.0900 .  
agecat25-34        -0.49802    0.49634  -1.003   0.3157    
agecat35-44        -0.55848    0.50163  -1.113   0.2656    
agecat45-54        -0.83759    0.59709  -1.403   0.1607    
agecat55-64        -1.42101    1.07776  -1.318   0.1873    
agecat65-74       -16.43241 2339.33056  -0.007   0.9944    
agecat75+         -16.67353 4975.96866  -0.003   0.9973    
female              0.09573    0.27044   0.354   0.7233    
racewhiteYes       -0.45062    0.27203  -1.657   0.0976 .  
racewhiteMissing  -16.06245  980.48833  -0.016   0.9869    
gichronYes          1.27868    0.60774   2.104   0.0354 *  
anim_anyYes        -0.05873    0.34115  -0.172   0.8633    
gicontactbaseYes    0.43616    0.52365   0.833   0.4049    
rawfood             0.38402    0.30656   1.253   0.2103    
---
Signif. codes:  0 ‘***’ 0.001 ‘**’ 0.01 ‘*’ 0.05 ‘.’ 0.1 ‘ ’ 1

(Dispersion parameter for poisson family taken to be 1)

    Null deviance: 394.07  on 1732  degrees of freedom
Residual deviance: 373.08  on 1716  degrees of freedom
AIC: 523.08

Number of Fisher Scoring iterations: 17



Robust, Sandwich Standard Errors Account for Clustering:

z test of coefficients:

                   Estimate Std. Error  z value  Pr(>|z|)    
(Intercept)       -2.492526   0.419952  -5.9353 2.934e-09 ***
fpc1601.pres1     -0.291838   0.272114  -1.0725   0.28350    
agecat5-14        -0.656604   0.432898  -1.5168   0.12933    
agecat15-24       -0.915454   0.533325  -1.7165   0.08607 .  
agecat25-34       -0.498017   0.513468  -0.9699   0.33209    
agecat35-44       -0.558481   0.502273  -1.1119   0.26618    
agecat45-54       -0.837586   0.615036  -1.3618   0.17325    
agecat55-64       -1.421007   1.064381  -1.3351   0.18186    
agecat65-74      -16.432409   0.567506 -28.9555 < 2.2e-16 ***
agecat75+        -16.673534   0.991236 -16.8210 < 2.2e-16 ***
female             0.095735   0.259804   0.3685   0.71251    
racewhiteYes      -0.450619   0.290923  -1.5489   0.12140    
racewhiteMissing -16.062449   0.304826 -52.6938 < 2.2e-16 ***
gichronYes         1.278675   0.615217   2.0784   0.03767 *  
anim_anyYes       -0.058731   0.352281  -0.1667   0.86759    
gicontactbaseYes   0.436161   0.530042   0.8229   0.41058    
rawfood            0.384022   0.338889   1.1332   0.25714    
---
Signif. codes:  0 ‘***’ 0.001 ‘**’ 0.01 ‘*’ 0.05 ‘.’ 0.1 ‘ ’ 1

> 
> # mission bay
> mbfit3.fmc1601head = mpreg(gici3~fmc1601.pres+agecat+female+racewhite+gichron+anim_any+gicontactbase+rawfood,
+     dat=mission[!is.na(mission$fmc1601.pres),],vcv=T)

Call:
glm(formula = formula, family = poisson(link = "log"), data = dat)

Deviance Residuals: 
     Min        1Q    Median        3Q       Max  
-0.71007  -0.29300  -0.22816  -0.00004   2.71379  

Coefficients:
                       Estimate Std. Error z value Pr(>|z|)    
(Intercept)          -2.953e+00  3.247e-01  -9.092   <2e-16 ***
fmc1601.pres1        -1.746e-01  2.051e-01  -0.851   0.3946    
agecat5-14            1.276e-01  3.096e-01   0.412   0.6803    
agecat15-24          -1.019e-01  4.236e-01  -0.241   0.8099    
agecat25-34          -2.102e-02  3.954e-01  -0.053   0.9576    
agecat35-44          -8.498e-01  5.310e-01  -1.600   0.1095    
agecat45-54           5.315e-01  4.602e-01   1.155   0.2481    
agecat55-64          -1.770e+01  4.384e+03  -0.004   0.9968    
agecat65-74          -1.776e+01  7.922e+03  -0.002   0.9982    
agecat75+            -1.811e+01  1.478e+04  -0.001   0.9990    
agecatMissing        -9.074e-01  1.039e+00  -0.874   0.3823    
female               -5.009e-01  2.025e-01  -2.474   0.0134 *  
racewhiteYes          6.169e-01  2.433e-01   2.536   0.0112 *  
racewhiteMissing     -1.791e+01  7.894e+02  -0.023   0.9819    
gichronYes            6.010e-01  7.235e-01   0.831   0.4062    
anim_anyYes           2.896e-01  2.294e-01   1.262   0.2068    
gicontactbaseYes      3.301e-01  5.907e-01   0.559   0.5763    
gicontactbaseMissing -1.744e+01  2.077e+03  -0.008   0.9933    
rawfood              -1.950e-01  2.160e-01  -0.903   0.3666    
---
Signif. codes:  0 ‘***’ 0.001 ‘**’ 0.01 ‘*’ 0.05 ‘.’ 0.1 ‘ ’ 1

(Dispersion parameter for poisson family taken to be 1)

    Null deviance: 734.07  on 3545  degrees of freedom
Residual deviance: 628.35  on 3527  degrees of freedom
AIC: 874.35

Number of Fisher Scoring iterations: 19



Robust, Sandwich Standard Errors Account for Clustering:

z test of coefficients:

                       Estimate Std. Error   z value Pr(>|z|)    
(Intercept)           -2.952680   0.345980   -8.5343  < 2e-16 ***
fmc1601.pres1         -0.174630   0.238103   -0.7334  0.46330    
agecat5-14             0.127563   0.321899    0.3963  0.69190    
agecat15-24           -0.101875   0.453044   -0.2249  0.82208    
agecat25-34           -0.021018   0.385305   -0.0545  0.95650    
agecat35-44           -0.849759   0.526603   -1.6137  0.10660    
agecat45-54            0.531507   0.465285    1.1423  0.25332    
agecat55-64          -17.696723   0.405504  -43.6413  < 2e-16 ***
agecat65-74          -17.761394   0.660891  -26.8749  < 2e-16 ***
agecat75+            -18.112460   0.660721  -27.4132  < 2e-16 ***
agecatMissing         -0.907357   1.049050   -0.8649  0.38708    
female                -0.500882   0.198510   -2.5232  0.01163 *  
racewhiteYes           0.616924   0.294242    2.0967  0.03602 *  
racewhiteMissing     -17.906493   0.152291 -117.5807  < 2e-16 ***
gichronYes             0.600962   0.758346    0.7925  0.42809    
anim_anyYes            0.289565   0.264642    1.0942  0.27388    
gicontactbaseYes       0.330126   0.461303    0.7156  0.47421    
gicontactbaseMissing -17.435053   0.220774  -78.9724  < 2e-16 ***
rawfood               -0.195030   0.254977   -0.7649  0.44434    
---
Signif. codes:  0 ‘***’ 0.001 ‘**’ 0.01 ‘*’ 0.05 ‘.’ 0.1 ‘ ’ 1

Warning message:
glm.fit: fitted rates numerically 0 occurred 
> mbfit3.fpc1601head = mpreg(gici3~fpc1601.pres+agecat+female+racewhite+gichron+anim_any+gicontactbase+rawfood,
+     dat=mission[!is.na(mission$fpc1601.pres),],vcv=T)

Call:
glm(formula = formula, family = poisson(link = "log"), data = dat)

Deviance Residuals: 
     Min        1Q    Median        3Q       Max  
-0.73059  -0.29454  -0.22944  -0.00004   2.69072  

Coefficients:
                       Estimate Std. Error z value Pr(>|z|)    
(Intercept)          -3.066e+00  2.987e-01 -10.264   <2e-16 ***
fpc1601.pres1        -1.019e-01  5.941e-01  -0.172   0.8638    
agecat5-14            1.293e-01  3.099e-01   0.417   0.6764    
agecat15-24          -8.343e-02  4.234e-01  -0.197   0.8438    
agecat25-34          -9.400e-03  3.954e-01  -0.024   0.9810    
agecat35-44          -8.433e-01  5.310e-01  -1.588   0.1123    
agecat45-54           5.224e-01  4.603e-01   1.135   0.2565    
agecat55-64          -1.769e+01  4.401e+03  -0.004   0.9968    
agecat65-74          -1.775e+01  7.839e+03  -0.002   0.9982    
agecat75+            -1.817e+01  1.478e+04  -0.001   0.9990    
agecatMissing        -8.933e-01  1.039e+00  -0.860   0.3898    
female               -4.993e-01  2.025e-01  -2.465   0.0137 *  
racewhiteYes          6.065e-01  2.432e-01   2.494   0.0126 *  
racewhiteMissing     -1.790e+01  7.900e+02  -0.023   0.9819    
gichronYes            6.164e-01  7.241e-01   0.851   0.3946    
anim_anyYes           2.984e-01  2.302e-01   1.296   0.1949    
gicontactbaseYes      3.144e-01  5.913e-01   0.532   0.5949    
gicontactbaseMissing -1.743e+01  2.078e+03  -0.008   0.9933    
rawfood              -2.012e-01  2.160e-01  -0.932   0.3516    
---
Signif. codes:  0 ‘***’ 0.001 ‘**’ 0.01 ‘*’ 0.05 ‘.’ 0.1 ‘ ’ 1

(Dispersion parameter for poisson family taken to be 1)

    Null deviance: 734.07  on 3545  degrees of freedom
Residual deviance: 629.03  on 3527  degrees of freedom
AIC: 875.03

Number of Fisher Scoring iterations: 19



Robust, Sandwich Standard Errors Account for Clustering:

z test of coefficients:

                        Estimate  Std. Error   z value Pr(>|z|)    
(Intercept)           -3.0662190   0.3157615   -9.7106  < 2e-16 ***
fpc1601.pres1         -0.1018980   0.7145707   -0.1426  0.88661    
agecat5-14             0.1293078   0.3266839    0.3958  0.69224    
agecat15-24           -0.0834281   0.4580190   -0.1821  0.85547    
agecat25-34           -0.0093999   0.3848465   -0.0244  0.98051    
agecat35-44           -0.8433488   0.5273408   -1.5992  0.10977    
agecat45-54            0.5223594   0.4685775    1.1148  0.26495    
agecat55-64          -17.6924168   0.4039573  -43.7977  < 2e-16 ***
agecat65-74          -17.7544965   0.6762371  -26.2548  < 2e-16 ***
agecat75+            -18.1715103   0.6555886  -27.7179  < 2e-16 ***
agecatMissing         -0.8932508   1.0469152   -0.8532  0.39354    
female                -0.4992546   0.1990299   -2.5084  0.01213 *  
racewhiteYes           0.6064612   0.2952325    2.0542  0.03996 *  
racewhiteMissing     -17.9030377   0.1527340 -117.2171  < 2e-16 ***
gichronYes             0.6164342   0.7593425    0.8118  0.41691    
anim_anyYes            0.2983546   0.2639263    1.1304  0.25829    
gicontactbaseYes       0.3144004   0.4526343    0.6946  0.48731    
gicontactbaseMissing -17.4323229   0.2231842  -78.1073  < 2e-16 ***
rawfood               -0.2012195   0.2570588   -0.7828  0.43376    
---
Signif. codes:  0 ‘***’ 0.001 ‘**’ 0.01 ‘*’ 0.05 ‘.’ 0.1 ‘ ’ 1

Warning message:
glm.fit: fitted rates numerically 0 occurred 
> 
> 
> #-----------------------------------------
> # 3-day illness and coliphage concentration
> # by berm and groundwater flow conditions
> # by beach
> 
> # interaction tests
> #-----------------------------------------
> # reduced model for LR test
> avfit3.fmc1602.glm.head = glm(gici3~fmc1602.pres+groundwater+agecat+female+racewhite+gichron+anim_any+gicontactbase+rawfood,
+     dat=avalon,family=poisson(link="log"))
> # interaction model
> avfit3.fmc1602.gw.head = glm(gici3~fmc1602.pres*groundwater+agecat+female+racewhite+gichron+anim_any+gicontactbase+rawfood,
+     family=poisson(link="log"),data=avalon)
> summary(avfit3.fmc1602.gw.head)

Call:
glm(formula = gici3 ~ fmc1602.pres * groundwater + agecat + female + 
    racewhite + gichron + anim_any + gicontactbase + rawfood, 
    family = poisson(link = "log"), data = avalon)

Deviance Residuals: 
    Min       1Q   Median       3Q      Max  
-0.7967  -0.2931  -0.2436  -0.2094   2.5986  

Coefficients:
                                             Estimate Std. Error z value
(Intercept)                                  -2.91415    0.43384  -6.717
fmc1602.pres1                                -0.05319    0.29934  -0.178
groundwaterAbove median flow                 -0.30401    0.33092  -0.919
agecat5-14                                   -0.81711    0.33068  -2.471
agecat15-24                                  -1.32841    0.44490  -2.986
agecat25-34                                  -0.69915    0.41067  -1.702
agecat35-44                                  -0.46345    0.37615  -1.232
agecat45-54                                  -0.98032    0.42499  -2.307
agecat55-64                                  -1.13176    0.58580  -1.932
agecat65-74                                 -15.78217 1012.95040  -0.016
agecat75+                                   -15.72516 2000.16507  -0.008
agecatMissing                               -15.73208 2465.18628  -0.006
female                                        0.18298    0.19208   0.953
racewhiteYes                                  0.18123    0.23739   0.763
racewhiteMissing                             -0.11322    0.74114  -0.153
gichronYes                                    0.33141    0.59259   0.559
anim_anyYes                                   0.03250    0.22622   0.144
gicontactbaseYes                              0.83840    0.28077   2.986
gicontactbaseMissing                        -15.16939 1126.23026  -0.013
rawfood                                       0.20669    0.23740   0.871
fmc1602.pres1:groundwaterAbove median flow    0.92106    0.40681   2.264
                                           Pr(>|z|)    
(Intercept)                                1.85e-11 ***
fmc1602.pres1                               0.85897    
groundwaterAbove median flow                0.35826    
agecat5-14                                  0.01347 *  
agecat15-24                                 0.00283 ** 
agecat25-34                                 0.08867 .  
agecat35-44                                 0.21792    
agecat45-54                                 0.02107 *  
agecat55-64                                 0.05336 .  
agecat65-74                                 0.98757    
agecat75+                                   0.99373    
agecatMissing                               0.99491    
female                                      0.34076    
racewhiteYes                                0.44522    
racewhiteMissing                            0.87859    
gichronYes                                  0.57599    
anim_anyYes                                 0.88576    
gicontactbaseYes                            0.00283 ** 
gicontactbaseMissing                        0.98925    
rawfood                                     0.38394    
fmc1602.pres1:groundwaterAbove median flow  0.02357 *  
---
Signif. codes:  0 ‘***’ 0.001 ‘**’ 0.01 ‘*’ 0.05 ‘.’ 0.1 ‘ ’ 1

(Dispersion parameter for poisson family taken to be 1)

    Null deviance: 720.06  on 2902  degrees of freedom
Residual deviance: 680.78  on 2882  degrees of freedom
AIC: 942.78

Number of Fisher Scoring iterations: 16

> lrtest(avfit3.fmc1602.glm.head,avfit3.fmc1602.gw.head)
Likelihood ratio test

Model 1: gici3 ~ fmc1602.pres + groundwater + agecat + female + racewhite + 
    gichron + anim_any + gicontactbase + rawfood
Model 2: gici3 ~ fmc1602.pres * groundwater + agecat + female + racewhite + 
    gichron + anim_any + gicontactbase + rawfood
  #Df  LogLik Df  Chisq Pr(>Chisq)  
1  20 -452.90                       
2  21 -450.39  1 5.0247    0.02499 *
---
Signif. codes:  0 ‘***’ 0.001 ‘**’ 0.01 ‘*’ 0.05 ‘.’ 0.1 ‘ ’ 1
> 
> # reduced model for LR test
> avfit3.fpc1601.glm.head = glm(gici3~fpc1601.pres+groundwater+agecat+female+racewhite+gichron+anim_any+gicontactbase+rawfood,
+     dat=avalon,family=poisson(link="log"))
> # interaction model
> avfit3.fpc1601.gw.head = glm(gici3~fpc1601.pres*groundwater+agecat+female+racewhite+gichron+anim_any+gicontactbase+rawfood,
+     dat=avalon,family=poisson(link="log"))
> summary(avfit3.fpc1601.gw.head)

Call:
glm(formula = gici3 ~ fpc1601.pres * groundwater + agecat + female + 
    racewhite + gichron + anim_any + gicontactbase + rawfood, 
    family = poisson(link = "log"), data = avalon)

Deviance Residuals: 
    Min       1Q   Median       3Q      Max  
-0.7223  -0.2948  -0.2563  -0.2192   2.4484  

Coefficients:
                                             Estimate Std. Error z value
(Intercept)                                  -2.71647    0.46714  -5.815
fpc1601.pres1                                -0.23257    0.33242  -0.700
groundwaterAbove median flow                 -0.39766    0.45787  -0.868
agecat5-14                                   -0.85451    0.33016  -2.588
agecat15-24                                  -1.41725    0.44475  -3.187
agecat25-34                                  -0.80172    0.40994  -1.956
agecat35-44                                  -0.59248    0.37364  -1.586
agecat45-54                                  -1.09337    0.42389  -2.579
agecat55-64                                  -1.18028    0.58539  -2.016
agecat65-74                                 -15.79238 1023.34350  -0.015
agecat75+                                   -15.87558 1999.74615  -0.008
agecatMissing                               -15.99667 2491.32987  -0.006
female                                        0.20038    0.19201   1.044
racewhiteYes                                  0.18735    0.23754   0.789
racewhiteMissing                             -0.01436    0.74024  -0.019
gichronYes                                    0.32656    0.59282   0.551
anim_anyYes                                   0.01942    0.22634   0.086
gicontactbaseYes                              0.86361    0.28059   3.078
gicontactbaseMissing                        -15.08545 1132.89323  -0.013
rawfood                                       0.22518    0.23751   0.948
fpc1601.pres1:groundwaterAbove median flow    0.75165    0.50586   1.486
                                           Pr(>|z|)    
(Intercept)                                6.06e-09 ***
fpc1601.pres1                               0.48416    
groundwaterAbove median flow                0.38513    
agecat5-14                                  0.00965 ** 
agecat15-24                                 0.00144 ** 
agecat25-34                                 0.05050 .  
agecat35-44                                 0.11281    
agecat45-54                                 0.00990 ** 
agecat55-64                                 0.04378 *  
agecat65-74                                 0.98769    
agecat75+                                   0.99367    
agecatMissing                               0.99488    
female                                      0.29668    
racewhiteYes                                0.43029    
racewhiteMissing                            0.98452    
gichronYes                                  0.58173    
anim_anyYes                                 0.93161    
gicontactbaseYes                            0.00209 ** 
gicontactbaseMissing                        0.98938    
rawfood                                     0.34310    
fpc1601.pres1:groundwaterAbove median flow  0.13731    
---
Signif. codes:  0 ‘***’ 0.001 ‘**’ 0.01 ‘*’ 0.05 ‘.’ 0.1 ‘ ’ 1

(Dispersion parameter for poisson family taken to be 1)

    Null deviance: 720.06  on 2902  degrees of freedom
Residual deviance: 688.59  on 2882  degrees of freedom
AIC: 950.59

Number of Fisher Scoring iterations: 16

> lrtest(avfit3.fpc1601.glm.head,avfit3.fpc1601.gw.head)
Likelihood ratio test

Model 1: gici3 ~ fpc1601.pres + groundwater + agecat + female + racewhite + 
    gichron + anim_any + gicontactbase + rawfood
Model 2: gici3 ~ fpc1601.pres * groundwater + agecat + female + racewhite + 
    gichron + anim_any + gicontactbase + rawfood
  #Df  LogLik Df  Chisq Pr(>Chisq)
1  20 -455.42                     
2  21 -454.30  1 2.2563     0.1331
> 
> # reduced model for LR test
> avfit3.fpc1602.glm.head = glm(gici3~fpc1602.pres+groundwater+agecat+female+racewhite+gichron+anim_any+gicontactbase+rawfood,
+     dat=avalon,family=poisson(link="log"))
> # interaction model
> avfit3.fpc1602.gw.head = glm(gici3~fpc1602.pres*groundwater+agecat+female+racewhite+gichron+anim_any+gicontactbase+rawfood,
+     dat=avalon,family=poisson(link="log"))
> summary(avfit3.fpc1602.gw.head)

Call:
glm(formula = gici3 ~ fpc1602.pres * groundwater + agecat + female + 
    racewhite + gichron + anim_any + gicontactbase + rawfood, 
    family = poisson(link = "log"), data = avalon)

Deviance Residuals: 
    Min       1Q   Median       3Q      Max  
-0.6813  -0.2854  -0.2557  -0.2172   2.5916  

Coefficients:
                                             Estimate Std. Error z value
(Intercept)                                -2.841e+00  3.853e-01  -7.374
fpc1602.pres1                              -8.064e-01  1.011e+00  -0.798
groundwaterAbove median flow                1.226e-01  1.987e-01   0.617
agecat5-14                                 -9.056e-01  3.302e-01  -2.742
agecat15-24                                -1.461e+00  4.442e-01  -3.290
agecat25-34                                -8.657e-01  4.094e-01  -2.114
agecat35-44                                -6.429e-01  3.732e-01  -1.723
agecat45-54                                -1.125e+00  4.232e-01  -2.658
agecat55-64                                -1.240e+00  5.851e-01  -2.120
agecat65-74                                -1.587e+01  1.009e+03  -0.016
agecat75+                                  -1.587e+01  2.014e+03  -0.008
agecatMissing                              -1.603e+01  2.483e+03  -0.006
female                                      1.878e-01  1.921e-01   0.978
racewhiteYes                                2.080e-01  2.375e-01   0.876
racewhiteMissing                            1.016e-03  7.405e-01   0.001
gichronYes                                  4.085e-01  5.927e-01   0.689
anim_anyYes                                 2.738e-02  2.265e-01   0.121
gicontactbaseYes                            8.620e-01  2.809e-01   3.069
gicontactbaseMissing                       -1.507e+01  1.126e+03  -0.013
rawfood                                     2.155e-01  2.376e-01   0.907
fpc1602.pres1:groundwaterAbove median flow  1.617e+00  1.089e+00   1.485
                                           Pr(>|z|)    
(Intercept)                                1.65e-13 ***
fpc1602.pres1                               0.42514    
groundwaterAbove median flow                0.53706    
agecat5-14                                  0.00611 ** 
agecat15-24                                 0.00100 ** 
agecat25-34                                 0.03448 *  
agecat35-44                                 0.08496 .  
agecat45-54                                 0.00786 ** 
agecat55-64                                 0.03403 *  
agecat65-74                                 0.98745    
agecat75+                                   0.99371    
agecatMissing                               0.99485    
female                                      0.32805    
racewhiteYes                                0.38113    
racewhiteMissing                            0.99890    
gichronYes                                  0.49064    
anim_anyYes                                 0.90377    
gicontactbaseYes                            0.00215 ** 
gicontactbaseMissing                        0.98932    
rawfood                                     0.36443    
fpc1602.pres1:groundwaterAbove median flow  0.13749    
---
Signif. codes:  0 ‘***’ 0.001 ‘**’ 0.01 ‘*’ 0.05 ‘.’ 0.1 ‘ ’ 1

(Dispersion parameter for poisson family taken to be 1)

    Null deviance: 720.06  on 2902  degrees of freedom
Residual deviance: 687.03  on 2882  degrees of freedom
AIC: 949.03

Number of Fisher Scoring iterations: 16

> lrtest(avfit3.fpc1602.glm.head,avfit3.fpc1602.gw.head)
Likelihood ratio test

Model 1: gici3 ~ fpc1602.pres + groundwater + agecat + female + racewhite + 
    gichron + anim_any + gicontactbase + rawfood
Model 2: gici3 ~ fpc1602.pres * groundwater + agecat + female + racewhite + 
    gichron + anim_any + gicontactbase + rawfood
  #Df  LogLik Df  Chisq Pr(>Chisq)  
1  20 -455.06                       
2  21 -453.51  1 3.0868    0.07893 .
---
Signif. codes:  0 ‘***’ 0.001 ‘**’ 0.01 ‘*’ 0.05 ‘.’ 0.1 ‘ ’ 1
> 
> # berm always closed when fmc1601 measured so no interaction assessment
> 
> # reduced model for LR test
> dofit3.fmc1602.glm.head = glm(gici3~fmc1602.pres+berm+agecat+female+racewhite+gichron+anim_any+gicontactbase+rawfood,
+     dat=doheny,family=poisson(link="log"))
> # interaction model
> dofit3.fmc1602.berm.head = glm(gici3~fmc1602.pres*berm+agecat+female+racewhite+gichron+anim_any+gicontactbase+rawfood,
+     dat=doheny,family=poisson(link="log"))
> summary(dofit3.fmc1602.berm.head)

Call:
glm(formula = gici3 ~ fmc1602.pres * berm + agecat + female + 
    racewhite + gichron + anim_any + gicontactbase + rawfood, 
    family = poisson(link = "log"), data = doheny)

Deviance Residuals: 
    Min       1Q   Median       3Q      Max  
-0.5131  -0.2811  -0.2528  -0.2259   2.6533  

Coefficients:
                        Estimate Std. Error z value Pr(>|z|)    
(Intercept)             -2.93043    0.39302  -7.456  8.9e-14 ***
fmc1602.pres1            0.12488    0.27873   0.448   0.6541    
bermOpen                 0.16084    0.63458   0.253   0.7999    
agecat5-14              -0.77454    0.31640  -2.448   0.0144 *  
agecat15-24             -0.47498    0.37704  -1.260   0.2077    
agecat25-34             -0.69278    0.42897  -1.615   0.1063    
agecat35-44             -0.69133    0.39066  -1.770   0.0768 .  
agecat45-54             -0.91795    0.46090  -1.992   0.0464 *  
agecat55-64             -2.14500    1.04494  -2.053   0.0401 *  
agecat65-74              0.47606    1.04591   0.455   0.6490    
agecatMissing          -12.63731  422.65267  -0.030   0.9761    
female                   0.21167    0.19554   1.083   0.2790    
racewhiteYes             0.05515    0.21031   0.262   0.7932    
racewhiteMissing        -0.59291    1.01615  -0.583   0.5596    
gichronYes               0.75606    0.59577   1.269   0.2044    
anim_anyYes             -0.45501    0.27352  -1.664   0.0962 .  
gicontactbaseYes         0.11526    0.46210   0.249   0.8030    
gicontactbaseMissing     0.91530    0.51645   1.772   0.0763 .  
rawfood                  0.22996    0.24546   0.937   0.3488    
fmc1602.pres1:bermOpen  -0.00833    0.68386  -0.012   0.9903    
---
Signif. codes:  0 ‘***’ 0.001 ‘**’ 0.01 ‘*’ 0.05 ‘.’ 0.1 ‘ ’ 1

(Dispersion parameter for poisson family taken to be 1)

    Null deviance: 738.31  on 3153  degrees of freedom
Residual deviance: 718.00  on 3134  degrees of freedom
AIC: 978

Number of Fisher Scoring iterations: 13

> lrtest(dofit3.fmc1602.glm.head,dofit3.fmc1602.berm.head)
Likelihood ratio test

Model 1: gici3 ~ fmc1602.pres + berm + agecat + female + racewhite + gichron + 
    anim_any + gicontactbase + rawfood
Model 2: gici3 ~ fmc1602.pres * berm + agecat + female + racewhite + gichron + 
    anim_any + gicontactbase + rawfood
  #Df LogLik Df Chisq Pr(>Chisq)
1  19   -469                    
2  20   -469  1 1e-04     0.9903
> 
> # reduced model for LR test
> dofit3.fpc1601.glm.head = glm(gici3~fpc1601.pres+berm+agecat+female+racewhite+gichron+anim_any+gicontactbase+rawfood,
+     dat=doheny,family=poisson(link="log"))
> # interaction model
> dofit3.fpc1601.berm.head = glm(gici3~fpc1601.pres*berm+agecat+female+racewhite+gichron+anim_any+gicontactbase+rawfood,
+     dat=doheny,family=poisson(link="log"))
> summary(dofit3.fpc1601.berm.head)

Call:
glm(formula = gici3 ~ fpc1601.pres * berm + agecat + female + 
    racewhite + gichron + anim_any + gicontactbase + rawfood, 
    family = poisson(link = "log"), data = doheny)

Deviance Residuals: 
    Min       1Q   Median       3Q      Max  
-0.5640  -0.2768  -0.2481  -0.2301   2.6804  

Coefficients:
                        Estimate Std. Error z value Pr(>|z|)    
(Intercept)             -2.63709    0.41238  -6.395 1.61e-10 ***
fpc1601.pres1           -0.24124    0.31381  -0.769   0.4420    
bermOpen                 0.20898    0.53587   0.390   0.6965    
agecat5-14              -0.75345    0.31658  -2.380   0.0173 *  
agecat15-24             -0.45191    0.37739  -1.197   0.2311    
agecat25-34             -0.68198    0.42912  -1.589   0.1120    
agecat35-44             -0.67826    0.39089  -1.735   0.0827 .  
agecat45-54             -0.90011    0.46036  -1.955   0.0506 .  
agecat55-64             -2.15929    1.04677  -2.063   0.0391 *  
agecat65-74              0.45122    1.04787   0.431   0.6668    
agecatMissing          -12.63467  423.34086  -0.030   0.9762    
female                   0.21109    0.19540   1.080   0.2800    
racewhiteYes             0.05325    0.21013   0.253   0.8000    
racewhiteMissing        -0.60716    1.01593  -0.598   0.5501    
gichronYes               0.74899    0.59653   1.256   0.2093    
anim_anyYes             -0.45492    0.27323  -1.665   0.0959 .  
gicontactbaseYes         0.11360    0.46216   0.246   0.8058    
gicontactbaseMissing     0.96280    0.51534   1.868   0.0617 .  
rawfood                  0.24443    0.24573   0.995   0.3199    
fpc1601.pres1:bermOpen  -0.07991    0.59757  -0.134   0.8936    
---
Signif. codes:  0 ‘***’ 0.001 ‘**’ 0.01 ‘*’ 0.05 ‘.’ 0.1 ‘ ’ 1

(Dispersion parameter for poisson family taken to be 1)

    Null deviance: 738.31  on 3153  degrees of freedom
Residual deviance: 717.31  on 3134  degrees of freedom
AIC: 977.31

Number of Fisher Scoring iterations: 13

> lrtest(dofit3.fpc1601.glm.head,dofit3.fpc1601.berm.head)
Likelihood ratio test

Model 1: gici3 ~ fpc1601.pres + berm + agecat + female + racewhite + gichron + 
    anim_any + gicontactbase + rawfood
Model 2: gici3 ~ fpc1601.pres * berm + agecat + female + racewhite + gichron + 
    anim_any + gicontactbase + rawfood
  #Df  LogLik Df  Chisq Pr(>Chisq)
1  19 -468.66                     
2  20 -468.66  1 0.0178      0.894
> 
> # reduced model for LR test
> dofit3.fpc1602.glm.head = glm(gici3~fpc1602.pres+berm+agecat+female+racewhite+gichron+anim_any+gicontactbase+rawfood,
+     dat=doheny,family=poisson(link="log"))
> # interaction model
> dofit3.fpc1602.berm.head = glm(gici3~fpc1602.pres*berm+agecat+female+racewhite+gichron+anim_any+gicontactbase+rawfood,
+     dat=doheny,family=poisson(link="log"))
> summary(dofit3.fpc1602.berm.head)

Call:
glm(formula = gici3 ~ fpc1602.pres * berm + agecat + female + 
    racewhite + gichron + anim_any + gicontactbase + rawfood, 
    family = poisson(link = "log"), data = doheny)

Deviance Residuals: 
    Min       1Q   Median       3Q      Max  
-0.5390  -0.2824  -0.2542  -0.2239   2.6351  

Coefficients:
                        Estimate Std. Error z value Pr(>|z|)    
(Intercept)             -2.80295    0.32989  -8.497   <2e-16 ***
fpc1602.pres1           -0.88321    0.58930  -1.499   0.1339    
bermOpen                 0.09364    0.24630   0.380   0.7038    
agecat5-14              -0.75587    0.31575  -2.394   0.0167 *  
agecat15-24             -0.44433    0.37647  -1.180   0.2379    
agecat25-34             -0.68751    0.42873  -1.604   0.1088    
agecat35-44             -0.68010    0.39011  -1.743   0.0813 .  
agecat45-54             -0.88097    0.45979  -1.916   0.0554 .  
agecat55-64             -2.12071    1.04535  -2.029   0.0425 *  
agecat65-74              0.42310    1.04741   0.404   0.6862    
agecatMissing          -12.66504  423.03761  -0.030   0.9761    
female                   0.21051    0.19542   1.077   0.2814    
racewhiteYes             0.05806    0.21021   0.276   0.7824    
racewhiteMissing        -0.60190    1.01592  -0.592   0.5535    
gichronYes               0.71995    0.59628   1.207   0.2273    
anim_anyYes             -0.45489    0.27335  -1.664   0.0961 .  
gicontactbaseYes         0.11170    0.46222   0.242   0.8090    
gicontactbaseMissing     0.89164    0.51413   1.734   0.0829 .  
rawfood                  0.25295    0.24591   1.029   0.3037    
fpc1602.pres1:bermOpen   1.14185    0.94891   1.203   0.2288    
---
Signif. codes:  0 ‘***’ 0.001 ‘**’ 0.01 ‘*’ 0.05 ‘.’ 0.1 ‘ ’ 1

(Dispersion parameter for poisson family taken to be 1)

    Null deviance: 738.31  on 3153  degrees of freedom
Residual deviance: 715.15  on 3134  degrees of freedom
AIC: 975.15

Number of Fisher Scoring iterations: 13

> lrtest(dofit3.fpc1602.glm.head,dofit3.fpc1602.berm.head)
Likelihood ratio test

Model 1: gici3 ~ fpc1602.pres + berm + agecat + female + racewhite + gichron + 
    anim_any + gicontactbase + rawfood
Model 2: gici3 ~ fpc1602.pres * berm + agecat + female + racewhite + gichron + 
    anim_any + gicontactbase + rawfood
  #Df  LogLik Df  Chisq Pr(>Chisq)
1  19 -468.23                     
2  20 -467.58  1 1.3087     0.2526
> 
> # reduced model for LR test
> mafit3.fpc1601.glm.head = glm(gici3~fpc1601.pres+agecat+female+racewhite+gichron+anim_any+gicontactbase+rawfood,
+     dat=malibu[!is.na(malibu$fpc1601.pres),],family=poisson(link="log"))
> # interaction model
> mafit3.fpc1601.berm.head = glm(gici3~fpc1601.pres*berm+agecat+female+racewhite+gichron+anim_any+gicontactbase+rawfood,
+     dat=malibu[!is.na(malibu$fpc1601.pres),],family=poisson(link="log"))
> summary(mafit3.fpc1601.berm.head)

Call:
glm(formula = gici3 ~ fpc1601.pres * berm + agecat + female + 
    racewhite + gichron + anim_any + gicontactbase + rawfood, 
    family = poisson(link = "log"), data = malibu[!is.na(malibu$fpc1601.pres), 
        ])

Deviance Residuals: 
    Min       1Q   Median       3Q      Max  
-0.6950  -0.2780  -0.2473  -0.2090   2.4699  

Coefficients:
                         Estimate Std. Error z value Pr(>|z|)    
(Intercept)              -2.47551    0.43594  -5.679 1.36e-08 ***
fpc1601.pres1            -0.33623    0.31645  -1.063   0.2880    
bermOpen                 -0.48983    1.02059  -0.480   0.6313    
agecat5-14               -0.65093    0.45138  -1.442   0.1493    
agecat15-24              -0.89914    0.54043  -1.664   0.0962 .  
agecat25-34              -0.50096    0.49637  -1.009   0.3129    
agecat35-44              -0.56240    0.50167  -1.121   0.2623    
agecat45-54              -0.83328    0.59752  -1.395   0.1631    
agecat55-64              -1.42404    1.07784  -1.321   0.1864    
agecat65-74             -16.44671 2338.35267  -0.007   0.9944    
agecat75+               -16.67199 4957.15062  -0.003   0.9973    
female                    0.09494    0.27034   0.351   0.7254    
racewhiteYes             -0.44719    0.27220  -1.643   0.1004    
racewhiteMissing        -16.06381  979.94485  -0.016   0.9869    
gichronYes                1.28379    0.60837   2.110   0.0348 *  
anim_anyYes              -0.06384    0.34140  -0.187   0.8517    
gicontactbaseYes          0.42182    0.52423   0.805   0.4210    
rawfood                   0.38415    0.30684   1.252   0.2106    
fpc1601.pres1:bermOpen    0.54961    1.09545   0.502   0.6159    
---
Signif. codes:  0 ‘***’ 0.001 ‘**’ 0.01 ‘*’ 0.05 ‘.’ 0.1 ‘ ’ 1

(Dispersion parameter for poisson family taken to be 1)

    Null deviance: 394.07  on 1732  degrees of freedom
Residual deviance: 372.79  on 1714  degrees of freedom
AIC: 526.79

Number of Fisher Scoring iterations: 17

> lrtest(mafit3.fpc1601.glm.head,mafit3.fpc1601.berm.head)
Likelihood ratio test

Model 1: gici3 ~ fpc1601.pres + agecat + female + racewhite + gichron + 
    anim_any + gicontactbase + rawfood
Model 2: gici3 ~ fpc1601.pres * berm + agecat + female + racewhite + gichron + 
    anim_any + gicontactbase + rawfood
  #Df  LogLik Df  Chisq Pr(>Chisq)
1  17 -244.54                     
2  19 -244.39  2 0.2913     0.8645
> 
> 
> #-----------------------------------------
> # 3-day illness and coliphage concentration
> # by berm and groundwater flow conditions
> # by beach
> 
> # stratified estimates
> #-----------------------------------------
> avfit3.fmc1602.gw.1.head = mpreg(gici3~fmc1602.pres+agecat+female+racewhite+gichron+anim_any+gicontactbase+rawfood,
+     vcv=T,dat=avalon[avalon$groundwater=="Above median flow",])

Call:
glm(formula = formula, family = poisson(link = "log"), data = dat)

Deviance Residuals: 
    Min       1Q   Median       3Q      Max  
-0.8031  -0.3252  -0.2435  -0.2030   2.7372  

Coefficients:
                       Estimate Std. Error z value Pr(>|z|)    
(Intercept)            -3.08078    0.51818  -5.945 2.76e-09 ***
fmc1602.pres1           0.85540    0.28153   3.038  0.00238 ** 
agecat5-14             -0.97700    0.41700  -2.343  0.01913 *  
agecat15-24            -1.64489    0.61834  -2.660  0.00781 ** 
agecat25-34            -0.52982    0.49420  -1.072  0.28369    
agecat35-44            -1.06028    0.53768  -1.972  0.04862 *  
agecat45-54            -1.08792    0.55657  -1.955  0.05062 .  
agecat55-64            -1.33594    0.80924  -1.651  0.09877 .  
agecat65-74           -16.14095 1504.80907  -0.011  0.99144    
agecat75+             -15.89971 2491.70899  -0.006  0.99491    
agecatMissing         -15.49019 4042.83115  -0.004  0.99694    
female                 -0.01162    0.26254  -0.044  0.96469    
racewhiteYes            0.27421    0.33857   0.810  0.41798    
racewhiteMissing       -0.05509    1.05274  -0.052  0.95827    
gichronYes              0.46783    0.73945   0.633  0.52695    
anim_anyYes             0.10005    0.31039   0.322  0.74721    
gicontactbaseYes        0.83099    0.36894   2.252  0.02430 *  
gicontactbaseMissing  -15.31846 1507.74993  -0.010  0.99189    
rawfood                 0.37588    0.32189   1.168  0.24292    
---
Signif. codes:  0 ‘***’ 0.001 ‘**’ 0.01 ‘*’ 0.05 ‘.’ 0.1 ‘ ’ 1

(Dispersion parameter for poisson family taken to be 1)

    Null deviance: 371.71  on 1376  degrees of freedom
Residual deviance: 341.63  on 1358  degrees of freedom
AIC: 497.63

Number of Fisher Scoring iterations: 16



Robust, Sandwich Standard Errors Account for Clustering:

z test of coefficients:

                       Estimate Std. Error  z value  Pr(>|z|)    
(Intercept)           -3.080778   0.518545  -5.9412  2.83e-09 ***
fmc1602.pres1          0.855401   0.312339   2.7387  0.006168 ** 
agecat5-14            -0.977001   0.383526  -2.5474  0.010852 *  
agecat15-24           -1.644889   0.630885  -2.6073  0.009127 ** 
agecat25-34           -0.529822   0.455907  -1.1621  0.245183    
agecat35-44           -1.060277   0.504803  -2.1004  0.035696 *  
agecat45-54           -1.087921   0.536611  -2.0274  0.042622 *  
agecat55-64           -1.335938   0.800191  -1.6695  0.095014 .  
agecat65-74          -16.140954   0.545703 -29.5783 < 2.2e-16 ***
agecat75+            -15.899706   0.601766 -26.4217 < 2.2e-16 ***
agecatMissing        -15.490187   0.827799 -18.7125 < 2.2e-16 ***
female                -0.011624   0.256348  -0.0453  0.963834    
racewhiteYes           0.274212   0.360085   0.7615  0.446346    
racewhiteMissing      -0.055088   1.056245  -0.0522  0.958405    
gichronYes             0.467829   0.756811   0.6182  0.536471    
anim_anyYes            0.100047   0.370151   0.2703  0.786940    
gicontactbaseYes       0.830988   0.416318   1.9960  0.045929 *  
gicontactbaseMissing -15.318459   0.511883 -29.9257 < 2.2e-16 ***
rawfood                0.375884   0.335208   1.1213  0.262141    
---
Signif. codes:  0 ‘***’ 0.001 ‘**’ 0.01 ‘*’ 0.05 ‘.’ 0.1 ‘ ’ 1

> avfit3.fmc1602.gw.0.head = mpreg(gici3~fmc1602.pres+agecat+female+racewhite+gichron+anim_any+gicontactbase+rawfood,
+     vcv=T,dat=avalon[avalon$groundwater=="Below median flow",])

Call:
glm(formula = formula, family = poisson(link = "log"), data = dat)

Deviance Residuals: 
    Min       1Q   Median       3Q      Max  
-0.6051  -0.2717  -0.2317  -0.2045   2.5498  

Coefficients:
                       Estimate Std. Error z value Pr(>|z|)    
(Intercept)            -3.14875    0.64229  -4.902 9.47e-07 ***
fmc1602.pres1          -0.08560    0.30159  -0.284   0.7765    
agecat5-14             -0.57687    0.55376  -1.042   0.2975    
agecat15-24            -0.93478    0.67515  -1.385   0.1662    
agecat25-34            -1.11339    0.77428  -1.438   0.1504    
agecat35-44             0.10739    0.57990   0.185   0.8531    
agecat45-54            -0.82987    0.67545  -1.229   0.2192    
agecat55-64            -0.89580    0.87310  -1.026   0.3049    
agecat65-74           -15.36117 1370.89650  -0.011   0.9911    
agecat75+             -15.37406 3286.83283  -0.005   0.9963    
agecatMissing         -15.77083 3139.08086  -0.005   0.9960    
female                  0.40051    0.28546   1.403   0.1606    
racewhiteYes            0.11152    0.33546   0.332   0.7396    
racewhiteMissing       -0.26994    1.04967  -0.257   0.7971    
gichronYes              0.14734    1.02075   0.144   0.8852    
anim_anyYes            -0.02732    0.33324  -0.082   0.9347    
gicontactbaseYes        0.83163    0.43903   1.894   0.0582 .  
gicontactbaseMissing  -14.96664 1684.93790  -0.009   0.9929    
rawfood                 0.08190    0.35496   0.231   0.8175    
---
Signif. codes:  0 ‘***’ 0.001 ‘**’ 0.01 ‘*’ 0.05 ‘.’ 0.1 ‘ ’ 1

(Dispersion parameter for poisson family taken to be 1)

    Null deviance: 346.66  on 1525  degrees of freedom
Residual deviance: 331.45  on 1507  degrees of freedom
AIC: 471.45

Number of Fisher Scoring iterations: 16



Robust, Sandwich Standard Errors Account for Clustering:

z test of coefficients:

                       Estimate Std. Error  z value Pr(>|z|)    
(Intercept)           -3.148750   0.753074  -4.1812  2.9e-05 ***
fmc1602.pres1         -0.085601   0.393540  -0.2175  0.82781    
agecat5-14            -0.576875   0.550492  -1.0479  0.29467    
agecat15-24           -0.934778   0.646309  -1.4463  0.14808    
agecat25-34           -1.113389   0.774739  -1.4371  0.15069    
agecat35-44            0.107390   0.578445   0.1857  0.85272    
agecat45-54           -0.829870   0.682337  -1.2162  0.22390    
agecat55-64           -0.895801   0.888583  -1.0081  0.31340    
agecat65-74          -15.361169   0.625090 -24.5743  < 2e-16 ***
agecat75+            -15.374061   0.798680 -19.2493  < 2e-16 ***
agecatMissing        -15.770833   0.862645 -18.2819  < 2e-16 ***
female                 0.400505   0.271658   1.4743  0.14040    
racewhiteYes           0.111518   0.442063   0.2523  0.80083    
racewhiteMissing      -0.269938   0.890108  -0.3033  0.76169    
gichronYes             0.147336   0.961995   0.1532  0.87827    
anim_anyYes           -0.027318   0.335929  -0.0813  0.93519    
gicontactbaseYes       0.831629   0.419525   1.9823  0.04744 *  
gicontactbaseMissing -14.966644   0.496278 -30.1578  < 2e-16 ***
rawfood                0.081904   0.348160   0.2352  0.81402    
---
Signif. codes:  0 ‘***’ 0.001 ‘**’ 0.01 ‘*’ 0.05 ‘.’ 0.1 ‘ ’ 1

> 
> avfit3.fpc1601.gw.1.head = mpreg(gici3~fpc1601.pres+agecat+female+racewhite+gichron+anim_any+gicontactbase+rawfood,
+     vcv=T,dat=avalon[avalon$groundwater=="Above median flow",])

Call:
glm(formula = formula, family = poisson(link = "log"), data = dat)

Deviance Residuals: 
    Min       1Q   Median       3Q      Max  
-0.7619  -0.3032  -0.2577  -0.2210   2.5412  

Coefficients:
                       Estimate Std. Error z value Pr(>|z|)    
(Intercept)            -2.98081    0.59202  -5.035 4.78e-07 ***
fpc1601.pres1           0.52926    0.38525   1.374  0.16950    
agecat5-14             -1.03173    0.41665  -2.476  0.01328 *  
agecat15-24            -1.78337    0.61768  -2.887  0.00389 ** 
agecat25-34            -0.68983    0.49237  -1.401  0.16120    
agecat35-44            -1.27473    0.53207  -2.396  0.01659 *  
agecat45-54            -1.28077    0.55471  -2.309  0.02095 *  
agecat55-64            -1.39451    0.80871  -1.724  0.08464 .  
agecat65-74           -16.14206 1533.03144  -0.011  0.99160    
agecat75+             -16.11045 2502.23507  -0.006  0.99486    
agecatMissing         -16.16196 4042.59428  -0.004  0.99681    
female                  0.02095    0.26239   0.080  0.93636    
racewhiteYes            0.30054    0.33840   0.888  0.37448    
racewhiteMissing        0.17103    1.05052   0.163  0.87067    
gichronYes              0.43047    0.73938   0.582  0.56043    
anim_anyYes             0.05626    0.31125   0.181  0.85655    
gicontactbaseYes        0.89307    0.36903   2.420  0.01552 *  
gicontactbaseMissing  -15.17327 1516.50516  -0.010  0.99202    
rawfood                 0.41352    0.32341   1.279  0.20103    
---
Signif. codes:  0 ‘***’ 0.001 ‘**’ 0.01 ‘*’ 0.05 ‘.’ 0.1 ‘ ’ 1

(Dispersion parameter for poisson family taken to be 1)

    Null deviance: 371.71  on 1376  degrees of freedom
Residual deviance: 349.29  on 1358  degrees of freedom
AIC: 505.29

Number of Fisher Scoring iterations: 16



Robust, Sandwich Standard Errors Account for Clustering:

z test of coefficients:

                       Estimate Std. Error  z value  Pr(>|z|)    
(Intercept)           -2.980807   0.587267  -5.0757  3.86e-07 ***
fpc1601.pres1          0.529265   0.381038   1.3890  0.164831    
agecat5-14            -1.031732   0.385546  -2.6760  0.007450 ** 
agecat15-24           -1.783371   0.635226  -2.8075  0.004993 ** 
agecat25-34           -0.689828   0.449696  -1.5340  0.125032    
agecat35-44           -1.274730   0.506729  -2.5156  0.011883 *  
agecat45-54           -1.280767   0.534457  -2.3964  0.016558 *  
agecat55-64           -1.394511   0.795642  -1.7527  0.079656 .  
agecat65-74          -16.142057   0.528098 -30.5664 < 2.2e-16 ***
agecat75+            -16.110451   0.588200 -27.3894 < 2.2e-16 ***
agecatMissing        -16.161959   0.796130 -20.3007 < 2.2e-16 ***
female                 0.020952   0.257012   0.0815  0.935028    
racewhiteYes           0.300539   0.366532   0.8200  0.412242    
racewhiteMissing       0.171027   1.024564   0.1669  0.867428    
gichronYes             0.430466   0.760800   0.5658  0.571525    
anim_anyYes            0.056264   0.379259   0.1484  0.882064    
gicontactbaseYes       0.893067   0.431999   2.0673  0.038707 *  
gicontactbaseMissing -15.173267   0.507875 -29.8760 < 2.2e-16 ***
rawfood                0.413525   0.338166   1.2228  0.221388    
---
Signif. codes:  0 ‘***’ 0.001 ‘**’ 0.01 ‘*’ 0.05 ‘.’ 0.1 ‘ ’ 1

> avfit3.fpc1601.gw.0.head = mpreg(gici3~fpc1601.pres+agecat+female+racewhite+gichron+anim_any+gicontactbase+rawfood,
+     vcv=T,dat=avalon[avalon$groundwater=="Below median flow",])

Call:
glm(formula = formula, family = poisson(link = "log"), data = dat)

Deviance Residuals: 
    Min       1Q   Median       3Q      Max  
-0.6379  -0.2688  -0.2287  -0.2038   2.5652  

Coefficients:
                       Estimate Std. Error z value Pr(>|z|)    
(Intercept)          -3.006e+00  6.731e-01  -4.465 8.01e-06 ***
fpc1601.pres1        -2.345e-01  3.353e-01  -0.699    0.484    
agecat5-14           -5.848e-01  5.524e-01  -1.059    0.290    
agecat15-24          -9.613e-01  6.761e-01  -1.422    0.155    
agecat25-34          -1.138e+00  7.751e-01  -1.468    0.142    
agecat35-44           8.701e-02  5.805e-01   0.150    0.881    
agecat45-54          -8.490e-01  6.762e-01  -1.255    0.209    
agecat55-64          -9.192e-01  8.736e-01  -1.052    0.293    
agecat65-74          -1.536e+01  1.371e+03  -0.011    0.991    
agecat75+            -1.542e+01  3.259e+03  -0.005    0.996    
agecatMissing        -1.573e+01  3.129e+03  -0.005    0.996    
female                4.022e-01  2.856e-01   1.408    0.159    
racewhiteYes          1.020e-01  3.360e-01   0.304    0.761    
racewhiteMissing     -2.956e-01  1.049e+00  -0.282    0.778    
gichronYes            1.516e-01  1.021e+00   0.148    0.882    
anim_anyYes          -7.823e-03  3.335e-01  -0.023    0.981    
gicontactbaseYes      8.221e-01  4.387e-01   1.874    0.061 .  
gicontactbaseMissing -1.497e+01  1.684e+03  -0.009    0.993    
rawfood               8.658e-02  3.545e-01   0.244    0.807    
---
Signif. codes:  0 ‘***’ 0.001 ‘**’ 0.01 ‘*’ 0.05 ‘.’ 0.1 ‘ ’ 1

(Dispersion parameter for poisson family taken to be 1)

    Null deviance: 346.66  on 1525  degrees of freedom
Residual deviance: 331.06  on 1507  degrees of freedom
AIC: 471.06

Number of Fisher Scoring iterations: 16



Robust, Sandwich Standard Errors Account for Clustering:

z test of coefficients:

                        Estimate  Std. Error  z value  Pr(>|z|)    
(Intercept)           -3.0055557   0.8786134  -3.4208 0.0006244 ***
fpc1601.pres1         -0.2345068   0.4730752  -0.4957 0.6201009    
agecat5-14            -0.5847680   0.5360170  -1.0910 0.2752946    
agecat15-24           -0.9613281   0.6425772  -1.4961 0.1346404    
agecat25-34           -1.1382502   0.7790471  -1.4611 0.1439935    
agecat35-44            0.0870101   0.5709087   0.1524 0.8788664    
agecat45-54           -0.8489738   0.6820677  -1.2447 0.2132398    
agecat55-64           -0.9192029   0.8817078  -1.0425 0.2971681    
agecat65-74          -15.3616497   0.6109507 -25.1438 < 2.2e-16 ***
agecat75+            -15.4219748   0.8008279 -19.2575 < 2.2e-16 ***
agecatMissing        -15.7319926   0.8711273 -18.0593 < 2.2e-16 ***
female                 0.4021511   0.2723114   1.4768 0.1397277    
racewhiteYes           0.1019892   0.4512449   0.2260 0.8211879    
racewhiteMissing      -0.2956441   0.9240133  -0.3200 0.7490013    
gichronYes             0.1515750   0.9649908   0.1571 0.8751865    
anim_anyYes           -0.0078229   0.3298740  -0.0237 0.9810802    
gicontactbaseYes       0.8220721   0.4226683   1.9450 0.0517801 .  
gicontactbaseMissing -14.9651159   0.4878252 -30.6772 < 2.2e-16 ***
rawfood                0.0865765   0.3491228   0.2480 0.8041475    
---
Signif. codes:  0 ‘***’ 0.001 ‘**’ 0.01 ‘*’ 0.05 ‘.’ 0.1 ‘ ’ 1

> 
> avfit3.fpc1602.gw.1.head = mpreg(gici3~fpc1602.pres+agecat+female+racewhite+gichron+anim_any+gicontactbase+rawfood,
+     vcv=T,dat=avalon[avalon$groundwater=="Above median flow",])

Call:
glm(formula = formula, family = poisson(link = "log"), data = dat)

Deviance Residuals: 
    Min       1Q   Median       3Q      Max  
-0.7357  -0.3053  -0.2653  -0.2248   2.6204  

Coefficients:
                       Estimate Std. Error z value Pr(>|z|)    
(Intercept)          -2.559e+00  4.771e-01  -5.363  8.2e-08 ***
fpc1602.pres1         8.502e-01  4.089e-01   2.079  0.03761 *  
agecat5-14           -1.120e+00  4.174e-01  -2.683  0.00731 ** 
agecat15-24          -1.866e+00  6.174e-01  -3.022  0.00251 ** 
agecat25-34          -8.234e-01  4.938e-01  -1.667  0.09543 .  
agecat35-44          -1.357e+00  5.312e-01  -2.554  0.01064 *  
agecat45-54          -1.335e+00  5.543e-01  -2.409  0.01601 *  
agecat55-64          -1.519e+00  8.101e-01  -1.876  0.06070 .  
agecat65-74          -1.629e+01  1.481e+03  -0.011  0.99122    
agecat75+            -1.610e+01  2.537e+03  -0.006  0.99494    
agecatMissing        -1.608e+01  4.042e+03  -0.004  0.99683    
female                3.215e-03  2.628e-01   0.012  0.99024    
racewhiteYes          3.318e-01  3.388e-01   0.979  0.32737    
racewhiteMissing      2.171e-01  1.052e+00   0.206  0.83653    
gichronYes            5.685e-01  7.416e-01   0.767  0.44332    
anim_anyYes           9.781e-02  3.116e-01   0.314  0.75361    
gicontactbaseYes      8.898e-01  3.708e-01   2.400  0.01641 *  
gicontactbaseMissing -1.511e+01  1.496e+03  -0.010  0.99194    
rawfood               3.948e-01  3.230e-01   1.222  0.22160    
---
Signif. codes:  0 ‘***’ 0.001 ‘**’ 0.01 ‘*’ 0.05 ‘.’ 0.1 ‘ ’ 1

(Dispersion parameter for poisson family taken to be 1)

    Null deviance: 371.71  on 1376  degrees of freedom
Residual deviance: 347.88  on 1358  degrees of freedom
AIC: 503.88

Number of Fisher Scoring iterations: 16



Robust, Sandwich Standard Errors Account for Clustering:

z test of coefficients:

                        Estimate  Std. Error  z value  Pr(>|z|)    
(Intercept)           -2.5585556   0.4781217  -5.3513 8.734e-08 ***
fpc1602.pres1          0.8501521   0.5241343   1.6220  0.104801    
agecat5-14            -1.1198190   0.3845822  -2.9118  0.003594 ** 
agecat15-24           -1.8658860   0.6400506  -2.9152  0.003554 ** 
agecat25-34           -0.8234338   0.4583564  -1.7965  0.072416 .  
agecat35-44           -1.3568153   0.5029613  -2.6977  0.006983 ** 
agecat45-54           -1.3352435   0.5314056  -2.5127  0.011982 *  
agecat55-64           -1.5194696   0.8041878  -1.8894  0.058832 .  
agecat65-74          -16.2895627   0.6587230 -24.7290 < 2.2e-16 ***
agecat75+            -16.1018171   0.5800724 -27.7583 < 2.2e-16 ***
agecatMissing        -16.0769725   0.7981838 -20.1419 < 2.2e-16 ***
female                 0.0032149   0.2639883   0.0122  0.990283    
racewhiteYes           0.3318150   0.3677910   0.9022  0.366959    
racewhiteMissing       0.2170619   0.9813584   0.2212  0.824948    
gichronYes             0.5684735   0.7415317   0.7666  0.443307    
anim_anyYes            0.0978133   0.3775697   0.2591  0.795589    
gicontactbaseYes       0.8897819   0.4359242   2.0411  0.041237 *  
gicontactbaseMissing -15.1052699   0.4917652 -30.7164 < 2.2e-16 ***
rawfood                0.3948199   0.3451958   1.1438  0.252725    
---
Signif. codes:  0 ‘***’ 0.001 ‘**’ 0.01 ‘*’ 0.05 ‘.’ 0.1 ‘ ’ 1

> avfit3.fpc1602.gw.0.head = mpreg(gici3~fpc1602.pres+agecat+female+racewhite+gichron+anim_any+gicontactbase+rawfood,
+     vcv=T,dat=avalon[avalon$groundwater=="Below median flow",])

Call:
glm(formula = formula, family = poisson(link = "log"), data = dat)

Deviance Residuals: 
    Min       1Q   Median       3Q      Max  
-0.5875  -0.2785  -0.2289  -0.2013   2.6008  

Coefficients:
                       Estimate Std. Error z value Pr(>|z|)    
(Intercept)            -3.16442    0.61171  -5.173  2.3e-07 ***
fpc1602.pres1          -0.72594    1.01283  -0.717   0.4735    
agecat5-14             -0.58979    0.55239  -1.068   0.2856    
agecat15-24            -0.95432    0.67529  -1.413   0.1576    
agecat25-34            -1.11438    0.77320  -1.441   0.1495    
agecat35-44             0.08296    0.58034   0.143   0.8863    
agecat45-54            -0.84511    0.67505  -1.252   0.2106    
agecat55-64            -0.91395    0.87271  -1.047   0.2950    
agecat65-74           -15.37727 1366.46998  -0.011   0.9910    
agecat75+             -15.41220 3284.86810  -0.005   0.9963    
agecatMissing         -15.80081 3126.71506  -0.005   0.9960    
female                  0.39392    0.28534   1.381   0.1674    
racewhiteYes            0.11069    0.33539   0.330   0.7414    
racewhiteMissing       -0.28500    1.04971  -0.272   0.7860    
gichronYes              0.14815    1.02047   0.145   0.8846    
anim_anyYes            -0.02780    0.33295  -0.084   0.9335    
gicontactbaseYes        0.81998    0.43914   1.867   0.0619 .  
gicontactbaseMissing  -15.01668 1686.10823  -0.009   0.9929    
rawfood                 0.08099    0.35448   0.228   0.8193    
---
Signif. codes:  0 ‘***’ 0.001 ‘**’ 0.01 ‘*’ 0.05 ‘.’ 0.1 ‘ ’ 1

(Dispersion parameter for poisson family taken to be 1)

    Null deviance: 346.66  on 1525  degrees of freedom
Residual deviance: 330.87  on 1507  degrees of freedom
AIC: 470.87

Number of Fisher Scoring iterations: 16



Robust, Sandwich Standard Errors Account for Clustering:

z test of coefficients:

                       Estimate Std. Error  z value  Pr(>|z|)    
(Intercept)           -3.164415   0.671513  -4.7124 2.449e-06 ***
fpc1602.pres1         -0.725938   1.024518  -0.7086   0.47859    
agecat5-14            -0.589794   0.531371  -1.1099   0.26702    
agecat15-24           -0.954320   0.643699  -1.4826   0.13819    
agecat25-34           -1.114379   0.769501  -1.4482   0.14757    
agecat35-44            0.082958   0.576582   0.1439   0.88560    
agecat45-54           -0.845108   0.680304  -1.2423   0.21414    
agecat55-64           -0.913953   0.883690  -1.0342   0.30102    
agecat65-74          -15.377269   0.605552 -25.3938 < 2.2e-16 ***
agecat75+            -15.412199   0.793495 -19.4232 < 2.2e-16 ***
agecatMissing        -15.800807   0.852706 -18.5302 < 2.2e-16 ***
female                 0.393923   0.269876   1.4596   0.14439    
racewhiteYes           0.110686   0.436567   0.2535   0.79985    
racewhiteMissing      -0.284997   0.892653  -0.3193   0.74952    
gichronYes             0.148147   0.960499   0.1542   0.87742    
anim_anyYes           -0.027802   0.332030  -0.0837   0.93327    
gicontactbaseYes       0.819982   0.418651   1.9586   0.05016 .  
gicontactbaseMissing -15.016682   0.492978 -30.4611 < 2.2e-16 ***
rawfood                0.080985   0.352945   0.2295   0.81852    
---
Signif. codes:  0 ‘***’ 0.001 ‘**’ 0.01 ‘*’ 0.05 ‘.’ 0.1 ‘ ’ 1

> 
> dofit3.fmc1602.berm.1.head = mpreg(gici3~fmc1602.pres+agecat+female+racewhite+gichron+anim_any+gicontactbase+rawfood,
+     vcv=T,dat=doheny[doheny$berm=="Open",])

Call:
glm(formula = formula, family = poisson(link = "log"), data = dat)

Deviance Residuals: 
    Min       1Q   Median       3Q      Max  
-0.7008  -0.2924  -0.2791  -0.1828   2.1900  

Coefficients:
                       Estimate Std. Error z value Pr(>|z|)   
(Intercept)          -2.278e+00  8.055e-01  -2.828  0.00469 **
fmc1602.pres1        -1.060e-02  6.313e-01  -0.017  0.98660   
agecat5-14           -9.002e-01  5.893e-01  -1.528  0.12660   
agecat15-24          -1.018e+00  8.733e-01  -1.166  0.24374   
agecat25-34          -1.787e+01  2.320e+03  -0.008  0.99385   
agecat35-44          -5.318e-01  8.099e-01  -0.657  0.51147   
agecat45-54          -4.579e-02  8.244e-01  -0.056  0.95570   
agecat55-64          -1.803e+01  3.477e+03  -0.005  0.99586   
agecat65-74          -1.705e+01  1.554e+04  -0.001  0.99912   
female                9.341e-02  4.498e-01   0.208  0.83550   
racewhiteYes         -5.684e-02  4.657e-01  -0.122  0.90286   
racewhiteMissing     -1.573e+01  7.770e+03  -0.002  0.99839   
gichronYes            1.473e+00  1.061e+00   1.388  0.16526   
anim_anyYes          -9.027e-01  7.452e-01  -1.211  0.22577   
gicontactbaseYes     -1.659e+01  3.216e+03  -0.005  0.99588   
gicontactbaseMissing -1.697e+01  4.698e+03  -0.004  0.99712   
rawfood              -4.825e-03  6.351e-01  -0.008  0.99394   
---
Signif. codes:  0 ‘***’ 0.001 ‘**’ 0.01 ‘*’ 0.05 ‘.’ 0.1 ‘ ’ 1

(Dispersion parameter for poisson family taken to be 1)

    Null deviance: 147.91  on 572  degrees of freedom
Residual deviance: 133.27  on 556  degrees of freedom
AIC: 213.27

Number of Fisher Scoring iterations: 18



Robust, Sandwich Standard Errors Account for Clustering:

z test of coefficients:

                        Estimate  Std. Error  z value Pr(>|z|)    
(Intercept)           -2.2779956   1.0141875  -2.2461  0.02470 *  
fmc1602.pres1         -0.0105996   0.8314081  -0.0127  0.98983    
agecat5-14            -0.9001959   0.6413221  -1.4037  0.16042    
agecat15-24           -1.0179703   0.8732804  -1.1657  0.24374    
agecat25-34          -17.8734716   0.5477947 -32.6280  < 2e-16 ***
agecat35-44           -0.5317547   0.8370952  -0.6352  0.52527    
agecat45-54           -0.0457908   0.6410841  -0.0714  0.94306    
agecat55-64          -18.0338020   0.7772697 -23.2015  < 2e-16 ***
agecat65-74          -17.0544630   1.5137928 -11.2660  < 2e-16 ***
female                 0.0934062   0.5365805   0.1741  0.86181    
racewhiteYes          -0.0568437   0.5518826  -0.1030  0.91796    
racewhiteMissing     -15.7272653   1.1434308 -13.7545  < 2e-16 ***
gichronYes             1.4728960   0.7489313   1.9667  0.04922 *  
anim_anyYes           -0.9026832   0.7515050  -1.2012  0.22969    
gicontactbaseYes     -16.5892779   0.5060303 -32.7832  < 2e-16 ***
gicontactbaseMissing -16.9686310   0.6230088 -27.2366  < 2e-16 ***
rawfood               -0.0048248   0.5914878  -0.0082  0.99349    
---
Signif. codes:  0 ‘***’ 0.001 ‘**’ 0.01 ‘*’ 0.05 ‘.’ 0.1 ‘ ’ 1

Warning message:
glm.fit: fitted rates numerically 0 occurred 
> dofit3.fmc1602.berm.0.head = mpreg(gici3~fmc1602.pres+agecat+female+racewhite+gichron+anim_any+gicontactbase+rawfood,
+     vcv=T,dat=doheny[doheny$berm=="Closed",])

Call:
glm(formula = formula, family = poisson(link = "log"), data = dat)

Deviance Residuals: 
    Min       1Q   Median       3Q      Max  
-0.5732  -0.2731  -0.2398  -0.2185   2.5589  

Coefficients:
                      Estimate Std. Error z value Pr(>|z|)    
(Intercept)           -3.08074    0.43989  -7.003  2.5e-12 ***
fmc1602.pres1          0.11837    0.27950   0.423   0.6719    
agecat5-14            -0.69825    0.37663  -1.854   0.0637 .  
agecat15-24           -0.36276    0.43143  -0.841   0.4005    
agecat25-34           -0.45224    0.46886  -0.965   0.3348    
agecat35-44           -0.68159    0.45221  -1.507   0.1317    
agecat45-54           -1.18101    0.56817  -2.079   0.0377 *  
agecat55-64           -1.87072    1.06003  -1.765   0.0776 .  
agecat65-74            0.65997    1.06330   0.621   0.5348    
agecatMissing        -13.58334  698.20282  -0.019   0.9845    
female                 0.25973    0.21893   1.186   0.2355    
racewhiteYes           0.09503    0.23805   0.399   0.6897    
racewhiteMissing      -0.50365    1.02010  -0.494   0.6215    
gichronYes             0.48450    0.72806   0.665   0.5058    
anim_anyYes           -0.36850    0.29539  -1.248   0.2122    
gicontactbaseYes       0.30557    0.46487   0.657   0.5110    
gicontactbaseMissing   1.16431    0.52047   2.237   0.0253 *  
rawfood                0.31350    0.26922   1.165   0.2442    
---
Signif. codes:  0 ‘***’ 0.001 ‘**’ 0.01 ‘*’ 0.05 ‘.’ 0.1 ‘ ’ 1

(Dispersion parameter for poisson family taken to be 1)

    Null deviance: 589.86  on 2580  degrees of freedom
Residual deviance: 571.35  on 2563  degrees of freedom
AIC: 781.35

Number of Fisher Scoring iterations: 14



Robust, Sandwich Standard Errors Account for Clustering:

z test of coefficients:

                       Estimate Std. Error  z value  Pr(>|z|)    
(Intercept)           -3.080745   0.449906  -6.8475 7.513e-12 ***
fmc1602.pres1          0.118365   0.340306   0.3478   0.72798    
agecat5-14            -0.698253   0.359671  -1.9414   0.05221 .  
agecat15-24           -0.362756   0.408958  -0.8870   0.37507    
agecat25-34           -0.452235   0.399860  -1.1310   0.25806    
agecat35-44           -0.681591   0.456323  -1.4937   0.13526    
agecat45-54           -1.181010   0.499510  -2.3643   0.01806 *  
agecat55-64           -1.870725   1.037560  -1.8030   0.07139 .  
agecat65-74            0.659968   0.967908   0.6818   0.49533    
agecatMissing        -13.583340   0.559582 -24.2741 < 2.2e-16 ***
female                 0.259734   0.211134   1.2302   0.21863    
racewhiteYes           0.095034   0.287259   0.3308   0.74077    
racewhiteMissing      -0.503650   0.977947  -0.5150   0.60655    
gichronYes             0.484505   0.717558   0.6752   0.49954    
anim_anyYes           -0.368500   0.332141  -1.1095   0.26723    
gicontactbaseYes       0.305567   0.513760   0.5948   0.55200    
gicontactbaseMissing   1.164307   0.556125   2.0936   0.03630 *  
rawfood                0.313504   0.297909   1.0523   0.29264    
---
Signif. codes:  0 ‘***’ 0.001 ‘**’ 0.01 ‘*’ 0.05 ‘.’ 0.1 ‘ ’ 1

> 
> dofit3.fpc1601.berm.1.head = mpreg(gici3~fpc1601.pres+agecat+female+racewhite+gichron+anim_any+gicontactbase+rawfood,
+     vcv=T,dat=doheny[doheny$berm=="Open",])

Call:
glm(formula = formula, family = poisson(link = "log"), data = dat)

Deviance Residuals: 
    Min       1Q   Median       3Q      Max  
-0.7470  -0.3002  -0.2765  -0.1798   2.2112  

Coefficients:
                       Estimate Std. Error z value Pr(>|z|)   
(Intercept)          -2.102e+00  7.308e-01  -2.876  0.00403 **
fpc1601.pres1        -2.196e-01  5.180e-01  -0.424  0.67159   
agecat5-14           -9.063e-01  5.901e-01  -1.536  0.12460   
agecat15-24          -1.024e+00  8.715e-01  -1.175  0.24001   
agecat25-34          -1.790e+01  2.316e+03  -0.008  0.99383   
agecat35-44          -5.788e-01  8.180e-01  -0.708  0.47920   
agecat45-54          -5.178e-02  8.214e-01  -0.063  0.94974   
agecat55-64          -1.811e+01  3.472e+03  -0.005  0.99584   
agecat65-74          -1.702e+01  1.554e+04  -0.001  0.99913   
female                9.823e-02  4.457e-01   0.220  0.82556   
racewhiteYes         -6.628e-02  4.657e-01  -0.142  0.88682   
racewhiteMissing     -1.569e+01  7.763e+03  -0.002  0.99839   
gichronYes            1.470e+00  1.058e+00   1.389  0.16481   
anim_anyYes          -8.973e-01  7.445e-01  -1.205  0.22808   
gicontactbaseYes     -1.654e+01  3.217e+03  -0.005  0.99590   
gicontactbaseMissing -1.693e+01  4.713e+03  -0.004  0.99713   
rawfood               2.995e-02  6.387e-01   0.047  0.96261   
---
Signif. codes:  0 ‘***’ 0.001 ‘**’ 0.01 ‘*’ 0.05 ‘.’ 0.1 ‘ ’ 1

(Dispersion parameter for poisson family taken to be 1)

    Null deviance: 147.91  on 572  degrees of freedom
Residual deviance: 133.10  on 556  degrees of freedom
AIC: 213.1

Number of Fisher Scoring iterations: 18



Robust, Sandwich Standard Errors Account for Clustering:

z test of coefficients:

                       Estimate Std. Error  z value Pr(>|z|)    
(Intercept)           -2.101836   0.812779  -2.5860  0.00971 ** 
fpc1601.pres1         -0.219619   0.708878  -0.3098  0.75670    
agecat5-14            -0.906298   0.626327  -1.4470  0.14790    
agecat15-24           -1.024013   0.848476  -1.2069  0.22748    
agecat25-34          -17.898424   0.554657 -32.2694  < 2e-16 ***
agecat35-44           -0.578818   0.887082  -0.6525  0.51408    
agecat45-54           -0.051776   0.643950  -0.0804  0.93592    
agecat55-64          -18.111374   0.836133 -21.6609  < 2e-16 ***
agecat65-74          -17.017495   1.557990 -10.9227  < 2e-16 ***
female                 0.098228   0.523921   0.1875  0.85128    
racewhiteYes          -0.066285   0.540757  -0.1226  0.90244    
racewhiteMissing     -15.686431   1.106030 -14.1826  < 2e-16 ***
gichronYes             1.470308   0.775695   1.8955  0.05803 .  
anim_anyYes           -0.897350   0.719844  -1.2466  0.21255    
gicontactbaseYes     -16.544908   0.523294 -31.6169  < 2e-16 ***
gicontactbaseMissing -16.932463   0.599415 -28.2483  < 2e-16 ***
rawfood                0.029945   0.562745   0.0532  0.95756    
---
Signif. codes:  0 ‘***’ 0.001 ‘**’ 0.01 ‘*’ 0.05 ‘.’ 0.1 ‘ ’ 1

Warning message:
glm.fit: fitted rates numerically 0 occurred 
> dofit3.fpc1601.berm.0.head = mpreg(gici3~fpc1601.pres+agecat+female+racewhite+gichron+anim_any+gicontactbase+rawfood,
+     vcv=T,dat=doheny[doheny$berm=="Closed",])

Call:
glm(formula = formula, family = poisson(link = "log"), data = dat)

Deviance Residuals: 
    Min       1Q   Median       3Q      Max  
-0.5767  -0.2748  -0.2491  -0.2187   2.5810  

Coefficients:
                      Estimate Std. Error z value Pr(>|z|)    
(Intercept)           -2.78948    0.45592  -6.118 9.45e-10 ***
fpc1601.pres1         -0.26144    0.31481  -0.830   0.4063    
agecat5-14            -0.66173    0.37700  -1.755   0.0792 .  
agecat15-24           -0.32203    0.43220  -0.745   0.4562    
agecat25-34           -0.42190    0.46866  -0.900   0.3680    
agecat35-44           -0.64874    0.45217  -1.435   0.1514    
agecat45-54           -1.14793    0.56765  -2.022   0.0432 *  
agecat55-64           -1.84736    1.06063  -1.742   0.0816 .  
agecat65-74            0.64343    1.06469   0.604   0.5456    
agecatMissing        -13.57039  698.41792  -0.019   0.9845    
female                 0.25576    0.21881   1.169   0.2425    
racewhiteYes           0.09621    0.23792   0.404   0.6859    
racewhiteMissing      -0.51860    1.01981  -0.509   0.6111    
gichronYes             0.47735    0.72873   0.655   0.5124    
anim_anyYes           -0.37273    0.29512  -1.263   0.2066    
gicontactbaseYes       0.28939    0.46474   0.623   0.5335    
gicontactbaseMissing   1.21935    0.51983   2.346   0.0190 *  
rawfood                0.32507    0.26913   1.208   0.2271    
---
Signif. codes:  0 ‘***’ 0.001 ‘**’ 0.01 ‘*’ 0.05 ‘.’ 0.1 ‘ ’ 1

(Dispersion parameter for poisson family taken to be 1)

    Null deviance: 589.86  on 2580  degrees of freedom
Residual deviance: 570.89  on 2563  degrees of freedom
AIC: 780.89

Number of Fisher Scoring iterations: 14



Robust, Sandwich Standard Errors Account for Clustering:

z test of coefficients:

                       Estimate Std. Error  z value  Pr(>|z|)    
(Intercept)           -2.789485   0.466866  -5.9749 2.302e-09 ***
fpc1601.pres1         -0.261437   0.389383  -0.6714   0.50196    
agecat5-14            -0.661729   0.356573  -1.8558   0.06348 .  
agecat15-24           -0.322026   0.406343  -0.7925   0.42807    
agecat25-34           -0.421901   0.397524  -1.0613   0.28854    
agecat35-44           -0.648737   0.453652  -1.4300   0.15271    
agecat45-54           -1.147930   0.496322  -2.3129   0.02073 *  
agecat55-64           -1.847355   1.031965  -1.7901   0.07343 .  
agecat65-74            0.643428   0.992326   0.6484   0.51672    
agecatMissing        -13.570391   0.550615 -24.6459 < 2.2e-16 ***
female                 0.255764   0.210245   1.2165   0.22379    
racewhiteYes           0.096211   0.285245   0.3373   0.73590    
racewhiteMissing      -0.518603   0.979756  -0.5293   0.59658    
gichronYes             0.477348   0.723725   0.6596   0.50953    
anim_anyYes           -0.372726   0.330031  -1.1294   0.25874    
gicontactbaseYes       0.289389   0.487249   0.5939   0.55256    
gicontactbaseMissing   1.219348   0.557046   2.1890   0.02860 *  
rawfood                0.325074   0.296418   1.0967   0.27278    
---
Signif. codes:  0 ‘***’ 0.001 ‘**’ 0.01 ‘*’ 0.05 ‘.’ 0.1 ‘ ’ 1

> 
> dofit3.fpc1602.berm.1.head = mpreg(gici3~fpc1602.pres+agecat+female+racewhite+gichron+anim_any+gicontactbase+rawfood,
+     vcv=T,dat=doheny[doheny$berm=="Open",])

Call:
glm(formula = formula, family = poisson(link = "log"), data = dat)

Deviance Residuals: 
    Min       1Q   Median       3Q      Max  
-0.7038  -0.2944  -0.2775  -0.1833   2.1926  

Coefficients:
                       Estimate Std. Error z value Pr(>|z|)    
(Intercept)          -2.298e+00  5.965e-01  -3.852 0.000117 ***
fpc1602.pres1         2.657e-01  7.698e-01   0.345 0.729934    
agecat5-14           -8.988e-01  5.888e-01  -1.526 0.126896    
agecat15-24          -1.011e+00  8.722e-01  -1.159 0.246294    
agecat25-34          -1.789e+01  2.305e+03  -0.008 0.993808    
agecat35-44          -5.400e-01  8.094e-01  -0.667 0.504679    
agecat45-54          -8.894e-02  8.336e-01  -0.107 0.915037    
agecat55-64          -1.809e+01  3.436e+03  -0.005 0.995798    
agecat65-74          -1.732e+01  1.554e+04  -0.001 0.999111    
female                8.929e-02  4.476e-01   0.200 0.841870    
racewhiteYes         -6.068e-02  4.648e-01  -0.131 0.896144    
racewhiteMissing     -1.573e+01  7.801e+03  -0.002 0.998391    
gichronYes            1.503e+00  1.062e+00   1.414 0.157234    
anim_anyYes          -8.868e-01  7.458e-01  -1.189 0.234417    
gicontactbaseYes     -1.662e+01  3.207e+03  -0.005 0.995866    
gicontactbaseMissing -1.694e+01  4.708e+03  -0.004 0.997129    
rawfood              -3.149e-02  6.398e-01  -0.049 0.960747    
---
Signif. codes:  0 ‘***’ 0.001 ‘**’ 0.01 ‘*’ 0.05 ‘.’ 0.1 ‘ ’ 1

(Dispersion parameter for poisson family taken to be 1)

    Null deviance: 147.91  on 572  degrees of freedom
Residual deviance: 133.16  on 556  degrees of freedom
AIC: 213.16

Number of Fisher Scoring iterations: 18



Robust, Sandwich Standard Errors Account for Clustering:

z test of coefficients:

                       Estimate Std. Error  z value  Pr(>|z|)    
(Intercept)           -2.297534   0.565495  -4.0629 4.847e-05 ***
fpc1602.pres1          0.265734   0.960236   0.2767   0.78198    
agecat5-14            -0.898797   0.631755  -1.4227   0.15482    
agecat15-24           -1.011175   0.857258  -1.1795   0.23818    
agecat25-34          -17.889789   0.586053 -30.5259 < 2.2e-16 ***
agecat35-44           -0.539974   0.848487  -0.6364   0.52452    
agecat45-54           -0.088936   0.605430  -0.1469   0.88321    
agecat55-64          -18.094627   0.859704 -21.0475 < 2.2e-16 ***
agecat65-74          -17.323263   1.787883  -9.6893 < 2.2e-16 ***
female                 0.089294   0.540385   0.1652   0.86875    
racewhiteYes          -0.060678   0.552299  -0.1099   0.91252    
racewhiteMissing     -15.727648   1.114993 -14.1056 < 2.2e-16 ***
gichronYes             1.502587   0.758336   1.9814   0.04754 *  
anim_anyYes           -0.886844   0.714561  -1.2411   0.21457    
gicontactbaseYes     -16.617847   0.512769 -32.4080 < 2.2e-16 ***
gicontactbaseMissing -16.941151   0.604170 -28.0404 < 2.2e-16 ***
rawfood               -0.031488   0.534039  -0.0590   0.95298    
---
Signif. codes:  0 ‘***’ 0.001 ‘**’ 0.01 ‘*’ 0.05 ‘.’ 0.1 ‘ ’ 1

Warning message:
glm.fit: fitted rates numerically 0 occurred 
> dofit3.fpc1602.berm.0.head = mpreg(gici3~fpc1602.pres+agecat+female+racewhite+gichron+anim_any+gicontactbase+rawfood,
+     vcv=T,dat=doheny[doheny$berm=="Closed",])

Call:
glm(formula = formula, family = poisson(link = "log"), data = dat)

Deviance Residuals: 
    Min       1Q   Median       3Q      Max  
-0.5775  -0.2753  -0.2406  -0.2124   2.6637  

Coefficients:
                     Estimate Std. Error z value Pr(>|z|)    
(Intercept)           -2.9670     0.3875  -7.657  1.9e-14 ***
fpc1602.pres1         -0.8815     0.5898  -1.495   0.1350    
agecat5-14            -0.6769     0.3755  -1.802   0.0715 .  
agecat15-24           -0.3257     0.4307  -0.756   0.4495    
agecat25-34           -0.4465     0.4687  -0.953   0.3408    
agecat35-44           -0.6665     0.4516  -1.476   0.1400    
agecat45-54           -1.1366     0.5669  -2.005   0.0449 *  
agecat55-64           -1.8314     1.0601  -1.728   0.0841 .  
agecat65-74            0.6249     1.0634   0.588   0.5568    
agecatMissing        -13.6125   698.5112  -0.019   0.9845    
female                 0.2591     0.2189   1.184   0.2366    
racewhiteYes           0.1018     0.2380   0.428   0.6689    
racewhiteMissing      -0.4989     1.0198  -0.489   0.6247    
gichronYes             0.4406     0.7285   0.605   0.5453    
anim_anyYes           -0.3699     0.2953  -1.252   0.2104    
gicontactbaseYes       0.3051     0.4650   0.656   0.5117    
gicontactbaseMissing   1.1403     0.5184   2.200   0.0278 *  
rawfood                0.3465     0.2701   1.283   0.1995    
---
Signif. codes:  0 ‘***’ 0.001 ‘**’ 0.01 ‘*’ 0.05 ‘.’ 0.1 ‘ ’ 1

(Dispersion parameter for poisson family taken to be 1)

    Null deviance: 589.86  on 2580  degrees of freedom
Residual deviance: 568.58  on 2563  degrees of freedom
AIC: 778.58

Number of Fisher Scoring iterations: 14



Robust, Sandwich Standard Errors Account for Clustering:

z test of coefficients:

                      Estimate Std. Error  z value Pr(>|z|)    
(Intercept)           -2.96699    0.35948  -8.2535  < 2e-16 ***
fpc1602.pres1         -0.88149    0.58331  -1.5112  0.13074    
agecat5-14            -0.67690    0.35783  -1.8917  0.05854 .  
agecat15-24           -0.32568    0.41065  -0.7931  0.42773    
agecat25-34           -0.44650    0.40216  -1.1103  0.26688    
agecat35-44           -0.66649    0.45567  -1.4627  0.14356    
agecat45-54           -1.13663    0.50071  -2.2701  0.02320 *  
agecat55-64           -1.83137    1.03635  -1.7671  0.07720 .  
agecat65-74            0.62488    0.96892   0.6449  0.51898    
agecatMissing        -13.61246    0.56105 -24.2627  < 2e-16 ***
female                 0.25909    0.21196   1.2224  0.22157    
racewhiteYes           0.10180    0.28568   0.3564  0.72158    
racewhiteMissing      -0.49892    0.97144  -0.5136  0.60754    
gichronYes             0.44064    0.72158   0.6107  0.54143    
anim_anyYes           -0.36987    0.33087  -1.1179  0.26363    
gicontactbaseYes       0.30513    0.50903   0.5994  0.54889    
gicontactbaseMissing   1.14034    0.55422   2.0576  0.03963 *  
rawfood                0.34647    0.29809   1.1623  0.24512    
---
Signif. codes:  0 ‘***’ 0.001 ‘**’ 0.01 ‘*’ 0.05 ‘.’ 0.1 ‘ ’ 1

> 
> mafit3.fpc1601.berm.1.head = mpreg(gici3~fpc1601.pres+agecat+female+racewhite+gichron+anim_any+gicontactbase+rawfood,
+     vcv=T,dat=malibu[malibu$berm=="Open",])

Call:
glm(formula = formula, family = poisson(link = "log"), data = dat)

Deviance Residuals: 
     Min        1Q    Median        3Q       Max  
-0.75348  -0.24979  -0.17856  -0.00007   2.57150  

Coefficients:
                   Estimate Std. Error z value Pr(>|z|)  
(Intercept)        -2.70446    1.34138  -2.016   0.0438 *
fpc1601.pres1       0.55833    1.06994   0.522   0.6018  
agecat5-14         -1.41742    0.91117  -1.556   0.1198  
agecat15-24        -0.53068    0.91730  -0.579   0.5629  
agecat25-34       -18.30805 1647.98666  -0.011   0.9911  
agecat35-44        -2.28649    1.34296  -1.703   0.0886 .
agecat45-54        -0.83208    1.27176  -0.654   0.5129  
agecat55-64       -17.84111 4543.84521  -0.004   0.9969  
agecat65-74       -17.48504 8973.09924  -0.002   0.9984  
female              0.09617    0.62275   0.154   0.8773  
racewhiteYes       -0.67142    0.61196  -1.097   0.2726  
racewhiteMissing  -17.18715 4330.58161  -0.004   0.9968  
gichronYes          2.26555    1.14672   1.976   0.0482 *
anim_anyYes        -0.22232    0.84252  -0.264   0.7919  
gicontactbaseYes    1.49990    1.17391   1.278   0.2014  
rawfood             0.71522    0.69092   1.035   0.3006  
---
Signif. codes:  0 ‘***’ 0.001 ‘**’ 0.01 ‘*’ 0.05 ‘.’ 0.1 ‘ ’ 1

(Dispersion parameter for poisson family taken to be 1)

    Null deviance: 83.611  on 390  degrees of freedom
Residual deviance: 67.835  on 375  degrees of freedom
AIC: 123.83

Number of Fisher Scoring iterations: 18



Robust, Sandwich Standard Errors Account for Clustering:

z test of coefficients:

                   Estimate Std. Error  z value Pr(>|z|)    
(Intercept)       -2.704457   1.849050  -1.4626  0.14357    
fpc1601.pres1      0.558329   1.172725   0.4761  0.63401    
agecat5-14        -1.417422   0.872999  -1.6236  0.10446    
agecat15-24       -0.530679   0.869119  -0.6106  0.54147    
agecat25-34      -18.308051   0.933905 -19.6038  < 2e-16 ***
agecat35-44       -2.286494   1.490328  -1.5342  0.12498    
agecat45-54       -0.832080   1.375424  -0.6050  0.54520    
agecat55-64      -17.841106   0.861756 -20.7032  < 2e-16 ***
agecat65-74      -17.485040   1.103399 -15.8465  < 2e-16 ***
female             0.096169   0.650510   0.1478  0.88247    
racewhiteYes      -0.671417   0.624820  -1.0746  0.28256    
racewhiteMissing -17.187152   0.752618 -22.8365  < 2e-16 ***
gichronYes         2.265554   1.082053   2.0938  0.03628 *  
anim_anyYes       -0.222324   0.979743  -0.2269  0.82049    
gicontactbaseYes   1.499895   1.433062   1.0466  0.29527    
rawfood            0.715222   0.814095   0.8785  0.37965    
---
Signif. codes:  0 ‘***’ 0.001 ‘**’ 0.01 ‘*’ 0.05 ‘.’ 0.1 ‘ ’ 1

> mafit3.fpc1601.berm.0.head = mpreg(gici3~fpc1601.pres+agecat+female+racewhite+gichron+anim_any+gicontactbase+rawfood,
+     vcv=T,dat=malibu[!is.na(malibu$fpc1601.pres) & malibu$berm=="Closed",])

Call:
glm(formula = formula, family = poisson(link = "log"), data = dat)

Deviance Residuals: 
    Min       1Q   Median       3Q      Max  
-0.6284  -0.3032  -0.2481  -0.1869   2.5819  

Coefficients:
                   Estimate Std. Error z value Pr(>|z|)    
(Intercept)      -2.638e+00  5.030e-01  -5.245 1.56e-07 ***
fpc1601.pres1    -3.328e-01  3.169e-01  -1.050   0.2935    
agecat5-14       -5.019e-01  5.284e-01  -0.950   0.3422    
agecat15-24      -1.349e+00  7.360e-01  -1.833   0.0668 .  
agecat25-34      -7.591e-02  5.545e-01  -0.137   0.8911    
agecat35-44      -2.916e-01  5.663e-01  -0.515   0.6067    
agecat45-54      -7.814e-01  6.844e-01  -1.142   0.2536    
agecat55-64      -1.129e+00  1.109e+00  -1.018   0.3087    
agecat65-74      -1.640e+01  2.640e+03  -0.006   0.9950    
agecat75+        -1.655e+01  5.040e+03  -0.003   0.9974    
female            6.267e-02  3.035e-01   0.206   0.8364    
racewhiteYes     -3.577e-01  3.076e-01  -1.163   0.2448    
racewhiteMissing -1.604e+01  1.045e+03  -0.015   0.9877    
gichronYes        1.106e+00  7.463e-01   1.482   0.1382    
anim_anyYes      -8.038e-03  3.792e-01  -0.021   0.9831    
gicontactbaseYes  4.114e-01  6.045e-01   0.681   0.4962    
rawfood           2.802e-01  3.513e-01   0.798   0.4251    
---
Signif. codes:  0 ‘***’ 0.001 ‘**’ 0.01 ‘*’ 0.05 ‘.’ 0.1 ‘ ’ 1

(Dispersion parameter for poisson family taken to be 1)

    Null deviance: 310.34  on 1341  degrees of freedom
Residual deviance: 291.28  on 1325  degrees of freedom
AIC: 417.28

Number of Fisher Scoring iterations: 17



Robust, Sandwich Standard Errors Account for Clustering:

z test of coefficients:

                    Estimate  Std. Error  z value  Pr(>|z|)    
(Intercept)       -2.6379666   0.4601289  -5.7331 9.861e-09 ***
fpc1601.pres1     -0.3328490   0.3062565  -1.0868   0.27711    
agecat5-14        -0.5019028   0.5057820  -0.9923   0.32104    
agecat15-24       -1.3490336   0.7457584  -1.8089   0.07046 .  
agecat25-34       -0.0759096   0.5676651  -0.1337   0.89362    
agecat35-44       -0.2915508   0.5623295  -0.5185   0.60413    
agecat45-54       -0.7813640   0.7083674  -1.1030   0.27001    
agecat55-64       -1.1293372   1.0941823  -1.0321   0.30201    
agecat65-74      -16.3976177   0.6385323 -25.6802 < 2.2e-16 ***
agecat75+        -16.5528829   1.0594662 -15.6238 < 2.2e-16 ***
female             0.0626732   0.2828267   0.2216   0.82463    
racewhiteYes      -0.3576940   0.3305776  -1.0820   0.27924    
racewhiteMissing -16.0435210   0.3400273 -47.1830 < 2.2e-16 ***
gichronYes         1.1063819   0.7472286   1.4806   0.13870    
anim_anyYes       -0.0080376   0.3825259  -0.0210   0.98324    
gicontactbaseYes   0.4113581   0.6077880   0.6768   0.49853    
rawfood            0.2802034   0.3832546   0.7311   0.46471    
---
Signif. codes:  0 ‘***’ 0.001 ‘**’ 0.01 ‘*’ 0.05 ‘.’ 0.1 ‘ ’ 1

> 
> # --------------------------------------
> # Pooled estimates
> # (can't use the mpreg fn because we 
> # need the actual glm returned object 
> # for the LR tests)
> 
> # 3-day GI illness
> 
> # all beaches ----------------
> # fmc 1601
> all.fit3.fmc1601head <- glm(gici10~fmc1601.pres+agecat+female+racewhite+gichron+anim_any+gicontactbase+
+     rawfood+beach,family=poisson(link="log"),data=all[!is.na(all$fmc1601.pres) & all$beach!="Avalon",])
> 
> all.VC3.fmc1601head <- cl(all[!is.na(all$fmc1601.pres) & all$beach!="Avalon"],fm=all.fit3.fmc1601head,
+   cluster=all$hhid[!is.na(all$fmc1601.pres) & all$beach!="Avalon"])
> overall.fit3.fmc1601head <- coeftest(all.fit3.fmc1601head, all.VC3.fmc1601head)
> summary(all.fit3.fmc1601)
Error in summary(all.fit3.fmc1601) : object 'all.fit3.fmc1601' not found
Execution halted
