
R version 3.2.2 (2015-08-14) -- "Fire Safety"
Copyright (C) 2015 The R Foundation for Statistical Computing
Platform: x86_64-apple-darwin13.4.0 (64-bit)

R is free software and comes with ABSOLUTELY NO WARRANTY.
You are welcome to redistribute it under certain conditions.
Type 'license()' or 'licence()' for distribution details.

  Natural language support but running in an English locale

R is a collaborative project with many contributors.
Type 'contributors()' for more information and
'citation()' on how to cite R or R packages in publications.

Type 'demo()' for some demos, 'help()' for on-line help, or
'help.start()' for an HTML browser interface to help.
Type 'q()' to quit R.

> ##########################################
> # Coliphage analysis - 6 beaches
> # v1 by Jade 7/13/15
> 
> # This file conducts maximum likelihood regression
> # to estimate prevalence ratios
> 
> # Results stratified by beach
> 
> # 10 day gi illness, body immersion
> ##########################################
> 
> rm(list=ls())
> library(foreign)
> 
> setwd("~/Dropbox/Coliphage/")
> 
> # --------------------------------------
> # load the and pre-preprocess the 
> # analysis dataset
> # (refer to the base functions script
> # for details on the pre-processing)
> # --------------------------------------
> beaches13=read.csv("~/Dropbox/13beaches/data/final/13beaches-analysis.csv")
> 
> # load base functions
> source("Programs/Analysis/0-base-functions.R")
> 
> data=preprocess.6beaches(beaches13)

Successfully loaded the data
 Total sample size = 88083 

Dropping individuals with GI illness at enrollment
 N = 2025 

Final sample size = 86058 

Subsetting the data to relevant variables and completing final variable pre-processing> 
> # restrict to 6 beaches with coliphage data
> beach.list=c("Avalon","Doheny","Malibu","Mission Bay",
+              "Fairhope","Goddard")
> 
> all=data[data$beach %in% beach.list,]
> avalon=data[data$beach %in% "Avalon",]
> doheny=data[data$beach %in% "Doheny",]
> malibu=data[data$beach %in% "Malibu",]
> mission=data[data$beach %in% "Mission Bay",]
> fairhope=data[data$beach %in% "Fairhope",]
> goddard=data[data$beach %in% "Goddard",]
> 
> data.list=list(all=all,avalon=avalon,doheny=doheny,mission=mission,
+    malibu=malibu,goddard=goddard,fairhope=fairhope)
> 
> data.list=lapply(data.list,function(df){
+   # drop individuals with no water quality information
+   df=subset(df,nowq==0)
+   # subset to non-missing exposure categories
+   # to make the robust CI calcs work
+   df=subset(df,df$swallwater=="Yes")
+ })
> 
> # convert from list back to data frames
> list2env(data.list ,.GlobalEnv)
<environment: R_GlobalEnv>
> 
> 
> # --------------------------------------
> # Calculate the actual Ns for each cell
> # and store them for plotting and tables
> # --------------------------------------
> regN <- function(outcome,exposurecat) {
+   sum(table(outcome,exposurecat))
+ }
> 
> # pooled n's ---------------------------------------
> all.n10.fmc1601swall = regN(all$gici10[!is.na(all$fmc1601.pres)],
+                        all$fmc1601.pres[!is.na(all$fmc1601.pres)])
> all.n10.fmc1602swall = regN(all$gici10[!is.na(all$fmc1602.pres)],
+                        all$fmc1602.pres[!is.na(all$fmc1602.pres)])
> all.n10.fpc1601swall = regN(all$gici10[!is.na(all$fpc1601.pres) ],
+                        all$fpc1601.pres[!is.na(all$fpc1601.pres) ])
> all.n10.fpc1602swall = regN(all$gici10[!is.na(all$fpc1602.pres) ],
+                        all$fpc1602.pres[!is.na(all$fpc1602.pres) ])
> 
> # combined n's ---------------------------------------
> #avalon
> av.n10.fmc1602swall = regN(avalon$gici10,avalon$fmc1602.pres)
> av.n10.fpc1601swall = regN(avalon$gici10,avalon$fpc1601.pres)
> av.n10.fpc1602swall = regN(avalon$gici10,avalon$fpc1602.pres)
> 
> #doheny
> do.n10.fmc1601swall = regN(doheny$gici10,doheny$fmc1601.pres)
> do.n10.fmc1602swall = regN(doheny$gici10,doheny$fmc1602.pres)
> do.n10.fpc1601swall = regN(doheny$gici10,doheny$fpc1601.pres)
> do.n10.fpc1602swall = regN(doheny$gici10,doheny$fpc1602.pres)
> 
> # fairhope
> fa.n10.fpc1601swall = regN(fairhope$gici10,fairhope$fpc1601.pres)
> 
> # goddard
> # fpc 1601 always present at goddard
> 
> # malibu
> # fmc 1602 and fpc 1602 always present at malibu
> ma.n10.fpc1601swall = regN(malibu$gici10,malibu$fpc1601.pres)
> 
> # mission bay
> mb.n10.fmc1601swall = regN(mission$gici10,mission$fmc1601.pres)
> mb.n10.fpc1601swall = regN(mission$gici10,mission$fpc1601.pres)
> 
> # n if low risk conditions ---------------------------
> #avalon
> av.n10.fmc1602.int0swall = regN(avalon$gici10[avalon$groundwater=="Below median flow"],
+   avalon$fmc1602.pres[avalon$groundwater=="Below median flow"])
> av.n10.fpc1601.int0swall = regN(avalon$gici10[avalon$groundwater=="Below median flow"],
+   avalon$fpc1601.pres[avalon$groundwater=="Below median flow"])
> av.n10.fpc1602.int0swall = regN(avalon$gici10[avalon$groundwater=="Below median flow"],
+   avalon$fpc1602.pres[avalon$groundwater=="Below median flow"])
> 
> #doheny
> do.n10.fmc1602.int0swall = regN(doheny$gici10[doheny$berm=="Closed"],
+   doheny$fmc1602.pres[doheny$berm=="Closed"])
> do.n10.fpc1601.int0swall = regN(doheny$gici10[doheny$berm=="Closed"],
+   doheny$fpc1601.pres[doheny$berm=="Closed"])
> do.n10.fpc1602.int0swall = regN(doheny$gici10[doheny$berm=="Closed"],
+   doheny$fpc1602.pres[doheny$berm=="Closed"])
> 
> # malibu
> # fmc 1602 and fpc 1602 always present at malibu
> ma.n10.fpc1601.int0swall = regN(malibu$gici10[malibu$berm=="Closed"],malibu$fpc1601.pres[malibu$berm=="Closed"])
> 
> # n if high risk conditions ---------------------------
> #avalon
> av.n10.fmc1602.int1swall = regN(avalon$gici10[avalon$groundwater=="Above median flow"],
+   avalon$fmc1602.pres[avalon$groundwater=="Above median flow"])
> av.n10.fpc1601.int1swall = regN(avalon$gici10[avalon$groundwater=="Above median flow"],
+   avalon$fpc1601.pres[avalon$groundwater=="Above median flow"])
> av.n10.fpc1602.int1swall = regN(avalon$gici10[avalon$groundwater=="Above median flow"],
+   avalon$fpc1602.pres[avalon$groundwater=="Above median flow"])
> 
> #doheny
> do.n10.fmc1602.int1swall = regN(doheny$gici10[doheny$berm=="Open"],
+   doheny$fmc1602.pres[doheny$berm=="Open"])
> do.n10.fpc1601.int1swall = regN(doheny$gici10[doheny$berm=="Open"],
+   doheny$fpc1601.pres[doheny$berm=="Open"])
> do.n10.fpc1602.int1swall = regN(doheny$gici10[doheny$berm=="Open"],
+   doheny$fpc1602.pres[doheny$berm=="Open"])
> 
> # malibu
> # fmc 1602 and fpc 1602 always present at malibu
> ma.n10.fpc1601.int1swall = regN(malibu$gici10[malibu$berm=="Open"],malibu$fpc1601.pres[malibu$berm=="Open"])
> 
> 
> #-----------------------------------------
> # 10-day illness and coliphage concentration
> # pooled across berm and groundwater flow conditions
> # by beach
> #-----------------------------------------
> # avalon
> # fmc1601 -- always present at avalon 
> avfit10.fmc1602swall = mpreg(gici10~fmc1602.pres+agecat+female+racewhite+gichron+anim_any+gicontactbase+rawfood,
+     dat=avalon,vcv=T)

Attaching package: ‘zoo’

The following objects are masked from ‘package:base’:

    as.Date, as.Date.numeric


Call:
glm(formula = formula, family = poisson(link = "log"), data = dat)

Deviance Residuals: 
    Min       1Q   Median       3Q      Max  
-0.9442  -0.4198  -0.3604  -0.2935   2.1437  

Coefficients:
                       Estimate Std. Error z value Pr(>|z|)    
(Intercept)          -1.761e+00  3.858e-01  -4.566 4.97e-06 ***
fmc1602.pres1         4.933e-01  2.599e-01   1.898 0.057721 .  
agecat5-14           -1.161e+00  3.246e-01  -3.577 0.000348 ***
agecat15-24          -1.084e+00  4.634e-01  -2.340 0.019272 *  
agecat25-34          -7.444e-01  4.333e-01  -1.718 0.085787 .  
agecat35-44          -8.813e-01  4.491e-01  -1.962 0.049706 *  
agecat45-54          -1.029e+00  5.224e-01  -1.970 0.048829 *  
agecat55-64          -1.679e+01  8.924e+02  -0.019 0.984990    
agecat65-74          -1.676e+01  1.802e+03  -0.009 0.992582    
agecat75+            -1.681e+01  4.039e+03  -0.004 0.996680    
agecatMissing        -1.631e+01  5.718e+03  -0.003 0.997724    
female                6.425e-03  2.397e-01   0.027 0.978619    
racewhiteYes         -2.286e-01  2.596e-01  -0.881 0.378504    
racewhiteMissing      3.649e-01  1.065e+00   0.343 0.731887    
gichronYes            1.192e+00  6.188e-01   1.927 0.053991 .  
anim_anyYes          -1.912e-01  2.897e-01  -0.660 0.509094    
gicontactbaseYes      8.736e-01  3.696e-01   2.363 0.018109 *  
gicontactbaseMissing -4.839e-02  1.022e+00  -0.047 0.962235    
rawfood               4.166e-03  3.050e-01   0.014 0.989104    
---
Signif. codes:  0 ‘***’ 0.001 ‘**’ 0.01 ‘*’ 0.05 ‘.’ 0.1 ‘ ’ 1

(Dispersion parameter for poisson family taken to be 1)

    Null deviance: 352.69  on 850  degrees of freedom
Residual deviance: 319.81  on 832  degrees of freedom
AIC: 499.81

Number of Fisher Scoring iterations: 16



Robust, Sandwich Standard Errors Account for Clustering:

z test of coefficients:

                        Estimate  Std. Error  z value  Pr(>|z|)    
(Intercept)           -1.7614503   0.3773712  -4.6677 3.046e-06 ***
fmc1602.pres1          0.4933026   0.2641339   1.8676 0.0618146 .  
agecat5-14            -1.1610906   0.3077543  -3.7728 0.0001614 ***
agecat15-24           -1.0843759   0.4556261  -2.3800 0.0173141 *  
agecat25-34           -0.7444451   0.4070081  -1.8291 0.0673896 .  
agecat35-44           -0.8813101   0.4372066  -2.0158 0.0438235 *  
agecat45-54           -1.0291791   0.5130259  -2.0061 0.0448460 *  
agecat55-64          -16.7888484   0.3471582 -48.3608 < 2.2e-16 ***
agecat65-74          -16.7561080   0.4510373 -37.1502 < 2.2e-16 ***
agecat75+            -16.8068508   0.7667832 -21.9186 < 2.2e-16 ***
agecatMissing        -16.3125030   1.1265974 -14.4794 < 2.2e-16 ***
female                 0.0064249   0.2243944   0.0286 0.9771579    
racewhiteYes          -0.2286318   0.2528035  -0.9044 0.3657911    
racewhiteMissing       0.3648875   0.6458050   0.5650 0.5720657    
gichronYes             1.1924573   0.5223138   2.2830 0.0224287 *  
anim_anyYes           -0.1912450   0.2987332  -0.6402 0.5220513    
gicontactbaseYes       0.8736200   0.3834539   2.2783 0.0227092 *  
gicontactbaseMissing  -0.0483880   1.1307830  -0.0428 0.9658677    
rawfood                0.0041658   0.2944365   0.0141 0.9887116    
---
Signif. codes:  0 ‘***’ 0.001 ‘**’ 0.01 ‘*’ 0.05 ‘.’ 0.1 ‘ ’ 1

> avfit10.fpc1601swall = mpreg(gici10~fpc1601.pres+agecat+female+racewhite+gichron+anim_any+gicontactbase+rawfood,
+     dat=avalon,vcv=T)

Call:
glm(formula = formula, family = poisson(link = "log"), data = dat)

Deviance Residuals: 
    Min       1Q   Median       3Q      Max  
-0.8989  -0.3957  -0.3563  -0.3137   2.1329  

Coefficients:
                       Estimate Std. Error z value Pr(>|z|)    
(Intercept)            -1.72887    0.46768  -3.697 0.000218 ***
fpc1601.pres1           0.31993    0.35484   0.902 0.367263    
agecat5-14             -1.15951    0.32496  -3.568 0.000359 ***
agecat15-24            -1.10769    0.46564  -2.379 0.017366 *  
agecat25-34            -0.81020    0.43219  -1.875 0.060845 .  
agecat35-44            -0.96476    0.44709  -2.158 0.030940 *  
agecat45-54            -1.07723    0.52379  -2.057 0.039725 *  
agecat55-64           -16.78338  886.28710  -0.019 0.984892    
agecat65-74           -16.67393 1802.46815  -0.009 0.992619    
agecat75+             -16.69391 4037.60749  -0.004 0.996701    
agecatMissing         -16.68796 5717.53214  -0.003 0.997671    
female                  0.01709    0.23993   0.071 0.943226    
racewhiteYes           -0.20569    0.25923  -0.793 0.427522    
racewhiteMissing        0.42259    1.07029   0.395 0.692963    
gichronYes              1.17066    0.62002   1.888 0.059013 .  
anim_anyYes            -0.24051    0.29094  -0.827 0.408438    
gicontactbaseYes        0.93169    0.37005   2.518 0.011811 *  
gicontactbaseMissing    0.06980    1.02022   0.068 0.945457    
rawfood                 0.02557    0.30528   0.084 0.933238    
---
Signif. codes:  0 ‘***’ 0.001 ‘**’ 0.01 ‘*’ 0.05 ‘.’ 0.1 ‘ ’ 1

(Dispersion parameter for poisson family taken to be 1)

    Null deviance: 352.69  on 850  degrees of freedom
Residual deviance: 322.69  on 832  degrees of freedom
AIC: 502.69

Number of Fisher Scoring iterations: 16



Robust, Sandwich Standard Errors Account for Clustering:

z test of coefficients:

                       Estimate Std. Error  z value  Pr(>|z|)    
(Intercept)           -1.728870   0.459702  -3.7609 0.0001693 ***
fpc1601.pres1          0.319929   0.374548   0.8542 0.3930081    
agecat5-14            -1.159513   0.310546  -3.7338 0.0001886 ***
agecat15-24           -1.107692   0.462126  -2.3969 0.0165324 *  
agecat25-34           -0.810199   0.397556  -2.0379 0.0415553 *  
agecat35-44           -0.964756   0.440176  -2.1918 0.0283975 *  
agecat45-54           -1.077228   0.522547  -2.0615 0.0392560 *  
agecat55-64          -16.783379   0.360167 -46.5989 < 2.2e-16 ***
agecat65-74          -16.673934   0.448495 -37.1776 < 2.2e-16 ***
agecat75+            -16.693915   0.765597 -21.8051 < 2.2e-16 ***
agecatMissing        -16.687958   1.079197 -15.4633 < 2.2e-16 ***
female                 0.017087   0.226021   0.0756 0.9397390    
racewhiteYes          -0.205686   0.253137  -0.8125 0.4164763    
racewhiteMissing       0.422592   0.651445   0.6487 0.5165319    
gichronYes             1.170657   0.520549   2.2489 0.0245197 *  
anim_anyYes           -0.240505   0.302898  -0.7940 0.4271876    
gicontactbaseYes       0.931693   0.386892   2.4081 0.0160338 *  
gicontactbaseMissing   0.069796   1.142115   0.0611 0.9512706    
rawfood                0.025574   0.302432   0.0846 0.9326110    
---
Signif. codes:  0 ‘***’ 0.001 ‘**’ 0.01 ‘*’ 0.05 ‘.’ 0.1 ‘ ’ 1

> avfit10.fpc1602swall = mpreg(gici10~fpc1602.pres+agecat+female+racewhite+gichron+anim_any+gicontactbase+rawfood,
+     dat=avalon,vcv=T)

Call:
glm(formula = formula, family = poisson(link = "log"), data = dat)

Deviance Residuals: 
    Min       1Q   Median       3Q      Max  
-0.8944  -0.3907  -0.3493  -0.3263   2.0589  

Coefficients:
                       Estimate Std. Error z value Pr(>|z|)    
(Intercept)            -1.49305    0.34716  -4.301  1.7e-05 ***
fpc1602.pres1           0.68252    0.52390   1.303 0.192649    
agecat5-14             -1.16536    0.32446  -3.592 0.000329 ***
agecat15-24            -1.19352    0.46125  -2.588 0.009665 ** 
agecat25-34            -0.84510    0.43079  -1.962 0.049791 *  
agecat35-44            -0.97442    0.44556  -2.187 0.028744 *  
agecat45-54            -1.09086    0.52244  -2.088 0.036799 *  
agecat55-64           -16.78583  889.91386  -0.019 0.984951    
agecat65-74           -16.61175 1803.59481  -0.009 0.992651    
agecat75+             -16.62977 4038.79824  -0.004 0.996715    
agecatMissing         -16.62064 5717.53214  -0.003 0.997681    
female                  0.02220    0.23997   0.093 0.926277    
racewhiteYes           -0.18890    0.25961  -0.728 0.466852    
racewhiteMissing        0.32912    1.06954   0.308 0.758297    
gichronYes              1.16538    0.62427   1.867 0.061931 .  
anim_anyYes            -0.22010    0.29066  -0.757 0.448901    
gicontactbaseYes        0.96355    0.37127   2.595 0.009452 ** 
gicontactbaseMissing    0.11551    1.02030   0.113 0.909866    
rawfood                 0.02842    0.30524   0.093 0.925829    
---
Signif. codes:  0 ‘***’ 0.001 ‘**’ 0.01 ‘*’ 0.05 ‘.’ 0.1 ‘ ’ 1

(Dispersion parameter for poisson family taken to be 1)

    Null deviance: 352.69  on 850  degrees of freedom
Residual deviance: 322.14  on 832  degrees of freedom
AIC: 502.14

Number of Fisher Scoring iterations: 16



Robust, Sandwich Standard Errors Account for Clustering:

z test of coefficients:

                       Estimate Std. Error  z value  Pr(>|z|)    
(Intercept)           -1.493049   0.343684  -4.3443 1.398e-05 ***
fpc1602.pres1          0.682524   0.436054   1.5652 0.1175289    
agecat5-14            -1.165360   0.307184  -3.7937 0.0001484 ***
agecat15-24           -1.193521   0.458481  -2.6032 0.0092356 ** 
agecat25-34           -0.845099   0.402115  -2.1016 0.0355853 *  
agecat35-44           -0.974418   0.436406  -2.2328 0.0255605 *  
agecat45-54           -1.090858   0.521426  -2.0921 0.0364327 *  
agecat55-64          -16.785829   0.352994 -47.5527 < 2.2e-16 ***
agecat65-74          -16.611755   0.442892 -37.5075 < 2.2e-16 ***
agecat75+            -16.629768   0.764881 -21.7416 < 2.2e-16 ***
agecatMissing        -16.620638   1.078702 -15.4080 < 2.2e-16 ***
female                 0.022204   0.223385   0.0994 0.9208215    
racewhiteYes          -0.188898   0.251935  -0.7498 0.4533821    
racewhiteMissing       0.329118   0.588625   0.5591 0.5760723    
gichronYes             1.165379   0.527163   2.2107 0.0270594 *  
anim_anyYes           -0.220101   0.303266  -0.7258 0.4679810    
gicontactbaseYes       0.963545   0.380541   2.5320 0.0113401 *  
gicontactbaseMissing   0.115506   1.138626   0.1014 0.9191988    
rawfood                0.028416   0.299897   0.0948 0.9245122    
---
Signif. codes:  0 ‘***’ 0.001 ‘**’ 0.01 ‘*’ 0.05 ‘.’ 0.1 ‘ ’ 1

> 
> # doheny
> dofit10.fmc1601swall = mpreg(gici10~fmc1601.pres+agecat+female+racewhite+gichron+anim_any+gicontactbase+rawfood,
+      dat=doheny[!is.na(doheny$fmc1601.pres),],vcv=T)

Call:
glm(formula = formula, family = poisson(link = "log"), data = dat)

Deviance Residuals: 
    Min       1Q   Median       3Q      Max  
-0.7649  -0.3155  -0.2498  -0.1222   2.5484  

Coefficients:
                       Estimate Std. Error z value Pr(>|z|)  
(Intercept)          -2.752e+00  1.131e+00  -2.434   0.0149 *
fmc1601.pres1         1.022e+00  1.057e+00   0.968   0.3333  
agecat5-14           -1.392e+00  6.377e-01  -2.183   0.0290 *
agecat15-24          -1.562e-01  7.395e-01  -0.211   0.8327  
agecat25-34          -1.813e+01  3.033e+03  -0.006   0.9952  
agecat35-44           5.004e-01  6.906e-01   0.725   0.4687  
agecat45-54          -1.797e+01  3.749e+03  -0.005   0.9962  
agecat55-64          -1.797e+01  6.113e+03  -0.003   0.9977  
agecat65-74          -1.821e+01  1.554e+04  -0.001   0.9991  
agecatMissing        -1.805e+01  1.062e+04  -0.002   0.9986  
female               -1.443e-02  5.107e-01  -0.028   0.9775  
racewhiteYes         -3.456e-01  5.082e-01  -0.680   0.4965  
racewhiteMissing     -1.717e+01  1.099e+04  -0.002   0.9988  
gichronYes           -1.604e+01  9.896e+03  -0.002   0.9987  
anim_anyYes           1.211e-01  5.960e-01   0.203   0.8390  
gicontactbaseYes     -8.205e-02  1.078e+00  -0.076   0.9393  
gicontactbaseMissing -1.796e+01  8.270e+03  -0.002   0.9983  
rawfood              -1.111e+00  1.039e+00  -1.069   0.2852  
---
Signif. codes:  0 ‘***’ 0.001 ‘**’ 0.01 ‘*’ 0.05 ‘.’ 0.1 ‘ ’ 1

(Dispersion parameter for poisson family taken to be 1)

    Null deviance: 97.938  on 302  degrees of freedom
Residual deviance: 79.515  on 285  degrees of freedom
AIC: 149.51

Number of Fisher Scoring iterations: 18



Robust, Sandwich Standard Errors Account for Clustering:

z test of coefficients:

                       Estimate Std. Error  z value Pr(>|z|)    
(Intercept)           -2.751987   1.195895  -2.3012  0.02138 *  
fmc1601.pres1          1.022469   1.009664   1.0127  0.31121    
agecat5-14            -1.392141   0.600970  -2.3165  0.02053 *  
agecat15-24           -0.156175   0.763730  -0.2045  0.83797    
agecat25-34          -18.129769   0.473349 -38.3011  < 2e-16 ***
agecat35-44            0.500369   0.660219   0.7579  0.44852    
agecat45-54          -17.966127   0.562229 -31.9552  < 2e-16 ***
agecat55-64          -17.967634   0.868814 -20.6806  < 2e-16 ***
agecat65-74          -18.213071   1.058439 -17.2075  < 2e-16 ***
agecatMissing        -18.052063   1.327794 -13.5955  < 2e-16 ***
female                -0.014428   0.504933  -0.0286  0.97720    
racewhiteYes          -0.345569   0.510533  -0.6769  0.49848    
racewhiteMissing     -17.166499   0.958697 -17.9061  < 2e-16 ***
gichronYes           -16.039286   1.211136 -13.2432  < 2e-16 ***
anim_anyYes            0.121090   0.520355   0.2327  0.81599    
gicontactbaseYes      -0.082047   0.976671  -0.0840  0.93305    
gicontactbaseMissing -17.963981   1.194102 -15.0439  < 2e-16 ***
rawfood               -1.110868   1.114035  -0.9972  0.31869    
---
Signif. codes:  0 ‘***’ 0.001 ‘**’ 0.01 ‘*’ 0.05 ‘.’ 0.1 ‘ ’ 1

Warning message:
glm.fit: fitted rates numerically 0 occurred 
> dofit10.fmc1602swall = mpreg(gici10~fmc1602.pres+agecat+female+racewhite+gichron+anim_any+gicontactbase+rawfood,
+     dat=doheny,vcv=T)

Call:
glm(formula = formula, family = poisson(link = "log"), data = dat)

Deviance Residuals: 
    Min       1Q   Median       3Q      Max  
-0.8591  -0.4156  -0.3781  -0.3504   2.3687  

Coefficients:
                       Estimate Std. Error z value Pr(>|z|)    
(Intercept)            -2.11168    0.37254  -5.668 1.44e-08 ***
fmc1602.pres1          -0.01322    0.26413  -0.050   0.9601    
agecat5-14             -0.57022    0.29975  -1.902   0.0571 .  
agecat15-24            -0.17163    0.37554  -0.457   0.6477    
agecat25-34            -0.32970    0.44736  -0.737   0.4611    
agecat35-44            -0.26425    0.41115  -0.643   0.5204    
agecat45-54            -0.39326    0.52730  -0.746   0.4558    
agecat55-64           -15.00669  725.25667  -0.021   0.9835    
agecat65-74           -15.25296 3467.85855  -0.004   0.9965    
agecatMissing         -14.83262 1485.90130  -0.010   0.9920    
female                  0.17077    0.21484   0.795   0.4267    
racewhiteYes           -0.09549    0.22855  -0.418   0.6761    
racewhiteMissing       -0.37039    1.02035  -0.363   0.7166    
gichronYes              0.86106    0.73945   1.164   0.2442    
anim_anyYes            -0.05736    0.25148  -0.228   0.8196    
gicontactbaseYes       -1.60040    1.00800  -1.588   0.1124    
gicontactbaseMissing    1.22443    0.52669   2.325   0.0201 *  
rawfood                -0.04108    0.28867  -0.142   0.8868    
---
Signif. codes:  0 ‘***’ 0.001 ‘**’ 0.01 ‘*’ 0.05 ‘.’ 0.1 ‘ ’ 1

(Dispersion parameter for poisson family taken to be 1)

    Null deviance: 467.28  on 1165  degrees of freedom
Residual deviance: 446.73  on 1148  degrees of freedom
AIC: 666.73

Number of Fisher Scoring iterations: 15



Robust, Sandwich Standard Errors Account for Clustering:

z test of coefficients:

                       Estimate Std. Error  z value  Pr(>|z|)    
(Intercept)           -2.111679   0.357765  -5.9024 3.582e-09 ***
fmc1602.pres1         -0.013221   0.261452  -0.0506   0.95967    
agecat5-14            -0.570222   0.268075  -2.1271   0.03341 *  
agecat15-24           -0.171633   0.351204  -0.4887   0.62505    
agecat25-34           -0.329701   0.435413  -0.7572   0.44892    
agecat35-44           -0.264248   0.388701  -0.6798   0.49662    
agecat45-54           -0.393262   0.473716  -0.8302   0.40645    
agecat55-64          -15.006695   0.364048 -41.2217 < 2.2e-16 ***
agecat65-74          -15.252961   1.012333 -15.0671 < 2.2e-16 ***
agecatMissing        -14.832617   0.705471 -21.0251 < 2.2e-16 ***
female                 0.170766   0.221870   0.7697   0.44150    
racewhiteYes          -0.095491   0.240949  -0.3963   0.69187    
racewhiteMissing      -0.370389   0.904210  -0.4096   0.68208    
gichronYes             0.861056   0.685318   1.2564   0.20896    
anim_anyYes           -0.057363   0.258793  -0.2217   0.82458    
gicontactbaseYes      -1.600404   1.001135  -1.5986   0.10991    
gicontactbaseMissing   1.224429   0.533543   2.2949   0.02174 *  
rawfood               -0.041083   0.313313  -0.1311   0.89568    
---
Signif. codes:  0 ‘***’ 0.001 ‘**’ 0.01 ‘*’ 0.05 ‘.’ 0.1 ‘ ’ 1

> dofit10.fpc1601swall = mpreg(gici10~fpc1601.pres+agecat+female+racewhite+gichron+anim_any+gicontactbase+rawfood,
+     dat=doheny,vcv=T)

Call:
glm(formula = formula, family = poisson(link = "log"), data = dat)

Deviance Residuals: 
    Min       1Q   Median       3Q      Max  
-0.8650  -0.4155  -0.3794  -0.3471   2.3209  

Coefficients:
                       Estimate Std. Error z value Pr(>|z|)    
(Intercept)            -2.00886    0.39771  -5.051 4.39e-07 ***
fpc1601.pres1          -0.14204    0.31307  -0.454   0.6500    
agecat5-14             -0.56469    0.29961  -1.885   0.0595 .  
agecat15-24            -0.15899    0.37658  -0.422   0.6729    
agecat25-34            -0.32438    0.44788  -0.724   0.4689    
agecat35-44            -0.25954    0.41074  -0.632   0.5275    
agecat45-54            -0.37962    0.52759  -0.720   0.4718    
agecat55-64           -14.99492  724.35261  -0.021   0.9835    
agecat65-74           -15.23563 3467.85855  -0.004   0.9965    
agecatMissing         -14.86382 1496.33926  -0.010   0.9921    
female                  0.17787    0.21548   0.825   0.4091    
racewhiteYes           -0.09393    0.22851  -0.411   0.6811    
racewhiteMissing       -0.36390    1.02044  -0.357   0.7214    
gichronYes              0.86063    0.73991   1.163   0.2448    
anim_anyYes            -0.05849    0.25129  -0.233   0.8160    
gicontactbaseYes       -1.60035    1.00777  -1.588   0.1123    
gicontactbaseMissing    1.24272    0.52784   2.354   0.0186 *  
rawfood                -0.03900    0.28848  -0.135   0.8925    
---
Signif. codes:  0 ‘***’ 0.001 ‘**’ 0.01 ‘*’ 0.05 ‘.’ 0.1 ‘ ’ 1

(Dispersion parameter for poisson family taken to be 1)

    Null deviance: 467.28  on 1165  degrees of freedom
Residual deviance: 446.53  on 1148  degrees of freedom
AIC: 666.53

Number of Fisher Scoring iterations: 15



Robust, Sandwich Standard Errors Account for Clustering:

z test of coefficients:

                       Estimate Std. Error  z value  Pr(>|z|)    
(Intercept)           -2.008863   0.431979  -4.6504 3.313e-06 ***
fpc1601.pres1         -0.142042   0.374514  -0.3793   0.70449    
agecat5-14            -0.564687   0.267975  -2.1072   0.03510 *  
agecat15-24           -0.158985   0.347465  -0.4576   0.64727    
agecat25-34           -0.324384   0.434571  -0.7464   0.45540    
agecat35-44           -0.259540   0.387931  -0.6690   0.50347    
agecat45-54           -0.379622   0.471329  -0.8054   0.42057    
agecat55-64          -14.994919   0.357303 -41.9669 < 2.2e-16 ***
agecat65-74          -15.235629   1.008977 -15.1001 < 2.2e-16 ***
agecatMissing        -14.863823   0.701372 -21.1925 < 2.2e-16 ***
female                 0.177874   0.222392   0.7998   0.42382    
racewhiteYes          -0.093925   0.241364  -0.3891   0.69717    
racewhiteMissing      -0.363897   0.903573  -0.4027   0.68715    
gichronYes             0.860626   0.689240   1.2487   0.21179    
anim_anyYes           -0.058486   0.260529  -0.2245   0.82238    
gicontactbaseYes      -1.600347   0.999822  -1.6006   0.10946    
gicontactbaseMissing   1.242716   0.535076   2.3225   0.02021 *  
rawfood               -0.038998   0.314997  -0.1238   0.90147    
---
Signif. codes:  0 ‘***’ 0.001 ‘**’ 0.01 ‘*’ 0.05 ‘.’ 0.1 ‘ ’ 1

> dofit10.fpc1602swall = mpreg(gici10~fpc1602.pres+agecat+female+racewhite+gichron+anim_any+gicontactbase+rawfood,
+     dat=doheny,vcv=T)

Call:
glm(formula = formula, family = poisson(link = "log"), data = dat)

Deviance Residuals: 
    Min       1Q   Median       3Q      Max  
-0.8624  -0.4153  -0.3743  -0.3492   2.3626  

Coefficients:
                       Estimate Std. Error z value Pr(>|z|)    
(Intercept)            -2.11351    0.31286  -6.756 1.42e-11 ***
fpc1602.pres1          -0.30849    0.46687  -0.661   0.5088    
agecat5-14             -0.57313    0.29936  -1.914   0.0556 .  
agecat15-24            -0.16707    0.37534  -0.445   0.6562    
agecat25-34            -0.31261    0.44800  -0.698   0.4853    
agecat35-44            -0.27126    0.41090  -0.660   0.5092    
agecat45-54            -0.36287    0.52803  -0.687   0.4919    
agecat55-64           -15.00108  724.58941  -0.021   0.9835    
agecat65-74           -15.27585 3467.85855  -0.004   0.9965    
agecatMissing         -14.86293 1487.71807  -0.010   0.9920    
female                  0.16737    0.21482   0.779   0.4359    
racewhiteYes           -0.08059    0.22939  -0.351   0.7253    
racewhiteMissing       -0.37962    1.02038  -0.372   0.7099    
gichronYes              0.85877    0.73931   1.162   0.2454    
anim_anyYes            -0.05882    0.25140  -0.234   0.8150    
gicontactbaseYes       -1.59542    1.00790  -1.583   0.1134    
gicontactbaseMissing    1.20464    0.52696   2.286   0.0223 *  
rawfood                -0.03036    0.28922  -0.105   0.9164    
---
Signif. codes:  0 ‘***’ 0.001 ‘**’ 0.01 ‘*’ 0.05 ‘.’ 0.1 ‘ ’ 1

(Dispersion parameter for poisson family taken to be 1)

    Null deviance: 467.28  on 1165  degrees of freedom
Residual deviance: 446.25  on 1148  degrees of freedom
AIC: 666.25

Number of Fisher Scoring iterations: 15



Robust, Sandwich Standard Errors Account for Clustering:

z test of coefficients:

                       Estimate Std. Error  z value  Pr(>|z|)    
(Intercept)           -2.113512   0.300154  -7.0414 1.903e-12 ***
fpc1602.pres1         -0.308487   0.515900  -0.5980   0.54987    
agecat5-14            -0.573133   0.270390  -2.1197   0.03403 *  
agecat15-24           -0.167069   0.353174  -0.4731   0.63618    
agecat25-34           -0.312608   0.436244  -0.7166   0.47363    
agecat35-44           -0.271258   0.390676  -0.6943   0.48747    
agecat45-54           -0.362870   0.463562  -0.7828   0.43375    
agecat55-64          -15.001079   0.362055 -41.4331 < 2.2e-16 ***
agecat65-74          -15.275846   1.009752 -15.1283 < 2.2e-16 ***
agecatMissing        -14.862928   0.705158 -21.0774 < 2.2e-16 ***
female                 0.167366   0.219825   0.7614   0.44644    
racewhiteYes          -0.080593   0.240220  -0.3355   0.73725    
racewhiteMissing      -0.379624   0.901643  -0.4210   0.67373    
gichronYes             0.858769   0.680923   1.2612   0.20724    
anim_anyYes           -0.058822   0.260493  -0.2258   0.82135    
gicontactbaseYes      -1.595423   1.001874  -1.5924   0.11129    
gicontactbaseMissing   1.204643   0.534754   2.2527   0.02428 *  
rawfood               -0.030364   0.315241  -0.0963   0.92327    
---
Signif. codes:  0 ‘***’ 0.001 ‘**’ 0.01 ‘*’ 0.05 ‘.’ 0.1 ‘ ’ 1

> 
> # fairhope
> fafit10.fpc1601swall = mpreg(gici10~fpc1601.pres+agecat+female+racewhite+gichron+anim_any+gicontactbase+rawfood,
+     dat=fairhope[!is.na(fairhope$fpc1601.pres),],vcv=T)

Call:
glm(formula = formula, family = poisson(link = "log"), data = dat)

Deviance Residuals: 
     Min        1Q    Median        3Q       Max  
-0.96024  -0.44387  -0.31981  -0.00014   2.27342  

Coefficients:
                   Estimate Std. Error z value Pr(>|z|)  
(Intercept)        -0.03560    1.57167  -0.023   0.9819  
fpc1601.pres1      -1.32892    1.33044  -0.999   0.3179  
agecat5-14          0.17598    0.79290   0.222   0.8244  
agecat15-24       -17.68126 2723.40364  -0.006   0.9948  
agecat25-34       -17.51867 3830.55860  -0.005   0.9964  
agecat35-44         0.04861    1.24252   0.039   0.9688  
agecat45-54       -16.65371 9426.61689  -0.002   0.9986  
agecat75+         -15.98520 9426.61690  -0.002   0.9986  
female             -0.66850    0.68377  -0.978   0.3282  
racewhiteYes       -1.69861    0.84754  -2.004   0.0451 *
gichronYes        -16.16118 9426.61688  -0.002   0.9986  
anim_anyYes         0.41426    0.79954   0.518   0.6044  
gicontactbaseYes    1.31430    1.08597   1.210   0.2262  
rawfood             0.15533    1.15024   0.135   0.8926  
---
Signif. codes:  0 ‘***’ 0.001 ‘**’ 0.01 ‘*’ 0.05 ‘.’ 0.1 ‘ ’ 1

(Dispersion parameter for poisson family taken to be 1)

    Null deviance: 53.174  on 109  degrees of freedom
Residual deviance: 41.894  on  96  degrees of freedom
AIC: 93.894

Number of Fisher Scoring iterations: 17



Robust, Sandwich Standard Errors Account for Clustering:

z test of coefficients:

                   Estimate Std. Error  z value Pr(>|z|)    
(Intercept)       -0.035598   1.759347  -0.0202  0.98386    
fpc1601.pres1     -1.328924   1.603263  -0.8289  0.40717    
agecat5-14         0.175977   0.632310   0.2783  0.78078    
agecat15-24      -17.681261   0.939577 -18.8183  < 2e-16 ***
agecat25-34      -17.518669   0.955301 -18.3384  < 2e-16 ***
agecat35-44        0.048609   0.861781   0.0564  0.95502    
agecat45-54      -16.653708   1.189389 -14.0019  < 2e-16 ***
agecat75+        -15.985204   1.353133 -11.8135  < 2e-16 ***
female            -0.668504   0.680896  -0.9818  0.32620    
racewhiteYes      -1.698611   0.860907  -1.9730  0.04849 *  
gichronYes       -16.161181   1.388609 -11.6384  < 2e-16 ***
anim_anyYes        0.414257   0.909147   0.4557  0.64864    
gicontactbaseYes   1.314303   1.268226   1.0363  0.30005    
rawfood            0.155325   1.391783   0.1116  0.91114    
---
Signif. codes:  0 ‘***’ 0.001 ‘**’ 0.01 ‘*’ 0.05 ‘.’ 0.1 ‘ ’ 1

> 
> # goddard
> # fpc 1601 always present at goddard
> 
> # malibu
> # fmc 1602 and fpc 1602 always present at malibu
> mafit10.fpc1601swall = mpreg(gici10~fpc1601.pres+agecat+female+racewhite+gichron+anim_any+gicontactbase+rawfood,
+     dat=malibu[!is.na(malibu$fpc1601.pres),],vcv=T)

Call:
glm(formula = formula, family = poisson(link = "log"), data = dat)

Deviance Residuals: 
    Min       1Q   Median       3Q      Max  
-1.0198  -0.4647  -0.3765  -0.2616   2.2143  

Coefficients:
                  Estimate Std. Error z value Pr(>|z|)    
(Intercept)        -1.8814     0.4169  -4.513 6.39e-06 ***
fpc1601.pres1      -0.2514     0.3051  -0.824   0.4099    
agecat5-14         -0.1146     0.4070  -0.282   0.7783    
agecat15-24        -1.1958     0.6761  -1.769   0.0769 .  
agecat25-34        -0.7043     0.6127  -1.150   0.2503    
agecat35-44        -0.1837     0.5197  -0.354   0.7237    
agecat45-54        -0.6625     0.7898  -0.839   0.4016    
agecat55-64       -15.9209  1359.5154  -0.012   0.9907    
agecat65-74       -15.9073  5717.5322  -0.003   0.9978    
agecat75+         -16.1133  5717.5322  -0.003   0.9978    
female              0.1223     0.3072   0.398   0.6906    
racewhiteYes       -0.2296     0.3140  -0.731   0.4646    
racewhiteMissing   -1.4227     1.0292  -1.382   0.1669    
gichronYes          1.5968     0.6229   2.563   0.0104 *  
anim_anyYes         0.1732     0.3665   0.472   0.6366    
gicontactbaseYes  -15.7324  1045.2561  -0.015   0.9880    
rawfood            -0.2842     0.4529  -0.627   0.5304    
---
Signif. codes:  0 ‘***’ 0.001 ‘**’ 0.01 ‘*’ 0.05 ‘.’ 0.1 ‘ ’ 1

(Dispersion parameter for poisson family taken to be 1)

    Null deviance: 223.14  on 536  degrees of freedom
Residual deviance: 202.81  on 520  degrees of freedom
AIC: 326.81

Number of Fisher Scoring iterations: 16



Robust, Sandwich Standard Errors Account for Clustering:

z test of coefficients:

                  Estimate Std. Error  z value  Pr(>|z|)    
(Intercept)       -1.88145    0.37242  -5.0520 4.373e-07 ***
fpc1601.pres1     -0.25140    0.30500  -0.8243  0.409792    
agecat5-14        -0.11458    0.40535  -0.2827  0.777436    
agecat15-24       -1.19580    0.63497  -1.8832  0.059667 .  
agecat25-34       -0.70426    0.62036  -1.1352  0.256274    
agecat35-44       -0.18371    0.50089  -0.3668  0.713789    
agecat45-54       -0.66247    0.77700  -0.8526  0.393885    
agecat55-64      -15.92092    0.60081 -26.4992 < 2.2e-16 ***
agecat65-74      -15.90731    1.17027 -13.5929 < 2.2e-16 ***
agecat75+        -16.11328    1.17507 -13.7126 < 2.2e-16 ***
female             0.12226    0.30576   0.3998  0.689272    
racewhiteYes      -0.22962    0.29161  -0.7874  0.431046    
racewhiteMissing  -1.42269    1.02092  -1.3935  0.163460    
gichronYes         1.59680    0.52257   3.0557  0.002246 ** 
anim_anyYes        0.17315    0.36894   0.4693  0.638844    
gicontactbaseYes -15.73245    0.52220 -30.1271 < 2.2e-16 ***
rawfood           -0.28421    0.45275  -0.6277  0.530177    
---
Signif. codes:  0 ‘***’ 0.001 ‘**’ 0.01 ‘*’ 0.05 ‘.’ 0.1 ‘ ’ 1

Warning message:
glm.fit: fitted rates numerically 0 occurred 
> 
> # mission bay
> mbfit10.fmc1601swall = mpreg(gici10~fmc1601.pres+agecat+female+racewhite+gichron+anim_any+gicontactbase+rawfood,
+     dat=mission[!is.na(mission$fmc1601.pres),],vcv=T)

Call:
glm(formula = formula, family = poisson(link = "log"), data = dat)

Deviance Residuals: 
     Min        1Q    Median        3Q       Max  
-0.97956  -0.45365  -0.36728  -0.00006   2.13756  

Coefficients:
                       Estimate Std. Error z value Pr(>|z|)    
(Intercept)          -2.107e+00  3.329e-01  -6.330 2.44e-10 ***
fmc1601.pres1        -1.715e-02  2.394e-01  -0.072   0.9429    
agecat5-14           -1.496e-01  3.032e-01  -0.493   0.6217    
agecat15-24          -3.862e-01  4.635e-01  -0.833   0.4047    
agecat25-34           1.846e-02  4.291e-01   0.043   0.9657    
agecat35-44          -3.118e-01  5.263e-01  -0.592   0.5536    
agecat45-54           5.284e-01  5.232e-01   1.010   0.3126    
agecat55-64          -1.692e+01  4.862e+03  -0.003   0.9972    
agecat65-74          -1.732e+01  9.176e+03  -0.002   0.9985    
agecat75+            -1.787e+01  1.554e+04  -0.001   0.9991    
agecatMissing        -9.474e-01  1.037e+00  -0.914   0.3609    
female               -4.224e-01  2.240e-01  -1.886   0.0593 .  
racewhiteYes          3.364e-01  2.786e-01   1.208   0.2272    
racewhiteMissing     -1.779e+01  8.828e+02  -0.020   0.9839    
gichronYes           -1.764e+01  4.239e+03  -0.004   0.9967    
anim_anyYes           5.080e-01  2.447e-01   2.076   0.0379 *  
gicontactbaseYes      7.595e-02  7.299e-01   0.104   0.9171    
gicontactbaseMissing  6.231e-02  5.974e-01   0.104   0.9169    
rawfood              -3.126e-01  2.442e-01  -1.280   0.2005    
---
Signif. codes:  0 ‘***’ 0.001 ‘**’ 0.01 ‘*’ 0.05 ‘.’ 0.1 ‘ ’ 1

(Dispersion parameter for poisson family taken to be 1)

    Null deviance: 448.35  on 1187  degrees of freedom
Residual deviance: 379.53  on 1169  degrees of freedom
AIC: 587.53

Number of Fisher Scoring iterations: 18



Robust, Sandwich Standard Errors Account for Clustering:

z test of coefficients:

                       Estimate Std. Error  z value  Pr(>|z|)    
(Intercept)           -2.107263   0.301879  -6.9805 2.941e-12 ***
fmc1601.pres1         -0.017146   0.239502  -0.0716   0.94293    
agecat5-14            -0.149612   0.303670  -0.4927   0.62224    
agecat15-24           -0.386229   0.498226  -0.7752   0.43822    
agecat25-34            0.018461   0.409241   0.0451   0.96402    
agecat35-44           -0.311782   0.498207  -0.6258   0.53144    
agecat45-54            0.528380   0.467785   1.1295   0.25867    
agecat55-64          -16.921597   0.586477 -28.8529 < 2.2e-16 ***
agecat65-74          -17.319750   1.088074 -15.9178 < 2.2e-16 ***
agecat75+            -17.865551   1.057011 -16.9020 < 2.2e-16 ***
agecatMissing         -0.947346   1.038497  -0.9122   0.36165    
female                -0.422373   0.211250  -1.9994   0.04557 *  
racewhiteYes           0.336424   0.323041   1.0414   0.29768    
racewhiteMissing     -17.790895   0.179090 -99.3405 < 2.2e-16 ***
gichronYes           -17.644992   0.398630 -44.2640 < 2.2e-16 ***
anim_anyYes            0.508010   0.264174   1.9230   0.05448 .  
gicontactbaseYes       0.075948   0.438643   0.1731   0.86254    
gicontactbaseMissing   0.062309   0.576014   0.1082   0.91386    
rawfood               -0.312625   0.284833  -1.0976   0.27239    
---
Signif. codes:  0 ‘***’ 0.001 ‘**’ 0.01 ‘*’ 0.05 ‘.’ 0.1 ‘ ’ 1

Warning message:
glm.fit: fitted rates numerically 0 occurred 
> mbfit10.fpc1601swall = mpreg(gici10~fpc1601.pres+agecat+female+racewhite+gichron+anim_any+gicontactbase+rawfood,
+                dat=mission[!is.na(mission$fpc1601.pres),],vcv=T)

Call:
glm(formula = formula, family = poisson(link = "log"), data = dat)

Deviance Residuals: 
     Min        1Q    Median        3Q       Max  
-0.97246  -0.45224  -0.36655  -0.00006   2.15876  

Coefficients:
                       Estimate Std. Error z value Pr(>|z|)    
(Intercept)          -2.117e+00  2.870e-01  -7.374 1.66e-13 ***
fpc1601.pres1         8.168e-01  5.964e-01   1.370   0.1708    
agecat5-14           -1.637e-01  3.035e-01  -0.540   0.5895    
agecat15-24          -4.241e-01  4.646e-01  -0.913   0.3613    
agecat25-34           5.978e-05  4.303e-01   0.000   0.9999    
agecat35-44          -3.162e-01  5.257e-01  -0.601   0.5475    
agecat45-54           5.382e-01  5.232e-01   1.029   0.3037    
agecat55-64          -1.691e+01  4.861e+03  -0.003   0.9972    
agecat65-74          -1.730e+01  9.222e+03  -0.002   0.9985    
agecat75+            -1.785e+01  1.554e+04  -0.001   0.9991    
agecatMissing        -9.420e-01  1.037e+00  -0.909   0.3635    
female               -4.201e-01  2.240e-01  -1.876   0.0607 .  
racewhiteYes          3.372e-01  2.777e-01   1.214   0.2247    
racewhiteMissing     -1.779e+01  8.790e+02  -0.020   0.9839    
gichronYes           -1.763e+01  4.245e+03  -0.004   0.9967    
anim_anyYes           4.922e-01  2.450e-01   2.009   0.0445 *  
gicontactbaseYes      9.245e-02  7.291e-01   0.127   0.8991    
gicontactbaseMissing  2.414e-02  5.960e-01   0.040   0.9677    
rawfood              -3.322e-01  2.448e-01  -1.357   0.1748    
---
Signif. codes:  0 ‘***’ 0.001 ‘**’ 0.01 ‘*’ 0.05 ‘.’ 0.1 ‘ ’ 1

(Dispersion parameter for poisson family taken to be 1)

    Null deviance: 448.35  on 1187  degrees of freedom
Residual deviance: 378.04  on 1169  degrees of freedom
AIC: 586.04

Number of Fisher Scoring iterations: 18



Robust, Sandwich Standard Errors Account for Clustering:

z test of coefficients:

                        Estimate  Std. Error   z value Pr(>|z|)    
(Intercept)          -2.1165e+00  2.5637e-01   -8.2558  < 2e-16 ***
fpc1601.pres1         8.1682e-01  5.5603e-01    1.4690  0.14183    
agecat5-14           -1.6374e-01  3.0570e-01   -0.5356  0.59221    
agecat15-24          -4.2411e-01  4.8894e-01   -0.8674  0.38572    
agecat25-34           5.9779e-05  4.1208e-01    0.0001  0.99988    
agecat35-44          -3.1618e-01  4.9104e-01   -0.6439  0.51965    
agecat45-54           5.3816e-01  4.6695e-01    1.1525  0.24912    
agecat55-64          -1.6908e+01  5.8498e-01  -28.9043  < 2e-16 ***
agecat65-74          -1.7302e+01  1.0943e+00  -15.8109  < 2e-16 ***
agecat75+            -1.7854e+01  1.0589e+00  -16.8611  < 2e-16 ***
agecatMissing        -9.4199e-01  1.0357e+00   -0.9095  0.36308    
female               -4.2013e-01  2.1163e-01   -1.9852  0.04712 *  
racewhiteYes          3.3718e-01  3.2904e-01    1.0247  0.30550    
racewhiteMissing     -1.7791e+01  1.7655e-01 -100.7709  < 2e-16 ***
gichronYes           -1.7631e+01  3.9242e-01  -44.9291  < 2e-16 ***
anim_anyYes           4.9216e-01  2.7103e-01    1.8159  0.06939 .  
gicontactbaseYes      9.2448e-02  4.3560e-01    0.2122  0.83193    
gicontactbaseMissing  2.4137e-02  5.7683e-01    0.0418  0.96662    
rawfood              -3.3224e-01  2.8649e-01   -1.1597  0.24618    
---
Signif. codes:  0 ‘***’ 0.001 ‘**’ 0.01 ‘*’ 0.05 ‘.’ 0.1 ‘ ’ 1

Warning message:
glm.fit: fitted rates numerically 0 occurred 
> 
> 
> #-----------------------------------------
> # 10-day illness and coliphage concentration
> # by berm and groundwater flow conditions
> # by beach
> 
> # interaction tests
> #-----------------------------------------
> # reduced model for LR test
> avfit10.fmc1602.glm.swall = glm(gici10~fmc1602.pres+groundwater+agecat+female+racewhite+gichron+anim_any+gicontactbase+rawfood,
+     dat=avalon,family=poisson(link="log"))
> # interaction model
> avfit10.fmc1602.gw.swall = glm(gici10~fmc1602.pres*groundwater+agecat+female+racewhite+gichron+anim_any+gicontactbase+rawfood,
+     family=poisson(link="log"),data=avalon)
> summary(avfit10.fmc1602.gw.swall)

Call:
glm(formula = gici10 ~ fmc1602.pres * groundwater + agecat + 
    female + racewhite + gichron + anim_any + gicontactbase + 
    rawfood, family = poisson(link = "log"), data = avalon)

Deviance Residuals: 
    Min       1Q   Median       3Q      Max  
-0.9225  -0.4176  -0.3417  -0.2996   2.1345  

Coefficients:
                                             Estimate Std. Error z value
(Intercept)                                  -1.72759    0.45569  -3.791
fmc1602.pres1                                 0.24605    0.38740   0.635
groundwaterAbove median flow                 -0.07631    0.42154  -0.181
agecat5-14                                   -1.12503    0.32527  -3.459
agecat15-24                                  -1.08580    0.46249  -2.348
agecat25-34                                  -0.73723    0.43275  -1.704
agecat35-44                                  -0.82742    0.45067  -1.836
agecat45-54                                  -1.01290    0.52358  -1.935
agecat55-64                                 -16.73133  888.91623  -0.019
agecat65-74                                 -16.79047 1783.13103  -0.009
agecat75+                                   -16.81310 4017.21483  -0.004
agecatMissing                               -16.26465 5717.53215  -0.003
female                                       -0.01269    0.24086  -0.053
racewhiteYes                                 -0.23404    0.25949  -0.902
racewhiteMissing                              0.31266    1.06563   0.293
gichronYes                                    1.14585    0.61656   1.858
anim_anyYes                                  -0.17874    0.29031  -0.616
gicontactbaseYes                              0.85692    0.37093   2.310
gicontactbaseMissing                          0.04967    1.02257   0.049
rawfood                                       0.02552    0.30567   0.083
fmc1602.pres1:groundwaterAbove median flow    0.51597    0.51321   1.005
                                           Pr(>|z|)    
(Intercept)                                0.000150 ***
fmc1602.pres1                              0.525348    
groundwaterAbove median flow               0.856345    
agecat5-14                                 0.000543 ***
agecat15-24                                0.018890 *  
agecat25-34                                0.088462 .  
agecat35-44                                0.066360 .  
agecat45-54                                0.053043 .  
agecat55-64                                0.984983    
agecat65-74                                0.992487    
agecat75+                                  0.996661    
agecatMissing                              0.997730    
female                                     0.957981    
racewhiteYes                               0.367092    
racewhiteMissing                           0.769211    
gichronYes                                 0.063104 .  
anim_anyYes                                0.538099    
gicontactbaseYes                           0.020879 *  
gicontactbaseMissing                       0.961259    
rawfood                                    0.933469    
fmc1602.pres1:groundwaterAbove median flow 0.314711    
---
Signif. codes:  0 ‘***’ 0.001 ‘**’ 0.01 ‘*’ 0.05 ‘.’ 0.1 ‘ ’ 1

(Dispersion parameter for poisson family taken to be 1)

    Null deviance: 352.69  on 850  degrees of freedom
Residual deviance: 317.58  on 830  degrees of freedom
AIC: 501.58

Number of Fisher Scoring iterations: 16

> lrtest(avfit10.fmc1602.glm.swall,avfit10.fmc1602.gw.swall)
Likelihood ratio test

Model 1: gici10 ~ fmc1602.pres + groundwater + agecat + female + racewhite + 
    gichron + anim_any + gicontactbase + rawfood
Model 2: gici10 ~ fmc1602.pres * groundwater + agecat + female + racewhite + 
    gichron + anim_any + gicontactbase + rawfood
  #Df  LogLik Df  Chisq Pr(>Chisq)
1  20 -230.29                     
2  21 -229.79  1 0.9953     0.3184
> 
> # reduced model for LR test
> avfit10.fpc1601.glm.swall = glm(gici10~fpc1601.pres+groundwater+agecat+female+racewhite+gichron+anim_any+gicontactbase+rawfood,
+     dat=avalon,family=poisson(link="log"))
> # interaction model
> avfit10.fpc1601.gw.swall = glm(gici10~fpc1601.pres*groundwater+agecat+female+racewhite+gichron+anim_any+gicontactbase+rawfood,
+     dat=avalon,family=poisson(link="log"))
> summary(avfit10.fpc1601.gw.swall)

Call:
glm(formula = gici10 ~ fpc1601.pres * groundwater + agecat + 
    female + racewhite + gichron + anim_any + gicontactbase + 
    rawfood, family = poisson(link = "log"), data = avalon)

Deviance Residuals: 
    Min       1Q   Median       3Q      Max  
-0.8335  -0.3992  -0.3641  -0.3071   2.1312  

Coefficients:
                                             Estimate Std. Error z value
(Intercept)                                -1.454e+00  5.854e-01  -2.483
fpc1601.pres1                              -6.930e-02  4.984e-01  -0.139
groundwaterAbove median flow               -4.304e-01  6.495e-01  -0.663
agecat5-14                                 -1.170e+00  3.253e-01  -3.597
agecat15-24                                -1.170e+00  4.692e-01  -2.493
agecat25-34                                -8.455e-01  4.313e-01  -1.961
agecat35-44                                -9.667e-01  4.473e-01  -2.161
agecat45-54                                -1.124e+00  5.272e-01  -2.131
agecat55-64                                -1.673e+01  8.779e+02  -0.019
agecat65-74                                -1.674e+01  1.796e+03  -0.009
agecat75+                                  -1.671e+01  4.037e+03  -0.004
agecatMissing                              -1.684e+01  5.718e+03  -0.003
female                                      2.818e-03  2.408e-01   0.012
racewhiteYes                               -2.266e-01  2.602e-01  -0.871
racewhiteMissing                            4.687e-01  1.075e+00   0.436
gichronYes                                  1.158e+00  6.169e-01   1.877
anim_anyYes                                -2.286e-01  2.918e-01  -0.783
gicontactbaseYes                            9.179e-01  3.719e-01   2.468
gicontactbaseMissing                        1.293e-01  1.021e+00   0.127
rawfood                                     4.456e-02  3.063e-01   0.145
fpc1601.pres1:groundwaterAbove median flow  7.198e-01  6.979e-01   1.031
                                           Pr(>|z|)    
(Intercept)                                0.013015 *  
fpc1601.pres1                              0.889407    
groundwaterAbove median flow               0.507591    
agecat5-14                                 0.000322 ***
agecat15-24                                0.012667 *  
agecat25-34                                0.049924 *  
agecat35-44                                0.030670 *  
agecat45-54                                0.033085 *  
agecat55-64                                0.984793    
agecat65-74                                0.992563    
agecat75+                                  0.996698    
agecatMissing                              0.997650    
female                                     0.990664    
racewhiteYes                               0.383694    
racewhiteMissing                           0.662690    
gichronYes                                 0.060520 .  
anim_anyYes                                0.433514    
gicontactbaseYes                           0.013579 *  
gicontactbaseMissing                       0.899239    
rawfood                                    0.884327    
fpc1601.pres1:groundwaterAbove median flow 0.302345    
---
Signif. codes:  0 ‘***’ 0.001 ‘**’ 0.01 ‘*’ 0.05 ‘.’ 0.1 ‘ ’ 1

(Dispersion parameter for poisson family taken to be 1)

    Null deviance: 352.69  on 850  degrees of freedom
Residual deviance: 321.00  on 830  degrees of freedom
AIC: 505

Number of Fisher Scoring iterations: 16

> lrtest(avfit10.fpc1601.glm.swall,avfit10.fpc1601.gw.swall)
Likelihood ratio test

Model 1: gici10 ~ fpc1601.pres + groundwater + agecat + female + racewhite + 
    gichron + anim_any + gicontactbase + rawfood
Model 2: gici10 ~ fpc1601.pres * groundwater + agecat + female + racewhite + 
    gichron + anim_any + gicontactbase + rawfood
  #Df  LogLik Df Chisq Pr(>Chisq)
1  20 -232.03                    
2  21 -231.50  1 1.053     0.3048
> 
> # reduced model for LR test
> avfit10.fpc1602.glm.swall = glm(gici10~fpc1602.pres+groundwater+agecat+female+racewhite+gichron+anim_any+gicontactbase+rawfood,
+     dat=avalon,family=poisson(link="log"))
> # interaction model
> avfit10.fpc1602.gw.swall = glm(gici10~fpc1602.pres*groundwater+agecat+female+racewhite+gichron+anim_any+gicontactbase+rawfood,
+     dat=avalon,family=poisson(link="log"))
> summary(avfit10.fpc1602.gw.swall)

Call:
glm(formula = gici10 ~ fpc1602.pres * groundwater + agecat + 
    female + racewhite + gichron + anim_any + gicontactbase + 
    rawfood, family = poisson(link = "log"), data = avalon)

Deviance Residuals: 
    Min       1Q   Median       3Q      Max  
-0.8533  -0.3960  -0.3548  -0.3229   2.0951  

Coefficients:
                                             Estimate Std. Error z value
(Intercept)                                  -1.57242    0.37026  -4.247
fpc1602.pres1                                 0.87814    1.02964   0.853
groundwaterAbove median flow                  0.15777    0.25009   0.631
agecat5-14                                   -1.16082    0.32452  -3.577
agecat15-24                                  -1.20097    0.46133  -2.603
agecat25-34                                  -0.86270    0.43171  -1.998
agecat35-44                                  -0.96852    0.44552  -2.174
agecat45-54                                  -1.08647    0.52380  -2.074
agecat55-64                                 -16.76176  885.63524  -0.019
agecat65-74                                 -16.63613 1801.71128  -0.009
agecat75+                                   -16.63470 4040.27428  -0.004
agecatMissing                               -16.69807 5717.53214  -0.003
female                                        0.02952    0.24075   0.123
racewhiteYes                                 -0.18986    0.25966  -0.731
racewhiteMissing                              0.25914    1.07376   0.241
gichronYes                                    1.16275    0.62442   1.862
anim_anyYes                                  -0.21821    0.29402  -0.742
gicontactbaseYes                              0.94062    0.37351   2.518
gicontactbaseMissing                          0.16125    1.02238   0.158
rawfood                                       0.03282    0.30494   0.108
fpc1602.pres1:groundwaterAbove median flow   -0.31669    1.19954  -0.264
                                           Pr(>|z|)    
(Intercept)                                2.17e-05 ***
fpc1602.pres1                              0.393737    
groundwaterAbove median flow               0.528124    
agecat5-14                                 0.000348 ***
agecat15-24                                0.009233 ** 
agecat25-34                                0.045684 *  
agecat35-44                                0.029713 *  
agecat45-54                                0.038060 *  
agecat55-64                                0.984900    
agecat65-74                                0.992633    
agecat75+                                  0.996715    
agecatMissing                              0.997670    
female                                     0.902413    
racewhiteYes                               0.464655    
racewhiteMissing                           0.809294    
gichronYes                                 0.062587 .  
anim_anyYes                                0.457987    
gicontactbaseYes                           0.011792 *  
gicontactbaseMissing                       0.874679    
rawfood                                    0.914284    
fpc1602.pres1:groundwaterAbove median flow 0.791774    
---
Signif. codes:  0 ‘***’ 0.001 ‘**’ 0.01 ‘*’ 0.05 ‘.’ 0.1 ‘ ’ 1

(Dispersion parameter for poisson family taken to be 1)

    Null deviance: 352.69  on 850  degrees of freedom
Residual deviance: 321.73  on 830  degrees of freedom
AIC: 505.73

Number of Fisher Scoring iterations: 16

> lrtest(avfit10.fpc1602.glm.swall,avfit10.fpc1602.gw.swall)
Likelihood ratio test

Model 1: gici10 ~ fpc1602.pres + groundwater + agecat + female + racewhite + 
    gichron + anim_any + gicontactbase + rawfood
Model 2: gici10 ~ fpc1602.pres * groundwater + agecat + female + racewhite + 
    gichron + anim_any + gicontactbase + rawfood
  #Df  LogLik Df  Chisq Pr(>Chisq)
1  20 -231.90                     
2  21 -231.86  1 0.0665     0.7965
> 
> # berm always closed when fmc1601 measured so no interaction assessment
> 
> # reduced model for LR test
> dofit10.fmc1602.glm.swall = glm(gici10~fmc1602.pres+berm+agecat+female+racewhite+gichron+anim_any+gicontactbase+rawfood,
+     dat=doheny,family=poisson(link="log"))
> # interaction model
> dofit10.fmc1602.berm.swall = glm(gici10~fmc1602.pres*berm+agecat+female+racewhite+gichron+anim_any+gicontactbase+rawfood,
+     dat=doheny,family=poisson(link="log"))
> summary(dofit10.fmc1602.berm.swall)

Call:
glm(formula = gici10 ~ fmc1602.pres * berm + agecat + female + 
    racewhite + gichron + anim_any + gicontactbase + rawfood, 
    family = poisson(link = "log"), data = doheny)

Deviance Residuals: 
    Min       1Q   Median       3Q      Max  
-0.8529  -0.4257  -0.3736  -0.3359   2.4174  

Coefficients:
                         Estimate Std. Error z value Pr(>|z|)    
(Intercept)              -2.03164    0.38118  -5.330 9.83e-08 ***
fmc1602.pres1            -0.18725    0.27942  -0.670   0.5028    
bermOpen                 -1.01090    1.03388  -0.978   0.3282    
agecat5-14               -0.53885    0.30059  -1.793   0.0730 .  
agecat15-24              -0.10748    0.37900  -0.284   0.7767    
agecat25-34              -0.30533    0.44918  -0.680   0.4967    
agecat35-44              -0.23232    0.41233  -0.563   0.5731    
agecat45-54              -0.38357    0.52828  -0.726   0.4678    
agecat55-64             -15.00049  722.56037  -0.021   0.9834    
agecat65-74             -15.13369 3467.85855  -0.004   0.9965    
agecatMissing           -14.77216 1502.62053  -0.010   0.9922    
female                    0.16752    0.21486   0.780   0.4356    
racewhiteYes             -0.11752    0.22897  -0.513   0.6078    
racewhiteMissing         -0.36862    1.02111  -0.361   0.7181    
gichronYes                0.84189    0.73803   1.141   0.2540    
anim_anyYes              -0.07225    0.25216  -0.287   0.7745    
gicontactbaseYes         -1.61046    1.00795  -1.598   0.1101    
gicontactbaseMissing      1.26500    0.53070   2.384   0.0171 *  
rawfood                  -0.02731    0.28896  -0.095   0.9247    
fmc1602.pres1:bermOpen    1.37063    1.06680   1.285   0.1989    
---
Signif. codes:  0 ‘***’ 0.001 ‘**’ 0.01 ‘*’ 0.05 ‘.’ 0.1 ‘ ’ 1

(Dispersion parameter for poisson family taken to be 1)

    Null deviance: 467.28  on 1165  degrees of freedom
Residual deviance: 443.75  on 1146  degrees of freedom
AIC: 667.75

Number of Fisher Scoring iterations: 15

> lrtest(dofit10.fmc1602.glm.swall,dofit10.fmc1602.berm.swall)
Likelihood ratio test

Model 1: gici10 ~ fmc1602.pres + berm + agecat + female + racewhite + 
    gichron + anim_any + gicontactbase + rawfood
Model 2: gici10 ~ fmc1602.pres * berm + agecat + female + racewhite + 
    gichron + anim_any + gicontactbase + rawfood
  #Df  LogLik Df  Chisq Pr(>Chisq)
1  19 -315.04                     
2  20 -313.87  1 2.3222     0.1275
> 
> # reduced model for LR test
> dofit10.fpc1601.glm.swall = glm(gici10~fpc1601.pres+berm+agecat+female+racewhite+gichron+anim_any+gicontactbase+rawfood,
+     dat=doheny,family=poisson(link="log"))
> # interaction model
> dofit10.fpc1601.berm.swall = glm(gici10~fpc1601.pres*berm+agecat+female+racewhite+gichron+anim_any+gicontactbase+rawfood,
+     dat=doheny,family=poisson(link="log"))
> summary(dofit10.fpc1601.berm.swall)

Call:
glm(formula = gici10 ~ fpc1601.pres * berm + agecat + female + 
    racewhite + gichron + anim_any + gicontactbase + rawfood, 
    family = poisson(link = "log"), data = doheny)

Deviance Residuals: 
    Min       1Q   Median       3Q      Max  
-0.8730  -0.4195  -0.3728  -0.3377   2.3503  

Coefficients:
                         Estimate Std. Error z value Pr(>|z|)    
(Intercept)              -2.09108    0.44839  -4.664 3.11e-06 ***
fpc1601.pres1            -0.11086    0.37876  -0.293   0.7698    
bermOpen                  0.23467    0.61662   0.381   0.7035    
agecat5-14               -0.56198    0.29993  -1.874   0.0610 .  
agecat15-24              -0.12772    0.37908  -0.337   0.7362    
agecat25-34              -0.29629    0.44973  -0.659   0.5100    
agecat35-44              -0.23832    0.41226  -0.578   0.5632    
agecat45-54              -0.36662    0.52817  -0.694   0.4876    
agecat55-64             -14.97232  723.21181  -0.021   0.9835    
agecat65-74             -15.18075 3467.85855  -0.004   0.9965    
agecatMissing           -14.81062 1496.20257  -0.010   0.9921    
female                    0.18083    0.21535   0.840   0.4011    
racewhiteYes             -0.10073    0.22885  -0.440   0.6598    
racewhiteMissing         -0.33592    1.02109  -0.329   0.7422    
gichronYes                0.85350    0.73980   1.154   0.2486    
anim_anyYes              -0.04938    0.25177  -0.196   0.8445    
gicontactbaseYes         -1.59778    1.00803  -1.585   0.1130    
gicontactbaseMissing      1.28475    0.53182   2.416   0.0157 *  
rawfood                  -0.02849    0.28893  -0.099   0.9215    
fpc1601.pres1:bermOpen   -0.03642    0.67655  -0.054   0.9571    
---
Signif. codes:  0 ‘***’ 0.001 ‘**’ 0.01 ‘*’ 0.05 ‘.’ 0.1 ‘ ’ 1

(Dispersion parameter for poisson family taken to be 1)

    Null deviance: 467.28  on 1165  degrees of freedom
Residual deviance: 445.93  on 1146  degrees of freedom
AIC: 669.93

Number of Fisher Scoring iterations: 15

> lrtest(dofit10.fpc1601.glm.swall,dofit10.fpc1601.berm.swall)
Likelihood ratio test

Model 1: gici10 ~ fpc1601.pres + berm + agecat + female + racewhite + 
    gichron + anim_any + gicontactbase + rawfood
Model 2: gici10 ~ fpc1601.pres * berm + agecat + female + racewhite + 
    gichron + anim_any + gicontactbase + rawfood
  #Df  LogLik Df  Chisq Pr(>Chisq)
1  19 -314.97                     
2  20 -314.96  1 0.0029     0.9571
> 
> # reduced model for LR test
> dofit10.fpc1602.glm.swall = glm(gici10~fpc1602.pres+berm+agecat+female+racewhite+gichron+anim_any+gicontactbase+rawfood,
+     dat=doheny,family=poisson(link="log"))
> # interaction model
> dofit10.fpc1602.berm.swall = glm(gici10~fpc1602.pres*berm+agecat+female+racewhite+gichron+anim_any+gicontactbase+rawfood,
+     dat=doheny,family=poisson(link="log"))
> summary(dofit10.fpc1602.berm.swall)

Call:
glm(formula = gici10 ~ fpc1602.pres * berm + agecat + female + 
    racewhite + gichron + anim_any + gicontactbase + rawfood, 
    family = poisson(link = "log"), data = doheny)

Deviance Residuals: 
    Min       1Q   Median       3Q      Max  
-1.0333  -0.4112  -0.3705  -0.3491   2.3631  

Coefficients:
                         Estimate Std. Error z value Pr(>|z|)    
(Intercept)              -2.14668    0.32194  -6.668 2.59e-11 ***
fpc1602.pres1            -1.08213    0.72130  -1.500   0.1335    
bermOpen                  0.03657    0.27664   0.132   0.8948    
agecat5-14               -0.58206    0.29965  -1.942   0.0521 .  
agecat15-24              -0.15544    0.37796  -0.411   0.6809    
agecat25-34              -0.40289    0.46035  -0.875   0.3815    
agecat35-44              -0.28997    0.41191  -0.704   0.4815    
agecat45-54              -0.50271    0.54229  -0.927   0.3539    
agecat55-64             -14.97086  718.07988  -0.021   0.9834    
agecat65-74             -15.29952 3467.85855  -0.004   0.9965    
agecatMissing           -14.90364 1491.96493  -0.010   0.9920    
female                    0.21288    0.21696   0.981   0.3265    
racewhiteYes             -0.06926    0.22957  -0.302   0.7629    
racewhiteMissing         -0.38743    1.02118  -0.379   0.7044    
gichronYes                0.61884    0.75411   0.821   0.4119    
anim_anyYes              -0.01516    0.25285  -0.060   0.9522    
gicontactbaseYes         -1.55738    1.00835  -1.544   0.1225    
gicontactbaseMissing      1.19558    0.53042   2.254   0.0242 *  
rawfood                   0.03166    0.29038   0.109   0.9132    
fpc1602.pres1:bermOpen    2.41793    0.98979   2.443   0.0146 *  
---
Signif. codes:  0 ‘***’ 0.001 ‘**’ 0.01 ‘*’ 0.05 ‘.’ 0.1 ‘ ’ 1

(Dispersion parameter for poisson family taken to be 1)

    Null deviance: 467.28  on 1165  degrees of freedom
Residual deviance: 439.82  on 1146  degrees of freedom
AIC: 663.82

Number of Fisher Scoring iterations: 15

> lrtest(dofit10.fpc1602.glm.swall,dofit10.fpc1602.berm.swall)
Likelihood ratio test

Model 1: gici10 ~ fpc1602.pres + berm + agecat + female + racewhite + 
    gichron + anim_any + gicontactbase + rawfood
Model 2: gici10 ~ fpc1602.pres * berm + agecat + female + racewhite + 
    gichron + anim_any + gicontactbase + rawfood
  #Df  LogLik Df  Chisq Pr(>Chisq)  
1  19 -314.82                       
2  20 -311.91  1 5.8224    0.01582 *
---
Signif. codes:  0 ‘***’ 0.001 ‘**’ 0.01 ‘*’ 0.05 ‘.’ 0.1 ‘ ’ 1
> 
> # reduced model for LR test
> mafit10.fpc1601.glm.swall = glm(gici10~fpc1601.pres+agecat+female+racewhite+gichron+anim_any+gicontactbase+rawfood,
+     dat=malibu[!is.na(malibu$fpc1601.pres),],family=poisson(link="log"))
Warning message:
glm.fit: fitted rates numerically 0 occurred 
> # interaction model
> mafit10.fpc1601.berm.swall = glm(gici10~fpc1601.pres*berm+agecat+female+racewhite+gichron+anim_any+gicontactbase+rawfood,
+     dat=malibu[!is.na(malibu$fpc1601.pres),],family=poisson(link="log"))
Warning message:
glm.fit: fitted rates numerically 0 occurred 
> summary(mafit10.fpc1601.berm.swall)

Call:
glm(formula = gici10 ~ fpc1601.pres * berm + agecat + female + 
    racewhite + gichron + anim_any + gicontactbase + rawfood, 
    family = poisson(link = "log"), data = malibu[!is.na(malibu$fpc1601.pres), 
        ])

Deviance Residuals: 
    Min       1Q   Median       3Q      Max  
-1.0853  -0.4669  -0.3559  -0.2536   2.2149  

Coefficients:
                         Estimate Std. Error z value Pr(>|z|)    
(Intercept)              -1.91377    0.42102  -4.546 5.48e-06 ***
fpc1601.pres1            -0.52992    0.40200  -1.318   0.1874    
bermOpen                  0.54300    0.75014   0.724   0.4692    
agecat5-14               -0.15191    0.40908  -0.371   0.7104    
agecat15-24              -1.23153    0.67926  -1.813   0.0698 .  
agecat25-34              -0.72437    0.61286  -1.182   0.2372    
agecat35-44              -0.16879    0.51740  -0.326   0.7443    
agecat45-54              -0.60060    0.79207  -0.758   0.4483    
agecat55-64             -15.93058 1345.97182  -0.012   0.9906    
agecat65-74             -15.82188 5717.53217  -0.003   0.9978    
agecat75+               -15.82812 5717.53216  -0.003   0.9978    
female                    0.15448    0.30973   0.499   0.6179    
racewhiteYes             -0.24508    0.31461  -0.779   0.4360    
racewhiteMissing         -1.35449    1.02998  -1.315   0.1885    
gichronYes                1.52957    0.62529   2.446   0.0144 *  
anim_anyYes               0.21431    0.36729   0.583   0.5596    
gicontactbaseYes        -15.61143 1020.98558  -0.015   0.9878    
rawfood                  -0.32185    0.45414  -0.709   0.4785    
fpc1601.pres1:bermOpen    0.08419    0.86707   0.097   0.9226    
---
Signif. codes:  0 ‘***’ 0.001 ‘**’ 0.01 ‘*’ 0.05 ‘.’ 0.1 ‘ ’ 1

(Dispersion parameter for poisson family taken to be 1)

    Null deviance: 223.14  on 536  degrees of freedom
Residual deviance: 200.29  on 518  degrees of freedom
AIC: 328.29

Number of Fisher Scoring iterations: 16

> lrtest(mafit10.fpc1601.glm.swall,mafit10.fpc1601.berm.swall)
Likelihood ratio test

Model 1: gici10 ~ fpc1601.pres + agecat + female + racewhite + gichron + 
    anim_any + gicontactbase + rawfood
Model 2: gici10 ~ fpc1601.pres * berm + agecat + female + racewhite + 
    gichron + anim_any + gicontactbase + rawfood
  #Df  LogLik Df  Chisq Pr(>Chisq)
1  17 -146.40                     
2  19 -145.14  2 2.5226     0.2833
> 
> 
> #-----------------------------------------
> # 10-day illness and coliphage concentration
> # by berm and groundwater flow conditions
> # by beach
> 
> # stratified estimates
> #-----------------------------------------
> avfit10.fmc1602.gw.1.swall = mpreg(gici10~fmc1602.pres+agecat+female+racewhite+gichron+anim_any+gicontactbase+rawfood,
+     vcv=T,dat=avalon[avalon$groundwater=="Above median flow",])

Call:
glm(formula = formula, family = poisson(link = "log"), data = dat)

Deviance Residuals: 
    Min       1Q   Median       3Q      Max  
-1.1467  -0.4204  -0.3271  -0.2094   2.3362  

Coefficients:
                      Estimate Std. Error z value Pr(>|z|)   
(Intercept)            -1.5402     0.5038  -3.057  0.00224 **
fmc1602.pres1           0.7628     0.3567   2.138  0.03248 * 
agecat5-14             -1.3883     0.4470  -3.106  0.00190 **
agecat15-24            -1.2069     0.5993  -2.014  0.04404 * 
agecat25-34            -1.0732     0.5829  -1.841  0.06561 . 
agecat35-44            -0.6630     0.5854  -1.133  0.25740   
agecat45-54            -1.3941     0.7921  -1.760  0.07839 . 
agecat55-64           -17.0190  1377.4367  -0.012  0.99014   
agecat65-74           -17.1053  2283.5991  -0.007  0.99402   
agecat75+             -17.2163  5717.5321  -0.003  0.99760   
agecatMissing         -16.4535  5717.5322  -0.003  0.99770   
female                 -0.1034     0.3398  -0.304  0.76096   
racewhiteYes           -0.3090     0.3672  -0.841  0.40009   
racewhiteMissing        0.3157     1.1224   0.281  0.77853   
gichronYes              1.4282     0.8320   1.716  0.08607 . 
anim_anyYes            -1.3076     0.6125  -2.135  0.03277 * 
gicontactbaseYes        1.1120     0.4754   2.339  0.01933 * 
gicontactbaseMissing  -14.3119  2042.0523  -0.007  0.99441   
rawfood                 0.4154     0.4104   1.012  0.31145   
---
Signif. codes:  0 ‘***’ 0.001 ‘**’ 0.01 ‘*’ 0.05 ‘.’ 0.1 ‘ ’ 1

(Dispersion parameter for poisson family taken to be 1)

    Null deviance: 178.89  on 399  degrees of freedom
Residual deviance: 145.57  on 381  degrees of freedom
AIC: 259.57

Number of Fisher Scoring iterations: 16



Robust, Sandwich Standard Errors Account for Clustering:

z test of coefficients:

                      Estimate Std. Error  z value  Pr(>|z|)    
(Intercept)           -1.54015    0.51007  -3.0195  0.002532 ** 
fmc1602.pres1          0.76281    0.35143   2.1706  0.029959 *  
agecat5-14            -1.38829    0.43402  -3.1987  0.001381 ** 
agecat15-24           -1.20689    0.61698  -1.9561  0.050449 .  
agecat25-34           -1.07320    0.52412  -2.0476  0.040597 *  
agecat35-44           -0.66298    0.54484  -1.2168  0.223672    
agecat45-54           -1.39414    0.79152  -1.7614  0.078178 .  
agecat55-64          -17.01897    0.62514 -27.2243 < 2.2e-16 ***
agecat65-74          -17.10526    0.59278 -28.8560 < 2.2e-16 ***
agecat75+            -17.21627    1.09960 -15.6568 < 2.2e-16 ***
agecatMissing        -16.45346    1.20949 -13.6037 < 2.2e-16 ***
female                -0.10336    0.30786  -0.3357  0.737074    
racewhiteYes          -0.30897    0.35545  -0.8692  0.384715    
racewhiteMissing       0.31566    0.72344   0.4363  0.662595    
gichronYes             1.42818    0.71983   1.9841  0.047250 *  
anim_anyYes           -1.30763    0.80205  -1.6304  0.103023    
gicontactbaseYes       1.11204    0.42974   2.5877  0.009662 ** 
gicontactbaseMissing -14.31188    1.14802 -12.4666 < 2.2e-16 ***
rawfood                0.41539    0.39312   1.0566  0.290676    
---
Signif. codes:  0 ‘***’ 0.001 ‘**’ 0.01 ‘*’ 0.05 ‘.’ 0.1 ‘ ’ 1

> avfit10.fmc1602.gw.0.swall = mpreg(gici10~fmc1602.pres+agecat+female+racewhite+gichron+anim_any+gicontactbase+rawfood,
+     vcv=T,dat=avalon[avalon$groundwater=="Below median flow",])

Call:
glm(formula = formula, family = poisson(link = "log"), data = dat)

Deviance Residuals: 
    Min       1Q   Median       3Q      Max  
-0.9718  -0.4270  -0.3436  -0.2863   2.0970  

Coefficients:
                       Estimate Std. Error z value Pr(>|z|)    
(Intercept)            -2.18964    0.62533  -3.502 0.000462 ***
fmc1602.pres1           0.28340    0.40039   0.708 0.479072    
agecat5-14             -0.78800    0.50280  -1.567 0.117060    
agecat15-24            -0.76649    0.72470  -1.058 0.290202    
agecat25-34            -0.20925    0.68108  -0.307 0.758670    
agecat35-44            -0.85244    0.72842  -1.170 0.241900    
agecat45-54            -0.48457    0.72412  -0.669 0.503376    
agecat55-64           -16.23401 1078.18494  -0.015 0.987987    
agecat65-74           -16.55723 2783.01370  -0.006 0.995253    
agecat75+             -16.21784 5717.53216  -0.003 0.997737    
female                  0.03825    0.35516   0.108 0.914236    
racewhiteYes           -0.21675    0.38761  -0.559 0.576033    
gichronYes              0.85433    1.06189   0.805 0.421089    
anim_anyYes             0.54028    0.36566   1.478 0.139524    
gicontactbaseYes        0.79421    0.63373   1.253 0.210122    
gicontactbaseMissing    0.60097    1.06406   0.565 0.572220    
rawfood                -0.43108    0.48180  -0.895 0.370927    
---
Signif. codes:  0 ‘***’ 0.001 ‘**’ 0.01 ‘*’ 0.05 ‘.’ 0.1 ‘ ’ 1

(Dispersion parameter for poisson family taken to be 1)

    Null deviance: 172.59  on 450  degrees of freedom
Residual deviance: 159.60  on 434  degrees of freedom
AIC: 259.6

Number of Fisher Scoring iterations: 16



Robust, Sandwich Standard Errors Account for Clustering:

z test of coefficients:

                      Estimate Std. Error  z value  Pr(>|z|)    
(Intercept)           -2.18964    0.62420  -3.5079 0.0004516 ***
fmc1602.pres1          0.28340    0.42699   0.6637 0.5068727    
agecat5-14            -0.78800    0.51365  -1.5341 0.1249973    
agecat15-24           -0.76650    0.72201  -1.0616 0.2884099    
agecat25-34           -0.20925    0.70774  -0.2957 0.7674939    
agecat35-44           -0.85244    0.73923  -1.1532 0.2488480    
agecat45-54           -0.48457    0.73848  -0.6562 0.5117130    
agecat55-64          -16.23401    0.57409 -28.2778 < 2.2e-16 ***
agecat65-74          -16.55723    0.79246 -20.8934 < 2.2e-16 ***
agecat75+            -16.21784    1.15704 -14.0167 < 2.2e-16 ***
female                 0.03825    0.34798   0.1099 0.9124747    
racewhiteYes          -0.21675    0.38961  -0.5563 0.5779888    
gichronYes             0.85433    0.94503   0.9040 0.3659839    
anim_anyYes            0.54028    0.35216   1.5342 0.1249823    
gicontactbaseYes       0.79421    0.70932   1.1197 0.2628534    
gicontactbaseMissing   0.60097    1.15067   0.5223 0.6014772    
rawfood               -0.43108    0.46095  -0.9352 0.3496835    
---
Signif. codes:  0 ‘***’ 0.001 ‘**’ 0.01 ‘*’ 0.05 ‘.’ 0.1 ‘ ’ 1

> 
> avfit10.fpc1601.gw.1.swall = mpreg(gici10~fpc1601.pres+agecat+female+racewhite+gichron+anim_any+gicontactbase+rawfood,
+     vcv=T,dat=avalon[avalon$groundwater=="Above median flow",])

Call:
glm(formula = formula, family = poisson(link = "log"), data = dat)

Deviance Residuals: 
    Min       1Q   Median       3Q      Max  
-1.0786  -0.4269  -0.3572  -0.2015   2.4791  

Coefficients:
                       Estimate Std. Error z value Pr(>|z|)    
(Intercept)            -1.70761    0.60990  -2.800 0.005113 ** 
fpc1601.pres1           0.78880    0.51745   1.524 0.127409    
agecat5-14             -1.47668    0.44812  -3.295 0.000983 ***
agecat15-24            -1.29095    0.59977  -2.152 0.031365 *  
agecat25-34            -1.18869    0.57796  -2.057 0.039716 *  
agecat35-44            -0.85646    0.58454  -1.465 0.142868    
agecat45-54            -1.59908    0.80227  -1.993 0.046239 *  
agecat55-64           -17.11876 1309.37347  -0.013 0.989569    
agecat65-74           -17.07759 2295.29679  -0.007 0.994064    
agecat75+             -17.03955 5717.53215  -0.003 0.997622    
agecatMissing         -17.03955 5717.53215  -0.003 0.997622    
female                 -0.07278    0.34172  -0.213 0.831333    
racewhiteYes           -0.34423    0.37572  -0.916 0.359568    
racewhiteMissing        0.49536    1.13503   0.436 0.662529    
gichronYes              1.52965    0.83975   1.822 0.068522 .  
anim_anyYes            -1.42881    0.62395  -2.290 0.022025 *  
gicontactbaseYes        1.27780    0.47877   2.669 0.007610 ** 
gicontactbaseMissing  -14.05324 2071.45562  -0.007 0.994587    
rawfood                 0.45305    0.41707   1.086 0.277357    
---
Signif. codes:  0 ‘***’ 0.001 ‘**’ 0.01 ‘*’ 0.05 ‘.’ 0.1 ‘ ’ 1

(Dispersion parameter for poisson family taken to be 1)

    Null deviance: 178.89  on 399  degrees of freedom
Residual deviance: 147.56  on 381  degrees of freedom
AIC: 261.56

Number of Fisher Scoring iterations: 16



Robust, Sandwich Standard Errors Account for Clustering:

z test of coefficients:

                       Estimate Std. Error  z value  Pr(>|z|)    
(Intercept)           -1.707608   0.569829  -2.9967 0.0027292 ** 
fpc1601.pres1          0.788800   0.488268   1.6155 0.1062009    
agecat5-14            -1.476681   0.433724  -3.4047 0.0006625 ***
agecat15-24           -1.290953   0.612770  -2.1067 0.0351394 *  
agecat25-34           -1.188687   0.512750  -2.3183 0.0204352 *  
agecat35-44           -0.856458   0.557872  -1.5352 0.1247292    
agecat45-54           -1.599083   0.854994  -1.8703 0.0614441 .  
agecat55-64          -17.118759   0.807644 -21.1959 < 2.2e-16 ***
agecat65-74          -17.077591   0.590342 -28.9283 < 2.2e-16 ***
agecat75+            -17.039546   1.093086 -15.5885 < 2.2e-16 ***
agecatMissing        -17.039546   1.131860 -15.0545 < 2.2e-16 ***
female                -0.072783   0.327950  -0.2219 0.8243668    
racewhiteYes          -0.344231   0.374817  -0.9184 0.3584117    
racewhiteMissing       0.495356   0.730420   0.6782 0.4976583    
gichronYes             1.529652   0.656781   2.3290 0.0198584 *  
anim_anyYes           -1.428809   0.861151  -1.6592 0.0970785 .  
gicontactbaseYes       1.277800   0.447892   2.8529 0.0043319 ** 
gicontactbaseMissing -14.053236   1.142718 -12.2981 < 2.2e-16 ***
rawfood                0.453049   0.408533   1.1090 0.2674451    
---
Signif. codes:  0 ‘***’ 0.001 ‘**’ 0.01 ‘*’ 0.05 ‘.’ 0.1 ‘ ’ 1

Warning message:
glm.fit: fitted rates numerically 0 occurred 
> avfit10.fpc1601.gw.0.swall = mpreg(gici10~fpc1601.pres+agecat+female+racewhite+gichron+anim_any+gicontactbase+rawfood,
+     vcv=T,dat=avalon[avalon$groundwater=="Below median flow",])

Call:
glm(formula = formula, family = poisson(link = "log"), data = dat)

Deviance Residuals: 
    Min       1Q   Median       3Q      Max  
-0.9580  -0.4153  -0.3355  -0.3035   2.0355  

Coefficients:
                       Estimate Std. Error z value Pr(>|z|)   
(Intercept)            -1.94084    0.74899  -2.591  0.00956 **
fpc1601.pres1          -0.05693    0.51377  -0.111  0.91176   
agecat5-14             -0.76481    0.50051  -1.528  0.12650   
agecat15-24            -0.84130    0.74444  -1.130  0.25843   
agecat25-34            -0.26814    0.69217  -0.387  0.69847   
agecat35-44            -0.88928    0.72913  -1.220  0.22260   
agecat45-54            -0.50928    0.72855  -0.699  0.48454   
agecat55-64           -16.20491 1080.18449  -0.015  0.98803   
agecat65-74           -16.44648 2787.32101  -0.006  0.99529   
agecat75+             -16.12092 5717.53216  -0.003  0.99775   
female                  0.02361    0.35501   0.067  0.94697   
racewhiteYes           -0.20751    0.38627  -0.537  0.59113   
gichronYes              0.77786    1.06170   0.733  0.46377   
anim_anyYes             0.51939    0.36482   1.424  0.15453   
gicontactbaseYes        0.88326    0.62173   1.421  0.15542   
gicontactbaseMissing    0.66100    1.05838   0.625  0.53227   
rawfood                -0.42748    0.48219  -0.887  0.37532   
---
Signif. codes:  0 ‘***’ 0.001 ‘**’ 0.01 ‘*’ 0.05 ‘.’ 0.1 ‘ ’ 1

(Dispersion parameter for poisson family taken to be 1)

    Null deviance: 172.59  on 450  degrees of freedom
Residual deviance: 160.11  on 434  degrees of freedom
AIC: 260.11

Number of Fisher Scoring iterations: 16



Robust, Sandwich Standard Errors Account for Clustering:

z test of coefficients:

                       Estimate Std. Error  z value Pr(>|z|)    
(Intercept)           -1.940842   0.794758  -2.4421   0.0146 *  
fpc1601.pres1         -0.056933   0.564610  -0.1008   0.9197    
agecat5-14            -0.764806   0.507747  -1.5063   0.1320    
agecat15-24           -0.841300   0.757484  -1.1107   0.2667    
agecat25-34           -0.268136   0.702715  -0.3816   0.7028    
agecat35-44           -0.889281   0.756244  -1.1759   0.2396    
agecat45-54           -0.509276   0.725735  -0.7017   0.4828    
agecat55-64          -16.204910   0.572794 -28.2910   <2e-16 ***
agecat65-74          -16.446475   0.772013 -21.3034   <2e-16 ***
agecat75+            -16.120916   1.151872 -13.9954   <2e-16 ***
female                 0.023612   0.351749   0.0671   0.9465    
racewhiteYes          -0.207507   0.387780  -0.5351   0.5926    
gichronYes             0.777862   0.986784   0.7883   0.4305    
anim_anyYes            0.519391   0.351798   1.4764   0.1398    
gicontactbaseYes       0.883260   0.698185   1.2651   0.2058    
gicontactbaseMissing   0.661003   1.153653   0.5730   0.5667    
rawfood               -0.427482   0.464584  -0.9201   0.3575    
---
Signif. codes:  0 ‘***’ 0.001 ‘**’ 0.01 ‘*’ 0.05 ‘.’ 0.1 ‘ ’ 1

> 
> avfit10.fpc1602.gw.1.swall = mpreg(gici10~fpc1602.pres+agecat+female+racewhite+gichron+anim_any+gicontactbase+rawfood,
+     vcv=T,dat=avalon[avalon$groundwater=="Above median flow",])

Call:
glm(formula = formula, family = poisson(link = "log"), data = dat)

Deviance Residuals: 
    Min       1Q   Median       3Q      Max  
-0.9550  -0.4355  -0.3628  -0.2066   2.4833  

Coefficients:
                       Estimate Std. Error z value Pr(>|z|)   
(Intercept)            -1.18443    0.46212  -2.563  0.01038 * 
fpc1602.pres1           0.49470    0.62152   0.796  0.42606   
agecat5-14             -1.44686    0.44422  -3.257  0.00113 **
agecat15-24            -1.30753    0.59772  -2.188  0.02871 * 
agecat25-34            -1.28650    0.58338  -2.205  0.02744 * 
agecat35-44            -0.88732    0.57258  -1.550  0.12122   
agecat45-54            -1.52792    0.79130  -1.931  0.05350 . 
agecat55-64           -17.05344 1360.49948  -0.013  0.99000   
agecat65-74           -16.89297 2293.72744  -0.007  0.99412   
agecat75+             -16.89914 5717.53215  -0.003  0.99764   
agecatMissing         -16.89914 5717.53215  -0.003  0.99764   
female                  0.01618    0.33495   0.048  0.96147   
racewhiteYes           -0.21902    0.36751  -0.596  0.55121   
racewhiteMissing        0.27608    1.13921   0.242  0.80851   
gichronYes              1.51370    0.85418   1.772  0.07638 . 
anim_anyYes            -1.37147    0.62259  -2.203  0.02761 * 
gicontactbaseYes        1.27358    0.48210   2.642  0.00825 **
gicontactbaseMissing  -13.94191 2028.43561  -0.007  0.99452   
rawfood                 0.37475    0.40642   0.922  0.35649   
---
Signif. codes:  0 ‘***’ 0.001 ‘**’ 0.01 ‘*’ 0.05 ‘.’ 0.1 ‘ ’ 1

(Dispersion parameter for poisson family taken to be 1)

    Null deviance: 178.89  on 399  degrees of freedom
Residual deviance: 149.72  on 381  degrees of freedom
AIC: 263.72

Number of Fisher Scoring iterations: 16



Robust, Sandwich Standard Errors Account for Clustering:

z test of coefficients:

                       Estimate Std. Error  z value  Pr(>|z|)    
(Intercept)           -1.184427   0.466004  -2.5417 0.0110324 *  
fpc1602.pres1          0.494696   0.478259   1.0344 0.3009635    
agecat5-14            -1.446865   0.429776  -3.3666 0.0007611 ***
agecat15-24           -1.307527   0.617451  -2.1176 0.0342072 *  
agecat25-34           -1.286501   0.506690  -2.5390 0.0111160 *  
agecat35-44           -0.887318   0.548293  -1.6183 0.1055917    
agecat45-54           -1.527922   0.819640  -1.8641 0.0623023 .  
agecat55-64          -17.053443   0.684037 -24.9306 < 2.2e-16 ***
agecat65-74          -16.892973   0.573023 -29.4805 < 2.2e-16 ***
agecat75+            -16.899141   1.092651 -15.4662 < 2.2e-16 ***
agecatMissing        -16.899141   1.134237 -14.8991 < 2.2e-16 ***
female                 0.016182   0.305334   0.0530 0.9577328    
racewhiteYes          -0.219017   0.352660  -0.6210 0.5345715    
racewhiteMissing       0.276082   0.620013   0.4453 0.6561148    
gichronYes             1.513696   0.650682   2.3263 0.0200013 *  
anim_anyYes           -1.371472   0.851800  -1.6101 0.1073789    
gicontactbaseYes       1.273579   0.427245   2.9809 0.0028739 ** 
gicontactbaseMissing -13.941909   1.125657 -12.3856 < 2.2e-16 ***
rawfood                0.374750   0.402420   0.9312 0.3517295    
---
Signif. codes:  0 ‘***’ 0.001 ‘**’ 0.01 ‘*’ 0.05 ‘.’ 0.1 ‘ ’ 1

Warning message:
glm.fit: fitted rates numerically 0 occurred 
> avfit10.fpc1602.gw.0.swall = mpreg(gici10~fpc1602.pres+agecat+female+racewhite+gichron+anim_any+gicontactbase+rawfood,
+     vcv=T,dat=avalon[avalon$groundwater=="Below median flow",])

Call:
glm(formula = formula, family = poisson(link = "log"), data = dat)

Deviance Residuals: 
    Min       1Q   Median       3Q      Max  
-0.9462  -0.4091  -0.3379  -0.3023   2.0303  

Coefficients:
                       Estimate Std. Error z value Pr(>|z|)    
(Intercept)            -2.03471    0.56691  -3.589 0.000332 ***
fpc1602.pres1           0.64313    1.04063   0.618 0.536561    
agecat5-14             -0.74667    0.50078  -1.491 0.135955    
agecat15-24            -0.81971    0.72001  -1.138 0.254925    
agecat25-34            -0.22661    0.68152  -0.333 0.739508    
agecat35-44            -0.85679    0.73003  -1.174 0.240539    
agecat45-54            -0.47141    0.72659  -0.649 0.516469    
agecat55-64           -16.18956 1066.85380  -0.015 0.987893    
agecat65-74           -16.40962 2783.18739  -0.006 0.995296    
agecat75+             -16.11043 5717.53216  -0.003 0.997752    
female                  0.03712    0.35588   0.104 0.916923    
racewhiteYes           -0.19456    0.38769  -0.502 0.615780    
gichronYes              0.81015    1.06134   0.763 0.445268    
anim_anyYes             0.49518    0.36728   1.348 0.177580    
gicontactbaseYes        0.89323    0.62196   1.436 0.150960    
gicontactbaseMissing    0.68167    1.05884   0.644 0.519709    
rawfood                -0.41925    0.48324  -0.868 0.385625    
---
Signif. codes:  0 ‘***’ 0.001 ‘**’ 0.01 ‘*’ 0.05 ‘.’ 0.1 ‘ ’ 1

(Dispersion parameter for poisson family taken to be 1)

    Null deviance: 172.59  on 450  degrees of freedom
Residual deviance: 159.80  on 434  degrees of freedom
AIC: 259.8

Number of Fisher Scoring iterations: 16



Robust, Sandwich Standard Errors Account for Clustering:

z test of coefficients:

                       Estimate Std. Error  z value Pr(>|z|)    
(Intercept)           -2.034715   0.636521  -3.1966  0.00139 ** 
fpc1602.pres1          0.643128   1.139131   0.5646  0.57236    
agecat5-14            -0.746674   0.515920  -1.4473  0.14782    
agecat15-24           -0.819705   0.729234  -1.1241  0.26099    
agecat25-34           -0.226610   0.721900  -0.3139  0.75359    
agecat35-44           -0.856787   0.761711  -1.1248  0.26067    
agecat45-54           -0.471411   0.751734  -0.6271  0.53059    
agecat55-64          -16.189556   0.570975 -28.3542  < 2e-16 ***
agecat65-74          -16.409621   0.781691 -20.9925  < 2e-16 ***
agecat75+            -16.110434   1.155269 -13.9452  < 2e-16 ***
female                 0.037122   0.353706   0.1050  0.91641    
racewhiteYes          -0.194559   0.393000  -0.4951  0.62056    
gichronYes             0.810148   0.991382   0.8172  0.41382    
anim_anyYes            0.495180   0.364816   1.3573  0.17467    
gicontactbaseYes       0.893234   0.698314   1.2791  0.20085    
gicontactbaseMissing   0.681673   1.154121   0.5906  0.55476    
rawfood               -0.419245   0.467667  -0.8965  0.37001    
---
Signif. codes:  0 ‘***’ 0.001 ‘**’ 0.01 ‘*’ 0.05 ‘.’ 0.1 ‘ ’ 1

> 
> dofit10.fmc1602.berm.1.swall = mpreg(gici10~fmc1602.pres+agecat+female+racewhite+gichron+anim_any+gicontactbase+rawfood,
+     vcv=T,dat=doheny[doheny$berm=="Open",])

Call:
glm(formula = formula, family = poisson(link = "log"), data = dat)

Deviance Residuals: 
    Min       1Q   Median       3Q      Max  
-0.8847  -0.4926  -0.3778  -0.1870   2.6671  

Coefficients:
                  Estimate Std. Error z value Pr(>|z|)  
(Intercept)        -2.7602     1.1519  -2.396   0.0166 *
fmc1602.pres1       1.2828     1.0353   1.239   0.2153  
agecat5-14         -0.4292     0.5963  -0.720   0.4717  
agecat15-24       -16.9029  2436.4200  -0.007   0.9945  
agecat25-34        -0.8092     1.2561  -0.644   0.5194  
agecat35-44        -0.1218     0.9248  -0.132   0.8952  
agecat45-54        -0.3677     0.9811  -0.375   0.7078  
agecat55-64       -17.1678  4865.8488  -0.004   0.9972  
female             -0.3534     0.5090  -0.694   0.4875  
racewhiteYes       -0.2026     0.5023  -0.403   0.6867  
racewhiteMissing  -17.3960  9426.6169  -0.002   0.9985  
gichronYes          1.5512     1.2632   1.228   0.2195  
anim_anyYes        -1.5834     1.0398  -1.523   0.1278  
gicontactbaseYes  -15.8204  2367.6533  -0.007   0.9947  
rawfood             0.3159     0.6931   0.456   0.6486  
---
Signif. codes:  0 ‘***’ 0.001 ‘**’ 0.01 ‘*’ 0.05 ‘.’ 0.1 ‘ ’ 1

(Dispersion parameter for poisson family taken to be 1)

    Null deviance: 96.458  on 222  degrees of freedom
Residual deviance: 82.359  on 208  degrees of freedom
AIC: 152.36

Number of Fisher Scoring iterations: 17



Robust, Sandwich Standard Errors Account for Clustering:

z test of coefficients:

                  Estimate Std. Error  z value Pr(>|z|)    
(Intercept)       -2.76016    1.35937  -2.0305  0.04231 *  
fmc1602.pres1      1.28276    1.11625   1.1492  0.25049    
agecat5-14        -0.42919    0.61144  -0.7019  0.48273    
agecat15-24      -16.90294    0.64285 -26.2936  < 2e-16 ***
agecat25-34       -0.80925    1.41537  -0.5718  0.56749    
agecat35-44       -0.12180    0.78068  -0.1560  0.87602    
agecat45-54       -0.36772    0.72923  -0.5043  0.61408    
agecat55-64      -17.16781    0.95825 -17.9158  < 2e-16 ***
female            -0.35341    0.51847  -0.6816  0.49547    
racewhiteYes      -0.20263    0.54538  -0.3715  0.71023    
racewhiteMissing -17.39600    1.14568 -15.1840  < 2e-16 ***
gichronYes         1.55120    1.02311   1.5162  0.12948    
anim_anyYes       -1.58343    1.11294  -1.4228  0.15481    
gicontactbaseYes -15.82042    0.57911 -27.3185  < 2e-16 ***
rawfood            0.31585    0.57867   0.5458  0.58519    
---
Signif. codes:  0 ‘***’ 0.001 ‘**’ 0.01 ‘*’ 0.05 ‘.’ 0.1 ‘ ’ 1

Warning message:
glm.fit: fitted rates numerically 0 occurred 
> dofit10.fmc1602.berm.0.swall = mpreg(gici10~fmc1602.pres+agecat+female+racewhite+gichron+anim_any+gicontactbase+rawfood,
+     vcv=T,dat=doheny[doheny$berm=="Closed",])

Call:
glm(formula = formula, family = poisson(link = "log"), data = dat)

Deviance Residuals: 
    Min       1Q   Median       3Q      Max  
-0.8905  -0.4142  -0.3705  -0.3153   2.2737  

Coefficients:
                       Estimate Std. Error z value Pr(>|z|)    
(Intercept)            -2.19336    0.41742  -5.255 1.48e-07 ***
fmc1602.pres1          -0.16946    0.27992  -0.605   0.5449    
agecat5-14             -0.59478    0.34925  -1.703   0.0886 .  
agecat15-24            -0.05540    0.40369  -0.137   0.8909    
agecat25-34            -0.26732    0.48818  -0.548   0.5840    
agecat35-44            -0.24880    0.46565  -0.534   0.5931    
agecat45-54            -0.61825    0.66065  -0.936   0.3494    
agecat55-64           -14.92320  779.57119  -0.019   0.9847    
agecat65-74           -15.21822 3467.85856  -0.004   0.9965    
agecatMissing         -14.68586 1525.52847  -0.010   0.9923    
female                  0.32250    0.24281   1.328   0.1841    
racewhiteYes           -0.04405    0.26111  -0.169   0.8660    
racewhiteMissing       -0.26323    1.02762  -0.256   0.7978    
gichronYes              0.24607    1.03437   0.238   0.8120    
anim_anyYes             0.17931    0.26746   0.670   0.5026    
gicontactbaseYes       -1.37286    1.01041  -1.359   0.1742    
gicontactbaseMissing    1.21480    0.53344   2.277   0.0228 *  
rawfood                -0.06988    0.32402  -0.216   0.8292    
---
Signif. codes:  0 ‘***’ 0.001 ‘**’ 0.01 ‘*’ 0.05 ‘.’ 0.1 ‘ ’ 1

(Dispersion parameter for poisson family taken to be 1)

    Null deviance: 370.43  on 942  degrees of freedom
Residual deviance: 350.43  on 925  degrees of freedom
AIC: 530.43

Number of Fisher Scoring iterations: 15



Robust, Sandwich Standard Errors Account for Clustering:

z test of coefficients:

                       Estimate Std. Error  z value  Pr(>|z|)    
(Intercept)           -2.193361   0.402810  -5.4452 5.176e-08 ***
fmc1602.pres1         -0.169457   0.276509  -0.6128   0.53998    
agecat5-14            -0.594776   0.297047  -2.0023   0.04525 *  
agecat15-24           -0.055396   0.368500  -0.1503   0.88051    
agecat25-34           -0.267325   0.462148  -0.5784   0.56297    
agecat35-44           -0.248801   0.438339  -0.5676   0.57031    
agecat45-54           -0.618247   0.624664  -0.9897   0.32231    
agecat55-64          -14.923204   0.415991 -35.8738 < 2.2e-16 ***
agecat65-74          -15.218216   1.017272 -14.9598 < 2.2e-16 ***
agecatMissing        -14.685856   0.721674 -20.3497 < 2.2e-16 ***
female                 0.322503   0.251480   1.2824   0.19970    
racewhiteYes          -0.044054   0.278515  -0.1582   0.87432    
racewhiteMissing      -0.263226   0.928498  -0.2835   0.77680    
gichronYes             0.246066   0.944344   0.2606   0.79443    
anim_anyYes            0.179307   0.273368   0.6559   0.51188    
gicontactbaseYes      -1.372863   1.002201  -1.3698   0.17073    
gicontactbaseMissing   1.214796   0.537582   2.2597   0.02384 *  
rawfood               -0.069881   0.359927  -0.1942   0.84606    
---
Signif. codes:  0 ‘***’ 0.001 ‘**’ 0.01 ‘*’ 0.05 ‘.’ 0.1 ‘ ’ 1

> 
> dofit10.fpc1601.berm.1.swall = mpreg(gici10~fpc1601.pres+agecat+female+racewhite+gichron+anim_any+gicontactbase+rawfood,
+     vcv=T,dat=doheny[doheny$berm=="Open",])

Call:
glm(formula = formula, family = poisson(link = "log"), data = dat)

Deviance Residuals: 
    Min       1Q   Median       3Q      Max  
-0.8915  -0.4899  -0.4201  -0.1801   2.1677  

Coefficients:
                   Estimate Std. Error z value Pr(>|z|)  
(Intercept)        -1.63346    0.74074  -2.205   0.0274 *
fpc1601.pres1       0.01380    0.56892   0.024   0.9806  
agecat5-14         -0.48657    0.59275  -0.821   0.4117  
agecat15-24       -17.08879 2489.86555  -0.007   0.9945  
agecat25-34        -0.66558    1.25448  -0.531   0.5957  
agecat35-44        -0.08604    0.92543  -0.093   0.9259  
agecat45-54        -0.24906    0.97768  -0.255   0.7989  
agecat55-64       -17.03169 4926.73837  -0.003   0.9972  
female             -0.32154    0.51142  -0.629   0.5295  
racewhiteYes       -0.15259    0.50458  -0.302   0.7623  
racewhiteMissing  -17.19635 9426.61686  -0.002   0.9985  
gichronYes          1.51489    1.26416   1.198   0.2308  
anim_anyYes        -1.54079    1.03929  -1.483   0.1382  
gicontactbaseYes  -15.67740 2337.20075  -0.007   0.9946  
rawfood             0.25844    0.70614   0.366   0.7144  
---
Signif. codes:  0 ‘***’ 0.001 ‘**’ 0.01 ‘*’ 0.05 ‘.’ 0.1 ‘ ’ 1

(Dispersion parameter for poisson family taken to be 1)

    Null deviance: 96.458  on 222  degrees of freedom
Residual deviance: 84.600  on 208  degrees of freedom
AIC: 154.6

Number of Fisher Scoring iterations: 17



Robust, Sandwich Standard Errors Account for Clustering:

z test of coefficients:

                   Estimate Std. Error  z value Pr(>|z|)    
(Intercept)       -1.633462   0.848580  -1.9249  0.05424 .  
fpc1601.pres1      0.013803   0.814942   0.0169  0.98649    
agecat5-14        -0.486574   0.601099  -0.8095  0.41824    
agecat15-24      -17.088791   0.617072 -27.6934  < 2e-16 ***
agecat25-34       -0.665579   1.416489  -0.4699  0.63844    
agecat35-44       -0.086044   0.777269  -0.1107  0.91185    
agecat45-54       -0.249062   0.722467  -0.3447  0.73029    
agecat55-64      -17.031686   0.951856 -17.8931  < 2e-16 ***
female            -0.321535   0.511315  -0.6288  0.52945    
racewhiteYes      -0.152588   0.580161  -0.2630  0.79254    
racewhiteMissing -17.196352   1.141237 -15.0682  < 2e-16 ***
gichronYes         1.514890   1.025483   1.4772  0.13961    
anim_anyYes       -1.540791   1.051708  -1.4650  0.14291    
gicontactbaseYes -15.677397   0.609857 -25.7067  < 2e-16 ***
rawfood            0.258443   0.608361   0.4248  0.67097    
---
Signif. codes:  0 ‘***’ 0.001 ‘**’ 0.01 ‘*’ 0.05 ‘.’ 0.1 ‘ ’ 1

Warning message:
glm.fit: fitted rates numerically 0 occurred 
> dofit10.fpc1601.berm.0.swall = mpreg(gici10~fpc1601.pres+agecat+female+racewhite+gichron+anim_any+gicontactbase+rawfood,
+     vcv=T,dat=doheny[doheny$berm=="Closed",])

Call:
glm(formula = formula, family = poisson(link = "log"), data = dat)

Deviance Residuals: 
    Min       1Q   Median       3Q      Max  
-0.9106  -0.4177  -0.3737  -0.3184   2.2188  

Coefficients:
                       Estimate Std. Error z value Pr(>|z|)    
(Intercept)            -2.22627    0.47438  -4.693 2.69e-06 ***
fpc1601.pres1          -0.11374    0.37980  -0.299   0.7646    
agecat5-14             -0.60387    0.34895  -1.731   0.0835 .  
agecat15-24            -0.06085    0.40468  -0.150   0.8805    
agecat25-34            -0.26950    0.48866  -0.552   0.5813    
agecat35-44            -0.25621    0.46561  -0.550   0.5821    
agecat45-54            -0.62750    0.66103  -0.949   0.3425    
agecat55-64           -14.90127  779.61159  -0.019   0.9848    
agecat65-74           -15.24879 3467.85856  -0.004   0.9965    
agecatMissing         -14.72882 1519.69337  -0.010   0.9923    
female                  0.32450    0.24332   1.334   0.1823    
racewhiteYes           -0.03830    0.26106  -0.147   0.8834    
racewhiteMissing       -0.24721    1.02731  -0.241   0.8098    
gichronYes              0.24542    1.03453   0.237   0.8125    
anim_anyYes             0.18690    0.26695   0.700   0.4839    
gicontactbaseYes       -1.38971    1.01018  -1.376   0.1689    
gicontactbaseMissing    1.23419    0.53463   2.308   0.0210 *  
rawfood                -0.06531    0.32415  -0.201   0.8403    
---
Signif. codes:  0 ‘***’ 0.001 ‘**’ 0.01 ‘*’ 0.05 ‘.’ 0.1 ‘ ’ 1

(Dispersion parameter for poisson family taken to be 1)

    Null deviance: 370.43  on 942  degrees of freedom
Residual deviance: 350.70  on 925  degrees of freedom
AIC: 530.7

Number of Fisher Scoring iterations: 15



Robust, Sandwich Standard Errors Account for Clustering:

z test of coefficients:

                       Estimate Std. Error  z value  Pr(>|z|)    
(Intercept)           -2.226266   0.477029  -4.6669 3.057e-06 ***
fpc1601.pres1         -0.113739   0.388119  -0.2931   0.76948    
agecat5-14            -0.603875   0.291890  -2.0688   0.03856 *  
agecat15-24           -0.060847   0.365713  -0.1664   0.86786    
agecat25-34           -0.269500   0.461226  -0.5843   0.55901    
agecat35-44           -0.256211   0.439680  -0.5827   0.56008    
agecat45-54           -0.627503   0.621767  -1.0092   0.31287    
agecat55-64          -14.901268   0.403324 -36.9462 < 2.2e-16 ***
agecat65-74          -15.248786   1.010390 -15.0920 < 2.2e-16 ***
agecatMissing        -14.728819   0.729909 -20.1790 < 2.2e-16 ***
female                 0.324505   0.255981   1.2677   0.20491    
racewhiteYes          -0.038299   0.278685  -0.1374   0.89069    
racewhiteMissing      -0.247213   0.913713  -0.2706   0.78673    
gichronYes             0.245418   0.942526   0.2604   0.79457    
anim_anyYes            0.186897   0.273190   0.6841   0.49389    
gicontactbaseYes      -1.389705   0.996425  -1.3947   0.16311    
gicontactbaseMissing   1.234187   0.555933   2.2200   0.02642 *  
rawfood               -0.065315   0.361925  -0.1805   0.85679    
---
Signif. codes:  0 ‘***’ 0.001 ‘**’ 0.01 ‘*’ 0.05 ‘.’ 0.1 ‘ ’ 1

> 
> dofit10.fpc1602.berm.1.swall = mpreg(gici10~fpc1602.pres+agecat+female+racewhite+gichron+anim_any+gicontactbase+rawfood,
+     vcv=T,dat=doheny[doheny$berm=="Open",])

Call:
glm(formula = formula, family = poisson(link = "log"), data = dat)

Deviance Residuals: 
    Min       1Q   Median       3Q      Max  
-1.0875  -0.4851  -0.3831  -0.1882   2.1582  

Coefficients:
                  Estimate Std. Error z value Pr(>|z|)   
(Intercept)        -1.6387     0.6306  -2.599  0.00936 **
fpc1602.pres1       1.2193     0.8389   1.454  0.14607   
agecat5-14         -0.5011     0.5943  -0.843  0.39915   
agecat15-24       -17.0809  2511.3646  -0.007  0.99457   
agecat25-34        -1.6160     1.5979  -1.011  0.31185   
agecat35-44        -0.2460     0.9312  -0.264  0.79162   
agecat45-54        -0.7660     1.0621  -0.721  0.47081   
agecat55-64       -17.1035  4984.6857  -0.003  0.99726   
female             -0.2409     0.5198  -0.463  0.64308   
racewhiteYes       -0.2314     0.5044  -0.459  0.64638   
racewhiteMissing  -17.1628  9426.6169  -0.002  0.99855   
gichronYes          1.7414     1.3775   1.264  0.20617   
anim_anyYes        -1.4215     1.0429  -1.363  0.17285   
gicontactbaseYes  -15.7363  2398.1332  -0.007  0.99476   
rawfood             0.3497     0.6910   0.506  0.61286   
---
Signif. codes:  0 ‘***’ 0.001 ‘**’ 0.01 ‘*’ 0.05 ‘.’ 0.1 ‘ ’ 1

(Dispersion parameter for poisson family taken to be 1)

    Null deviance: 96.458  on 222  degrees of freedom
Residual deviance: 82.707  on 208  degrees of freedom
AIC: 152.71

Number of Fisher Scoring iterations: 17



Robust, Sandwich Standard Errors Account for Clustering:

z test of coefficients:

                  Estimate Std. Error  z value  Pr(>|z|)    
(Intercept)       -1.63874    0.63277  -2.5898  0.009604 ** 
fpc1602.pres1      1.21932    0.82188   1.4836  0.137924    
agecat5-14        -0.50107    0.59949  -0.8358  0.403260    
agecat15-24      -17.08094    0.59768 -28.5785 < 2.2e-16 ***
agecat25-34       -1.61603    1.83608  -0.8802  0.378778    
agecat35-44       -0.24604    0.83029  -0.2963  0.766977    
agecat45-54       -0.76597    0.66999  -1.1433  0.252930    
agecat55-64      -17.10352    0.95327 -17.9420 < 2.2e-16 ***
female            -0.24090    0.53564  -0.4497  0.652902    
racewhiteYes      -0.23144    0.53647  -0.4314  0.666172    
racewhiteMissing -17.16278    1.14679 -14.9659 < 2.2e-16 ***
gichronYes         1.74142    1.46748   1.1867  0.235356    
anim_anyYes       -1.42151    1.05238  -1.3508  0.176774    
gicontactbaseYes -15.73635    0.59929 -26.2585 < 2.2e-16 ***
rawfood            0.34967    0.57286   0.6104  0.541602    
---
Signif. codes:  0 ‘***’ 0.001 ‘**’ 0.01 ‘*’ 0.05 ‘.’ 0.1 ‘ ’ 1

Warning message:
glm.fit: fitted rates numerically 0 occurred 
> dofit10.fpc1602.berm.0.swall = mpreg(gici10~fpc1602.pres+agecat+female+racewhite+gichron+anim_any+gicontactbase+rawfood,
+     vcv=T,dat=doheny[doheny$berm=="Closed",])

Call:
glm(formula = formula, family = poisson(link = "log"), data = dat)

Deviance Residuals: 
    Min       1Q   Median       3Q      Max  
-0.9116  -0.4272  -0.3636  -0.3269   2.4635  

Coefficients:
                       Estimate Std. Error z value Pr(>|z|)    
(Intercept)          -2.292e+00  3.633e-01  -6.308 2.83e-10 ***
fpc1602.pres1        -1.105e+00  7.216e-01  -1.532   0.1256    
agecat5-14           -6.285e-01  3.483e-01  -1.804   0.0712 .  
agecat15-24          -7.341e-02  4.031e-01  -0.182   0.8555    
agecat25-34          -2.764e-01  4.900e-01  -0.564   0.5726    
agecat35-44          -2.944e-01  4.653e-01  -0.633   0.5269    
agecat45-54          -6.012e-01  6.593e-01  -0.912   0.3618    
agecat55-64          -1.490e+01  7.698e+02  -0.019   0.9846    
agecat65-74          -1.534e+01  3.468e+03  -0.004   0.9965    
agecatMissing        -1.480e+01  1.515e+03  -0.010   0.9922    
female                3.225e-01  2.429e-01   1.328   0.1842    
racewhiteYes          9.102e-03  2.621e-01   0.035   0.9723    
racewhiteMissing     -2.795e-01  1.027e+00  -0.272   0.7856    
gichronYes            1.862e-01  1.034e+00   0.180   0.8571    
anim_anyYes           1.947e-01  2.671e-01   0.729   0.4660    
gicontactbaseYes     -1.363e+00  1.011e+00  -1.348   0.1776    
gicontactbaseMissing  1.155e+00  5.334e-01   2.166   0.0303 *  
rawfood              -2.702e-02  3.258e-01  -0.083   0.9339    
---
Signif. codes:  0 ‘***’ 0.001 ‘**’ 0.01 ‘*’ 0.05 ‘.’ 0.1 ‘ ’ 1

(Dispersion parameter for poisson family taken to be 1)

    Null deviance: 370.43  on 942  degrees of freedom
Residual deviance: 347.43  on 925  degrees of freedom
AIC: 527.43

Number of Fisher Scoring iterations: 15



Robust, Sandwich Standard Errors Account for Clustering:

z test of coefficients:

                        Estimate  Std. Error  z value  Pr(>|z|)    
(Intercept)           -2.2918364   0.3511896  -6.5259 6.758e-11 ***
fpc1602.pres1         -1.1053378   0.7082191  -1.5607   0.11859    
agecat5-14            -0.6285169   0.3016632  -2.0835   0.03721 *  
agecat15-24           -0.0734145   0.3747183  -0.1959   0.84467    
agecat25-34           -0.2764467   0.4755414  -0.5813   0.56102    
agecat35-44           -0.2944298   0.4443229  -0.6626   0.50756    
agecat45-54           -0.6012022   0.6243181  -0.9630   0.33556    
agecat55-64          -14.8992801   0.4134805 -36.0338 < 2.2e-16 ***
agecat65-74          -15.3423618   1.0102976 -15.1860 < 2.2e-16 ***
agecatMissing        -14.7953508   0.7246484 -20.4173 < 2.2e-16 ***
female                 0.3225108   0.2505451   1.2872   0.19801    
racewhiteYes           0.0091023   0.2795721   0.0326   0.97403    
racewhiteMissing      -0.2794955   0.9078112  -0.3079   0.75817    
gichronYes             0.1862287   0.9488950   0.1963   0.84441    
anim_anyYes            0.1947160   0.2751595   0.7076   0.47916    
gicontactbaseYes      -1.3628663   1.0017338  -1.3605   0.17367    
gicontactbaseMissing   1.1554223   0.5518657   2.0937   0.03629 *  
rawfood               -0.0270166   0.3655892  -0.0739   0.94109    
---
Signif. codes:  0 ‘***’ 0.001 ‘**’ 0.01 ‘*’ 0.05 ‘.’ 0.1 ‘ ’ 1

> 
> mafit10.fpc1601.berm.1.swall = mpreg(gici10~fpc1601.pres+agecat+female+racewhite+gichron+anim_any+gicontactbase+rawfood,
+     vcv=T,dat=malibu[malibu$berm=="Open",])

Call:
glm(formula = formula, family = poisson(link = "log"), data = dat)

Deviance Residuals: 
    Min       1Q   Median       3Q      Max  
-1.1801  -0.4593  -0.2841  -0.1867   2.0852  

Coefficients:
                   Estimate Std. Error z value Pr(>|z|)   
(Intercept)      -7.078e-01  1.051e+00  -0.673  0.50066   
fpc1601.pres1    -6.716e-01  8.413e-01  -0.798  0.42471   
agecat5-14       -1.857e+00  9.098e-01  -2.041  0.04120 * 
agecat15-24      -1.405e+00  1.036e+00  -1.356  0.17499   
agecat25-34      -1.800e+00  1.157e+00  -1.556  0.11976   
agecat35-44       5.458e-03  7.583e-01   0.007  0.99426   
agecat45-54      -1.797e+01  3.969e+03  -0.005  0.99639   
agecat55-64      -1.817e+01  5.310e+03  -0.003  0.99727   
female            1.064e-01  6.203e-01   0.172  0.86377   
racewhiteYes     -7.956e-02  6.120e-01  -0.130  0.89657   
racewhiteMissing -1.638e+01  3.416e+03  -0.005  0.99617   
gichronYes        2.848e+00  1.059e+00   2.689  0.00716 **
anim_anyYes       7.248e-01  6.688e-01   1.084  0.27845   
gicontactbaseYes -1.724e+01  4.970e+03  -0.003  0.99723   
rawfood          -7.902e-01  8.175e-01  -0.967  0.33373   
---
Signif. codes:  0 ‘***’ 0.001 ‘**’ 0.01 ‘*’ 0.05 ‘.’ 0.1 ‘ ’ 1

(Dispersion parameter for poisson family taken to be 1)

    Null deviance: 66.576  on 137  degrees of freedom
Residual deviance: 49.230  on 123  degrees of freedom
AIC: 109.23

Number of Fisher Scoring iterations: 17



Robust, Sandwich Standard Errors Account for Clustering:

z test of coefficients:

                   Estimate Std. Error  z value  Pr(>|z|)    
(Intercept)       -0.707828   0.923677  -0.7663  0.443488    
fpc1601.pres1     -0.671601   0.796032  -0.8437  0.398845    
agecat5-14        -1.857273   0.869107  -2.1370  0.032599 *  
agecat15-24       -1.405162   0.975352  -1.4407  0.149677    
agecat25-34       -1.800078   1.103634  -1.6310  0.102881    
agecat35-44        0.005458   0.598130   0.0091  0.992719    
agecat45-54      -17.971739   0.765431 -23.4792 < 2.2e-16 ***
agecat55-64      -18.166281   0.821265 -22.1199 < 2.2e-16 ***
female             0.106441   0.705041   0.1510  0.879999    
racewhiteYes      -0.079563   0.532455  -0.1494  0.881216    
racewhiteMissing -16.384741   1.057767 -15.4899 < 2.2e-16 ***
gichronYes         2.847787   0.869444   3.2754  0.001055 ** 
anim_anyYes        0.724801   0.605609   1.1968  0.231379    
gicontactbaseYes -17.236423   1.018088 -16.9302 < 2.2e-16 ***
rawfood           -0.790218   0.663607  -1.1908  0.233736    
---
Signif. codes:  0 ‘***’ 0.001 ‘**’ 0.01 ‘*’ 0.05 ‘.’ 0.1 ‘ ’ 1

> mafit10.fpc1601.berm.0.swall = mpreg(gici10~fpc1601.pres+agecat+female+racewhite+gichron+anim_any+gicontactbase+rawfood,
+     vcv=T,dat=malibu[!is.na(malibu$fpc1601.pres) & malibu$berm=="Closed",])

Call:
glm(formula = formula, family = poisson(link = "log"), data = dat)

Deviance Residuals: 
    Min       1Q   Median       3Q      Max  
-0.8070  -0.4470  -0.3483  -0.1950   2.0893  

Coefficients:
                   Estimate Std. Error z value Pr(>|z|)    
(Intercept)        -2.14772    0.52960  -4.055 5.01e-05 ***
fpc1601.pres1      -0.55731    0.40335  -1.382   0.1671    
agecat5-14          0.43100    0.51660   0.834   0.4041    
agecat15-24        -1.64894    1.13181  -1.457   0.1451    
agecat25-34        -0.23805    0.74461  -0.320   0.7492    
agecat35-44        -0.42312    0.76302  -0.555   0.5792    
agecat45-54        -0.03284    0.84991  -0.039   0.9692    
agecat55-64       -16.50149 2286.18374  -0.007   0.9942    
agecat65-74       -16.53269 9426.61688  -0.002   0.9986    
agecat75+         -16.11266 9426.61688  -0.002   0.9986    
female              0.28871    0.37397   0.772   0.4401    
racewhiteYes       -0.45515    0.38195  -1.192   0.2334    
racewhiteMissing   -1.22129    1.04103  -1.173   0.2407    
gichronYes          1.90408    1.11978   1.700   0.0891 .  
anim_anyYes        -0.02974    0.47121  -0.063   0.9497    
gicontactbaseYes  -16.72827 1612.89185  -0.010   0.9917    
rawfood            -0.16703    0.55450  -0.301   0.7632    
---
Signif. codes:  0 ‘***’ 0.001 ‘**’ 0.01 ‘*’ 0.05 ‘.’ 0.1 ‘ ’ 1

(Dispersion parameter for poisson family taken to be 1)

    Null deviance: 155.27  on 398  degrees of freedom
Residual deviance: 137.82  on 382  degrees of freedom
AIC: 231.82

Number of Fisher Scoring iterations: 17



Robust, Sandwich Standard Errors Account for Clustering:

z test of coefficients:

                   Estimate Std. Error  z value  Pr(>|z|)    
(Intercept)       -2.147717   0.516777  -4.1560 3.239e-05 ***
fpc1601.pres1     -0.557312   0.367680  -1.5158   0.12958    
agecat5-14         0.430998   0.537082   0.8025   0.42227    
agecat15-24       -1.648941   0.853624  -1.9317   0.05340 .  
agecat25-34       -0.238047   0.757578  -0.3142   0.75335    
agecat35-44       -0.423121   0.817725  -0.5174   0.60485    
agecat45-54       -0.032842   0.859978  -0.0382   0.96954    
agecat55-64      -16.501486   1.002056 -16.4676 < 2.2e-16 ***
agecat65-74      -16.532687   1.272007 -12.9973 < 2.2e-16 ***
agecat75+        -16.112665   1.316852 -12.2357 < 2.2e-16 ***
female             0.288714   0.353031   0.8178   0.41346    
racewhiteYes      -0.455153   0.363199  -1.2532   0.21014    
racewhiteMissing  -1.221292   0.989470  -1.2343   0.21710    
gichronYes         1.904085   1.056261   1.8027   0.07144 .  
anim_anyYes       -0.029738   0.461979  -0.0644   0.94867    
gicontactbaseYes -16.728265   0.876379 -19.0879 < 2.2e-16 ***
rawfood           -0.167029   0.547803  -0.3049   0.76044    
---
Signif. codes:  0 ‘***’ 0.001 ‘**’ 0.01 ‘*’ 0.05 ‘.’ 0.1 ‘ ’ 1

Warning message:
glm.fit: fitted rates numerically 0 occurred 
> 
> # --------------------------------------
> # Pooled estimates
> # (can't use the mpreg fn because we 
> # need the actual glm returned object 
> # for the LR tests)
> 
> # 10-day GI illness
> 
> # all beaches ----------------
> # fmc 1601
> all.fit10.fmc1601swall <- glm(gici10~fmc1601.pres+agecat+female+racewhite+gichron+anim_any+gicontactbase+
+     rawfood+beach,family=poisson(link="log"),data=all[!is.na(all$fmc1601.pres) ,])
> 
> all.VC10.fmc1601swall <- cl(all[!is.na(all$fmc1601.pres) ],fm=all.fit10.fmc1601swall,
+   cluster=all$hhid[!is.na(all$fmc1601.pres) ])
> overall.fit10.fmc1601swall <- coeftest(all.fit10.fmc1601swall, all.VC10.fmc1601swall)
> summary(all.fit10.fmc1601swall)

Call:
glm(formula = gici10 ~ fmc1601.pres + agecat + female + racewhite + 
    gichron + anim_any + gicontactbase + rawfood + beach, family = poisson(link = "log"), 
    data = all[!is.na(all$fmc1601.pres), ])

Deviance Residuals: 
    Min       1Q   Median       3Q      Max  
-0.8284  -0.4486  -0.3683  -0.1106   3.1264  

Coefficients:
                       Estimate Std. Error z value Pr(>|z|)    
(Intercept)            -1.96321    0.37310  -5.262 1.43e-07 ***
fmc1601.pres1           0.05942    0.23085   0.257 0.796882    
agecat5-14             -0.48929    0.22993  -2.128 0.033336 *  
agecat15-24            -0.38168    0.33844  -1.128 0.259426    
agecat25-34            -0.34284    0.34835  -0.984 0.325026    
agecat35-44            -0.16439    0.34235  -0.480 0.631102    
agecat45-54            -0.52436    0.49231  -1.065 0.286824    
agecat55-64           -14.91760  647.52745  -0.023 0.981620    
agecat65-74           -15.04465 1254.00140  -0.012 0.990428    
agecat75+             -15.15789 2451.14180  -0.006 0.995066    
agecatMissing          -1.27957    1.01935  -1.255 0.209378    
female                 -0.39531    0.18268  -2.164 0.030466 *  
racewhiteYes            0.12428    0.21965   0.566 0.571513    
racewhiteMissing       -3.35033    1.00709  -3.327 0.000879 ***
gichronYes             -0.28736    1.01322  -0.284 0.776710    
anim_anyYes             0.15797    0.20222   0.781 0.434700    
gicontactbaseYes        0.39508    0.39941   0.989 0.322585    
gicontactbaseMissing    0.04050    0.51462   0.079 0.937278    
rawfood                -0.36680    0.21018  -1.745 0.080959 .  
beachDoheny            -0.55401    0.30557  -1.813 0.069821 .  
beachMission Bay        0.15672    0.25296   0.620 0.535572    
---
Signif. codes:  0 ‘***’ 0.001 ‘**’ 0.01 ‘*’ 0.05 ‘.’ 0.1 ‘ ’ 1

(Dispersion parameter for poisson family taken to be 1)

    Null deviance: 692.54  on 1818  degrees of freedom
Residual deviance: 627.05  on 1798  degrees of freedom
AIC: 933.05

Number of Fisher Scoring iterations: 15

> overall.fit10.fmc1601
Error: object 'overall.fit10.fmc1601' not found
Execution halted
