
R version 3.2.2 (2015-08-14) -- "Fire Safety"
Copyright (C) 2015 The R Foundation for Statistical Computing
Platform: x86_64-apple-darwin13.4.0 (64-bit)

R is free software and comes with ABSOLUTELY NO WARRANTY.
You are welcome to redistribute it under certain conditions.
Type 'license()' or 'licence()' for distribution details.

  Natural language support but running in an English locale

R is a collaborative project with many contributors.
Type 'contributors()' for more information and
'citation()' on how to cite R or R packages in publications.

Type 'demo()' for some demos, 'help()' for on-line help, or
'help.start()' for an HTML browser interface to help.
Type 'q()' to quit R.

> ##########################################
> # Coliphage analysis - 6 beaches
> # v1 by Jade 7/13/15
> 
> # This file conducts maximum likelihood regression
> # to estimate prevalence ratios
> 
> # Results stratified by beach
> 
> # 3 day gi illness
> ##########################################
> 
> rm(list=ls())
> library(foreign)
> 
> setwd("~/Dropbox/Coliphage/")
> 
> # --------------------------------------
> # load the and pre-preprocess the 
> # analysis dataset
> # (refer to the base functions script
> # for details on the pre-processing)
> # --------------------------------------
> beaches13=read.csv("~/Dropbox/13beaches/data/final/13beaches-analysis.csv")
> 
> # load base functions
> source("Programs/Analysis/0-base-functions.R")
> 
> data=preprocess.6beaches(beaches13)

Successfully loaded the data
 Total sample size = 88083 

Dropping individuals with GI illness at enrollment
 N = 2025 

Final sample size = 86058 

Subsetting the data to relevant variables and completing final variable pre-processing> 
> # restrict to 6 beaches with coliphage data
> beach.list=c("Avalon","Doheny","Malibu","Mission Bay",
+              "Fairhope","Goddard")
> 
> all=data[data$beach %in% beach.list,]
> avalon=data[data$beach %in% "Avalon",]
> doheny=data[data$beach %in% "Doheny",]
> malibu=data[data$beach %in% "Malibu",]
> mission=data[data$beach %in% "Mission Bay",]
> fairhope=data[data$beach %in% "Fairhope",]
> goddard=data[data$beach %in% "Goddard",]
> 
> data.list=list(all=all,avalon=avalon,doheny=doheny,mission=mission,
+                malibu=malibu,goddard=goddard,fairhope=fairhope)
> 
> data.list=lapply(data.list,function(df){
+   # drop individuals with no water quality information
+   df=subset(df,nowq==0)
+   # subset to non-missing exposure categories
+   # to make the robust CI calcs work
+   df=subset(df,df$bodycontact=="Yes")
+ })
> 
> # convert from list back to data frames
> list2env(data.list ,.GlobalEnv)
<environment: R_GlobalEnv>
> 
> # --------------------------------------
> # Calculate the actual Ns for each cell
> # and store them for plotting and tables
> # --------------------------------------
> regN <- function(outcome,exposurecat) {
+   sum(table(outcome,exposurecat))
+ }
> 
> #avalon
> av.n3.fmc1602 = regN(avalon$gici3,avalon$fmc1602.pres)
> av.n3.fpc1601 = regN(avalon$gici3,avalon$fpc1601.pres)
> av.n3.fpc1602 = regN(avalon$gici3,avalon$fpc1602.pres)
> 
> #doheny
> do.n3.fmc1601 = regN(doheny$gici3,doheny$fmc1601.pres)
> do.n3.fmc1602 = regN(doheny$gici3,doheny$fmc1602.pres)
> do.n3.fpc1601 = regN(doheny$gici3,doheny$fpc1601.pres)
> do.n3.fpc1602 = regN(doheny$gici3,doheny$fpc1602.pres)
> 
> # fairhope
> fa.n3.fpc1601 = regN(fairhope$gici3,fairhope$fpc1601.pres)
> 
> # goddard
> # fpc 1601 always present at goddard
> 
> # malibu
> # fmc 1602 and fpc 1602 always present at malibu
> ma.n3.fpc1601 = regN(malibu$gici3,malibu$fpc1601.pres)
> 
> # mission bay
> mb.n3.fmc1601 = regN(mission$gici3,mission$fmc1601.pres)
> mb.n3.fpc1601 = regN(mission$gici3,mission$fpc1601.pres)
> 
> # n if low risk conditions ---------------------------
> #avalon
> av.n3.fmc1602.int0 = regN(avalon$gici3[avalon$groundwater=="Below median flow"],
+   avalon$fmc1602.pres[avalon$groundwater=="Below median flow"])
> av.n3.fpc1601.int0 = regN(avalon$gici3[avalon$groundwater=="Below median flow"],
+   avalon$fpc1601.pres[avalon$groundwater=="Below median flow"])
> av.n3.fpc1602.int0 = regN(avalon$gici3[avalon$groundwater=="Below median flow"],
+   avalon$fpc1602.pres[avalon$groundwater=="Below median flow"])
> 
> #doheny
> do.n3.fmc1602.int0 = regN(doheny$gici3[doheny$berm=="Closed"],
+   doheny$fmc1602.pres[doheny$berm=="Closed"])
> do.n3.fpc1601.int0 = regN(doheny$gici3[doheny$berm=="Closed"],
+   doheny$fpc1601.pres[doheny$berm=="Closed"])
> do.n3.fpc1602.int0 = regN(doheny$gici3[doheny$berm=="Closed"],
+   doheny$fpc1602.pres[doheny$berm=="Closed"])
> 
> # malibu
> # fmc 1602 and fpc 1602 always present at malibu
> ma.n3.fpc1601.int0 = regN(malibu$gici3[malibu$berm=="Closed"],malibu$fpc1601.pres[malibu$berm=="Closed"])
> 
> 
> # n if high risk conditions ---------------------------
> #avalon
> av.n3.fmc1602.int1 = regN(avalon$gici3[avalon$groundwater=="Above median flow"],
+   avalon$fmc1602.pres[avalon$groundwater=="Above median flow"])
> av.n3.fpc1601.int1 = regN(avalon$gici3[avalon$groundwater=="Above median flow"],
+   avalon$fpc1601.pres[avalon$groundwater=="Above median flow"])
> av.n3.fpc1602.int1 = regN(avalon$gici3[avalon$groundwater=="Above median flow"],
+   avalon$fpc1602.pres[avalon$groundwater=="Above median flow"])
> 
> #doheny
> do.n3.fmc1602.int1 = regN(doheny$gici3[doheny$berm=="Open"],
+   doheny$fmc1602.pres[doheny$berm=="Open"])
> do.n3.fpc1601.int1 = regN(doheny$gici3[doheny$berm=="Open"],
+   doheny$fpc1601.pres[doheny$berm=="Open"])
> do.n3.fpc1602.int1 = regN(doheny$gici3[doheny$berm=="Open"],
+   doheny$fpc1602.pres[doheny$berm=="Open"])
> 
> # malibu
> # fmc 1602 and fpc 1602 always present at malibu
> ma.n3.fpc1601.int1 = regN(malibu$gici3[malibu$berm=="Open"],malibu$fpc1601.pres[malibu$berm=="Open"])
> 
> 
> #-----------------------------------------
> # 10-day illness and coliphage concentration
> # pooled across berm and groundwater flow conditions
> # by beach
> #-----------------------------------------
> # avalon
> # fmc1601 -- always present at avalon 
> avfit3.fmc1602 = mpreg(gici3~fmc1602.pres+agecat+female+racewhite+gichron+anim_any+gicontactbase+rawfood,
+     dat=avalon,vcv=T)

Attaching package: ‘zoo’

The following objects are masked from ‘package:base’:

    as.Date, as.Date.numeric


Call:
glm(formula = formula, family = poisson(link = "log"), data = dat)

Deviance Residuals: 
    Min       1Q   Median       3Q      Max  
-0.6551  -0.2869  -0.2602  -0.2175   2.5415  

Coefficients:
                       Estimate Std. Error z value Pr(>|z|)    
(Intercept)            -3.22388    0.33580  -9.601  < 2e-16 ***
fmc1602.pres1           0.43667    0.18242   2.394   0.0167 *  
agecat5-14             -0.59048    0.28981  -2.038   0.0416 *  
agecat15-24            -0.95450    0.37648  -2.535   0.0112 *  
agecat25-34            -0.67678    0.37285  -1.815   0.0695 .  
agecat35-44            -0.29879    0.31889  -0.937   0.3488    
agecat45-54            -0.64729    0.35307  -1.833   0.0668 .  
agecat55-64            -1.17241    0.51866  -2.260   0.0238 *  
agecat65-74           -15.58032  827.04520  -0.019   0.9850    
agecat75+             -15.56056 1538.30031  -0.010   0.9919    
agecatMissing         -15.63681 2040.47542  -0.008   0.9939    
female                  0.13867    0.16969   0.817   0.4138    
racewhiteYes            0.04884    0.19932   0.245   0.8064    
racewhiteMissing       -0.34117    0.72972  -0.468   0.6401    
gichronYes              0.02693    0.58890   0.046   0.9635    
anim_anyYes             0.03935    0.19847   0.198   0.8428    
gicontactbaseYes        1.02110    0.22908   4.457 8.29e-06 ***
gicontactbaseMissing  -15.02575 1117.11386  -0.013   0.9893    
rawfood                 0.20088    0.21136   0.950   0.3419    
---
Signif. codes:  0 ‘***’ 0.001 ‘**’ 0.01 ‘*’ 0.05 ‘.’ 0.1 ‘ ’ 1

(Dispersion parameter for poisson family taken to be 1)

    Null deviance: 924.64  on 3742  degrees of freedom
Residual deviance: 883.98  on 3724  degrees of freedom
AIC: 1204

Number of Fisher Scoring iterations: 16



Robust, Sandwich Standard Errors Account for Clustering:

z test of coefficients:

                       Estimate Std. Error  z value  Pr(>|z|)    
(Intercept)           -3.223879   0.354598  -9.0917 < 2.2e-16 ***
fmc1602.pres1          0.436668   0.217922   2.0038   0.04509 *  
agecat5-14            -0.590482   0.284652  -2.0744   0.03804 *  
agecat15-24           -0.954498   0.376994  -2.5319   0.01135 *  
agecat25-34           -0.676779   0.355447  -1.9040   0.05691 .  
agecat35-44           -0.298791   0.315089  -0.9483   0.34299    
agecat45-54           -0.647290   0.347559  -1.8624   0.06255 .  
agecat55-64           -1.172411   0.517509  -2.2655   0.02348 *  
agecat65-74          -15.580319   0.321707 -48.4302 < 2.2e-16 ***
agecat75+            -15.560560   0.411127 -37.8486 < 2.2e-16 ***
agecatMissing        -15.636811   0.541394 -28.8825 < 2.2e-16 ***
female                 0.138672   0.157449   0.8807   0.37846    
racewhiteYes           0.048838   0.236426   0.2066   0.83635    
racewhiteMissing      -0.341170   0.652309  -0.5230   0.60096    
gichronYes             0.026928   0.585310   0.0460   0.96330    
anim_anyYes            0.039354   0.220638   0.1784   0.85844    
gicontactbaseYes       1.021103   0.260208   3.9242 8.703e-05 ***
gicontactbaseMissing -15.025754   0.325734 -46.1290 < 2.2e-16 ***
rawfood                0.200881   0.214015   0.9386   0.34792    
---
Signif. codes:  0 ‘***’ 0.001 ‘**’ 0.01 ‘*’ 0.05 ‘.’ 0.1 ‘ ’ 1

> avfit3.fpc1601 = mpreg(gici3~fpc1601.pres+agecat+female+racewhite+gichron+anim_any+gicontactbase+rawfood,
+     dat=avalon,vcv=T)

Call:
glm(formula = formula, family = poisson(link = "log"), data = dat)

Deviance Residuals: 
    Min       1Q   Median       3Q      Max  
-0.6160  -0.2853  -0.2553  -0.2308   2.4682  

Coefficients:
                       Estimate Std. Error z value Pr(>|z|)    
(Intercept)            -3.05513    0.36664  -8.333  < 2e-16 ***
fpc1601.pres1           0.12793    0.22215   0.576  0.56471    
agecat5-14             -0.56565    0.28957  -1.953  0.05077 .  
agecat15-24            -0.97302    0.37687  -2.582  0.00983 ** 
agecat25-34            -0.71755    0.37308  -1.923  0.05444 .  
agecat35-44            -0.31937    0.31890  -1.001  0.31660    
agecat45-54            -0.66890    0.35286  -1.896  0.05801 .  
agecat55-64            -1.15401    0.51903  -2.223  0.02619 *  
agecat65-74           -15.53752  831.66461  -0.019  0.98509    
agecat75+             -15.62382 1552.10305  -0.010  0.99197    
agecatMissing         -15.71417 2086.00186  -0.008  0.99399    
female                  0.14801    0.16964   0.873  0.38293    
racewhiteYes            0.04871    0.19940   0.244  0.80703    
racewhiteMissing       -0.27533    0.72942  -0.377  0.70583    
gichronYes              0.02030    0.58912   0.034  0.97251    
anim_anyYes             0.02510    0.19877   0.126  0.89951    
gicontactbaseYes        1.04313    0.22910   4.553 5.28e-06 ***
gicontactbaseMissing  -14.93871 1117.73233  -0.013  0.98934    
rawfood                 0.20424    0.21131   0.967  0.33377    
---
Signif. codes:  0 ‘***’ 0.001 ‘**’ 0.01 ‘*’ 0.05 ‘.’ 0.1 ‘ ’ 1

(Dispersion parameter for poisson family taken to be 1)

    Null deviance: 924.64  on 3742  degrees of freedom
Residual deviance: 889.63  on 3724  degrees of freedom
AIC: 1209.6

Number of Fisher Scoring iterations: 16



Robust, Sandwich Standard Errors Account for Clustering:

z test of coefficients:

                       Estimate Std. Error  z value  Pr(>|z|)    
(Intercept)           -3.055128   0.430018  -7.1046 1.206e-12 ***
fpc1601.pres1          0.127927   0.287511   0.4449   0.65636    
agecat5-14            -0.565648   0.282738  -2.0006   0.04543 *  
agecat15-24           -0.973019   0.378696  -2.5694   0.01019 *  
agecat25-34           -0.717553   0.356076  -2.0152   0.04389 *  
agecat35-44           -0.319369   0.317168  -1.0069   0.31396    
agecat45-54           -0.668898   0.348969  -1.9168   0.05527 .  
agecat55-64           -1.154010   0.515294  -2.2395   0.02512 *  
agecat65-74          -15.537516   0.314246 -49.4439 < 2.2e-16 ***
agecat75+            -15.623821   0.401074 -38.9550 < 2.2e-16 ***
agecatMissing        -15.714165   0.514514 -30.5418 < 2.2e-16 ***
female                 0.148007   0.157196   0.9415   0.34642    
racewhiteYes           0.048706   0.237921   0.2047   0.83780    
racewhiteMissing      -0.275331   0.652570  -0.4219   0.67309    
gichronYes             0.020300   0.587307   0.0346   0.97243    
anim_anyYes            0.025101   0.222164   0.1130   0.91004    
gicontactbaseYes       1.043129   0.264341   3.9462 7.942e-05 ***
gicontactbaseMissing -14.938711   0.323128 -46.2315 < 2.2e-16 ***
rawfood                0.204244   0.215455   0.9480   0.34315    
---
Signif. codes:  0 ‘***’ 0.001 ‘**’ 0.01 ‘*’ 0.05 ‘.’ 0.1 ‘ ’ 1

> avfit3.fpc1602 = mpreg(gici3~fpc1602.pres+agecat+female+racewhite+gichron+anim_any+gicontactbase+rawfood,
+     dat=avalon,vcv=T)

Call:
glm(formula = formula, family = poisson(link = "log"), data = dat)

Deviance Residuals: 
    Min       1Q   Median       3Q      Max  
-0.6847  -0.2846  -0.2519  -0.2300   2.4446  

Coefficients:
                       Estimate Std. Error z value Pr(>|z|)    
(Intercept)            -2.98252    0.31332  -9.519  < 2e-16 ***
fpc1602.pres1           0.48773    0.31585   1.544  0.12255    
agecat5-14             -0.58368    0.28978  -2.014  0.04399 *  
agecat15-24            -0.98650    0.37615  -2.623  0.00873 ** 
agecat25-34            -0.74507    0.37215  -2.002  0.04527 *  
agecat35-44            -0.32463    0.31851  -1.019  0.30810    
agecat45-54            -0.67915    0.35283  -1.925  0.05424 .  
agecat55-64            -1.18076    0.51953  -2.273  0.02304 *  
agecat65-74           -15.57278  829.54765  -0.019  0.98502    
agecat75+             -15.59997 1553.31201  -0.010  0.99199    
agecatMissing         -15.67515 2086.90003  -0.008  0.99401    
female                  0.15010    0.16967   0.885  0.37635    
racewhiteYes            0.06070    0.19977   0.304  0.76125    
racewhiteMissing       -0.27137    0.72951  -0.372  0.70990    
gichronYes              0.04147    0.58918   0.070  0.94388    
anim_anyYes             0.03455    0.19853   0.174  0.86186    
gicontactbaseYes        1.04397    0.22917   4.555 5.23e-06 ***
gicontactbaseMissing  -14.91078 1117.80754  -0.013  0.98936    
rawfood                 0.20948    0.21137   0.991  0.32166    
---
Signif. codes:  0 ‘***’ 0.001 ‘**’ 0.01 ‘*’ 0.05 ‘.’ 0.1 ‘ ’ 1

(Dispersion parameter for poisson family taken to be 1)

    Null deviance: 924.64  on 3742  degrees of freedom
Residual deviance: 887.88  on 3724  degrees of freedom
AIC: 1207.9

Number of Fisher Scoring iterations: 16



Robust, Sandwich Standard Errors Account for Clustering:

z test of coefficients:

                       Estimate Std. Error  z value  Pr(>|z|)    
(Intercept)           -2.982520   0.329281  -9.0577 < 2.2e-16 ***
fpc1602.pres1          0.487732   0.381522   1.2784  0.201114    
agecat5-14            -0.583675   0.282560  -2.0657  0.038860 *  
agecat15-24           -0.986498   0.381935  -2.5829  0.009798 ** 
agecat25-34           -0.745073   0.358245  -2.0798  0.037545 *  
agecat35-44           -0.324627   0.320384  -1.0132  0.310944    
agecat45-54           -0.679153   0.350944  -1.9352  0.052964 .  
agecat55-64           -1.180759   0.519345  -2.2736  0.022993 *  
agecat65-74          -15.572777   0.322580 -48.2757 < 2.2e-16 ***
agecat75+            -15.599974   0.400118 -38.9884 < 2.2e-16 ***
agecatMissing        -15.675149   0.511735 -30.6314 < 2.2e-16 ***
female                 0.150097   0.157169   0.9550  0.339578    
racewhiteYes           0.060699   0.238783   0.2542  0.799341    
racewhiteMissing      -0.271370   0.656886  -0.4131  0.679522    
gichronYes             0.041472   0.586861   0.0707  0.943663    
anim_anyYes            0.034546   0.221563   0.1559  0.876096    
gicontactbaseYes       1.043970   0.262218   3.9813 6.854e-05 ***
gicontactbaseMissing -14.910777   0.317419 -46.9751 < 2.2e-16 ***
rawfood                0.209479   0.216021   0.9697  0.332187    
---
Signif. codes:  0 ‘***’ 0.001 ‘**’ 0.01 ‘*’ 0.05 ‘.’ 0.1 ‘ ’ 1

> 
> # doheny
> dofit3.fmc1601 = mpreg(gici3~fmc1601.pres+agecat+female+racewhite+gichron+anim_any+gicontactbase+rawfood,
+      dat=doheny[!is.na(doheny$fmc1601.pres),],vcv=T)

Call:
glm(formula = formula, family = poisson(link = "log"), data = dat)

Deviance Residuals: 
    Min       1Q   Median       3Q      Max  
-1.0055  -0.2541  -0.2204  -0.1521   2.6349  

Coefficients:
                       Estimate Std. Error z value Pr(>|z|)    
(Intercept)            -2.71547    0.76352  -3.556 0.000376 ***
fmc1601.pres1          -0.24637    0.61349  -0.402 0.687992    
agecat5-14             -0.47118    0.51996  -0.906 0.364834    
agecat15-24            -0.32073    0.67757  -0.473 0.635966    
agecat25-34             0.32215    0.61684   0.522 0.601487    
agecat35-44            -1.26348    0.84284  -1.499 0.133855    
agecat45-54           -17.26307 1459.67064  -0.012 0.990564    
agecat55-64           -17.18035 2218.01426  -0.008 0.993820    
agecat65-74           -17.08325 8970.61087  -0.002 0.998481    
agecatMissing         -17.94085 7092.67415  -0.003 0.997982    
female                 -0.08068    0.35785  -0.225 0.821636    
racewhiteYes           -0.20389    0.35515  -0.574 0.565903    
racewhiteMissing      -16.59612 3475.51366  -0.005 0.996190    
gichronYes            -16.58580 3824.25959  -0.004 0.996540    
anim_anyYes            -0.56597    0.53602  -1.056 0.291026    
gicontactbaseYes        2.03823    0.44340   4.597 4.29e-06 ***
gicontactbaseMissing    1.37873    0.74452   1.852 0.064048 .  
rawfood                -0.25696    0.62677  -0.410 0.681823    
---
Signif. codes:  0 ‘***’ 0.001 ‘**’ 0.01 ‘*’ 0.05 ‘.’ 0.1 ‘ ’ 1

(Dispersion parameter for poisson family taken to be 1)

    Null deviance: 229.61  on 1069  degrees of freedom
Residual deviance: 194.45  on 1052  degrees of freedom
AIC: 296.45

Number of Fisher Scoring iterations: 18



Robust, Sandwich Standard Errors Account for Clustering:

z test of coefficients:

                       Estimate Std. Error  z value  Pr(>|z|)    
(Intercept)           -2.715469   0.776759  -3.4959 0.0004725 ***
fmc1601.pres1         -0.246366   0.640830  -0.3844 0.7006467    
agecat5-14            -0.471179   0.439717  -1.0716 0.2839216    
agecat15-24           -0.320726   0.638265  -0.5025 0.6153180    
agecat25-34            0.322153   0.520611   0.6188 0.5360492    
agecat35-44           -1.263481   0.822640  -1.5359 0.1245666    
agecat45-54          -17.263067   0.472364 -36.5461 < 2.2e-16 ***
agecat55-64          -17.180350   0.520692 -32.9952 < 2.2e-16 ***
agecat65-74          -17.083250   0.670309 -25.4856 < 2.2e-16 ***
agecatMissing        -17.940845   0.835176 -21.4815 < 2.2e-16 ***
female                -0.080675   0.346675  -0.2327 0.8159851    
racewhiteYes          -0.203892   0.372998  -0.5466 0.5846333    
racewhiteMissing     -16.596125   0.604476 -27.4554 < 2.2e-16 ***
gichronYes           -16.585797   0.778378 -21.3081 < 2.2e-16 ***
anim_anyYes           -0.565970   0.499551  -1.1330 0.2572329    
gicontactbaseYes       2.038232   0.367129   5.5518 2.827e-08 ***
gicontactbaseMissing   1.378732   0.752592   1.8320 0.0669545 .  
rawfood               -0.256963   0.622255  -0.4130 0.6796399    
---
Signif. codes:  0 ‘***’ 0.001 ‘**’ 0.01 ‘*’ 0.05 ‘.’ 0.1 ‘ ’ 1

Warning message:
glm.fit: fitted rates numerically 0 occurred 
> dofit3.fmc1602 = mpreg(gici3~fmc1602.pres+agecat+female+racewhite+gichron+anim_any+gicontactbase+rawfood,
+     dat=doheny,vcv=T)

Call:
glm(formula = formula, family = poisson(link = "log"), data = dat)

Deviance Residuals: 
    Min       1Q   Median       3Q      Max  
-0.5416  -0.2667  -0.2374  -0.2229   2.7674  

Coefficients:
                      Estimate Std. Error z value Pr(>|z|)    
(Intercept)           -2.97540    0.32105  -9.268  < 2e-16 ***
fmc1602.pres1          0.15816    0.22973   0.688  0.49116    
agecat5-14            -0.76989    0.25521  -3.017  0.00256 ** 
agecat15-24           -0.48028    0.31994  -1.501  0.13332    
agecat25-34           -0.71948    0.36481  -1.972  0.04858 *  
agecat35-44           -0.80182    0.33045  -2.426  0.01525 *  
agecat45-54           -0.79968    0.37630  -2.125  0.03358 *  
agecat55-64           -2.29565    1.02617  -2.237  0.02528 *  
agecat65-74            0.04305    1.02580   0.042  0.96653    
agecatMissing        -13.69868  555.43590  -0.025  0.98032    
female                 0.05862    0.17606   0.333  0.73918    
racewhiteYes           0.01797    0.18766   0.096  0.92370    
racewhiteMissing      -0.85504    1.01235  -0.845  0.39833    
gichronYes             0.56738    0.59164   0.959  0.33756    
anim_anyYes           -0.29705    0.23564  -1.261  0.20746    
gicontactbaseYes       0.53806    0.34842   1.544  0.12252    
gicontactbaseMissing   1.03775    0.46042   2.254  0.02420 *  
rawfood                0.23300    0.22546   1.033  0.30139    
---
Signif. codes:  0 ‘***’ 0.001 ‘**’ 0.01 ‘*’ 0.05 ‘.’ 0.1 ‘ ’ 1

(Dispersion parameter for poisson family taken to be 1)

    Null deviance: 920.05  on 4149  degrees of freedom
Residual deviance: 895.33  on 4132  degrees of freedom
AIC: 1199.3

Number of Fisher Scoring iterations: 14



Robust, Sandwich Standard Errors Account for Clustering:

z test of coefficients:

                       Estimate Std. Error  z value  Pr(>|z|)    
(Intercept)           -2.975403   0.351279  -8.4702 < 2.2e-16 ***
fmc1602.pres1          0.158161   0.284232   0.5564  0.577904    
agecat5-14            -0.769887   0.253216  -3.0404  0.002362 ** 
agecat15-24           -0.480278   0.300729  -1.5970  0.110256    
agecat25-34           -0.719480   0.336424  -2.1386  0.032467 *  
agecat35-44           -0.801821   0.336476  -2.3830  0.017172 *  
agecat45-54           -0.799679   0.338377  -2.3633  0.018114 *  
agecat55-64           -2.295655   1.014696  -2.2624  0.023672 *  
agecat65-74            0.043048   0.969144   0.0444  0.964570    
agecatMissing        -13.698682   0.414236 -33.0697 < 2.2e-16 ***
female                 0.058617   0.179576   0.3264  0.744105    
racewhiteYes           0.017974   0.214148   0.0839  0.933112    
racewhiteMissing      -0.855036   0.991696  -0.8622  0.388580    
gichronYes             0.567382   0.576424   0.9843  0.324961    
anim_anyYes           -0.297046   0.251988  -1.1788  0.238475    
gicontactbaseYes       0.538058   0.366553   1.4679  0.142135    
gicontactbaseMissing   1.037746   0.523285   1.9831  0.047352 *  
rawfood                0.233004   0.242739   0.9599  0.337108    
---
Signif. codes:  0 ‘***’ 0.001 ‘**’ 0.01 ‘*’ 0.05 ‘.’ 0.1 ‘ ’ 1

> dofit3.fpc1601 = mpreg(gici3~fpc1601.pres+agecat+female+racewhite+gichron+anim_any+gicontactbase+rawfood,
+     dat=doheny,vcv=T)

Call:
glm(formula = formula, family = poisson(link = "log"), data = dat)

Deviance Residuals: 
    Min       1Q   Median       3Q      Max  
-0.5772  -0.2669  -0.2375  -0.2282   2.7885  

Coefficients:
                      Estimate Std. Error z value Pr(>|z|)    
(Intercept)           -2.76533    0.33366  -8.288   <2e-16 ***
fpc1601.pres1         -0.10417    0.24959  -0.417   0.6764    
agecat5-14            -0.75733    0.25522  -2.967   0.0030 ** 
agecat15-24           -0.46573    0.31994  -1.456   0.1455    
agecat25-34           -0.71156    0.36473  -1.951   0.0511 .  
agecat35-44           -0.79210    0.33028  -2.398   0.0165 *  
agecat45-54           -0.78843    0.37618  -2.096   0.0361 *  
agecat55-64           -2.30567    1.02618  -2.247   0.0246 *  
agecat65-74            0.01924    1.02703   0.019   0.9851    
agecatMissing        -13.67545  555.17864  -0.025   0.9803    
female                 0.05852    0.17606   0.332   0.7396    
racewhiteYes           0.01372    0.18769   0.073   0.9417    
racewhiteMissing      -0.87068    1.01220  -0.860   0.3897    
gichronYes             0.57375    0.59154   0.970   0.3321    
anim_anyYes           -0.29117    0.23553  -1.236   0.2164    
gicontactbaseYes       0.53773    0.34828   1.544   0.1226    
gicontactbaseMissing   1.06348    0.46158   2.304   0.0212 *  
rawfood                0.23649    0.22552   1.049   0.2944    
---
Signif. codes:  0 ‘***’ 0.001 ‘**’ 0.01 ‘*’ 0.05 ‘.’ 0.1 ‘ ’ 1

(Dispersion parameter for poisson family taken to be 1)

    Null deviance: 920.05  on 4149  degrees of freedom
Residual deviance: 895.65  on 4132  degrees of freedom
AIC: 1199.6

Number of Fisher Scoring iterations: 14



Robust, Sandwich Standard Errors Account for Clustering:

z test of coefficients:

                       Estimate Std. Error  z value  Pr(>|z|)    
(Intercept)           -2.765327   0.373739  -7.3991 1.371e-13 ***
fpc1601.pres1         -0.104172   0.324876  -0.3207  0.748475    
agecat5-14            -0.757331   0.254187  -2.9794  0.002888 ** 
agecat15-24           -0.465727   0.302203  -1.5411  0.123290    
agecat25-34           -0.711563   0.336331  -2.1157  0.034373 *  
agecat35-44           -0.792099   0.334908  -2.3651  0.018024 *  
agecat45-54           -0.788427   0.336450  -2.3434  0.019110 *  
agecat55-64           -2.305673   1.014327  -2.2731  0.023020 *  
agecat65-74            0.019242   0.984502   0.0195  0.984407    
agecatMissing        -13.675450   0.412095 -33.1852 < 2.2e-16 ***
female                 0.058520   0.180122   0.3249  0.745263    
racewhiteYes           0.013717   0.213733   0.0642  0.948827    
racewhiteMissing      -0.870677   0.993387  -0.8765  0.380773    
gichronYes             0.573747   0.578559   0.9917  0.321352    
anim_anyYes           -0.291171   0.250492  -1.1624  0.245075    
gicontactbaseYes       0.537732   0.355319   1.5134  0.130184    
gicontactbaseMissing   1.063482   0.527326   2.0167  0.043722 *  
rawfood                0.236488   0.242497   0.9752  0.329451    
---
Signif. codes:  0 ‘***’ 0.001 ‘**’ 0.01 ‘*’ 0.05 ‘.’ 0.1 ‘ ’ 1

> dofit3.fpc1602 = mpreg(gici3~fpc1602.pres+agecat+female+racewhite+gichron+anim_any+gicontactbase+rawfood,
+     dat=doheny,vcv=T)

Call:
glm(formula = formula, family = poisson(link = "log"), data = dat)

Deviance Residuals: 
    Min       1Q   Median       3Q      Max  
-0.5819  -0.2673  -0.2376  -0.2300   2.7668  

Coefficients:
                      Estimate Std. Error z value Pr(>|z|)    
(Intercept)           -2.83162    0.26410 -10.722   <2e-16 ***
fpc1602.pres1         -0.38453    0.38973  -0.987   0.3238    
agecat5-14            -0.76805    0.25501  -3.012   0.0026 ** 
agecat15-24           -0.46704    0.31968  -1.461   0.1440    
agecat25-34           -0.72410    0.36492  -1.984   0.0472 *  
agecat35-44           -0.80106    0.33033  -2.425   0.0153 *  
agecat45-54           -0.78871    0.37589  -2.098   0.0359 *  
agecat55-64           -2.28986    1.02612  -2.232   0.0256 *  
agecat65-74            0.02492    1.02597   0.024   0.9806    
agecatMissing        -13.70335  555.56455  -0.025   0.9803    
female                 0.05762    0.17602   0.327   0.7434    
racewhiteYes           0.02336    0.18776   0.124   0.9010    
racewhiteMissing      -0.85657    1.01219  -0.846   0.3974    
gichronYes             0.56032    0.59165   0.947   0.3436    
anim_anyYes           -0.29312    0.23551  -1.245   0.2133    
gicontactbaseYes       0.55222    0.34840   1.585   0.1130    
gicontactbaseMissing   1.03208    0.46040   2.242   0.0250 *  
rawfood                0.24428    0.22580   1.082   0.2793    
---
Signif. codes:  0 ‘***’ 0.001 ‘**’ 0.01 ‘*’ 0.05 ‘.’ 0.1 ‘ ’ 1

(Dispersion parameter for poisson family taken to be 1)

    Null deviance: 920.05  on 4149  degrees of freedom
Residual deviance: 894.73  on 4132  degrees of freedom
AIC: 1198.7

Number of Fisher Scoring iterations: 14



Robust, Sandwich Standard Errors Account for Clustering:

z test of coefficients:

                       Estimate Std. Error  z value Pr(>|z|)    
(Intercept)           -2.831617   0.259096 -10.9288  < 2e-16 ***
fpc1602.pres1         -0.384529   0.432320  -0.8895  0.37376    
agecat5-14            -0.768051   0.253424  -3.0307  0.00244 ** 
agecat15-24           -0.467043   0.302951  -1.5416  0.12316    
agecat25-34           -0.724102   0.337000  -2.1487  0.03166 *  
agecat35-44           -0.801065   0.335654  -2.3866  0.01701 *  
agecat45-54           -0.788711   0.338129  -2.3326  0.01967 *  
agecat55-64           -2.289864   1.013495  -2.2594  0.02386 *  
agecat65-74            0.024922   0.970229   0.0257  0.97951    
agecatMissing        -13.703347   0.413136 -33.1691  < 2e-16 ***
female                 0.057619   0.179813   0.3204  0.74864    
racewhiteYes           0.023357   0.213942   0.1092  0.91306    
racewhiteMissing      -0.856571   0.991087  -0.8643  0.38744    
gichronYes             0.560323   0.578377   0.9688  0.33265    
anim_anyYes           -0.293125   0.250662  -1.1694  0.24224    
gicontactbaseYes       0.552218   0.361648   1.5269  0.12677    
gicontactbaseMissing   1.032084   0.525808   1.9629  0.04966 *  
rawfood                0.244285   0.242626   1.0068  0.31401    
---
Signif. codes:  0 ‘***’ 0.001 ‘**’ 0.01 ‘*’ 0.05 ‘.’ 0.1 ‘ ’ 1

> 
> # fairhope
> fafit3.fpc1601 = mpreg(gici3~fpc1601.pres+agecat+female+racewhite+gichron+anim_any+gicontactbase+rawfood,
+     dat=fairhope[!is.na(fairhope$fpc1601.pres),],vcv=T)

Call:
glm(formula = formula, family = poisson(link = "log"), data = dat)

Deviance Residuals: 
    Min       1Q   Median       3Q      Max  
-0.9699  -0.3568  -0.3203  -0.2858   2.1937  

Coefficients:
                   Estimate Std. Error z value Pr(>|z|)  
(Intercept)        -0.58196    0.95456  -0.610   0.5421  
fpc1601.pres1      -1.34106    0.82487  -1.626   0.1040  
agecat5-14         -0.87532    0.58120  -1.506   0.1321  
agecat15-24        -0.69723    0.72738  -0.959   0.3378  
agecat25-34        -1.69750    1.08823  -1.560   0.1188  
agecat35-44        -0.76824    0.89395  -0.859   0.3901  
agecat45-54        -0.90320    1.09725  -0.823   0.4104  
agecat55-64         1.47425    0.85899   1.716   0.0861 .
agecat65-74         0.26992    1.11207   0.243   0.8082  
agecat75+         -15.07414 2452.14635  -0.006   0.9951  
female             -0.17159    0.44585  -0.385   0.7003  
racewhiteYes       -1.06290    0.54640  -1.945   0.0517 .
gichronYes        -14.33133 2000.79532  -0.007   0.9943  
anim_anyYes         0.92905    0.58047   1.601   0.1095  
gicontactbaseYes    0.55416    0.70703   0.784   0.4332  
rawfood            -0.06145    0.67259  -0.091   0.9272  
---
Signif. codes:  0 ‘***’ 0.001 ‘**’ 0.01 ‘*’ 0.05 ‘.’ 0.1 ‘ ’ 1

(Dispersion parameter for poisson family taken to be 1)

    Null deviance: 117.83  on 297  degrees of freedom
Residual deviance: 102.49  on 282  degrees of freedom
AIC: 180.49

Number of Fisher Scoring iterations: 15



Robust, Sandwich Standard Errors Account for Clustering:

z test of coefficients:

                   Estimate Std. Error  z value  Pr(>|z|)    
(Intercept)       -0.581957   0.830119  -0.7011  0.483270    
fpc1601.pres1     -1.341061   0.743517  -1.8037  0.071283 .  
agecat5-14        -0.875317   0.480896  -1.8202  0.068732 .  
agecat15-24       -0.697227   0.784306  -0.8890  0.374018    
agecat25-34       -1.697497   1.059913  -1.6015  0.109256    
agecat35-44       -0.768242   0.725951  -1.0583  0.289939    
agecat45-54       -0.903196   1.122255  -0.8048  0.420932    
agecat55-64        1.474247   0.548786   2.6864  0.007223 ** 
agecat65-74        0.269915   1.039739   0.2596  0.795173    
agecat75+        -15.074137   0.895975 -16.8243 < 2.2e-16 ***
female            -0.171588   0.439130  -0.3907  0.695986    
racewhiteYes      -1.062895   0.513481  -2.0700  0.038454 *  
gichronYes       -14.331335   0.676917 -21.1715 < 2.2e-16 ***
anim_anyYes        0.929053   0.580509   1.6004  0.109508    
gicontactbaseYes   0.554155   0.637847   0.8688  0.384962    
rawfood           -0.061453   0.554621  -0.1108  0.911773    
---
Signif. codes:  0 ‘***’ 0.001 ‘**’ 0.01 ‘*’ 0.05 ‘.’ 0.1 ‘ ’ 1

> 
> # goddard
> # fpc 1601 always present at goddard
> 
> # malibu
> # fmc 1602 and fpc 1602 always present at malibu
> mafit3.fpc1601 = mpreg(gici3~fpc1601.pres+agecat+female+racewhite+gichron+anim_any+gicontactbase+rawfood,
+     dat=malibu[!is.na(malibu$fpc1601.pres),],vcv=T)

Call:
glm(formula = formula, family = poisson(link = "log"), data = dat)

Deviance Residuals: 
    Min       1Q   Median       3Q      Max  
-0.6883  -0.2813  -0.2405  -0.2093   2.5238  

Coefficients:
                   Estimate Std. Error z value Pr(>|z|)    
(Intercept)        -2.74420    0.36285  -7.563 3.94e-14 ***
fpc1601.pres1      -0.34020    0.22816  -1.491   0.1359    
agecat5-14         -0.60613    0.37957  -1.597   0.1103    
agecat15-24        -0.83227    0.46809  -1.778   0.0754 .  
agecat25-34        -0.33807    0.40691  -0.831   0.4061    
agecat35-44        -0.14570    0.39270  -0.371   0.7106    
agecat45-54        -0.63591    0.49243  -1.291   0.1966    
agecat55-64        -0.84042    0.77619  -1.083   0.2789    
agecat65-74       -16.34644 2045.73169  -0.008   0.9936    
agecat75+         -16.63659 4898.92486  -0.003   0.9973    
female             -0.05161    0.22963  -0.225   0.8222    
racewhiteYes       -0.19284    0.23474  -0.822   0.4114    
racewhiteMissing  -15.85054  853.39247  -0.019   0.9852    
gichronYes          1.16329    0.52624   2.211   0.0271 *  
anim_anyYes         0.06615    0.27935   0.237   0.8128    
gicontactbaseYes    0.28632    0.46608   0.614   0.5390    
rawfood             0.29583    0.26538   1.115   0.2650    
---
Signif. codes:  0 ‘***’ 0.001 ‘**’ 0.01 ‘*’ 0.05 ‘.’ 0.1 ‘ ’ 1

(Dispersion parameter for poisson family taken to be 1)

    Null deviance: 539.05  on 2394  degrees of freedom
Residual deviance: 515.13  on 2378  degrees of freedom
AIC: 707.13

Number of Fisher Scoring iterations: 17



Robust, Sandwich Standard Errors Account for Clustering:

z test of coefficients:

                   Estimate Std. Error  z value  Pr(>|z|)    
(Intercept)       -2.744202   0.366455  -7.4885 6.966e-14 ***
fpc1601.pres1     -0.340203   0.243391  -1.3978   0.16218    
agecat5-14        -0.606130   0.363240  -1.6687   0.09518 .  
agecat15-24       -0.832272   0.455436  -1.8274   0.06764 .  
agecat25-34       -0.338073   0.388189  -0.8709   0.38381    
agecat35-44       -0.145700   0.371827  -0.3918   0.69517    
agecat45-54       -0.635907   0.490674  -1.2960   0.19498    
agecat55-64       -0.840416   0.768753  -1.0932   0.27430    
agecat65-74      -16.346441   0.466449 -35.0444 < 2.2e-16 ***
agecat75+        -16.636595   0.914433 -18.1933 < 2.2e-16 ***
female            -0.051606   0.217844  -0.2369   0.81274    
racewhiteYes      -0.192841   0.259765  -0.7424   0.45786    
racewhiteMissing -15.850536   0.266437 -59.4907 < 2.2e-16 ***
gichronYes         1.163289   0.538581   2.1599   0.03078 *  
anim_anyYes        0.066146   0.292142   0.2264   0.82088    
gicontactbaseYes   0.286319   0.476190   0.6013   0.54766    
rawfood            0.295825   0.291070   1.0163   0.30947    
---
Signif. codes:  0 ‘***’ 0.001 ‘**’ 0.01 ‘*’ 0.05 ‘.’ 0.1 ‘ ’ 1

Warning message:
glm.fit: fitted rates numerically 0 occurred 
> 
> # mission bay
> mbfit3.fmc1601 = mpreg(gici3~fmc1601.pres+agecat+female+racewhite+gichron+anim_any+gicontactbase+rawfood,
+     dat=mission[!is.na(mission$fmc1601.pres),],vcv=T)

Call:
glm(formula = formula, family = poisson(link = "log"), data = dat)

Deviance Residuals: 
     Min        1Q    Median        3Q       Max  
-0.73399  -0.31140  -0.23207  -0.00004   2.68090  

Coefficients:
                       Estimate Std. Error z value Pr(>|z|)    
(Intercept)          -2.623e+00  2.624e-01  -9.995   <2e-16 ***
fmc1601.pres1        -3.736e-02  1.960e-01  -0.191   0.8488    
agecat5-14           -3.523e-01  2.467e-01  -1.428   0.1532    
agecat15-24          -5.342e-01  3.788e-01  -1.410   0.1585    
agecat25-34          -3.232e-01  3.323e-01  -0.973   0.3307    
agecat35-44          -1.153e+00  4.619e-01  -2.497   0.0125 *  
agecat45-54           1.709e-01  4.056e-01   0.421   0.6736    
agecat55-64          -1.817e+01  4.072e+03  -0.004   0.9964    
agecat65-74          -1.821e+01  6.957e+03  -0.003   0.9979    
agecat75+            -1.846e+01  1.276e+04  -0.001   0.9988    
agecatMissing        -1.396e+00  1.021e+00  -1.367   0.1716    
female               -4.578e-01  1.904e-01  -2.404   0.0162 *  
racewhiteYes          5.333e-01  2.278e-01   2.341   0.0192 *  
racewhiteMissing     -1.794e+01  7.485e+02  -0.024   0.9809    
gichronYes            6.442e-01  6.028e-01   1.069   0.2852    
anim_anyYes           3.178e-01  2.150e-01   1.478   0.1394    
gicontactbaseYes      9.123e-02  5.890e-01   0.155   0.8769    
gicontactbaseMissing -1.749e+01  1.956e+03  -0.009   0.9929    
rawfood              -3.123e-01  2.088e-01  -1.496   0.1347    
---
Signif. codes:  0 ‘***’ 0.001 ‘**’ 0.01 ‘*’ 0.05 ‘.’ 0.1 ‘ ’ 1

(Dispersion parameter for poisson family taken to be 1)

    Null deviance: 824.20  on 3877  degrees of freedom
Residual deviance: 701.55  on 3859  degrees of freedom
AIC: 975.55

Number of Fisher Scoring iterations: 19



Robust, Sandwich Standard Errors Account for Clustering:

z test of coefficients:

                       Estimate Std. Error   z value  Pr(>|z|)    
(Intercept)           -2.622621   0.268761   -9.7582 < 2.2e-16 ***
fmc1601.pres1         -0.037361   0.226482   -0.1650  0.868974    
agecat5-14            -0.352308   0.258271   -1.3641  0.172534    
agecat15-24           -0.534165   0.401780   -1.3295  0.183685    
agecat25-34           -0.323255   0.312342   -1.0349  0.300698    
agecat35-44           -1.153336   0.435893   -2.6459  0.008147 ** 
agecat45-54            0.170848   0.416082    0.4106  0.681357    
agecat55-64          -18.172141   0.327260  -55.5282 < 2.2e-16 ***
agecat65-74          -18.208280   0.477506  -38.1320 < 2.2e-16 ***
agecat75+            -18.461524   0.554005  -33.3238 < 2.2e-16 ***
agecatMissing         -1.395962   1.024084   -1.3631  0.172841    
female                -0.457769   0.184491   -2.4813  0.013092 *  
racewhiteYes           0.533277   0.276193    1.9308  0.053506 .  
racewhiteMissing     -17.943621   0.143671 -124.8937 < 2.2e-16 ***
gichronYes             0.644198   0.640965    1.0050  0.314876    
anim_anyYes            0.317762   0.254657    1.2478  0.212103    
gicontactbaseYes       0.091232   0.465826    0.1958  0.844728    
gicontactbaseMissing -17.492375   0.208252  -83.9961 < 2.2e-16 ***
rawfood               -0.312315   0.244436   -1.2777  0.201356    
---
Signif. codes:  0 ‘***’ 0.001 ‘**’ 0.01 ‘*’ 0.05 ‘.’ 0.1 ‘ ’ 1

Warning message:
glm.fit: fitted rates numerically 0 occurred 
> mbfit3.fpc1601 = mpreg(gici3~fpc1601.pres+agecat+female+racewhite+gichron+anim_any+gicontactbase+rawfood,
+     dat=mission[!is.na(mission$fpc1601.pres),],vcv=T)

Call:
glm(formula = formula, family = poisson(link = "log"), data = dat)

Deviance Residuals: 
     Min        1Q    Median        3Q       Max  
-0.73689  -0.30881  -0.23092  -0.00004   2.68576  

Coefficients:
                       Estimate Std. Error z value Pr(>|z|)    
(Intercept)             -2.6499     0.2284 -11.601   <2e-16 ***
fpc1601.pres1            0.5729     0.3959   1.447   0.1478    
agecat5-14              -0.3658     0.2470  -1.481   0.1386    
agecat15-24             -0.5515     0.3791  -1.455   0.1457    
agecat25-34             -0.3369     0.3324  -1.013   0.3108    
agecat35-44             -1.1741     0.4621  -2.541   0.0111 *  
agecat45-54              0.1506     0.4062   0.371   0.7108    
agecat55-64            -18.1506  4077.9546  -0.004   0.9964    
agecat65-74            -18.2332  7039.9268  -0.003   0.9979    
agecat75+              -18.4711 12761.1007  -0.001   0.9988    
agecatMissing           -1.4019     1.0211  -1.373   0.1698    
female                  -0.4569     0.1904  -2.400   0.0164 *  
racewhiteYes             0.5151     0.2281   2.258   0.0239 *  
racewhiteMissing       -17.9495   747.8846  -0.024   0.9809    
gichronYes               0.6804     0.6034   1.128   0.2595    
anim_anyYes              0.2882     0.2169   1.329   0.1840    
gicontactbaseYes         0.1064     0.5890   0.181   0.8567    
gicontactbaseMissing   -17.5177  1953.7834  -0.009   0.9928    
rawfood                 -0.3156     0.2084  -1.514   0.1300    
---
Signif. codes:  0 ‘***’ 0.001 ‘**’ 0.01 ‘*’ 0.05 ‘.’ 0.1 ‘ ’ 1

(Dispersion parameter for poisson family taken to be 1)

    Null deviance: 824.20  on 3877  degrees of freedom
Residual deviance: 699.79  on 3859  degrees of freedom
AIC: 973.79

Number of Fisher Scoring iterations: 19



Robust, Sandwich Standard Errors Account for Clustering:

z test of coefficients:

                      Estimate Std. Error   z value  Pr(>|z|)    
(Intercept)           -2.64994    0.22842  -11.6010 < 2.2e-16 ***
fpc1601.pres1          0.57290    0.44594    1.2847  0.198892    
agecat5-14            -0.36579    0.26109   -1.4010  0.161206    
agecat15-24           -0.55146    0.40693   -1.3552  0.175363    
agecat25-34           -0.33691    0.31114   -1.0828  0.278893    
agecat35-44           -1.17414    0.43760   -2.6831  0.007294 ** 
agecat45-54            0.15064    0.41801    0.3604  0.718574    
agecat55-64          -18.15063    0.32407  -56.0084 < 2.2e-16 ***
agecat65-74          -18.23325    0.47881  -38.0803 < 2.2e-16 ***
agecat75+            -18.47109    0.54907  -33.6405 < 2.2e-16 ***
agecatMissing         -1.40190    1.02378   -1.3693  0.170891    
female                -0.45688    0.18517   -2.4673  0.013613 *  
racewhiteYes           0.51514    0.28232    1.8247  0.068052 .  
racewhiteMissing     -17.94954    0.14361 -124.9920 < 2.2e-16 ***
gichronYes             0.68037    0.64091    1.0616  0.288431    
anim_anyYes            0.28817    0.25189    1.1441  0.252600    
gicontactbaseYes       0.10636    0.46650    0.2280  0.819651    
gicontactbaseMissing -17.51765    0.20827  -84.1098 < 2.2e-16 ***
rawfood               -0.31561    0.24544   -1.2859  0.198481    
---
Signif. codes:  0 ‘***’ 0.001 ‘**’ 0.01 ‘*’ 0.05 ‘.’ 0.1 ‘ ’ 1

Warning message:
glm.fit: fitted rates numerically 0 occurred 
> 
> 
> #-----------------------------------------
> # 3-day illness and coliphage concentration
> # by berm and groundwater flow conditions
> # by beach
> 
> # interaction tests
> #-----------------------------------------
> # reduced model for LR test
> avfit3.fmc1602.glm = glm(gici3~fmc1602.pres+groundwater+agecat+female+racewhite+gichron+anim_any+gicontactbase+rawfood,
+     dat=avalon,family=poisson(link="log"))
> # interaction model
> avfit3.fmc1602.gw = glm(gici3~fmc1602.pres*groundwater+agecat+female+racewhite+gichron+anim_any+gicontactbase+rawfood,
+     family=poisson(link="log"),data=avalon)
> summary(avfit3.fmc1602.gw)

Call:
glm(formula = gici3 ~ fmc1602.pres * groundwater + agecat + female + 
    racewhite + gichron + anim_any + gicontactbase + rawfood, 
    family = poisson(link = "log"), data = avalon)

Deviance Residuals: 
    Min       1Q   Median       3Q      Max  
-0.6973  -0.2945  -0.2509  -0.2129   2.6046  

Coefficients:
                                             Estimate Std. Error z value
(Intercept)                                -3.038e+00  3.787e-01  -8.022
fmc1602.pres1                               8.654e-02  2.666e-01   0.325
groundwaterAbove median flow               -3.185e-01  3.012e-01  -1.058
agecat5-14                                 -5.637e-01  2.901e-01  -1.943
agecat15-24                                -9.293e-01  3.767e-01  -2.467
agecat25-34                                -6.640e-01  3.730e-01  -1.780
agecat35-44                                -2.630e-01  3.193e-01  -0.824
agecat45-54                                -6.324e-01  3.539e-01  -1.787
agecat55-64                                -1.162e+00  5.191e-01  -2.238
agecat65-74                                -1.557e+01  8.259e+02  -0.019
agecat75+                                  -1.549e+01  1.544e+03  -0.010
agecatMissing                              -1.550e+01  2.063e+03  -0.008
female                                      1.336e-01  1.697e-01   0.787
racewhiteYes                                2.766e-02  1.996e-01   0.139
racewhiteMissing                           -3.606e-01  7.298e-01  -0.494
gichronYes                                  1.855e-03  5.892e-01   0.003
anim_anyYes                                 3.884e-02  1.986e-01   0.196
gicontactbaseYes                            1.004e+00  2.298e-01   4.369
gicontactbaseMissing                       -1.504e+01  1.117e+03  -0.013
rawfood                                     2.162e-01  2.115e-01   1.022
fmc1602.pres1:groundwaterAbove median flow  6.906e-01  3.644e-01   1.895
                                           Pr(>|z|)    
(Intercept)                                1.04e-15 ***
fmc1602.pres1                                0.7455    
groundwaterAbove median flow                 0.2903    
agecat5-14                                   0.0520 .  
agecat15-24                                  0.0136 *  
agecat25-34                                  0.0751 .  
agecat35-44                                  0.4101    
agecat45-54                                  0.0740 .  
agecat55-64                                  0.0252 *  
agecat65-74                                  0.9850    
agecat75+                                    0.9920    
agecatMissing                                0.9940    
female                                       0.4312    
racewhiteYes                                 0.8897    
racewhiteMissing                             0.6213    
gichronYes                                   0.9975    
anim_anyYes                                  0.8449    
gicontactbaseYes                           1.25e-05 ***
gicontactbaseMissing                         0.9893    
rawfood                                      0.3066    
fmc1602.pres1:groundwaterAbove median flow   0.0581 .  
---
Signif. codes:  0 ‘***’ 0.001 ‘**’ 0.01 ‘*’ 0.05 ‘.’ 0.1 ‘ ’ 1

(Dispersion parameter for poisson family taken to be 1)

    Null deviance: 924.64  on 3742  degrees of freedom
Residual deviance: 879.63  on 3722  degrees of freedom
AIC: 1203.6

Number of Fisher Scoring iterations: 16

> lrtest(avfit3.fmc1602.glm,avfit3.fmc1602.gw)
Likelihood ratio test

Model 1: gici3 ~ fmc1602.pres + groundwater + agecat + female + racewhite + 
    gichron + anim_any + gicontactbase + rawfood
Model 2: gici3 ~ fmc1602.pres * groundwater + agecat + female + racewhite + 
    gichron + anim_any + gicontactbase + rawfood
  #Df  LogLik Df  Chisq Pr(>Chisq)  
1  20 -582.58                       
2  21 -580.82  1 3.5221    0.06056 .
---
Signif. codes:  0 ‘***’ 0.001 ‘**’ 0.01 ‘*’ 0.05 ‘.’ 0.1 ‘ ’ 1
> 
> # reduced model for LR test
> avfit3.fpc1601.glm = glm(gici3~fpc1601.pres+groundwater+agecat+female+racewhite+gichron+anim_any+gicontactbase+rawfood,
+     dat=avalon,family=poisson(link="log"))
> # interaction model
> avfit3.fpc1601.gw = glm(gici3~fpc1601.pres*groundwater+agecat+female+racewhite+gichron+anim_any+gicontactbase+rawfood,
+     dat=avalon,family=poisson(link="log"))
> summary(avfit3.fpc1601.gw)

Call:
glm(formula = gici3 ~ fpc1601.pres * groundwater + agecat + female + 
    racewhite + gichron + anim_any + gicontactbase + rawfood, 
    family = poisson(link = "log"), data = avalon)

Deviance Residuals: 
    Min       1Q   Median       3Q      Max  
-0.6377  -0.2882  -0.2594  -0.2264   2.5865  

Coefficients:
                                             Estimate Std. Error z value
(Intercept)                                  -2.82183    0.40499  -6.968
fpc1601.pres1                                -0.19247    0.29382  -0.655
groundwaterAbove median flow                 -0.50323    0.41001  -1.227
agecat5-14                                   -0.55110    0.28985  -1.901
agecat15-24                                  -0.97139    0.37703  -2.576
agecat25-34                                  -0.70505    0.37301  -1.890
agecat35-44                                  -0.31509    0.31897  -0.988
agecat45-54                                  -0.67728    0.35364  -1.915
agecat55-64                                  -1.14256    0.51926  -2.200
agecat65-74                                 -15.52246  830.71873  -0.019
agecat75+                                   -15.61368 1554.91106  -0.010
agecatMissing                               -15.68650 2097.73390  -0.007
female                                        0.14803    0.16969   0.872
racewhiteYes                                  0.03325    0.19976   0.166
racewhiteMissing                             -0.28979    0.72959  -0.397
gichronYes                                   -0.01194    0.58972  -0.020
anim_anyYes                                   0.03497    0.19893   0.176
gicontactbaseYes                              1.03144    0.22953   4.494
gicontactbaseMissing                        -14.95611 1119.00203  -0.013
rawfood                                       0.22549    0.21180   1.065
fpc1601.pres1:groundwaterAbove median flow    0.67687    0.45138   1.500
                                           Pr(>|z|)    
(Intercept)                                3.22e-12 ***
fpc1601.pres1                               0.51242    
groundwaterAbove median flow                0.21969    
agecat5-14                                  0.05726 .  
agecat15-24                                 0.00998 ** 
agecat25-34                                 0.05874 .  
agecat35-44                                 0.32323    
agecat45-54                                 0.05547 .  
agecat55-64                                 0.02778 *  
agecat65-74                                 0.98509    
agecat75+                                   0.99199    
agecatMissing                               0.99403    
female                                      0.38301    
racewhiteYes                                0.86778    
racewhiteMissing                            0.69123    
gichronYes                                  0.98385    
anim_anyYes                                 0.86047    
gicontactbaseYes                           7.00e-06 ***
gicontactbaseMissing                        0.98934    
rawfood                                     0.28704    
fpc1601.pres1:groundwaterAbove median flow  0.13374    
---
Signif. codes:  0 ‘***’ 0.001 ‘**’ 0.01 ‘*’ 0.05 ‘.’ 0.1 ‘ ’ 1

(Dispersion parameter for poisson family taken to be 1)

    Null deviance: 924.64  on 3742  degrees of freedom
Residual deviance: 887.23  on 3722  degrees of freedom
AIC: 1211.2

Number of Fisher Scoring iterations: 16

> lrtest(avfit3.fpc1601.glm,avfit3.fpc1601.gw)
Likelihood ratio test

Model 1: gici3 ~ fpc1601.pres + groundwater + agecat + female + racewhite + 
    gichron + anim_any + gicontactbase + rawfood
Model 2: gici3 ~ fpc1601.pres * groundwater + agecat + female + racewhite + 
    gichron + anim_any + gicontactbase + rawfood
  #Df  LogLik Df  Chisq Pr(>Chisq)
1  20 -585.76                     
2  21 -584.62  1 2.2945     0.1298
> 
> # reduced model for LR test
> avfit3.fpc1602.glm = glm(gici3~fpc1602.pres+groundwater+agecat+female+racewhite+gichron+anim_any+gicontactbase+rawfood,
+     dat=avalon,family=poisson(link="log"))
> # interaction model
> avfit3.fpc1602.gw = glm(gici3~fpc1602.pres*groundwater+agecat+female+racewhite+gichron+anim_any+gicontactbase+rawfood,
+     dat=avalon,family=poisson(link="log"))
> summary(avfit3.fpc1602.gw)

Call:
glm(formula = gici3 ~ fpc1602.pres * groundwater + agecat + female + 
    racewhite + gichron + anim_any + gicontactbase + rawfood, 
    family = poisson(link = "log"), data = avalon)

Deviance Residuals: 
    Min       1Q   Median       3Q      Max  
-0.8389  -0.2820  -0.2525  -0.2264   2.4583  

Coefficients:
                                             Estimate Std. Error z value
(Intercept)                                  -2.95727    0.32553  -9.084
fpc1602.pres1                                -0.44784    0.71845  -0.623
groundwaterAbove median flow                 -0.04540    0.17642  -0.257
agecat5-14                                   -0.58488    0.28982  -2.018
agecat15-24                                  -1.00074    0.37628  -2.660
agecat25-34                                  -0.76031    0.37238  -2.042
agecat35-44                                  -0.33313    0.31876  -1.045
agecat45-54                                  -0.68671    0.35314  -1.945
agecat55-64                                  -1.18027    0.51955  -2.272
agecat65-74                                 -15.57576  823.69183  -0.019
agecat75+                                   -15.59991 1552.71819  -0.010
agecatMissing                               -15.68344 2086.08612  -0.008
female                                        0.14172    0.16978   0.835
racewhiteYes                                  0.06126    0.19981   0.307
racewhiteMissing                             -0.27208    0.72966  -0.373
gichronYes                                    0.06515    0.58960   0.110
anim_anyYes                                   0.04966    0.19873   0.250
gicontactbaseYes                              1.04270    0.22952   4.543
gicontactbaseMissing                        -14.93758 1115.89949  -0.013
rawfood                                       0.22102    0.21178   1.044
fpc1602.pres1:groundwaterAbove median flow    1.36333    0.80247   1.699
                                           Pr(>|z|)    
(Intercept)                                 < 2e-16 ***
fpc1602.pres1                               0.53306    
groundwaterAbove median flow                0.79694    
agecat5-14                                  0.04358 *  
agecat15-24                                 0.00782 ** 
agecat25-34                                 0.04118 *  
agecat35-44                                 0.29599    
agecat45-54                                 0.05182 .  
agecat55-64                                 0.02310 *  
agecat65-74                                 0.98491    
agecat75+                                   0.99198    
agecatMissing                               0.99400    
female                                      0.40388    
racewhiteYes                                0.75914    
racewhiteMissing                            0.70923    
gichronYes                                  0.91202    
anim_anyYes                                 0.80268    
gicontactbaseYes                           5.55e-06 ***
gicontactbaseMissing                        0.98932    
rawfood                                     0.29665    
fpc1602.pres1:groundwaterAbove median flow  0.08934 .  
---
Signif. codes:  0 ‘***’ 0.001 ‘**’ 0.01 ‘*’ 0.05 ‘.’ 0.1 ‘ ’ 1

(Dispersion parameter for poisson family taken to be 1)

    Null deviance: 924.64  on 3742  degrees of freedom
Residual deviance: 884.22  on 3722  degrees of freedom
AIC: 1208.2

Number of Fisher Scoring iterations: 16

> lrtest(avfit3.fpc1602.glm,avfit3.fpc1602.gw)
Likelihood ratio test

Model 1: gici3 ~ fpc1602.pres + groundwater + agecat + female + racewhite + 
    gichron + anim_any + gicontactbase + rawfood
Model 2: gici3 ~ fpc1602.pres * groundwater + agecat + female + racewhite + 
    gichron + anim_any + gicontactbase + rawfood
  #Df  LogLik Df  Chisq Pr(>Chisq)  
1  20 -584.91                       
2  21 -583.11  1 3.5954    0.05794 .
---
Signif. codes:  0 ‘***’ 0.001 ‘**’ 0.01 ‘*’ 0.05 ‘.’ 0.1 ‘ ’ 1
> 
> # berm always closed when fmc1601 measured so no interaction assessment
> 
> # reduced model for LR test
> dofit3.fmc1602.glm = glm(gici3~fmc1602.pres+berm+agecat+female+racewhite+gichron+anim_any+gicontactbase+rawfood,
+     dat=doheny,family=poisson(link="log"))
> # interaction model
> dofit3.fmc1602.berm = glm(gici3~fmc1602.pres*berm+agecat+female+racewhite+gichron+anim_any+gicontactbase+rawfood,
+     dat=doheny,family=poisson(link="log"))
> summary(dofit3.fmc1602.berm)

Call:
glm(formula = gici3 ~ fmc1602.pres * berm + agecat + female + 
    racewhite + gichron + anim_any + gicontactbase + rawfood, 
    family = poisson(link = "log"), data = doheny)

Deviance Residuals: 
    Min       1Q   Median       3Q      Max  
-0.5421  -0.2652  -0.2379  -0.2230   2.7665  

Coefficients:
                         Estimate Std. Error z value Pr(>|z|)    
(Intercept)             -2.973195   0.334596  -8.886  < 2e-16 ***
fmc1602.pres1            0.159565   0.254006   0.628  0.52988    
bermOpen                -0.009904   0.552373  -0.018  0.98569    
agecat5-14              -0.769922   0.255376  -3.015  0.00257 ** 
agecat15-24             -0.481256   0.320411  -1.502  0.13310    
agecat25-34             -0.720571   0.365194  -1.973  0.04848 *  
agecat35-44             -0.803063   0.330991  -2.426  0.01526 *  
agecat45-54             -0.800938   0.376776  -2.126  0.03352 *  
agecat55-64             -2.296717   1.026286  -2.238  0.02523 *  
agecat65-74              0.042185   1.025971   0.041  0.96720    
agecatMissing          -13.701210 555.417836  -0.025  0.98032    
female                   0.058743   0.176073   0.334  0.73866    
racewhiteYes             0.018153   0.187684   0.097  0.92295    
racewhiteMissing        -0.856816   1.012840  -0.846  0.39758    
gichronYes               0.567163   0.591719   0.959  0.33781    
anim_anyYes             -0.297399   0.235741  -1.262  0.20711    
gicontactbaseYes         0.537525   0.348609   1.542  0.12309    
gicontactbaseMissing     1.037247   0.460979   2.250  0.02444 *  
rawfood                  0.232818   0.225560   1.032  0.30199    
fmc1602.pres1:bermOpen  -0.004963   0.599800  -0.008  0.99340    
---
Signif. codes:  0 ‘***’ 0.001 ‘**’ 0.01 ‘*’ 0.05 ‘.’ 0.1 ‘ ’ 1

(Dispersion parameter for poisson family taken to be 1)

    Null deviance: 920.05  on 4149  degrees of freedom
Residual deviance: 895.32  on 4130  degrees of freedom
AIC: 1203.3

Number of Fisher Scoring iterations: 14

> lrtest(dofit3.fmc1602.glm,dofit3.fmc1602.berm)
Likelihood ratio test

Model 1: gici3 ~ fmc1602.pres + berm + agecat + female + racewhite + gichron + 
    anim_any + gicontactbase + rawfood
Model 2: gici3 ~ fmc1602.pres * berm + agecat + female + racewhite + gichron + 
    anim_any + gicontactbase + rawfood
  #Df  LogLik Df Chisq Pr(>Chisq)
1  19 -581.66                    
2  20 -581.66  1 1e-04     0.9934
> 
> # reduced model for LR test
> dofit3.fpc1601.glm = glm(gici3~fpc1601.pres+berm+agecat+female+racewhite+gichron+anim_any+gicontactbase+rawfood,
+     dat=doheny,family=poisson(link="log"))
> # interaction model
> dofit3.fpc1601.berm = glm(gici3~fpc1601.pres*berm+agecat+female+racewhite+gichron+anim_any+gicontactbase+rawfood,
+     dat=doheny,family=poisson(link="log"))
> summary(dofit3.fpc1601.berm)

Call:
glm(formula = gici3 ~ fpc1601.pres * berm + agecat + female + 
    racewhite + gichron + anim_any + gicontactbase + rawfood, 
    family = poisson(link = "log"), data = doheny)

Deviance Residuals: 
    Min       1Q   Median       3Q      Max  
-0.5791  -0.2662  -0.2365  -0.2286   2.7873  

Coefficients:
                        Estimate Std. Error z value Pr(>|z|)    
(Intercept)             -2.77948    0.35945  -7.733 1.05e-14 ***
fpc1601.pres1           -0.08315    0.28875  -0.288  0.77337    
bermOpen                 0.06046    0.52271   0.116  0.90792    
agecat5-14              -0.75828    0.25532  -2.970  0.00298 ** 
agecat15-24             -0.46801    0.32030  -1.461  0.14397    
agecat25-34             -0.71403    0.36516  -1.955  0.05054 .  
agecat35-44             -0.79528    0.33100  -2.403  0.01628 *  
agecat45-54             -0.79127    0.37675  -2.100  0.03571 *  
agecat55-64             -2.31004    1.02656  -2.250  0.02443 *  
agecat65-74              0.01767    1.02713   0.017  0.98628    
agecatMissing          -13.67776  555.16002  -0.025  0.98034    
female                   0.05885    0.17607   0.334  0.73820    
racewhiteYes             0.01337    0.18773   0.071  0.94324    
racewhiteMissing        -0.87137    1.01268  -0.860  0.38953    
gichronYes               0.57326    0.59158   0.969  0.33252    
anim_anyYes             -0.29125    0.23561  -1.236  0.21640    
gicontactbaseYes         0.53986    0.34891   1.547  0.12180    
gicontactbaseMissing     1.06357    0.46158   2.304  0.02121 *  
rawfood                  0.23700    0.22557   1.051  0.29340    
fpc1601.pres1:bermOpen  -0.08840    0.57418  -0.154  0.87764    
---
Signif. codes:  0 ‘***’ 0.001 ‘**’ 0.01 ‘*’ 0.05 ‘.’ 0.1 ‘ ’ 1

(Dispersion parameter for poisson family taken to be 1)

    Null deviance: 920.05  on 4149  degrees of freedom
Residual deviance: 895.62  on 4130  degrees of freedom
AIC: 1203.6

Number of Fisher Scoring iterations: 14

> lrtest(dofit3.fpc1601.glm,dofit3.fpc1601.berm)
Likelihood ratio test

Model 1: gici3 ~ fpc1601.pres + berm + agecat + female + racewhite + gichron + 
    anim_any + gicontactbase + rawfood
Model 2: gici3 ~ fpc1601.pres * berm + agecat + female + racewhite + gichron + 
    anim_any + gicontactbase + rawfood
  #Df  LogLik Df  Chisq Pr(>Chisq)
1  19 -581.82                     
2  20 -581.81  1 0.0235     0.8782
> 
> # reduced model for LR test
> dofit3.fpc1602.glm = glm(gici3~fpc1602.pres+berm+agecat+female+racewhite+gichron+anim_any+gicontactbase+rawfood,
+     dat=doheny,family=poisson(link="log"))
> # interaction model
> dofit3.fpc1602.berm = glm(gici3~fpc1602.pres*berm+agecat+female+racewhite+gichron+anim_any+gicontactbase+rawfood,
+     dat=doheny,family=poisson(link="log"))
> summary(dofit3.fpc1602.berm)

Call:
glm(formula = gici3 ~ fpc1602.pres * berm + agecat + female + 
    racewhite + gichron + anim_any + gicontactbase + rawfood, 
    family = poisson(link = "log"), data = doheny)

Deviance Residuals: 
    Min       1Q   Median       3Q      Max  
-0.5787  -0.2683  -0.2394  -0.2263   2.7590  

Coefficients:
                         Estimate Std. Error z value Pr(>|z|)    
(Intercept)             -2.819041   0.268697 -10.492  < 2e-16 ***
fpc1602.pres1           -0.742534   0.511043  -1.453  0.14623    
bermOpen                -0.090985   0.228139  -0.399  0.69003    
agecat5-14              -0.755347   0.255243  -2.959  0.00308 ** 
agecat15-24             -0.457665   0.319970  -1.430  0.15262    
agecat25-34             -0.719316   0.365391  -1.969  0.04900 *  
agecat35-44             -0.797099   0.330869  -2.409  0.01599 *  
agecat45-54             -0.780204   0.376160  -2.074  0.03807 *  
agecat55-64             -2.286576   1.026335  -2.228  0.02589 *  
agecat65-74             -0.009035   1.025994  -0.009  0.99297    
agecatMissing          -13.708022 555.593925  -0.025  0.98032    
female                   0.057559   0.175995   0.327  0.74363    
racewhiteYes             0.021610   0.187850   0.115  0.90842    
racewhiteMissing        -0.863803   1.012661  -0.853  0.39366    
gichronYes               0.541208   0.591826   0.914  0.36047    
anim_anyYes             -0.294157   0.235623  -1.248  0.21188    
gicontactbaseYes         0.539558   0.348884   1.547  0.12198    
gicontactbaseMissing     1.010500   0.460603   2.194  0.02825 *  
rawfood                  0.250343   0.225765   1.109  0.26749    
fpc1602.pres1:bermOpen   1.205009   0.798958   1.508  0.13150    
---
Signif. codes:  0 ‘***’ 0.001 ‘**’ 0.01 ‘*’ 0.05 ‘.’ 0.1 ‘ ’ 1

(Dispersion parameter for poisson family taken to be 1)

    Null deviance: 920.05  on 4149  degrees of freedom
Residual deviance: 892.64  on 4130  degrees of freedom
AIC: 1200.6

Number of Fisher Scoring iterations: 14

> lrtest(dofit3.fpc1602.glm,dofit3.fpc1602.berm)
Likelihood ratio test

Model 1: gici3 ~ fpc1602.pres + berm + agecat + female + racewhite + gichron + 
    anim_any + gicontactbase + rawfood
Model 2: gici3 ~ fpc1602.pres * berm + agecat + female + racewhite + gichron + 
    anim_any + gicontactbase + rawfood
  #Df  LogLik Df  Chisq Pr(>Chisq)
1  19 -581.36                     
2  20 -580.32  1 2.0832     0.1489
> 
> # reduced model for LR test
> mafit3.fpc1601.glm = glm(gici3~fpc1601.pres+agecat+female+racewhite+gichron+anim_any+gicontactbase+rawfood,
+     dat=malibu[!is.na(malibu$fpc1601.pres),],family=poisson(link="log"))
Warning message:
glm.fit: fitted rates numerically 0 occurred 
> # interaction model
> mafit3.fpc1601.berm = glm(gici3~fpc1601.pres*berm+agecat+female+racewhite+gichron+anim_any+gicontactbase+rawfood,
+     dat=malibu[!is.na(malibu$fpc1601.pres),],family=poisson(link="log"))
Warning message:
glm.fit: fitted rates numerically 0 occurred 
> summary(mafit3.fpc1601.berm)

Call:
glm(formula = gici3 ~ fpc1601.pres * berm + agecat + female + 
    racewhite + gichron + anim_any + gicontactbase + rawfood, 
    family = poisson(link = "log"), data = malibu[!is.na(malibu$fpc1601.pres), 
        ])

Deviance Residuals: 
    Min       1Q   Median       3Q      Max  
-0.6914  -0.2840  -0.2416  -0.2068   2.5415  

Coefficients:
                         Estimate Std. Error z value Pr(>|z|)    
(Intercept)              -2.72419    0.36293  -7.506 6.09e-14 ***
fpc1601.pres1            -0.33916    0.26348  -1.287   0.1980    
bermOpen                 -0.71472    1.01409  -0.705   0.4809    
agecat5-14               -0.59354    0.37987  -1.562   0.1182    
agecat15-24              -0.81452    0.46836  -1.739   0.0820 .  
agecat25-34              -0.33852    0.40717  -0.831   0.4057    
agecat35-44              -0.14721    0.39264  -0.375   0.7077    
agecat45-54              -0.63871    0.49250  -1.297   0.1947    
agecat55-64              -0.84271    0.77634  -1.085   0.2777    
agecat65-74             -16.30545 2067.84177  -0.008   0.9937    
agecat75+               -16.65212 4884.53509  -0.003   0.9973    
female                   -0.05428    0.22955  -0.236   0.8131    
racewhiteYes             -0.18849    0.23487  -0.803   0.4223    
racewhiteMissing        -15.86947  853.14932  -0.019   0.9852    
gichronYes                1.16843    0.52685   2.218   0.0266 *  
anim_anyYes               0.05858    0.27969   0.209   0.8341    
gicontactbaseYes          0.27173    0.46625   0.583   0.5600    
rawfood                   0.29771    0.26568   1.121   0.2625    
fpc1601.pres1:bermOpen    0.64866    1.07232   0.605   0.5452    
---
Signif. codes:  0 ‘***’ 0.001 ‘**’ 0.01 ‘*’ 0.05 ‘.’ 0.1 ‘ ’ 1

(Dispersion parameter for poisson family taken to be 1)

    Null deviance: 539.05  on 2394  degrees of freedom
Residual deviance: 514.47  on 2376  degrees of freedom
AIC: 710.47

Number of Fisher Scoring iterations: 17

> lrtest(mafit3.fpc1601.glm,mafit3.fpc1601.berm)
Likelihood ratio test

Model 1: gici3 ~ fpc1601.pres + agecat + female + racewhite + gichron + 
    anim_any + gicontactbase + rawfood
Model 2: gici3 ~ fpc1601.pres * berm + agecat + female + racewhite + gichron + 
    anim_any + gicontactbase + rawfood
  #Df  LogLik Df  Chisq Pr(>Chisq)
1  17 -336.56                     
2  19 -336.23  2 0.6632     0.7178
> 
> #-----------------------------------------
> # 3-day illness and coliphage concentration
> # by berm and groundwater flow conditions
> # by beach
> 
> # stratified estimates
> #-----------------------------------------
> avfit3.fmc1602.gw.1 = mpreg(gici3~fmc1602.pres+agecat+female+racewhite+gichron+anim_any+gicontactbase+rawfood,
+     vcv=T,dat=avalon[avalon$groundwater=="Above median flow",])

Call:
glm(formula = formula, family = poisson(link = "log"), data = dat)

Deviance Residuals: 
    Min       1Q   Median       3Q      Max  
-0.6410  -0.3161  -0.2398  -0.2103   2.6306  

Coefficients:
                       Estimate Std. Error z value Pr(>|z|)    
(Intercept)            -3.29074    0.44834  -7.340 2.14e-13 ***
fmc1602.pres1           0.78258    0.25207   3.105  0.00191 ** 
agecat5-14             -0.54416    0.39211  -1.388  0.16520    
agecat15-24            -1.15768    0.56083  -2.064  0.03900 *  
agecat25-34            -0.31354    0.46974  -0.667  0.50446    
agecat35-44            -0.42697    0.45185  -0.945  0.34470    
agecat45-54            -0.62004    0.49683  -1.248  0.21203    
agecat55-64            -0.92695    0.67857  -1.366  0.17193    
agecat65-74           -15.60627 1271.95373  -0.012  0.99021    
agecat75+             -15.35924 2127.10507  -0.007  0.99424    
agecatMissing         -15.06479 3300.84053  -0.005  0.99636    
female                  0.02360    0.23904   0.099  0.92137    
racewhiteYes            0.05559    0.28903   0.192  0.84749    
racewhiteMissing       -0.34845    1.03610  -0.336  0.73664    
gichronYes              0.09825    0.72872   0.135  0.89275    
anim_anyYes            -0.05343    0.29405  -0.182  0.85580    
gicontactbaseYes        0.84628    0.31882   2.654  0.00795 ** 
gicontactbaseMissing  -15.10790 1532.31282  -0.010  0.99213    
rawfood                 0.22539    0.30251   0.745  0.45623    
---
Signif. codes:  0 ‘***’ 0.001 ‘**’ 0.01 ‘*’ 0.05 ‘.’ 0.1 ‘ ’ 1

(Dispersion parameter for poisson family taken to be 1)

    Null deviance: 458.67  on 1794  degrees of freedom
Residual deviance: 432.12  on 1776  degrees of freedom
AIC: 612.12

Number of Fisher Scoring iterations: 16



Robust, Sandwich Standard Errors Account for Clustering:

z test of coefficients:

                       Estimate Std. Error  z value  Pr(>|z|)    
(Intercept)           -3.290736   0.441112  -7.4601 8.646e-14 ***
fmc1602.pres1          0.782578   0.274175   2.8543  0.004313 ** 
agecat5-14            -0.544159   0.384141  -1.4166  0.156611    
agecat15-24           -1.157677   0.572360  -2.0226  0.043111 *  
agecat25-34           -0.313543   0.438169  -0.7156  0.474254    
agecat35-44           -0.426966   0.444568  -0.9604  0.336851    
agecat45-54           -0.620037   0.491777  -1.2608  0.207377    
agecat55-64           -0.926946   0.677586  -1.3680  0.171308    
agecat65-74          -15.606269   0.476890 -32.7251 < 2.2e-16 ***
agecat75+            -15.359244   0.530391 -28.9583 < 2.2e-16 ***
agecatMissing        -15.064789   0.687496 -21.9125 < 2.2e-16 ***
female                 0.023596   0.229311   0.1029  0.918044    
racewhiteYes           0.055587   0.310330   0.1791  0.857841    
racewhiteMissing      -0.348446   1.050896  -0.3316  0.740213    
gichronYes             0.098251   0.747772   0.1314  0.895465    
anim_anyYes           -0.053434   0.351708  -0.1519  0.879244    
gicontactbaseYes       0.846278   0.388002   2.1811  0.029175 *  
gicontactbaseMissing -15.107904   0.495202 -30.5086 < 2.2e-16 ***
rawfood                0.225387   0.316576   0.7120  0.476494    
---
Signif. codes:  0 ‘***’ 0.001 ‘**’ 0.01 ‘*’ 0.05 ‘.’ 0.1 ‘ ’ 1

> avfit3.fmc1602.gw.0 = mpreg(gici3~fmc1602.pres+agecat+female+racewhite+gichron+anim_any+gicontactbase+rawfood,
+     vcv=T,dat=avalon[avalon$groundwater=="Below median flow",])

Call:
glm(formula = formula, family = poisson(link = "log"), data = dat)

Deviance Residuals: 
    Min       1Q   Median       3Q      Max  
-0.6734  -0.2834  -0.2487  -0.2145   2.5523  

Coefficients:
                       Estimate Std. Error z value Pr(>|z|)    
(Intercept)            -3.10412    0.51179  -6.065 1.32e-09 ***
fmc1602.pres1           0.06169    0.26858   0.230 0.818343    
agecat5-14             -0.58503    0.43319  -1.351 0.176847    
agecat15-24            -0.78068    0.52518  -1.487 0.137146    
agecat25-34            -1.21676    0.63656  -1.911 0.055944 .  
agecat35-44            -0.12829    0.45932  -0.279 0.780003    
agecat45-54            -0.66571    0.50930  -1.307 0.191173    
agecat55-64            -1.45967    0.81014  -1.802 0.071584 .  
agecat65-74           -15.55498 1084.01923  -0.014 0.988551    
agecat75+             -15.69287 2221.75324  -0.007 0.994364    
agecatMissing         -15.85670 2673.91308  -0.006 0.995268    
female                  0.24167    0.24289   0.995 0.319757    
racewhiteYes            0.01765    0.27877   0.063 0.949526    
racewhiteMissing       -0.44134    1.03175  -0.428 0.668829    
gichronYes             -0.26998    1.01643  -0.266 0.790535    
anim_anyYes             0.13382    0.27206   0.492 0.622804    
gicontactbaseYes        1.16533    0.33314   3.498 0.000469 ***
gicontactbaseMissing  -14.97818 1623.50069  -0.009 0.992639    
rawfood                 0.24572    0.29726   0.827 0.408449    
---
Signif. codes:  0 ‘***’ 0.001 ‘**’ 0.01 ‘*’ 0.05 ‘.’ 0.1 ‘ ’ 1

(Dispersion parameter for poisson family taken to be 1)

    Null deviance: 465.65  on 1947  degrees of freedom
Residual deviance: 442.35  on 1929  degrees of freedom
AIC: 620.35

Number of Fisher Scoring iterations: 16



Robust, Sandwich Standard Errors Account for Clustering:

z test of coefficients:

                       Estimate Std. Error  z value  Pr(>|z|)    
(Intercept)           -3.104119   0.593191  -5.2329 1.669e-07 ***
fmc1602.pres1          0.061686   0.363991   0.1695 0.8654251    
agecat5-14            -0.585033   0.433621  -1.3492 0.1772786    
agecat15-24           -0.780683   0.502790  -1.5527 0.1204946    
agecat25-34           -1.216763   0.634503  -1.9177 0.0551536 .  
agecat35-44           -0.128295   0.454461  -0.2823 0.7777129    
agecat45-54           -0.665712   0.491490  -1.3545 0.1755842    
agecat55-64           -1.459665   0.828239  -1.7624 0.0780065 .  
agecat65-74          -15.554976   0.456685 -34.0606 < 2.2e-16 ***
agecat75+            -15.692868   0.626788 -25.0370 < 2.2e-16 ***
agecatMissing        -15.856702   0.734106 -21.6000 < 2.2e-16 ***
female                 0.241669   0.217472   1.1113 0.2664527    
racewhiteYes           0.017647   0.359530   0.0491 0.9608531    
racewhiteMissing      -0.441335   0.811843  -0.5436 0.5867018    
gichronYes            -0.269979   0.990787  -0.2725 0.7852459    
anim_anyYes            0.133820   0.289360   0.4625 0.6437451    
gicontactbaseYes       1.165332   0.335317   3.4753 0.0005103 ***
gicontactbaseMissing -14.978180   0.447332 -33.4833 < 2.2e-16 ***
rawfood                0.245722   0.285975   0.8592 0.3902080    
---
Signif. codes:  0 ‘***’ 0.001 ‘**’ 0.01 ‘*’ 0.05 ‘.’ 0.1 ‘ ’ 1

> 
> avfit3.fpc1601.gw.1 = mpreg(gici3~fpc1601.pres+agecat+female+racewhite+gichron+anim_any+gicontactbase+rawfood,
+     vcv=T,dat=avalon[avalon$groundwater=="Above median flow",])

Call:
glm(formula = formula, family = poisson(link = "log"), data = dat)

Deviance Residuals: 
    Min       1Q   Median       3Q      Max  
-0.5912  -0.2902  -0.2730  -0.2217   2.6530  

Coefficients:
                       Estimate Std. Error z value Pr(>|z|)    
(Intercept)            -3.29895    0.51861  -6.361    2e-10 ***
fpc1601.pres1           0.50824    0.34544   1.471  0.14121    
agecat5-14             -0.52847    0.39209  -1.348  0.17771    
agecat15-24            -1.20912    0.56072  -2.156  0.03106 *  
agecat25-34            -0.36375    0.46969  -0.774  0.43867    
agecat35-44            -0.51564    0.45152  -1.142  0.25345    
agecat45-54            -0.69189    0.49638  -1.394  0.16336    
agecat55-64            -0.87434    0.67819  -1.289  0.19732    
agecat65-74           -15.48482 1288.29371  -0.012  0.99041    
agecat75+             -15.59076 2147.68227  -0.007  0.99421    
agecatMissing         -15.60481 3300.64440  -0.005  0.99623    
female                  0.05149    0.23885   0.216  0.82931    
racewhiteYes            0.08728    0.28895   0.302  0.76261    
racewhiteMissing       -0.16231    1.03479  -0.157  0.87536    
gichronYes              0.07184    0.72952   0.098  0.92155    
anim_anyYes            -0.07048    0.29515  -0.239  0.81127    
gicontactbaseYes        0.90753    0.31911   2.844  0.00446 ** 
gicontactbaseMissing  -14.98721 1540.23573  -0.010  0.99224    
rawfood                 0.24259    0.30400   0.798  0.42488    
---
Signif. codes:  0 ‘***’ 0.001 ‘**’ 0.01 ‘*’ 0.05 ‘.’ 0.1 ‘ ’ 1

(Dispersion parameter for poisson family taken to be 1)

    Null deviance: 458.67  on 1794  degrees of freedom
Residual deviance: 439.83  on 1776  degrees of freedom
AIC: 619.83

Number of Fisher Scoring iterations: 16



Robust, Sandwich Standard Errors Account for Clustering:

z test of coefficients:

                       Estimate Std. Error  z value  Pr(>|z|)    
(Intercept)           -3.298949   0.516151  -6.3914 1.643e-10 ***
fpc1601.pres1          0.508243   0.341856   1.4867   0.13709    
agecat5-14            -0.528472   0.387951  -1.3622   0.17313    
agecat15-24           -1.209117   0.576278  -2.0982   0.03589 *  
agecat25-34           -0.363747   0.438422  -0.8297   0.40672    
agecat35-44           -0.515644   0.452746  -1.1389   0.25473    
agecat45-54           -0.691886   0.494179  -1.4001   0.16149    
agecat55-64           -0.874344   0.666111  -1.3126   0.18931    
agecat65-74          -15.484816   0.465139 -33.2907 < 2.2e-16 ***
agecat75+            -15.590762   0.522881 -29.8170 < 2.2e-16 ***
agecatMissing        -15.604810   0.680587 -22.9285 < 2.2e-16 ***
female                 0.051494   0.229304   0.2246   0.82232    
racewhiteYes           0.087278   0.313526   0.2784   0.78072    
racewhiteMissing      -0.162310   1.031171  -0.1574   0.87493    
gichronYes             0.071844   0.752972   0.0954   0.92399    
anim_anyYes           -0.070476   0.361046  -0.1952   0.84524    
gicontactbaseYes       0.907530   0.400904   2.2637   0.02359 *  
gicontactbaseMissing -14.987213   0.495572 -30.2423 < 2.2e-16 ***
rawfood                0.242589   0.320663   0.7565   0.44933    
---
Signif. codes:  0 ‘***’ 0.001 ‘**’ 0.01 ‘*’ 0.05 ‘.’ 0.1 ‘ ’ 1

> avfit3.fpc1601.gw.0 = mpreg(gici3~fpc1601.pres+agecat+female+racewhite+gichron+anim_any+gicontactbase+rawfood,
+     vcv=T,dat=avalon[avalon$groundwater=="Below median flow",])

Call:
glm(formula = formula, family = poisson(link = "log"), data = dat)

Deviance Residuals: 
    Min       1Q   Median       3Q      Max  
-0.6573  -0.2835  -0.2447  -0.2142   2.5883  

Coefficients:
                       Estimate Std. Error z value Pr(>|z|)    
(Intercept)          -2.882e+00  5.356e-01  -5.380 7.43e-08 ***
fpc1601.pres1        -2.071e-01  2.965e-01  -0.698 0.484901    
agecat5-14           -5.764e-01  4.326e-01  -1.333 0.182683    
agecat15-24          -8.085e-01  5.262e-01  -1.537 0.124415    
agecat25-34          -1.248e+00  6.367e-01  -1.960 0.050013 .  
agecat35-44          -1.412e-01  4.594e-01  -0.307 0.758580    
agecat45-54          -6.864e-01  5.094e-01  -1.348 0.177815    
agecat55-64          -1.466e+00  8.101e-01  -1.809 0.070429 .  
agecat65-74          -1.556e+01  1.084e+03  -0.014 0.988554    
agecat75+            -1.568e+01  2.227e+03  -0.007 0.994382    
agecatMissing        -1.581e+01  2.677e+03  -0.006 0.995288    
female                2.440e-01  2.431e-01   1.004 0.315448    
racewhiteYes          1.537e-04  2.794e-01   0.001 0.999561    
racewhiteMissing     -4.595e-01  1.032e+00  -0.445 0.656097    
gichronYes           -2.736e-01  1.016e+00  -0.269 0.787802    
anim_anyYes           1.452e-01  2.726e-01   0.533 0.594321    
gicontactbaseYes      1.167e+00  3.325e-01   3.509 0.000449 ***
gicontactbaseMissing -1.494e+01  1.622e+03  -0.009 0.992650    
rawfood               2.614e-01  2.976e-01   0.878 0.379738    
---
Signif. codes:  0 ‘***’ 0.001 ‘**’ 0.01 ‘*’ 0.05 ‘.’ 0.1 ‘ ’ 1

(Dispersion parameter for poisson family taken to be 1)

    Null deviance: 465.65  on 1947  degrees of freedom
Residual deviance: 441.93  on 1929  degrees of freedom
AIC: 619.93

Number of Fisher Scoring iterations: 16



Robust, Sandwich Standard Errors Account for Clustering:

z test of coefficients:

                        Estimate  Std. Error  z value  Pr(>|z|)    
(Intercept)          -2.8818e+00  6.8426e-01  -4.2116 2.536e-05 ***
fpc1601.pres1        -2.0709e-01  4.3255e-01  -0.4788 0.6320952    
agecat5-14           -5.7642e-01  4.2551e-01  -1.3547 0.1755208    
agecat15-24          -8.0855e-01  5.0355e-01  -1.6057 0.1083433    
agecat25-34          -1.2479e+00  6.3799e-01  -1.9560 0.0504677 .  
agecat35-44          -1.4120e-01  4.4822e-01  -0.3150 0.7527482    
agecat45-54          -6.8638e-01  4.9313e-01  -1.3919 0.1639592    
agecat55-64          -1.4656e+00  8.2608e-01  -1.7741 0.0760391 .  
agecat65-74          -1.5557e+01  4.5082e-01 -34.5073 < 2.2e-16 ***
agecat75+            -1.5682e+01  6.2194e-01 -25.2139 < 2.2e-16 ***
agecatMissing        -1.5813e+01  7.3241e-01 -21.5899 < 2.2e-16 ***
female                2.4399e-01  2.1737e-01   1.1224 0.2616802    
racewhiteYes          1.5374e-04  3.6565e-01   0.0004 0.9996645    
racewhiteMissing     -4.5951e-01  8.3865e-01  -0.5479 0.5837466    
gichronYes           -2.7360e-01  9.9428e-01  -0.2752 0.7831845    
anim_anyYes           1.4518e-01  2.8929e-01   0.5019 0.6157576    
gicontactbaseYes      1.1670e+00  3.4419e-01   3.3907 0.0006972 ***
gicontactbaseMissing -1.4940e+01  4.4190e-01 -33.8088 < 2.2e-16 ***
rawfood               2.6142e-01  2.8575e-01   0.9149 0.3602675    
---
Signif. codes:  0 ‘***’ 0.001 ‘**’ 0.01 ‘*’ 0.05 ‘.’ 0.1 ‘ ’ 1

> 
> avfit3.fpc1602.gw.1 = mpreg(gici3~fpc1602.pres+agecat+female+racewhite+gichron+anim_any+gicontactbase+rawfood,
+     vcv=T,dat=avalon[avalon$groundwater=="Above median flow",])

Call:
glm(formula = formula, family = poisson(link = "log"), data = dat)

Deviance Residuals: 
    Min       1Q   Median       3Q      Max  
-0.8029  -0.2865  -0.2596  -0.2405   2.5444  

Coefficients:
                       Estimate Std. Error z value Pr(>|z|)    
(Intercept)            -2.94638    0.42084  -7.001 2.54e-12 ***
fpc1602.pres1           0.90299    0.36199   2.494  0.01261 *  
agecat5-14             -0.59686    0.39286  -1.519  0.12870    
agecat15-24            -1.27593    0.56047  -2.277  0.02281 *  
agecat25-34            -0.48195    0.46947  -1.027  0.30462    
agecat35-44            -0.55745    0.45135  -1.235  0.21680    
agecat45-54            -0.71740    0.49622  -1.446  0.14825    
agecat55-64            -0.96124    0.68005  -1.413  0.15751    
agecat65-74           -15.61314 1267.79508  -0.012  0.99017    
agecat75+             -15.53469 2157.72790  -0.007  0.99426    
agecatMissing         -15.47699 3299.96612  -0.005  0.99626    
female                  0.04210    0.23925   0.176  0.86033    
racewhiteYes            0.13758    0.28965   0.475  0.63480    
racewhiteMissing       -0.12826    1.03586  -0.124  0.90146    
gichronYes              0.20728    0.73014   0.284  0.77649    
anim_anyYes            -0.02694    0.29473  -0.091  0.92717    
gicontactbaseYes        0.91129    0.31959   2.851  0.00435 ** 
gicontactbaseMissing  -14.92867 1520.35509  -0.010  0.99217    
rawfood                 0.23527    0.30355   0.775  0.43831    
---
Signif. codes:  0 ‘***’ 0.001 ‘**’ 0.01 ‘*’ 0.05 ‘.’ 0.1 ‘ ’ 1

(Dispersion parameter for poisson family taken to be 1)

    Null deviance: 458.67  on 1794  degrees of freedom
Residual deviance: 437.22  on 1776  degrees of freedom
AIC: 617.22

Number of Fisher Scoring iterations: 16



Robust, Sandwich Standard Errors Account for Clustering:

z test of coefficients:

                       Estimate Std. Error  z value  Pr(>|z|)    
(Intercept)           -2.946379   0.430915  -6.8375 8.059e-12 ***
fpc1602.pres1          0.902986   0.444409   2.0319   0.04217 *  
agecat5-14            -0.596857   0.385764  -1.5472   0.12181    
agecat15-24           -1.275931   0.581294  -2.1950   0.02816 *  
agecat25-34           -0.481945   0.443943  -1.0856   0.27766    
agecat35-44           -0.557455   0.455764  -1.2231   0.22128    
agecat45-54           -0.717401   0.490754  -1.4618   0.14379    
agecat55-64           -0.961236   0.675368  -1.4233   0.15466    
agecat65-74          -15.613136   0.532488 -29.3211 < 2.2e-16 ***
agecat75+            -15.534690   0.520011 -29.8738 < 2.2e-16 ***
agecatMissing        -15.476993   0.682590 -22.6739 < 2.2e-16 ***
female                 0.042097   0.231394   0.1819   0.85564    
racewhiteYes           0.137578   0.317493   0.4333   0.66478    
racewhiteMissing      -0.128257   1.009922  -0.1270   0.89894    
gichronYes             0.207279   0.739471   0.2803   0.77924    
anim_anyYes           -0.026939   0.356160  -0.0756   0.93971    
gicontactbaseYes       0.911294   0.389985   2.3367   0.01945 *  
gicontactbaseMissing -14.928671   0.479819 -31.1131 < 2.2e-16 ***
rawfood                0.235269   0.323110   0.7281   0.46653    
---
Signif. codes:  0 ‘***’ 0.001 ‘**’ 0.01 ‘*’ 0.05 ‘.’ 0.1 ‘ ’ 1

> avfit3.fpc1602.gw.0 = mpreg(gici3~fpc1602.pres+agecat+female+racewhite+gichron+anim_any+gicontactbase+rawfood,
+     vcv=T,dat=avalon[avalon$groundwater=="Below median flow",])

Call:
glm(formula = formula, family = poisson(link = "log"), data = dat)

Deviance Residuals: 
    Min       1Q   Median       3Q      Max  
-0.6724  -0.2855  -0.2496  -0.2092   2.5578  

Coefficients:
                       Estimate Std. Error z value Pr(>|z|)    
(Intercept)          -3.038e+00  4.727e-01  -6.428  1.3e-10 ***
fpc1602.pres1        -4.253e-01  7.201e-01  -0.591 0.554726    
agecat5-14           -5.726e-01  4.325e-01  -1.324 0.185564    
agecat15-24          -7.907e-01  5.251e-01  -1.506 0.132108    
agecat25-34          -1.225e+00  6.356e-01  -1.928 0.053870 .  
agecat35-44          -1.335e-01  4.593e-01  -0.291 0.771339    
agecat45-54          -6.719e-01  5.088e-01  -1.321 0.186648    
agecat55-64          -1.449e+00  8.100e-01  -1.789 0.073539 .  
agecat65-74          -1.554e+01  1.082e+03  -0.014 0.988542    
agecat75+            -1.570e+01  2.223e+03  -0.007 0.994363    
agecatMissing        -1.586e+01  2.676e+03  -0.006 0.995271    
female                2.383e-01  2.429e-01   0.981 0.326622    
racewhiteYes          6.547e-03  2.785e-01   0.024 0.981247    
racewhiteMissing     -4.489e-01  1.032e+00  -0.435 0.663542    
gichronYes           -2.693e-01  1.017e+00  -0.265 0.791041    
anim_anyYes           1.353e-01  2.718e-01   0.498 0.618729    
gicontactbaseYes      1.171e+00  3.327e-01   3.520 0.000431 ***
gicontactbaseMissing -1.498e+01  1.624e+03  -0.009 0.992640    
rawfood               2.482e-01  2.971e-01   0.836 0.403413    
---
Signif. codes:  0 ‘***’ 0.001 ‘**’ 0.01 ‘*’ 0.05 ‘.’ 0.1 ‘ ’ 1

(Dispersion parameter for poisson family taken to be 1)

    Null deviance: 465.65  on 1947  degrees of freedom
Residual deviance: 442.00  on 1929  degrees of freedom
AIC: 620

Number of Fisher Scoring iterations: 16



Robust, Sandwich Standard Errors Account for Clustering:

z test of coefficients:

                        Estimate  Std. Error  z value  Pr(>|z|)    
(Intercept)           -3.0381315   0.5154777  -5.8938 3.774e-09 ***
fpc1602.pres1         -0.4253385   0.6873152  -0.6188 0.5360215    
agecat5-14            -0.5725890   0.4215932  -1.3582 0.1744144    
agecat15-24           -0.7906843   0.5071088  -1.5592 0.1189489    
agecat25-34           -1.2254250   0.6338275  -1.9334 0.0531902 .  
agecat35-44           -0.1334817   0.4534302  -0.2944 0.7684659    
agecat45-54           -0.6719260   0.4986949  -1.3474 0.1778614    
agecat55-64           -1.4493953   0.8275270  -1.7515 0.0798636 .  
agecat65-74          -15.5386213   0.4539410 -34.2305 < 2.2e-16 ***
agecat75+            -15.7019236   0.6221135 -25.2396 < 2.2e-16 ***
agecatMissing        -15.8580333   0.7179255 -22.0887 < 2.2e-16 ***
female                 0.2383128   0.2165813   1.1003 0.2711846    
racewhiteYes           0.0065468   0.3547481   0.0185 0.9852761    
racewhiteMissing      -0.4488848   0.8116986  -0.5530 0.5802503    
gichronYes            -0.2693452   0.9920902  -0.2715 0.7860121    
anim_anyYes            0.1352805   0.2879682   0.4698 0.6385152    
gicontactbaseYes       1.1710767   0.3415049   3.4292 0.0006054 ***
gicontactbaseMissing -14.9805868   0.4460712 -33.5834 < 2.2e-16 ***
rawfood                0.2482020   0.2911282   0.8526 0.3939075    
---
Signif. codes:  0 ‘***’ 0.001 ‘**’ 0.01 ‘*’ 0.05 ‘.’ 0.1 ‘ ’ 1

> 
> dofit3.fmc1602.berm.1 = mpreg(gici3~fmc1602.pres+agecat+female+racewhite+gichron+anim_any+gicontactbase+rawfood,
+     vcv=T,dat=doheny[doheny$berm=="Open",])

Call:
glm(formula = formula, family = poisson(link = "log"), data = dat)

Deviance Residuals: 
    Min       1Q   Median       3Q      Max  
-0.5699  -0.2864  -0.2396  -0.1923   2.4037  

Coefficients:
                       Estimate Std. Error z value Pr(>|z|)    
(Intercept)            -2.58353    0.70781  -3.650 0.000262 ***
fmc1602.pres1           0.12206    0.54658   0.223 0.823291    
agecat5-14             -0.73248    0.53506  -1.369 0.171009    
agecat15-24            -0.51047    0.73771  -0.692 0.488961    
agecat25-34           -16.59930 1164.50979  -0.014 0.988627    
agecat35-44            -0.70784    0.74988  -0.944 0.345201    
agecat45-54             0.07836    0.70056   0.112 0.910943    
agecat55-64           -16.84013 2090.07538  -0.008 0.993571    
agecat65-74           -16.38397 5385.28958  -0.003 0.997573    
agecatMissing         -16.60483 9426.61686  -0.002 0.998595    
female                 -0.43774    0.41417  -1.057 0.290558    
racewhiteYes           -0.23629    0.40682  -0.581 0.561364    
racewhiteMissing      -14.67775 3707.51001  -0.004 0.996841    
gichronYes              1.23943    1.04989   1.181 0.237787    
anim_anyYes            -0.60573    0.62164  -0.974 0.329854    
gicontactbaseYes        0.31756    1.03545   0.307 0.759078    
gicontactbaseMissing  -15.80173 2465.92786  -0.006 0.994887    
rawfood                 0.46347    0.51127   0.907 0.364668    
---
Signif. codes:  0 ‘***’ 0.001 ‘**’ 0.01 ‘*’ 0.05 ‘.’ 0.1 ‘ ’ 1

(Dispersion parameter for poisson family taken to be 1)

    Null deviance: 184.52  on 822  degrees of freedom
Residual deviance: 169.96  on 805  degrees of freedom
AIC: 259.96

Number of Fisher Scoring iterations: 17



Robust, Sandwich Standard Errors Account for Clustering:

z test of coefficients:

                       Estimate Std. Error  z value  Pr(>|z|)    
(Intercept)           -2.583529   0.916661  -2.8184  0.004826 ** 
fmc1602.pres1          0.122060   0.767934   0.1589  0.873711    
agecat5-14            -0.732475   0.594457  -1.2322  0.217884    
agecat15-24           -0.510470   0.723022  -0.7060  0.480174    
agecat25-34          -16.599300   0.479016 -34.6529 < 2.2e-16 ***
agecat35-44           -0.707844   0.718302  -0.9854  0.324408    
agecat45-54            0.078357   0.546948   0.1433  0.886083    
agecat55-64          -16.840126   0.651023 -25.8672 < 2.2e-16 ***
agecat65-74          -16.383970   0.817887 -20.0321 < 2.2e-16 ***
agecatMissing        -16.604829   1.142549 -14.5331 < 2.2e-16 ***
female                -0.437740   0.457939  -0.9559  0.339127    
racewhiteYes          -0.236287   0.480810  -0.4914  0.623118    
racewhiteMissing     -14.677750   0.878931 -16.6995 < 2.2e-16 ***
gichronYes             1.239430   0.853198   1.4527  0.146310    
anim_anyYes           -0.605727   0.643616  -0.9411  0.346638    
gicontactbaseYes       0.317564   1.004120   0.3163  0.751805    
gicontactbaseMissing -15.801729   0.615668 -25.6660 < 2.2e-16 ***
rawfood                0.463465   0.496708   0.9331  0.350782    
---
Signif. codes:  0 ‘***’ 0.001 ‘**’ 0.01 ‘*’ 0.05 ‘.’ 0.1 ‘ ’ 1

Warning message:
glm.fit: fitted rates numerically 0 occurred 
> dofit3.fmc1602.berm.0 = mpreg(gici3~fmc1602.pres+agecat+female+racewhite+gichron+anim_any+gicontactbase+rawfood,
+     vcv=T,dat=doheny[doheny$berm=="Closed",])

Call:
glm(formula = formula, family = poisson(link = "log"), data = dat)

Deviance Residuals: 
    Min       1Q   Median       3Q      Max  
-0.5942  -0.2629  -0.2332  -0.2154   2.7110  

Coefficients:
                      Estimate Std. Error z value Pr(>|z|)    
(Intercept)           -3.09313    0.36158  -8.555  < 2e-16 ***
fmc1602.pres1          0.15851    0.25435   0.623  0.53315    
agecat5-14            -0.76631    0.29061  -2.637  0.00837 ** 
agecat15-24           -0.48701    0.35666  -1.365  0.17211    
agecat25-34           -0.54310    0.38338  -1.417  0.15659    
agecat35-44           -0.81876    0.36839  -2.223  0.02625 *  
agecat45-54           -1.08226    0.45564  -2.375  0.01754 *  
agecat55-64           -2.12982    1.03202  -2.064  0.03904 *  
agecat65-74            0.28670    1.03303   0.278  0.78137    
agecatMissing        -13.71993  570.27090  -0.024  0.98081    
female                 0.17649    0.19594   0.901  0.36772    
racewhiteYes           0.09574    0.21213   0.451  0.65174    
racewhiteMissing      -0.74540    1.01588  -0.734  0.46310    
gichronYes             0.29154    0.72280   0.403  0.68669    
anim_anyYes           -0.24585    0.25571  -0.961  0.33632    
gicontactbaseYes       0.60161    0.37120   1.621  0.10507    
gicontactbaseMissing   1.26330    0.46470   2.719  0.00656 ** 
rawfood                0.22267    0.25178   0.884  0.37650    
---
Signif. codes:  0 ‘***’ 0.001 ‘**’ 0.01 ‘*’ 0.05 ‘.’ 0.1 ‘ ’ 1

(Dispersion parameter for poisson family taken to be 1)

    Null deviance: 735.52  on 3326  degrees of freedom
Residual deviance: 711.17  on 3309  degrees of freedom
AIC: 961.17

Number of Fisher Scoring iterations: 14



Robust, Sandwich Standard Errors Account for Clustering:

z test of coefficients:

                       Estimate Std. Error  z value  Pr(>|z|)    
(Intercept)           -3.093130   0.381071  -8.1169 4.781e-16 ***
fmc1602.pres1          0.158512   0.306762   0.5167  0.605348    
agecat5-14            -0.766309   0.279127  -2.7454  0.006044 ** 
agecat15-24           -0.487009   0.333995  -1.4581  0.144804    
agecat25-34           -0.543100   0.347082  -1.5648  0.117639    
agecat35-44           -0.818759   0.377498  -2.1689  0.030090 *  
agecat45-54           -1.082259   0.422013  -2.5645  0.010332 *  
agecat55-64           -2.129824   1.014625  -2.0991  0.035806 *  
agecat65-74            0.286700   0.962184   0.2980  0.765728    
agecatMissing        -13.719934   0.456428 -30.0593 < 2.2e-16 ***
female                 0.176494   0.191978   0.9193  0.357915    
racewhiteYes           0.095745   0.244153   0.3922  0.694947    
racewhiteMissing      -0.745402   0.997979  -0.7469  0.455117    
gichronYes             0.291543   0.707301   0.4122  0.680199    
anim_anyYes           -0.245854   0.276065  -0.8906  0.373162    
gicontactbaseYes       0.601614   0.388562   1.5483  0.121548    
gicontactbaseMissing   1.263300   0.501770   2.5177  0.011813 *  
rawfood                0.222665   0.276972   0.8039  0.421440    
---
Signif. codes:  0 ‘***’ 0.001 ‘**’ 0.01 ‘*’ 0.05 ‘.’ 0.1 ‘ ’ 1

> 
> dofit3.fpc1601.berm.1 = mpreg(gici3~fpc1601.pres+agecat+female+racewhite+gichron+anim_any+gicontactbase+rawfood,
+     vcv=T,dat=doheny[doheny$berm=="Open",])

Call:
glm(formula = formula, family = poisson(link = "log"), data = dat)

Deviance Residuals: 
    Min       1Q   Median       3Q      Max  
-0.5904  -0.2810  -0.2494  -0.2008   2.4184  

Coefficients:
                       Estimate Std. Error z value Pr(>|z|)    
(Intercept)            -2.40067    0.67626  -3.550 0.000385 ***
fpc1601.pres1          -0.09565    0.50261  -0.190 0.849071    
agecat5-14             -0.73532    0.53473  -1.375 0.169099    
agecat15-24            -0.51825    0.73654  -0.704 0.481670    
agecat25-34           -16.60138 1163.07233  -0.014 0.988612    
agecat35-44            -0.71860    0.75124  -0.957 0.338794    
agecat45-54             0.07348    0.70102   0.105 0.916515    
agecat55-64           -16.86809 2091.38704  -0.008 0.993565    
agecat65-74           -16.42264 5347.88907  -0.003 0.997550    
agecatMissing         -16.56756 9426.61686  -0.002 0.998598    
female                 -0.43396    0.41436  -1.047 0.294953    
racewhiteYes           -0.23870    0.40728  -0.586 0.557811    
racewhiteMissing      -14.64320 3707.83586  -0.004 0.996849    
gichronYes              1.25277    1.04783   1.196 0.231859    
anim_anyYes            -0.59735    0.62165  -0.961 0.336590    
gicontactbaseYes        0.34318    1.03528   0.331 0.740282    
gicontactbaseMissing  -15.79420 2477.83866  -0.006 0.994914    
rawfood                 0.46724    0.51260   0.912 0.362027    
---
Signif. codes:  0 ‘***’ 0.001 ‘**’ 0.01 ‘*’ 0.05 ‘.’ 0.1 ‘ ’ 1

(Dispersion parameter for poisson family taken to be 1)

    Null deviance: 184.52  on 822  degrees of freedom
Residual deviance: 169.97  on 805  degrees of freedom
AIC: 259.97

Number of Fisher Scoring iterations: 17



Robust, Sandwich Standard Errors Account for Clustering:

z test of coefficients:

                       Estimate Std. Error  z value  Pr(>|z|)    
(Intercept)           -2.400672   0.753301  -3.1869  0.001438 ** 
fpc1601.pres1         -0.095648   0.727038  -0.1316  0.895334    
agecat5-14            -0.735317   0.591796  -1.2425  0.214046    
agecat15-24           -0.518245   0.713500  -0.7263  0.467629    
agecat25-34          -16.601385   0.474478 -34.9887 < 2.2e-16 ***
agecat35-44           -0.718603   0.726936  -0.9885  0.322890    
agecat45-54            0.073484   0.554667   0.1325  0.894603    
agecat55-64          -16.868089   0.635424 -26.5462 < 2.2e-16 ***
agecat65-74          -16.422640   0.783988 -20.9476 < 2.2e-16 ***
agecatMissing        -16.567561   1.162116 -14.2564 < 2.2e-16 ***
female                -0.433964   0.458900  -0.9457  0.344322    
racewhiteYes          -0.238705   0.466312  -0.5119  0.608722    
racewhiteMissing     -14.643197   0.865858 -16.9118 < 2.2e-16 ***
gichronYes             1.252768   0.866774   1.4453  0.148367    
anim_anyYes           -0.597355   0.629750  -0.9486  0.342845    
gicontactbaseYes       0.343177   1.003479   0.3420  0.732361    
gicontactbaseMissing -15.794204   0.602528 -26.2132 < 2.2e-16 ***
rawfood                0.467244   0.488560   0.9564  0.338886    
---
Signif. codes:  0 ‘***’ 0.001 ‘**’ 0.01 ‘*’ 0.05 ‘.’ 0.1 ‘ ’ 1

Warning message:
glm.fit: fitted rates numerically 0 occurred 
> dofit3.fpc1601.berm.0 = mpreg(gici3~fpc1601.pres+agecat+female+racewhite+gichron+anim_any+gicontactbase+rawfood,
+     vcv=T,dat=doheny[doheny$berm=="Closed",])

Call:
glm(formula = formula, family = poisson(link = "log"), data = dat)

Deviance Residuals: 
    Min       1Q   Median       3Q      Max  
-0.6347  -0.2631  -0.2383  -0.2182   2.7301  

Coefficients:
                      Estimate Std. Error z value Pr(>|z|)    
(Intercept)           -2.90138    0.38435  -7.549 4.39e-14 ***
fpc1601.pres1         -0.08678    0.28956  -0.300  0.76442    
agecat5-14            -0.74927    0.29060  -2.578  0.00993 ** 
agecat15-24           -0.46718    0.35665  -1.310  0.19022    
agecat25-34           -0.53093    0.38329  -1.385  0.16600    
agecat35-44           -0.80491    0.36831  -2.185  0.02886 *  
agecat45-54           -1.06726    0.45567  -2.342  0.01917 *  
agecat55-64           -2.13294    1.03204  -2.067  0.03876 *  
agecat65-74            0.27855    1.03401   0.269  0.78763    
agecatMissing        -13.69518  569.89701  -0.024  0.98083    
female                 0.17597    0.19592   0.898  0.36910    
racewhiteYes           0.09144    0.21209   0.431  0.66637    
racewhiteMissing      -0.76096    1.01571  -0.749  0.45374    
gichronYes             0.29555    0.72272   0.409  0.68258    
anim_anyYes           -0.24231    0.25556  -0.948  0.34303    
gicontactbaseYes       0.59675    0.37151   1.606  0.10822    
gicontactbaseMissing   1.29434    0.46538   2.781  0.00542 ** 
rawfood                0.22730    0.25173   0.903  0.36655    
---
Signif. codes:  0 ‘***’ 0.001 ‘**’ 0.01 ‘*’ 0.05 ‘.’ 0.1 ‘ ’ 1

(Dispersion parameter for poisson family taken to be 1)

    Null deviance: 735.52  on 3326  degrees of freedom
Residual deviance: 711.49  on 3309  degrees of freedom
AIC: 961.49

Number of Fisher Scoring iterations: 14



Robust, Sandwich Standard Errors Account for Clustering:

z test of coefficients:

                       Estimate Std. Error  z value  Pr(>|z|)    
(Intercept)           -2.901381   0.425935  -6.8118 9.639e-12 ***
fpc1601.pres1         -0.086775   0.356327  -0.2435  0.807597    
agecat5-14            -0.749271   0.276374  -2.7111  0.006707 ** 
agecat15-24           -0.467179   0.333029  -1.4028  0.160671    
agecat25-34           -0.530931   0.346020  -1.5344  0.124933    
agecat35-44           -0.804907   0.375369  -2.1443  0.032008 *  
agecat45-54           -1.067264   0.419863  -2.5419  0.011024 *  
agecat55-64           -2.132940   1.011957  -2.1077  0.035054 *  
agecat65-74            0.278553   0.977836   0.2849  0.775746    
agecatMissing        -13.695176   0.454516 -30.1313 < 2.2e-16 ***
female                 0.175969   0.193049   0.9115  0.362019    
racewhiteYes           0.091438   0.243462   0.3756  0.707234    
racewhiteMissing      -0.760956   0.999073  -0.7617  0.446262    
gichronYes             0.295554   0.709502   0.4166  0.676996    
anim_anyYes           -0.242315   0.275058  -0.8810  0.378340    
gicontactbaseYes       0.596745   0.370486   1.6107  0.107243    
gicontactbaseMissing   1.294339   0.506098   2.5575  0.010543 *  
rawfood                0.227299   0.276237   0.8228  0.410600    
---
Signif. codes:  0 ‘***’ 0.001 ‘**’ 0.01 ‘*’ 0.05 ‘.’ 0.1 ‘ ’ 1

> 
> dofit3.fpc1602.berm.1 = mpreg(gici3~fpc1602.pres+agecat+female+racewhite+gichron+anim_any+gicontactbase+rawfood,
+     vcv=T,dat=doheny[doheny$berm=="Open",])

Call:
glm(formula = formula, family = poisson(link = "log"), data = dat)

Deviance Residuals: 
    Min       1Q   Median       3Q      Max  
-0.5620  -0.2799  -0.2470  -0.1988   2.4265  

Coefficients:
                       Estimate Std. Error z value Pr(>|z|)    
(Intercept)            -2.53178    0.54108  -4.679 2.88e-06 ***
fpc1602.pres1           0.50833    0.62769   0.810    0.418    
agecat5-14             -0.70770    0.53661  -1.319    0.187    
agecat15-24            -0.47825    0.73875  -0.647    0.517    
agecat25-34           -16.58662 1158.38457  -0.014    0.989    
agecat35-44            -0.69158    0.75122  -0.921    0.357    
agecat45-54             0.06027    0.70115   0.086    0.932    
agecat55-64           -16.91467 2065.76205  -0.008    0.993    
agecat65-74           -16.49685 5431.16144  -0.003    0.998    
agecatMissing         -16.52031 9426.61686  -0.002    0.999    
female                 -0.43417    0.41506  -1.046    0.296    
racewhiteYes           -0.25049    0.40731  -0.615    0.539    
racewhiteMissing      -14.63974 3709.27668  -0.004    0.997    
gichronYes              1.31042    1.04838   1.250    0.211    
anim_anyYes            -0.58719    0.62262  -0.943    0.346    
gicontactbaseYes        0.23532    1.04465   0.225    0.822    
gicontactbaseMissing  -15.79853 2483.82105  -0.006    0.995    
rawfood                 0.45247    0.51132   0.885    0.376    
---
Signif. codes:  0 ‘***’ 0.001 ‘**’ 0.01 ‘*’ 0.05 ‘.’ 0.1 ‘ ’ 1

(Dispersion parameter for poisson family taken to be 1)

    Null deviance: 184.52  on 822  degrees of freedom
Residual deviance: 169.43  on 805  degrees of freedom
AIC: 259.43

Number of Fisher Scoring iterations: 17



Robust, Sandwich Standard Errors Account for Clustering:

z test of coefficients:

                       Estimate Std. Error  z value  Pr(>|z|)    
(Intercept)           -2.531783   0.563277  -4.4947 6.965e-06 ***
fpc1602.pres1          0.508334   0.710781   0.7152    0.4745    
agecat5-14            -0.707704   0.586739  -1.2062    0.2278    
agecat15-24           -0.478249   0.706592  -0.6768    0.4985    
agecat25-34          -16.586618   0.484154 -34.2590 < 2.2e-16 ***
agecat35-44           -0.691582   0.716952  -0.9646    0.3347    
agecat45-54            0.060269   0.539496   0.1117    0.9111    
agecat55-64          -16.914670   0.675263 -25.0490 < 2.2e-16 ***
agecat65-74          -16.496849   0.787810 -20.9401 < 2.2e-16 ***
agecatMissing        -16.520308   1.162203 -14.2147 < 2.2e-16 ***
female                -0.434167   0.460123  -0.9436    0.3454    
racewhiteYes          -0.250494   0.476045  -0.5262    0.5988    
racewhiteMissing     -14.639744   0.868030 -16.8655 < 2.2e-16 ***
gichronYes             1.310421   0.863824   1.5170    0.1293    
anim_anyYes           -0.587187   0.634751  -0.9251    0.3549    
gicontactbaseYes       0.235316   0.900025   0.2615    0.7937    
gicontactbaseMissing -15.798534   0.589004 -26.8224 < 2.2e-16 ***
rawfood                0.452470   0.481939   0.9389    0.3478    
---
Signif. codes:  0 ‘***’ 0.001 ‘**’ 0.01 ‘*’ 0.05 ‘.’ 0.1 ‘ ’ 1

Warning message:
glm.fit: fitted rates numerically 0 occurred 
> dofit3.fpc1602.berm.0 = mpreg(gici3~fpc1602.pres+agecat+female+racewhite+gichron+anim_any+gicontactbase+rawfood,
+     vcv=T,dat=doheny[doheny$berm=="Closed",])

Call:
glm(formula = formula, family = poisson(link = "log"), data = dat)

Deviance Residuals: 
    Min       1Q   Median       3Q      Max  
-0.6368  -0.2647  -0.2342  -0.2154   2.6997  

Coefficients:
                     Estimate Std. Error z value Pr(>|z|)    
(Intercept)           -2.9426     0.3033  -9.702  < 2e-16 ***
fpc1602.pres1         -0.7307     0.5114  -1.429  0.15306    
agecat5-14            -0.7579     0.2900  -2.614  0.00896 ** 
agecat15-24           -0.4605     0.3561  -1.293  0.19591    
agecat25-34           -0.5487     0.3835  -1.431  0.15253    
agecat35-44           -0.8160     0.3681  -2.217  0.02662 *  
agecat45-54           -1.0639     0.4550  -2.338  0.01937 *  
agecat55-64           -2.1134     1.0320  -2.048  0.04058 *  
agecat65-74            0.2489     1.0332   0.241  0.80967    
agecatMissing        -13.7349   570.7997  -0.024  0.98080    
female                 0.1764     0.1959   0.900  0.36793    
racewhiteYes           0.1039     0.2122   0.490  0.62440    
racewhiteMissing      -0.7452     1.0157  -0.734  0.46314    
gichronYes             0.2595     0.7230   0.359  0.71966    
anim_anyYes           -0.2430     0.2556  -0.950  0.34192    
gicontactbaseYes       0.6123     0.3713   1.649  0.09910 .  
gicontactbaseMissing   1.2429     0.4642   2.677  0.00742 ** 
rawfood                0.2453     0.2523   0.972  0.33086    
---
Signif. codes:  0 ‘***’ 0.001 ‘**’ 0.01 ‘*’ 0.05 ‘.’ 0.1 ‘ ’ 1

(Dispersion parameter for poisson family taken to be 1)

    Null deviance: 735.52  on 3326  degrees of freedom
Residual deviance: 709.00  on 3309  degrees of freedom
AIC: 959

Number of Fisher Scoring iterations: 14



Robust, Sandwich Standard Errors Account for Clustering:

z test of coefficients:

                      Estimate Std. Error  z value  Pr(>|z|)    
(Intercept)           -2.94263    0.29167 -10.0888 < 2.2e-16 ***
fpc1602.pres1         -0.73071    0.50743  -1.4400  0.149864    
agecat5-14            -0.75790    0.27738  -2.7323  0.006288 ** 
agecat15-24           -0.46050    0.33618  -1.3698  0.170751    
agecat25-34           -0.54869    0.34895  -1.5724  0.115856    
agecat35-44           -0.81599    0.37658  -2.1669  0.030246 *  
agecat45-54           -1.06392    0.42241  -2.5187  0.011780 *  
agecat55-64           -2.11344    1.01283  -2.0867  0.036918 *  
agecat65-74            0.24885    0.96460   0.2580  0.796418    
agecatMissing        -13.73486    0.45331 -30.2991 < 2.2e-16 ***
female                 0.17636    0.19236   0.9168  0.359239    
racewhiteYes           0.10390    0.24302   0.4275  0.669001    
racewhiteMissing      -0.74522    0.99591  -0.7483  0.454288    
gichronYes             0.25948    0.71025   0.3653  0.714857    
anim_anyYes           -0.24296    0.27476  -0.8843  0.376558    
gicontactbaseYes       0.61235    0.38245   1.6011  0.109352    
gicontactbaseMissing   1.24288    0.50350   2.4685  0.013569 *  
rawfood                0.24535    0.27758   0.8839  0.376764    
---
Signif. codes:  0 ‘***’ 0.001 ‘**’ 0.01 ‘*’ 0.05 ‘.’ 0.1 ‘ ’ 1

> 
> mafit3.fpc1601.berm.1 = mpreg(gici3~fpc1601.pres+agecat+female+racewhite+gichron+anim_any+gicontactbase+rawfood,
+     vcv=T,dat=malibu[malibu$berm=="Open",])

Call:
glm(formula = formula, family = poisson(link = "log"), data = dat)

Deviance Residuals: 
    Min       1Q   Median       3Q      Max  
-0.6835  -0.2689  -0.1822  -0.1272   2.4959  

Coefficients:
                   Estimate Std. Error z value Pr(>|z|)   
(Intercept)        -3.63855    1.26902  -2.867  0.00414 **
fpc1601.pres1       0.59610    1.04577   0.570  0.56867   
agecat5-14         -1.18399    0.78121  -1.516  0.12963   
agecat15-24        -0.62475    0.81109  -0.770  0.44114   
agecat25-34       -17.68763 1615.94529  -0.011  0.99127   
agecat35-44        -1.77406    1.20306  -1.475  0.14031   
agecat45-54        -1.12918    1.19899  -0.942  0.34631   
agecat55-64         0.09259    1.17156   0.079  0.93701   
agecat65-74       -17.76790 6438.77021  -0.003  0.99780   
female              0.34742    0.56566   0.614  0.53909   
racewhiteYes        0.07343    0.54996   0.134  0.89378   
racewhiteMissing  -16.70998 4027.45380  -0.004  0.99669   
gichronYes          1.79206    1.07492   1.667  0.09548 . 
anim_anyYes         0.27780    0.67174   0.414  0.67920   
gicontactbaseYes  -16.42943 3178.18783  -0.005  0.99588   
rawfood             0.91887    0.63809   1.440  0.14986   
---
Signif. codes:  0 ‘***’ 0.001 ‘**’ 0.01 ‘*’ 0.05 ‘.’ 0.1 ‘ ’ 1

(Dispersion parameter for poisson family taken to be 1)

    Null deviance: 101.852  on 531  degrees of freedom
Residual deviance:  87.831  on 516  degrees of freedom
AIC: 147.83

Number of Fisher Scoring iterations: 18



Robust, Sandwich Standard Errors Account for Clustering:

z test of coefficients:

                   Estimate Std. Error  z value Pr(>|z|)    
(Intercept)       -3.638548   1.629029  -2.2336  0.02551 *  
fpc1601.pres1      0.596100   1.091217   0.5463  0.58488    
agecat5-14        -1.183986   0.741024  -1.5978  0.11009    
agecat15-24       -0.624752   0.732198  -0.8533  0.39352    
agecat25-34      -17.687628   0.614585 -28.7798  < 2e-16 ***
agecat35-44       -1.774059   1.221784  -1.4520  0.14649    
agecat45-54       -1.129178   1.298230  -0.8698  0.38442    
agecat55-64        0.092587   1.250175   0.0741  0.94096    
agecat65-74      -17.767904   1.253198 -14.1780  < 2e-16 ***
female             0.347417   0.649603   0.5348  0.59278    
racewhiteYes       0.073434   0.580456   0.1265  0.89933    
racewhiteMissing -16.709981   0.798227 -20.9339  < 2e-16 ***
gichronYes         1.792063   1.032433   1.7358  0.08261 .  
anim_anyYes        0.277801   0.723905   0.3838  0.70116    
gicontactbaseYes -16.429432   0.743764 -22.0896  < 2e-16 ***
rawfood            0.918866   0.687416   1.3367  0.18132    
---
Signif. codes:  0 ‘***’ 0.001 ‘**’ 0.01 ‘*’ 0.05 ‘.’ 0.1 ‘ ’ 1

Warning message:
glm.fit: fitted rates numerically 0 occurred 
> mafit3.fpc1601.berm.0 = mpreg(gici3~fpc1601.pres+agecat+female+racewhite+gichron+anim_any+gicontactbase+rawfood,
+     vcv=T,dat=malibu[!is.na(malibu$fpc1601.pres) & malibu$berm=="Closed",])

Call:
glm(formula = formula, family = poisson(link = "log"), data = dat)

Deviance Residuals: 
    Min       1Q   Median       3Q      Max  
-0.7632  -0.3049  -0.2492  -0.1940   2.5630  

Coefficients:
                   Estimate Std. Error z value Pr(>|z|)    
(Intercept)        -2.80786    0.40881  -6.868 6.49e-12 ***
fpc1601.pres1      -0.33436    0.26372  -1.268   0.2049    
agecat5-14         -0.45327    0.43849  -1.034   0.3013    
agecat15-24        -1.12818    0.61565  -1.832   0.0669 .  
agecat25-34         0.02780    0.44958   0.062   0.9507    
agecat35-44         0.11730    0.43869   0.267   0.7892    
agecat45-54        -0.51873    0.54884  -0.945   0.3446    
agecat55-64        -1.25010    1.06846  -1.170   0.2420    
agecat65-74       -16.18560 2415.87907  -0.007   0.9947    
agecat75+         -16.41574 4909.52506  -0.003   0.9973    
female             -0.16647    0.25383  -0.656   0.5119    
racewhiteYes       -0.21145    0.25937  -0.815   0.4149    
racewhiteMissing  -15.88841  900.52568  -0.018   0.9859    
gichronYes          0.98257    0.60953   1.612   0.1070    
anim_anyYes         0.06173    0.30854   0.200   0.8414    
gicontactbaseYes    0.47443    0.47008   1.009   0.3129    
rawfood             0.25050    0.29559   0.847   0.3967    
---
Signif. codes:  0 ‘***’ 0.001 ‘**’ 0.01 ‘*’ 0.05 ‘.’ 0.1 ‘ ’ 1

(Dispersion parameter for poisson family taken to be 1)

    Null deviance: 436.22  on 1862  degrees of freedom
Residual deviance: 410.25  on 1846  degrees of freedom
AIC: 574.25

Number of Fisher Scoring iterations: 17



Robust, Sandwich Standard Errors Account for Clustering:

z test of coefficients:

                   Estimate Std. Error  z value  Pr(>|z|)    
(Intercept)       -2.807858   0.397043  -7.0719 1.528e-12 ***
fpc1601.pres1     -0.334360   0.269991  -1.2384   0.21556    
agecat5-14        -0.453273   0.415590  -1.0907   0.27542    
agecat15-24       -1.128176   0.611543  -1.8448   0.06507 .  
agecat25-34        0.027802   0.419235   0.0663   0.94713    
agecat35-44        0.117296   0.406040   0.2889   0.77267    
agecat45-54       -0.518734   0.541933  -0.9572   0.33847    
agecat55-64       -1.250102   1.046000  -1.1951   0.23204    
agecat65-74      -16.185600   0.502032 -32.2402 < 2.2e-16 ***
agecat75+        -16.415742   0.936112 -17.5361 < 2.2e-16 ***
female            -0.166467   0.236265  -0.7046   0.48107    
racewhiteYes      -0.211449   0.289819  -0.7296   0.46564    
racewhiteMissing -15.888413   0.290047 -54.7787 < 2.2e-16 ***
gichronYes         0.982571   0.625330   1.5713   0.11612    
anim_anyYes        0.061733   0.319627   0.1931   0.84685    
gicontactbaseYes   0.474425   0.483600   0.9810   0.32658    
rawfood            0.250504   0.316911   0.7905   0.42926    
---
Signif. codes:  0 ‘***’ 0.001 ‘**’ 0.01 ‘*’ 0.05 ‘.’ 0.1 ‘ ’ 1

Warning message:
glm.fit: fitted rates numerically 0 occurred 
> 
> # --------------------------------------
> # save the results
> # exclude glm objects and data frames
> # (they are really large)
> # --------------------------------------
> save(
+ 
+   av.n3.fmc1602, av.n3.fpc1601, av.n3.fpc1602, do.n3.fmc1601,
+   do.n3.fmc1602, do.n3.fpc1601, do.n3.fpc1602, fa.n3.fpc1601,
+   ma.n3.fpc1601, mb.n3.fmc1601, mb.n3.fpc1601,
+ 
+   av.n3.fmc1602.int0, av.n3.fpc1601.int0, av.n3.fpc1602.int0, 
+   do.n3.fmc1602.int0, do.n3.fpc1601.int0, do.n3.fpc1602.int0, 
+   ma.n3.fpc1601.int0, 
+ 
+   av.n3.fmc1602.int1, av.n3.fpc1601.int1, av.n3.fpc1602.int1, 
+   do.n3.fmc1602.int1, do.n3.fpc1601.int1, do.n3.fpc1602.int1,
+   ma.n3.fpc1601.int1, 
+ 
+   avfit3.fmc1602, avfit3.fpc1601, avfit3.fpc1602,
+   dofit3.fmc1601, dofit3.fmc1602, dofit3.fpc1601, dofit3.fpc1602,
+   fafit3.fpc1601, mafit3.fpc1601,mbfit3.fmc1601,mbfit3.fpc1601,
+   
+   avfit3.fmc1602.gw.1, avfit3.fmc1602.gw.0, avfit3.fpc1601.gw.1, avfit3.fpc1601.gw.0, 
+   avfit3.fpc1602.gw.1, avfit3.fpc1602.gw.0,
+   dofit3.fmc1602.berm.1, dofit3.fmc1602.berm.0, 
+   dofit3.fpc1601.berm.1, dofit3.fpc1601.berm.0, dofit3.fpc1602.berm.1, dofit3.fpc1602.berm.0,
+   mafit3.fpc1601.berm.1, mafit3.fpc1601.berm.0,
+ 
+   avfit3.fmc1602.gw, avfit3.fpc1601.gw, avfit3.fpc1602.gw,
+   dofit3.fmc1602.berm, dofit3.fpc1601.berm, dofit3.fpc1602.berm,
+   mafit3.fpc1601.berm,
+   
+   file="~/dropbox/coliphage/results/rawoutput/regress-3day-body-beach.Rdata"
+ )
> 
> 
> proc.time()
   user  system elapsed 
 66.189   3.287  69.904 
